[2023-12-04T14:44:45.330+0000][175][info][gc,init] CardTable entry size: 512
[2023-12-04T14:44:45.330+0000][175][info][gc     ] Using G1
[2023-12-04T14:44:45.388+0000][175][info][gc,init] Version: 21.0.1+12-29 (release)
[2023-12-04T14:44:45.388+0000][175][info][gc,init] CPUs: 12 total, 12 available
[2023-12-04T14:44:45.388+0000][175][info][gc,init] Memory: 1024M
[2023-12-04T14:44:45.388+0000][175][info][gc,init] Large Page Support: Disabled
[2023-12-04T14:44:45.388+0000][175][info][gc,init] NUMA Support: Disabled
[2023-12-04T14:44:45.388+0000][175][info][gc,init] Compressed Oops: Enabled (32-bit)
[2023-12-04T14:44:45.388+0000][175][info][gc,init] Heap Region Size: 4M
[2023-12-04T14:44:45.388+0000][175][info][gc,init] Heap Min Capacity: 512M
[2023-12-04T14:44:45.388+0000][175][info][gc,init] Heap Initial Capacity: 512M
[2023-12-04T14:44:45.388+0000][175][info][gc,init] Heap Max Capacity: 512M
[2023-12-04T14:44:45.388+0000][175][info][gc,init] Pre-touch: Enabled
[2023-12-04T14:44:45.388+0000][175][info][gc,init] Parallel Workers: 10
[2023-12-04T14:44:45.388+0000][175][info][gc,init] Concurrent Workers: 3
[2023-12-04T14:44:45.388+0000][175][info][gc,init] Concurrent Refinement Workers: 10
[2023-12-04T14:44:45.388+0000][175][info][gc,init] Periodic GC: Disabled
[2023-12-04T14:44:45.396+0000][175][info][gc,metaspace] CDS archive(s) mapped at: [0x00007f0aff000000-0x00007f0affca5000-0x00007f0affca5000), size 13258752, SharedBaseAddress: 0x00007f0aff000000, ArchiveRelocationMode: 1.
[2023-12-04T14:44:45.396+0000][175][info][gc,metaspace] Compressed class space mapped at: 0x00007f0b00000000-0x00007f0b40000000, reserved size: 1073741824
[2023-12-04T14:44:45.396+0000][175][info][gc,metaspace] Narrow klass base: 0x00007f0aff000000, Narrow klass shift: 0, Narrow klass range: 0x100000000
[2023-12-04T14:44:45.567+0000][175][info][gc,start    ] GC(0) Pause Young (Normal) (G1 Evacuation Pause)
[2023-12-04T14:44:45.567+0000][175][info][gc,task     ] GC(0) Using 10 workers of 10 for evacuation
[2023-12-04T14:44:45.567+0000][175][debug][gc,age      ] GC(0) Desired survivor size 2097152 bytes, new threshold 15 (max threshold 15)
[2023-12-04T14:44:45.568+0000][175][info ][gc,phases   ] GC(0)   Pre Evacuate Collection Set: 0.1ms
[2023-12-04T14:44:45.568+0000][175][info ][gc,phases   ] GC(0)   Merge Heap Roots: 0.0ms
[2023-12-04T14:44:45.568+0000][175][info ][gc,phases   ] GC(0)   Evacuate Collection Set: 0.7ms
[2023-12-04T14:44:45.568+0000][175][info ][gc,phases   ] GC(0)   Post Evacuate Collection Set: 0.2ms
[2023-12-04T14:44:45.568+0000][175][info ][gc,phases   ] GC(0)   Other: 0.0ms
[2023-12-04T14:44:45.568+0000][175][trace][gc,age      ] GC(0) Age table with threshold 15 (max threshold 15)
[2023-12-04T14:44:45.568+0000][175][trace][gc,age      ] GC(0) - age   1:    2610728 bytes,    2610728 total
[2023-12-04T14:44:45.568+0000][175][info ][gc,heap     ] GC(0) Eden regions: 6->0(20)
[2023-12-04T14:44:45.568+0000][175][info ][gc,heap     ] GC(0) Survivor regions: 0->1(1)
[2023-12-04T14:44:45.568+0000][175][info ][gc,heap     ] GC(0) Old regions: 1->1
[2023-12-04T14:44:45.568+0000][175][info ][gc,heap     ] GC(0) Humongous regions: 0->0
[2023-12-04T14:44:45.568+0000][175][info ][gc,metaspace] GC(0) Metaspace: 1144K(1344K)->1144K(1344K) NonClass: 1062K(1152K)->1062K(1152K) Class: 82K(192K)->82K(192K)
[2023-12-04T14:44:45.568+0000][175][info ][gc          ] GC(0) Pause Young (Normal) (G1 Evacuation Pause) 25M->3M(512M) 1.325ms
[2023-12-04T14:44:45.568+0000][175][info ][gc,cpu      ] GC(0) User=0.01s Sys=0.01s Real=0.00s
[2023-12-04T14:44:45.568+0000][175][info ][safepoint   ] Safepoint "G1CollectForAllocation", Time since last: 164983636 ns, Reaching safepoint: 68530 ns, Cleanup: 43106 ns, At safepoint: 1363883 ns, Total: 1475519 ns
[2023-12-04T14:44:45.833+0000][175][info ][safepoint   ] Safepoint "ICBufferFull", Time since last: 264878362 ns, Reaching safepoint: 68938 ns, Cleanup: 71397 ns, At safepoint: 3215 ns, Total: 143550 ns
[2023-12-04T14:44:46.026+0000][175][info ][safepoint   ] Safepoint "ICBufferFull", Time since last: 192938172 ns, Reaching safepoint: 2623 ns, Cleanup: 88530 ns, At safepoint: 2444 ns, Total: 93597 ns
[2023-12-04T14:44:46.382+0000][175][info ][safepoint   ] Safepoint "ICBufferFull", Time since last: 355513343 ns, Reaching safepoint: 4271 ns, Cleanup: 105267 ns, At safepoint: 3410 ns, Total: 112948 ns
[2023-12-04T14:44:46.563+0000][175][info ][gc,start    ] GC(1) Pause Young (Normal) (G1 Evacuation Pause)
[2023-12-04T14:44:46.563+0000][175][info ][gc,task     ] GC(1) Using 10 workers of 10 for evacuation
[2023-12-04T14:44:46.563+0000][175][debug][gc,age      ] GC(1) Desired survivor size 6291456 bytes, new threshold 15 (max threshold 15)
[2023-12-04T14:44:46.567+0000][175][info ][gc,phases   ] GC(1)   Pre Evacuate Collection Set: 0.1ms
[2023-12-04T14:44:46.567+0000][175][info ][gc,phases   ] GC(1)   Merge Heap Roots: 0.0ms
[2023-12-04T14:44:46.567+0000][175][info ][gc,phases   ] GC(1)   Evacuate Collection Set: 2.8ms
[2023-12-04T14:44:46.567+0000][175][info ][gc,phases   ] GC(1)   Post Evacuate Collection Set: 0.7ms
[2023-12-04T14:44:46.567+0000][175][info ][gc,phases   ] GC(1)   Other: 0.1ms
[2023-12-04T14:44:46.567+0000][175][trace][gc,age      ] GC(1) Age table with threshold 15 (max threshold 15)
[2023-12-04T14:44:46.567+0000][175][trace][gc,age      ] GC(1) - age   1:    6065752 bytes,    6065752 total
[2023-12-04T14:44:46.567+0000][175][trace][gc,age      ] GC(1) - age   2:    2587088 bytes,    8652840 total
[2023-12-04T14:44:46.567+0000][175][info ][gc,heap     ] GC(1) Eden regions: 20->0(27)
[2023-12-04T14:44:46.567+0000][175][info ][gc,heap     ] GC(1) Survivor regions: 1->3(3)
[2023-12-04T14:44:46.567+0000][175][info ][gc,heap     ] GC(1) Old regions: 1->1
[2023-12-04T14:44:46.567+0000][175][info ][gc,heap     ] GC(1) Humongous regions: 0->0
[2023-12-04T14:44:46.567+0000][175][info ][gc,metaspace] GC(1) Metaspace: 18114K(18624K)->18114K(18624K) NonClass: 16142K(16384K)->16142K(16384K) Class: 1972K(2240K)->1972K(2240K)
[2023-12-04T14:44:46.567+0000][175][info ][gc          ] GC(1) Pause Young (Normal) (G1 Evacuation Pause) 83M->10M(512M) 3.922ms
[2023-12-04T14:44:46.567+0000][175][info ][gc,cpu      ] GC(1) User=0.03s Sys=0.01s Real=0.01s
[2023-12-04T14:44:46.567+0000][175][info ][safepoint   ] Safepoint "G1CollectForAllocation", Time since last: 181232595 ns, Reaching safepoint: 3329 ns, Cleanup: 43525 ns, At safepoint: 3969339 ns, Total: 4016193 ns
[2023-12-04T14:44:46.997+0000][175][info ][safepoint   ] Safepoint "ICBufferFull", Time since last: 429663383 ns, Reaching safepoint: 4120 ns, Cleanup: 102171 ns, At safepoint: 4150 ns, Total: 110441 ns
[2023-12-04T14:44:47.029+0000][175][info ][gc,start    ] GC(2) Pause Young (Normal) (G1 Evacuation Pause)
[2023-12-04T14:44:47.029+0000][175][info ][gc,task     ] GC(2) Using 10 workers of 10 for evacuation
[2023-12-04T14:44:47.029+0000][175][debug][gc,age      ] GC(2) Desired survivor size 8388608 bytes, new threshold 2 (max threshold 15)
[2023-12-04T14:44:47.032+0000][175][info ][gc,phases   ] GC(2)   Pre Evacuate Collection Set: 0.2ms
[2023-12-04T14:44:47.032+0000][175][info ][gc,phases   ] GC(2)   Merge Heap Roots: 0.0ms
[2023-12-04T14:44:47.032+0000][175][info ][gc,phases   ] GC(2)   Evacuate Collection Set: 3.0ms
[2023-12-04T14:44:47.032+0000][175][info ][gc,phases   ] GC(2)   Post Evacuate Collection Set: 0.5ms
[2023-12-04T14:44:47.032+0000][175][info ][gc,phases   ] GC(2)   Other: 0.1ms
[2023-12-04T14:44:47.032+0000][175][trace][gc,age      ] GC(2) Age table with threshold 2 (max threshold 15)
[2023-12-04T14:44:47.032+0000][175][trace][gc,age      ] GC(2) - age   1:    3429200 bytes,    3429200 total
[2023-12-04T14:44:47.032+0000][175][trace][gc,age      ] GC(2) - age   2:    5098064 bytes,    8527264 total
[2023-12-04T14:44:47.032+0000][175][info ][gc,heap     ] GC(2) Eden regions: 27->0(73)
[2023-12-04T14:44:47.032+0000][175][info ][gc,heap     ] GC(2) Survivor regions: 3->3(4)
[2023-12-04T14:44:47.032+0000][175][info ][gc,heap     ] GC(2) Old regions: 1->2
[2023-12-04T14:44:47.032+0000][175][info ][gc,heap     ] GC(2) Humongous regions: 0->0
[2023-12-04T14:44:47.032+0000][175][info ][gc,metaspace] GC(2) Metaspace: 20411K(20928K)->20411K(20928K) NonClass: 18204K(18496K)->18204K(18496K) Class: 2206K(2432K)->2206K(2432K)
[2023-12-04T14:44:47.032+0000][175][info ][gc          ] GC(2) Pause Young (Normal) (G1 Evacuation Pause) 118M->12M(512M) 3.955ms
[2023-12-04T14:44:47.032+0000][175][info ][gc,cpu      ] GC(2) User=0.04s Sys=0.00s Real=0.00s
[2023-12-04T14:44:47.033+0000][175][info ][safepoint   ] Safepoint "G1CollectForAllocation", Time since last: 31674466 ns, Reaching safepoint: 3614 ns, Cleanup: 22925 ns, At safepoint: 4001570 ns, Total: 4028109 ns
[2023-12-04T14:44:47.156+0000][175][info ][gc,start    ] GC(3) Pause Young (Concurrent Start) (Metadata GC Threshold)
[2023-12-04T14:44:47.156+0000][175][info ][gc,task     ] GC(3) Using 10 workers of 10 for evacuation
[2023-12-04T14:44:47.156+0000][175][debug][gc,age      ] GC(3) Desired survivor size 20971520 bytes, new threshold 15 (max threshold 15)
[2023-12-04T14:44:47.159+0000][175][info ][gc,phases   ] GC(3)   Pre Evacuate Collection Set: 0.1ms
[2023-12-04T14:44:47.159+0000][175][info ][gc,phases   ] GC(3)   Merge Heap Roots: 0.0ms
[2023-12-04T14:44:47.159+0000][175][info ][gc,phases   ] GC(3)   Evacuate Collection Set: 2.3ms
[2023-12-04T14:44:47.159+0000][175][info ][gc,phases   ] GC(3)   Post Evacuate Collection Set: 0.5ms
[2023-12-04T14:44:47.159+0000][175][info ][gc,phases   ] GC(3)   Other: 0.1ms
[2023-12-04T14:44:47.159+0000][175][trace][gc,age      ] GC(3) Age table with threshold 15 (max threshold 15)
[2023-12-04T14:44:47.159+0000][175][trace][gc,age      ] GC(3) - age   1:    1035264 bytes,    1035264 total
[2023-12-04T14:44:47.159+0000][175][trace][gc,age      ] GC(3) - age   2:    2596760 bytes,    3632024 total
[2023-12-04T14:44:47.159+0000][175][trace][gc,age      ] GC(3) - age   3:    5095744 bytes,    8727768 total
[2023-12-04T14:44:47.159+0000][175][info ][gc,heap     ] GC(3) Eden regions: 19->0(73)
[2023-12-04T14:44:47.159+0000][175][info ][gc,heap     ] GC(3) Survivor regions: 3->3(10)
[2023-12-04T14:44:47.159+0000][175][info ][gc,heap     ] GC(3) Old regions: 2->2
[2023-12-04T14:44:47.159+0000][175][info ][gc,heap     ] GC(3) Humongous regions: 0->0
[2023-12-04T14:44:47.159+0000][175][info ][gc,metaspace] GC(3) Metaspace: 20984K(21504K)->20984K(21504K) NonClass: 18737K(19008K)->18737K(19008K) Class: 2246K(2496K)->2246K(2496K)
[2023-12-04T14:44:47.159+0000][175][info ][gc          ] GC(3) Pause Young (Concurrent Start) (Metadata GC Threshold) 86M->12M(512M) 3.138ms
[2023-12-04T14:44:47.159+0000][175][info ][gc,cpu      ] GC(3) User=0.03s Sys=0.00s Real=0.00s
[2023-12-04T14:44:47.159+0000][175][info ][gc          ] GC(4) Concurrent Mark Cycle
[2023-12-04T14:44:47.159+0000][175][info ][gc,marking  ] GC(4) Concurrent Scan Root Regions
[2023-12-04T14:44:47.159+0000][175][info ][safepoint   ] Safepoint "CollectForMetadataAllocation", Time since last: 123300848 ns, Reaching safepoint: 2696 ns, Cleanup: 21145 ns, At safepoint: 3282388 ns, Total: 3306229 ns
[2023-12-04T14:44:47.161+0000][175][info ][gc,marking  ] GC(4) Concurrent Scan Root Regions 2.350ms
[2023-12-04T14:44:47.162+0000][175][info ][gc,marking  ] GC(4) Concurrent Mark
[2023-12-04T14:44:47.162+0000][175][info ][gc,marking  ] GC(4) Concurrent Mark From Roots
[2023-12-04T14:44:47.162+0000][175][info ][gc,task     ] GC(4) Using 3 workers of 3 for marking
[2023-12-04T14:44:47.163+0000][175][info ][gc,marking  ] GC(4) Concurrent Mark From Roots 1.367ms
[2023-12-04T14:44:47.163+0000][175][info ][gc,marking  ] GC(4) Concurrent Preclean
[2023-12-04T14:44:47.163+0000][175][info ][gc,marking  ] GC(4) Concurrent Preclean 0.016ms
[2023-12-04T14:44:47.163+0000][175][info ][gc,start    ] GC(4) Pause Remark
[2023-12-04T14:44:47.165+0000][175][info ][gc          ] GC(4) Pause Remark 15M->15M(512M) 1.484ms
[2023-12-04T14:44:47.165+0000][175][info ][gc,cpu      ] GC(4) User=0.01s Sys=0.00s Real=0.00s
[2023-12-04T14:44:47.165+0000][175][info ][safepoint   ] Safepoint "G1PauseRemark", Time since last: 3932345 ns, Reaching safepoint: 2518 ns, Cleanup: 1951 ns, At safepoint: 1521977 ns, Total: 1526446 ns
[2023-12-04T14:44:47.165+0000][175][info ][gc,marking  ] GC(4) Concurrent Mark 3.025ms
[2023-12-04T14:44:47.165+0000][175][info ][gc,marking  ] GC(4) Concurrent Rebuild Remembered Sets and Scrub Regions
[2023-12-04T14:44:47.165+0000][175][info ][gc,marking  ] GC(4) Concurrent Rebuild Remembered Sets and Scrub Regions 0.790ms
[2023-12-04T14:44:47.166+0000][175][info ][gc,start    ] GC(4) Pause Cleanup
[2023-12-04T14:44:47.166+0000][175][info ][gc          ] GC(4) Pause Cleanup 15M->15M(512M) 0.047ms
[2023-12-04T14:44:47.166+0000][175][info ][gc,cpu      ] GC(4) User=0.00s Sys=0.00s Real=0.00s
[2023-12-04T14:44:47.166+0000][175][info ][safepoint   ] Safepoint "G1PauseCleanup", Time since last: 859401 ns, Reaching safepoint: 67109 ns, Cleanup: 961 ns, At safepoint: 70663 ns, Total: 138733 ns
[2023-12-04T14:44:47.166+0000][175][info ][gc,marking  ] GC(4) Concurrent Clear Claimed Marks
[2023-12-04T14:44:47.166+0000][175][info ][gc,marking  ] GC(4) Concurrent Clear Claimed Marks 0.028ms
[2023-12-04T14:44:47.166+0000][175][info ][gc,marking  ] GC(4) Concurrent Cleanup for Next Mark
[2023-12-04T14:44:47.166+0000][175][info ][gc,marking  ] GC(4) Concurrent Cleanup for Next Mark 0.191ms
[2023-12-04T14:44:47.166+0000][175][info ][gc          ] GC(4) Concurrent Mark Cycle 6.835ms
[2023-12-04T14:44:47.578+0000][175][info ][safepoint   ] Safepoint "ICBufferFull", Time since last: 412047672 ns, Reaching safepoint: 69040 ns, Cleanup: 92526 ns, At safepoint: 3294 ns, Total: 164860 ns
[2023-12-04T14:44:47.834+0000][175][info ][gc,start    ] GC(5) Pause Young (Prepare Mixed) (G1 Evacuation Pause)
[2023-12-04T14:44:47.834+0000][175][info ][gc,task     ] GC(5) Using 10 workers of 10 for evacuation
[2023-12-04T14:44:47.834+0000][175][debug][gc,age      ] GC(5) Desired survivor size 20971520 bytes, new threshold 15 (max threshold 15)
[2023-12-04T14:44:47.839+0000][175][info ][gc,phases   ] GC(5)   Pre Evacuate Collection Set: 0.1ms
[2023-12-04T14:44:47.839+0000][175][info ][gc,phases   ] GC(5)   Merge Heap Roots: 0.0ms
[2023-12-04T14:44:47.839+0000][175][info ][gc,phases   ] GC(5)   Evacuate Collection Set: 4.2ms
[2023-12-04T14:44:47.839+0000][175][info ][gc,phases   ] GC(5)   Post Evacuate Collection Set: 0.5ms
[2023-12-04T14:44:47.839+0000][175][info ][gc,phases   ] GC(5)   Other: 0.1ms
[2023-12-04T14:44:47.839+0000][175][trace][gc,age      ] GC(5) Age table with threshold 15 (max threshold 15)
[2023-12-04T14:44:47.839+0000][175][trace][gc,age      ] GC(5) - age   1:    9500024 bytes,    9500024 total
[2023-12-04T14:44:47.839+0000][175][trace][gc,age      ] GC(5) - age   2:     877848 bytes,   10377872 total
[2023-12-04T14:44:47.839+0000][175][trace][gc,age      ] GC(5) - age   3:    2593160 bytes,   12971032 total
[2023-12-04T14:44:47.839+0000][175][trace][gc,age      ] GC(5) - age   4:    5090352 bytes,   18061384 total
[2023-12-04T14:44:47.839+0000][175][info ][gc,heap     ] GC(5) Eden regions: 73->0(71)
[2023-12-04T14:44:47.839+0000][175][info ][gc,heap     ] GC(5) Survivor regions: 3->5(10)
[2023-12-04T14:44:47.839+0000][175][info ][gc,heap     ] GC(5) Old regions: 2->2
[2023-12-04T14:44:47.839+0000][175][info ][gc,heap     ] GC(5) Humongous regions: 0->0
[2023-12-04T14:44:47.839+0000][175][info ][gc,metaspace] GC(5) Metaspace: 28250K(28864K)->28250K(28864K) NonClass: 25080K(25472K)->25080K(25472K) Class: 3170K(3392K)->3170K(3392K)
[2023-12-04T14:44:47.839+0000][175][info ][gc          ] GC(5) Pause Young (Prepare Mixed) (G1 Evacuation Pause) 304M->22M(512M) 5.117ms
[2023-12-04T14:44:47.839+0000][175][info ][gc,cpu      ] GC(5) User=0.04s Sys=0.00s Real=0.01s
[2023-12-04T14:44:47.839+0000][175][info ][safepoint   ] Safepoint "G1CollectForAllocation", Time since last: 256271915 ns, Reaching safepoint: 3087 ns, Cleanup: 46688 ns, At safepoint: 5158921 ns, Total: 5208696 ns
[2023-12-04T14:44:48.333+0000][175][info ][gc,start    ] GC(6) Pause Young (Mixed) (G1 Evacuation Pause)
[2023-12-04T14:44:48.333+0000][175][info ][gc,task     ] GC(6) Using 10 workers of 10 for evacuation
[2023-12-04T14:44:48.333+0000][175][debug][gc,age      ] GC(6) Desired survivor size 20971520 bytes, new threshold 15 (max threshold 15)
[2023-12-04T14:44:48.339+0000][175][info ][gc,phases   ] GC(6)   Pre Evacuate Collection Set: 0.1ms
[2023-12-04T14:44:48.339+0000][175][info ][gc,phases   ] GC(6)   Merge Heap Roots: 0.0ms
[2023-12-04T14:44:48.339+0000][175][info ][gc,phases   ] GC(6)   Evacuate Collection Set: 5.2ms
[2023-12-04T14:44:48.339+0000][175][info ][gc,phases   ] GC(6)   Post Evacuate Collection Set: 0.6ms
[2023-12-04T14:44:48.339+0000][175][info ][gc,phases   ] GC(6)   Other: 0.1ms
[2023-12-04T14:44:48.339+0000][175][trace][gc,age      ] GC(6) Age table with threshold 15 (max threshold 15)
[2023-12-04T14:44:48.339+0000][175][trace][gc,age      ] GC(6) - age   1:    4721048 bytes,    4721048 total
[2023-12-04T14:44:48.339+0000][175][trace][gc,age      ] GC(6) - age   2:    6396408 bytes,   11117456 total
[2023-12-04T14:44:48.339+0000][175][trace][gc,age      ] GC(6) - age   3:     877656 bytes,   11995112 total
[2023-12-04T14:44:48.339+0000][175][trace][gc,age      ] GC(6) - age   4:    2591768 bytes,   14586880 total
[2023-12-04T14:44:48.339+0000][175][trace][gc,age      ] GC(6) - age   5:    5090256 bytes,   19677136 total
[2023-12-04T14:44:48.339+0000][175][info ][gc,heap     ] GC(6) Eden regions: 71->0(70)
[2023-12-04T14:44:48.339+0000][175][info ][gc,heap     ] GC(6) Survivor regions: 5->6(10)
[2023-12-04T14:44:48.339+0000][175][info ][gc,heap     ] GC(6) Old regions: 2->1
[2023-12-04T14:44:48.339+0000][175][info ][gc,heap     ] GC(6) Humongous regions: 0->0
[2023-12-04T14:44:48.339+0000][175][info ][gc,metaspace] GC(6) Metaspace: 33230K(33984K)->33230K(33984K) NonClass: 29537K(29952K)->29537K(29952K) Class: 3693K(4032K)->3693K(4032K)
[2023-12-04T14:44:48.339+0000][175][info ][gc          ] GC(6) Pause Young (Mixed) (G1 Evacuation Pause) 306M->23M(512M) 6.165ms
[2023-12-04T14:44:48.339+0000][175][info ][gc,cpu      ] GC(6) User=0.06s Sys=0.01s Real=0.01s
[2023-12-04T14:44:48.339+0000][175][info ][safepoint   ] Safepoint "G1CollectForAllocation", Time since last: 493716060 ns, Reaching safepoint: 2601 ns, Cleanup: 82194 ns, At safepoint: 6201395 ns, Total: 6286190 ns
[2023-12-04T14:44:48.701+0000][175][info ][gc,start    ] GC(7) Pause Young (Concurrent Start) (Metadata GC Threshold)
[2023-12-04T14:44:48.701+0000][175][info ][gc,task     ] GC(7) Using 10 workers of 10 for evacuation
[2023-12-04T14:44:48.701+0000][175][debug][gc,age      ] GC(7) Desired survivor size 20971520 bytes, new threshold 15 (max threshold 15)
[2023-12-04T14:44:48.706+0000][175][info ][gc,phases   ] GC(7)   Pre Evacuate Collection Set: 0.1ms
[2023-12-04T14:44:48.706+0000][175][info ][gc,phases   ] GC(7)   Merge Heap Roots: 0.0ms
[2023-12-04T14:44:48.706+0000][175][info ][gc,phases   ] GC(7)   Evacuate Collection Set: 4.7ms
[2023-12-04T14:44:48.706+0000][175][info ][gc,phases   ] GC(7)   Post Evacuate Collection Set: 0.7ms
[2023-12-04T14:44:48.706+0000][175][info ][gc,phases   ] GC(7)   Other: 0.1ms
[2023-12-04T14:44:48.706+0000][175][trace][gc,age      ] GC(7) Age table with threshold 15 (max threshold 15)
[2023-12-04T14:44:48.706+0000][175][trace][gc,age      ] GC(7) - age   1:    5527624 bytes,    5527624 total
[2023-12-04T14:44:48.706+0000][175][trace][gc,age      ] GC(7) - age   2:    4706128 bytes,   10233752 total
[2023-12-04T14:44:48.706+0000][175][trace][gc,age      ] GC(7) - age   3:    6394144 bytes,   16627896 total
[2023-12-04T14:44:48.706+0000][175][trace][gc,age      ] GC(7) - age   4:     877656 bytes,   17505552 total
[2023-12-04T14:44:48.706+0000][175][trace][gc,age      ] GC(7) - age   5:    2590696 bytes,   20096248 total
[2023-12-04T14:44:48.706+0000][175][trace][gc,age      ] GC(7) - age   6:    5084656 bytes,   25180904 total
[2023-12-04T14:44:48.706+0000][175][info ][gc,heap     ] GC(7) Eden regions: 60->0(69)
[2023-12-04T14:44:48.706+0000][175][info ][gc,heap     ] GC(7) Survivor regions: 6->7(10)
[2023-12-04T14:44:48.706+0000][175][info ][gc,heap     ] GC(7) Old regions: 1->1
[2023-12-04T14:44:48.707+0000][175][info ][gc,heap     ] GC(7) Humongous regions: 0->0
[2023-12-04T14:44:48.707+0000][175][info ][gc,metaspace] GC(7) Metaspace: 35365K(36096K)->35365K(36096K) NonClass: 31366K(31808K)->31366K(31808K) Class: 3998K(4288K)->3998K(4288K)
[2023-12-04T14:44:48.707+0000][175][info ][gc          ] GC(7) Pause Young (Concurrent Start) (Metadata GC Threshold) 262M->28M(512M) 5.785ms
[2023-12-04T14:44:48.707+0000][175][info ][gc,cpu      ] GC(7) User=0.04s Sys=0.00s Real=0.01s
[2023-12-04T14:44:48.707+0000][175][info ][gc          ] GC(8) Concurrent Mark Cycle
[2023-12-04T14:44:48.707+0000][175][info ][gc,marking  ] GC(8) Concurrent Scan Root Regions
[2023-12-04T14:44:48.707+0000][175][info ][safepoint   ] Safepoint "CollectForMetadataAllocation", Time since last: 361419412 ns, Reaching safepoint: 2598 ns, Cleanup: 49041 ns, At safepoint: 5898951 ns, Total: 5950590 ns
[2023-12-04T14:44:48.710+0000][175][info ][gc,marking  ] GC(8) Concurrent Scan Root Regions 3.253ms
[2023-12-04T14:44:48.710+0000][175][info ][gc,marking  ] GC(8) Concurrent Mark
[2023-12-04T14:44:48.710+0000][175][info ][gc,marking  ] GC(8) Concurrent Mark From Roots
[2023-12-04T14:44:48.710+0000][175][info ][gc,task     ] GC(8) Using 3 workers of 3 for marking
[2023-12-04T14:44:48.713+0000][175][info ][gc,marking  ] GC(8) Concurrent Mark From Roots 3.472ms
[2023-12-04T14:44:48.713+0000][175][info ][gc,marking  ] GC(8) Concurrent Preclean
[2023-12-04T14:44:48.713+0000][175][info ][gc,marking  ] GC(8) Concurrent Preclean 0.013ms
[2023-12-04T14:44:48.713+0000][175][info ][gc,start    ] GC(8) Pause Remark
[2023-12-04T14:44:48.716+0000][175][info ][gc          ] GC(8) Pause Remark 31M->31M(512M) 2.442ms
[2023-12-04T14:44:48.716+0000][175][info ][gc,cpu      ] GC(8) User=0.02s Sys=0.00s Real=0.01s
[2023-12-04T14:44:48.716+0000][175][info ][safepoint   ] Safepoint "G1PauseRemark", Time since last: 6765267 ns, Reaching safepoint: 69304 ns, Cleanup: 6012 ns, At safepoint: 2492804 ns, Total: 2568120 ns
[2023-12-04T14:44:48.716+0000][175][info ][gc,marking  ] GC(8) Concurrent Mark 6.128ms
[2023-12-04T14:44:48.716+0000][175][info ][gc,marking  ] GC(8) Concurrent Rebuild Remembered Sets and Scrub Regions
[2023-12-04T14:44:48.717+0000][175][info ][gc,marking  ] GC(8) Concurrent Rebuild Remembered Sets and Scrub Regions 1.080ms
[2023-12-04T14:44:48.717+0000][175][info ][gc,start    ] GC(8) Pause Cleanup
[2023-12-04T14:44:48.717+0000][175][info ][gc          ] GC(8) Pause Cleanup 31M->31M(512M) 0.057ms
[2023-12-04T14:44:48.717+0000][175][info ][gc,cpu      ] GC(8) User=0.00s Sys=0.00s Real=0.00s
[2023-12-04T14:44:48.717+0000][175][info ][safepoint   ] Safepoint "G1PauseCleanup", Time since last: 1139058 ns, Reaching safepoint: 67153 ns, Cleanup: 4096 ns, At safepoint: 80561 ns, Total: 151810 ns
[2023-12-04T14:44:48.717+0000][175][info ][gc,marking  ] GC(8) Concurrent Clear Claimed Marks
[2023-12-04T14:44:48.717+0000][175][info ][gc,marking  ] GC(8) Concurrent Clear Claimed Marks 0.033ms
[2023-12-04T14:44:48.717+0000][175][info ][gc,marking  ] GC(8) Concurrent Cleanup for Next Mark
[2023-12-04T14:44:48.718+0000][175][info ][gc,marking  ] GC(8) Concurrent Cleanup for Next Mark 0.180ms
[2023-12-04T14:44:48.718+0000][175][info ][gc          ] GC(8) Concurrent Mark Cycle 10.968ms
[2023-12-04T14:44:49.034+0000][175][info ][gc,start    ] GC(9) Pause Young (Normal) (G1 Evacuation Pause)
[2023-12-04T14:44:49.034+0000][175][info ][gc,task     ] GC(9) Using 10 workers of 10 for evacuation
[2023-12-04T14:44:49.034+0000][175][debug][gc,age      ] GC(9) Desired survivor size 20971520 bytes, new threshold 6 (max threshold 15)
[2023-12-04T14:44:49.041+0000][175][info ][gc,phases   ] GC(9)   Pre Evacuate Collection Set: 0.1ms
[2023-12-04T14:44:49.041+0000][175][info ][gc,phases   ] GC(9)   Merge Heap Roots: 0.0ms
[2023-12-04T14:44:49.041+0000][175][info ][gc,phases   ] GC(9)   Evacuate Collection Set: 5.5ms
[2023-12-04T14:44:49.041+0000][175][info ][gc,phases   ] GC(9)   Post Evacuate Collection Set: 0.5ms
[2023-12-04T14:44:49.041+0000][175][info ][gc,phases   ] GC(9)   Other: 0.0ms
[2023-12-04T14:44:49.041+0000][175][trace][gc,age      ] GC(9) Age table with threshold 6 (max threshold 15)
[2023-12-04T14:44:49.041+0000][175][trace][gc,age      ] GC(9) - age   1:    3384952 bytes,    3384952 total
[2023-12-04T14:44:49.041+0000][175][trace][gc,age      ] GC(9) - age   2:    5462240 bytes,    8847192 total
[2023-12-04T14:44:49.041+0000][175][trace][gc,age      ] GC(9) - age   3:    4705912 bytes,   13553104 total
[2023-12-04T14:44:49.041+0000][175][trace][gc,age      ] GC(9) - age   4:    6391392 bytes,   19944496 total
[2023-12-04T14:44:49.041+0000][175][trace][gc,age      ] GC(9) - age   5:     877656 bytes,   20822152 total
[2023-12-04T14:44:49.041+0000][175][trace][gc,age      ] GC(9) - age   6:    2590664 bytes,   23412816 total
[2023-12-04T14:44:49.041+0000][175][info ][gc,heap     ] GC(9) Eden regions: 69->0(70)
[2023-12-04T14:44:49.041+0000][175][info ][gc,heap     ] GC(9) Survivor regions: 7->6(10)
[2023-12-04T14:44:49.041+0000][175][info ][gc,heap     ] GC(9) Old regions: 1->3
[2023-12-04T14:44:49.041+0000][175][info ][gc,heap     ] GC(9) Humongous regions: 0->0
[2023-12-04T14:44:49.041+0000][175][info ][gc,metaspace] GC(9) Metaspace: 36364K(37184K)->36364K(37184K) NonClass: 32236K(32704K)->32236K(32704K) Class: 4128K(4480K)->4128K(4480K)
[2023-12-04T14:44:49.041+0000][175][info ][gc          ] GC(9) Pause Young (Normal) (G1 Evacuation Pause) 304M->32M(512M) 6.432ms
[2023-12-04T14:44:49.041+0000][175][info ][gc,cpu      ] GC(9) User=0.06s Sys=0.00s Real=0.00s
[2023-12-04T14:44:49.041+0000][175][info ][safepoint   ] Safepoint "G1CollectForAllocation", Time since last: 316929074 ns, Reaching safepoint: 3490 ns, Cleanup: 65427 ns, At safepoint: 6476101 ns, Total: 6545018 ns
[2023-12-04T14:44:49.293+0000][175][info ][safepoint   ] Safepoint "ICBufferFull", Time since last: 252160901 ns, Reaching safepoint: 3341 ns, Cleanup: 72961 ns, At safepoint: 2071 ns, Total: 78373 ns
[2023-12-04T14:44:49.595+0000][175][info ][safepoint   ] Safepoint "ICBufferFull", Time since last: 301474282 ns, Reaching safepoint: 3148 ns, Cleanup: 88697 ns, At safepoint: 2257 ns, Total: 94102 ns
[2023-12-04T14:44:50.015+0000][175][info ][gc,start    ] GC(10) Pause Young (Normal) (G1 Evacuation Pause)
[2023-12-04T14:44:50.015+0000][175][info ][gc,task     ] GC(10) Using 10 workers of 10 for evacuation
[2023-12-04T14:44:50.015+0000][175][debug][gc,age      ] GC(10) Desired survivor size 20971520 bytes, new threshold 6 (max threshold 15)
[2023-12-04T14:44:50.023+0000][175][info ][gc,phases   ] GC(10)   Pre Evacuate Collection Set: 0.2ms
[2023-12-04T14:44:50.023+0000][175][info ][gc,phases   ] GC(10)   Merge Heap Roots: 0.0ms
[2023-12-04T14:44:50.023+0000][175][info ][gc,phases   ] GC(10)   Evacuate Collection Set: 6.8ms
[2023-12-04T14:44:50.023+0000][175][info ][gc,phases   ] GC(10)   Post Evacuate Collection Set: 0.8ms
[2023-12-04T14:44:50.023+0000][175][info ][gc,phases   ] GC(10)   Other: 0.0ms
[2023-12-04T14:44:50.023+0000][175][trace][gc,age      ] GC(10) Age table with threshold 6 (max threshold 15)
[2023-12-04T14:44:50.023+0000][175][trace][gc,age      ] GC(10) - age   1:   11545336 bytes,   11545336 total
[2023-12-04T14:44:50.023+0000][175][trace][gc,age      ] GC(10) - age   2:    1353992 bytes,   12899328 total
[2023-12-04T14:44:50.023+0000][175][trace][gc,age      ] GC(10) - age   3:    5437104 bytes,   18336432 total
[2023-12-04T14:44:50.023+0000][175][trace][gc,age      ] GC(10) - age   4:    4681152 bytes,   23017584 total
[2023-12-04T14:44:50.023+0000][175][trace][gc,age      ] GC(10) - age   5:    6351816 bytes,   29369400 total
[2023-12-04T14:44:50.023+0000][175][trace][gc,age      ] GC(10) - age   6:     872664 bytes,   30242064 total
[2023-12-04T14:44:50.023+0000][175][info ][gc,heap     ] GC(10) Eden regions: 70->0(68)
[2023-12-04T14:44:50.023+0000][175][info ][gc,heap     ] GC(10) Survivor regions: 6->8(10)
[2023-12-04T14:44:50.023+0000][175][info ][gc,heap     ] GC(10) Old regions: 3->3
[2023-12-04T14:44:50.023+0000][175][info ][gc,heap     ] GC(10) Humongous regions: 0->0
[2023-12-04T14:44:50.023+0000][175][info ][gc,metaspace] GC(10) Metaspace: 47013K(48448K)->47013K(48448K) NonClass: 41433K(42304K)->41433K(42304K) Class: 5579K(6144K)->5579K(6144K)
[2023-12-04T14:44:50.023+0000][175][info ][gc          ] GC(10) Pause Young (Normal) (G1 Evacuation Pause) 312M->43M(512M) 8.055ms
[2023-12-04T14:44:50.023+0000][175][info ][gc,cpu      ] GC(10) User=0.07s Sys=0.00s Real=0.00s
[2023-12-04T14:44:50.023+0000][175][info ][safepoint   ] Safepoint "G1CollectForAllocation", Time since last: 420232539 ns, Reaching safepoint: 3098 ns, Cleanup: 73636 ns, At safepoint: 8091201 ns, Total: 8167935 ns
[2023-12-04T14:44:51.023+0000][175][info ][safepoint   ] Safepoint "Cleanup", Time since last: 1000139975 ns, Reaching safepoint: 69370 ns, Cleanup: 51894 ns, At safepoint: 4295 ns, Total: 125559 ns
[2023-12-04T14:44:51.386+0000][175][info ][gc,start    ] GC(11) Pause Young (Normal) (G1 Evacuation Pause)
[2023-12-04T14:44:51.386+0000][175][info ][gc,task     ] GC(11) Using 10 workers of 10 for evacuation
[2023-12-04T14:44:51.386+0000][175][debug][gc,age      ] GC(11) Desired survivor size 20971520 bytes, new threshold 4 (max threshold 15)
[2023-12-04T14:44:51.397+0000][175][info ][gc,phases   ] GC(11)   Pre Evacuate Collection Set: 0.1ms
[2023-12-04T14:44:51.397+0000][175][info ][gc,phases   ] GC(11)   Merge Heap Roots: 0.0ms
[2023-12-04T14:44:51.397+0000][175][info ][gc,phases   ] GC(11)   Evacuate Collection Set: 9.3ms
[2023-12-04T14:44:51.397+0000][175][info ][gc,phases   ] GC(11)   Post Evacuate Collection Set: 0.8ms
[2023-12-04T14:44:51.397+0000][175][info ][gc,phases   ] GC(11)   Other: 0.0ms
[2023-12-04T14:44:51.397+0000][175][trace][gc,age      ] GC(11) Age table with threshold 4 (max threshold 15)
[2023-12-04T14:44:51.397+0000][175][trace][gc,age      ] GC(11) - age   1:   14270128 bytes,   14270128 total
[2023-12-04T14:44:51.397+0000][175][trace][gc,age      ] GC(11) - age   2:   10841880 bytes,   25112008 total
[2023-12-04T14:44:51.397+0000][175][trace][gc,age      ] GC(11) - age   3:    1353384 bytes,   26465392 total
[2023-12-04T14:44:51.397+0000][175][trace][gc,age      ] GC(11) - age   4:    5430568 bytes,   31895960 total
[2023-12-04T14:44:51.397+0000][175][info ][gc,heap     ] GC(11) Eden regions: 68->0(67)
[2023-12-04T14:44:51.397+0000][175][info ][gc,heap     ] GC(11) Survivor regions: 8->9(10)
[2023-12-04T14:44:51.397+0000][175][info ][gc,heap     ] GC(11) Old regions: 3->6
[2023-12-04T14:44:51.397+0000][175][info ][gc,heap     ] GC(11) Humongous regions: 0->0
[2023-12-04T14:44:51.397+0000][175][info ][gc,metaspace] GC(11) Metaspace: 53244K(54656K)->53244K(54656K) NonClass: 46780K(47616K)->46780K(47616K) Class: 6464K(7040K)->6464K(7040K)
[2023-12-04T14:44:51.397+0000][175][info ][gc          ] GC(11) Pause Young (Normal) (G1 Evacuation Pause) 315M->56M(512M) 10.406ms
[2023-12-04T14:44:51.397+0000][175][info ][gc,cpu      ] GC(11) User=0.10s Sys=0.00s Real=0.01s
[2023-12-04T14:44:51.397+0000][175][info ][safepoint   ] Safepoint "G1CollectForAllocation", Time since last: 362971649 ns, Reaching safepoint: 3504 ns, Cleanup: 75963 ns, At safepoint: 10448653 ns, Total: 10528120 ns
[2023-12-04T14:44:51.742+0000][175][info ][gc,start    ] GC(12) Pause Young (Concurrent Start) (Metadata GC Threshold)
[2023-12-04T14:44:51.742+0000][175][info ][gc,task     ] GC(12) Using 10 workers of 10 for evacuation
[2023-12-04T14:44:51.742+0000][175][debug][gc,age      ] GC(12) Desired survivor size 20971520 bytes, new threshold 2 (max threshold 15)
[2023-12-04T14:44:51.751+0000][175][info ][gc,phases   ] GC(12)   Pre Evacuate Collection Set: 0.1ms
[2023-12-04T14:44:51.751+0000][175][info ][gc,phases   ] GC(12)   Merge Heap Roots: 0.1ms
[2023-12-04T14:44:51.751+0000][175][info ][gc,phases   ] GC(12)   Evacuate Collection Set: 7.8ms
[2023-12-04T14:44:51.751+0000][175][info ][gc,phases   ] GC(12)   Post Evacuate Collection Set: 0.5ms
[2023-12-04T14:44:51.751+0000][175][info ][gc,phases   ] GC(12)   Other: 0.1ms
[2023-12-04T14:44:51.751+0000][175][trace][gc,age      ] GC(12) Age table with threshold 2 (max threshold 15)
[2023-12-04T14:44:51.751+0000][175][trace][gc,age      ] GC(12) - age   1:    2900824 bytes,    2900824 total
[2023-12-04T14:44:51.751+0000][175][trace][gc,age      ] GC(12) - age   2:   14137872 bytes,   17038696 total
[2023-12-04T14:44:51.751+0000][175][info ][gc,heap     ] GC(12) Eden regions: 24->0(71)
[2023-12-04T14:44:51.751+0000][175][info ][gc,heap     ] GC(12) Survivor regions: 9->5(10)
[2023-12-04T14:44:51.751+0000][175][info ][gc,heap     ] GC(12) Old regions: 6->11
[2023-12-04T14:44:51.751+0000][175][info ][gc,heap     ] GC(12) Humongous regions: 0->0
[2023-12-04T14:44:51.751+0000][175][info ][gc,metaspace] GC(12) Metaspace: 59097K(60480K)->59097K(60480K) NonClass: 51880K(52672K)->51880K(52672K) Class: 7217K(7808K)->7217K(7808K)
[2023-12-04T14:44:51.751+0000][175][info ][gc          ] GC(12) Pause Young (Concurrent Start) (Metadata GC Threshold) 150M->60M(512M) 8.732ms
[2023-12-04T14:44:51.751+0000][175][info ][gc,cpu      ] GC(12) User=0.08s Sys=0.01s Real=0.01s
[2023-12-04T14:44:51.751+0000][175][info ][gc          ] GC(13) Concurrent Mark Cycle
[2023-12-04T14:44:51.751+0000][175][info ][gc,marking  ] GC(13) Concurrent Scan Root Regions
[2023-12-04T14:44:51.751+0000][175][info ][safepoint   ] Safepoint "CollectForMetadataAllocation", Time since last: 345384015 ns, Reaching safepoint: 2844 ns, Cleanup: 75100 ns, At safepoint: 8829610 ns, Total: 8907554 ns
[2023-12-04T14:44:51.761+0000][175][info ][gc,marking  ] GC(13) Concurrent Scan Root Regions 10.379ms
[2023-12-04T14:44:51.761+0000][175][info ][gc,marking  ] GC(13) Concurrent Mark
[2023-12-04T14:44:51.761+0000][175][info ][gc,marking  ] GC(13) Concurrent Mark From Roots
[2023-12-04T14:44:51.761+0000][175][info ][gc,task     ] GC(13) Using 3 workers of 3 for marking
[2023-12-04T14:44:51.766+0000][175][info ][safepoint   ] Safepoint "CollectForMetadataAllocation", Time since last: 15264857 ns, Reaching safepoint: 70525 ns, Cleanup: 2563 ns, At safepoint: 59533 ns, Total: 132621 ns
[2023-12-04T14:44:51.773+0000][175][info ][gc,marking  ] GC(13) Concurrent Mark From Roots 11.484ms
[2023-12-04T14:44:51.773+0000][175][info ][gc,marking  ] GC(13) Concurrent Preclean
[2023-12-04T14:44:51.773+0000][175][info ][gc,marking  ] GC(13) Concurrent Preclean 0.086ms
[2023-12-04T14:44:51.773+0000][175][info ][gc,start    ] GC(13) Pause Remark
[2023-12-04T14:44:51.779+0000][175][info ][gc          ] GC(13) Pause Remark 64M->64M(512M) 5.546ms
[2023-12-04T14:44:51.779+0000][175][info ][gc,cpu      ] GC(13) User=0.05s Sys=0.00s Real=0.01s
[2023-12-04T14:44:51.779+0000][175][info ][safepoint   ] Safepoint "G1PauseRemark", Time since last: 6687476 ns, Reaching safepoint: 2842 ns, Cleanup: 2085 ns, At safepoint: 5603452 ns, Total: 5608379 ns
[2023-12-04T14:44:51.779+0000][175][info ][gc,marking  ] GC(13) Concurrent Mark 17.393ms
[2023-12-04T14:44:51.779+0000][175][info ][gc,marking  ] GC(13) Concurrent Rebuild Remembered Sets and Scrub Regions
[2023-12-04T14:44:51.785+0000][175][info ][gc,marking  ] GC(13) Concurrent Rebuild Remembered Sets and Scrub Regions 5.821ms
[2023-12-04T14:44:51.785+0000][175][info ][gc,start    ] GC(13) Pause Cleanup
[2023-12-04T14:44:51.785+0000][175][info ][gc          ] GC(13) Pause Cleanup 66M->66M(512M) 0.085ms
[2023-12-04T14:44:51.785+0000][175][info ][gc,cpu      ] GC(13) User=0.00s Sys=0.00s Real=0.00s
[2023-12-04T14:44:51.785+0000][175][info ][safepoint   ] Safepoint "G1PauseCleanup", Time since last: 5971306 ns, Reaching safepoint: 72430 ns, Cleanup: 9686 ns, At safepoint: 125606 ns, Total: 207722 ns
[2023-12-04T14:44:51.785+0000][175][info ][gc,marking  ] GC(13) Concurrent Clear Claimed Marks
[2023-12-04T14:44:51.785+0000][175][info ][gc,marking  ] GC(13) Concurrent Clear Claimed Marks 0.072ms
[2023-12-04T14:44:51.785+0000][175][info ][gc,marking  ] GC(13) Concurrent Cleanup for Next Mark
[2023-12-04T14:44:51.785+0000][175][info ][gc,marking  ] GC(13) Concurrent Cleanup for Next Mark 0.197ms
[2023-12-04T14:44:51.785+0000][175][info ][gc          ] GC(13) Concurrent Mark Cycle 34.277ms
[2023-12-04T14:44:52.785+0000][175][info ][safepoint   ] Safepoint "Cleanup", Time since last: 1000113028 ns, Reaching safepoint: 68454 ns, Cleanup: 73768 ns, At safepoint: 2900 ns, Total: 145122 ns
[2023-12-04T14:44:52.914+0000][175][info ][gc,start    ] GC(14) Pause Young (Normal) (G1 Evacuation Pause)
[2023-12-04T14:44:52.914+0000][175][info ][gc,task     ] GC(14) Using 10 workers of 10 for evacuation
[2023-12-04T14:44:52.914+0000][175][debug][gc,age      ] GC(14) Desired survivor size 20971520 bytes, new threshold 15 (max threshold 15)
[2023-12-04T14:44:52.920+0000][175][info ][gc,phases   ] GC(14)   Pre Evacuate Collection Set: 0.1ms
[2023-12-04T14:44:52.920+0000][175][info ][gc,phases   ] GC(14)   Merge Heap Roots: 0.0ms
[2023-12-04T14:44:52.920+0000][175][info ][gc,phases   ] GC(14)   Evacuate Collection Set: 5.0ms
[2023-12-04T14:44:52.920+0000][175][info ][gc,phases   ] GC(14)   Post Evacuate Collection Set: 0.8ms
[2023-12-04T14:44:52.920+0000][175][info ][gc,phases   ] GC(14)   Other: 0.1ms
[2023-12-04T14:44:52.920+0000][175][trace][gc,age      ] GC(14) Age table with threshold 15 (max threshold 15)
[2023-12-04T14:44:52.920+0000][175][trace][gc,age      ] GC(14) - age   1:    2994312 bytes,    2994312 total
[2023-12-04T14:44:52.920+0000][175][trace][gc,age      ] GC(14) - age   2:    2823536 bytes,    5817848 total
[2023-12-04T14:44:52.920+0000][175][trace][gc,age      ] GC(14) - age   3:   14119168 bytes,   19937016 total
[2023-12-04T14:44:52.920+0000][175][info ][gc,heap     ] GC(14) Eden regions: 71->0(70)
[2023-12-04T14:44:52.920+0000][175][info ][gc,heap     ] GC(14) Survivor regions: 5->6(10)
[2023-12-04T14:44:52.920+0000][175][info ][gc,heap     ] GC(14) Old regions: 11->11
[2023-12-04T14:44:52.920+0000][175][info ][gc,heap     ] GC(14) Humongous regions: 0->0
[2023-12-04T14:44:52.920+0000][175][info ][gc,metaspace] GC(14) Metaspace: 69849K(71424K)->69849K(71424K) NonClass: 60891K(61824K)->60891K(61824K) Class: 8957K(9600K)->8957K(9600K)
[2023-12-04T14:44:52.920+0000][175][info ][gc          ] GC(14) Pause Young (Normal) (G1 Evacuation Pause) 344M->61M(512M) 6.268ms
[2023-12-04T14:44:52.920+0000][175][info ][gc,cpu      ] GC(14) User=0.05s Sys=0.00s Real=0.01s
[2023-12-04T14:44:52.920+0000][175][info ][safepoint   ] Safepoint "G1CollectForAllocation", Time since last: 128798599 ns, Reaching safepoint: 3420 ns, Cleanup: 16897 ns, At safepoint: 6315042 ns, Total: 6335359 ns
[2023-12-04T14:44:54.682+0000][175][info ][safepoint   ] Safepoint "Cleanup", Time since last: 1761879511 ns, Reaching safepoint: 70478 ns, Cleanup: 88100 ns, At safepoint: 4115 ns, Total: 162693 ns
[2023-12-04T14:44:54.830+0000][175][info ][gc,start    ] GC(15) Pause Young (Normal) (G1 Evacuation Pause)
[2023-12-04T14:44:54.830+0000][175][info ][gc,task     ] GC(15) Using 10 workers of 10 for evacuation
[2023-12-04T14:44:54.830+0000][175][debug][gc,age      ] GC(15) Desired survivor size 20971520 bytes, new threshold 15 (max threshold 15)
[2023-12-04T14:44:54.837+0000][175][info ][gc,phases   ] GC(15)   Pre Evacuate Collection Set: 0.1ms
[2023-12-04T14:44:54.837+0000][175][info ][gc,phases   ] GC(15)   Merge Heap Roots: 0.0ms
[2023-12-04T14:44:54.837+0000][175][info ][gc,phases   ] GC(15)   Evacuate Collection Set: 6.1ms
[2023-12-04T14:44:54.837+0000][175][info ][gc,phases   ] GC(15)   Post Evacuate Collection Set: 0.8ms
[2023-12-04T14:44:54.837+0000][175][info ][gc,phases   ] GC(15)   Other: 0.1ms
[2023-12-04T14:44:54.837+0000][175][trace][gc,age      ] GC(15) Age table with threshold 15 (max threshold 15)
[2023-12-04T14:44:54.837+0000][175][trace][gc,age      ] GC(15) - age   1:    6610032 bytes,    6610032 total
[2023-12-04T14:44:54.837+0000][175][trace][gc,age      ] GC(15) - age   2:    2770984 bytes,    9381016 total
[2023-12-04T14:44:54.837+0000][175][trace][gc,age      ] GC(15) - age   3:    2812696 bytes,   12193712 total
[2023-12-04T14:44:54.837+0000][175][trace][gc,age      ] GC(15) - age   4:   14106896 bytes,   26300608 total
[2023-12-04T14:44:54.837+0000][175][info ][gc,heap     ] GC(15) Eden regions: 70->0(69)
[2023-12-04T14:44:54.837+0000][175][info ][gc,heap     ] GC(15) Survivor regions: 6->7(10)
[2023-12-04T14:44:54.837+0000][175][info ][gc,heap     ] GC(15) Old regions: 11->11
[2023-12-04T14:44:54.837+0000][175][info ][gc,heap     ] GC(15) Humongous regions: 0->0
[2023-12-04T14:44:54.837+0000][175][info ][gc,metaspace] GC(15) Metaspace: 82388K(84096K)->82388K(84096K) NonClass: 71760K(72768K)->71760K(72768K) Class: 10627K(11328K)->10627K(11328K)
[2023-12-04T14:44:54.837+0000][175][info ][gc          ] GC(15) Pause Young (Normal) (G1 Evacuation Pause) 341M->69M(512M) 7.325ms
[2023-12-04T14:44:54.837+0000][175][info ][gc,cpu      ] GC(15) User=0.07s Sys=0.00s Real=0.01s
[2023-12-04T14:44:54.837+0000][175][info ][safepoint   ] Safepoint "G1CollectForAllocation", Time since last: 147286830 ns, Reaching safepoint: 20864 ns, Cleanup: 26700 ns, At safepoint: 7369811 ns, Total: 7417375 ns
[2023-12-04T14:44:55.641+0000][175][info ][safepoint   ] Safepoint "ICBufferFull", Time since last: 804228129 ns, Reaching safepoint: 70045 ns, Cleanup: 82105 ns, At safepoint: 3187 ns, Total: 155337 ns
[2023-12-04T14:44:55.661+0000][175][info ][gc,start    ] GC(16) Pause Young (Concurrent Start) (Metadata GC Threshold)
[2023-12-04T14:44:55.661+0000][175][info ][gc,task     ] GC(16) Using 10 workers of 10 for evacuation
[2023-12-04T14:44:55.661+0000][175][debug][gc,age      ] GC(16) Desired survivor size 20971520 bytes, new threshold 4 (max threshold 15)
[2023-12-04T14:44:55.670+0000][175][info ][gc,phases   ] GC(16)   Pre Evacuate Collection Set: 0.1ms
[2023-12-04T14:44:55.670+0000][175][info ][gc,phases   ] GC(16)   Merge Heap Roots: 0.0ms
[2023-12-04T14:44:55.670+0000][175][info ][gc,phases   ] GC(16)   Evacuate Collection Set: 7.3ms
[2023-12-04T14:44:55.670+0000][175][info ][gc,phases   ] GC(16)   Post Evacuate Collection Set: 0.9ms
[2023-12-04T14:44:55.670+0000][175][info ][gc,phases   ] GC(16)   Other: 0.1ms
[2023-12-04T14:44:55.670+0000][175][trace][gc,age      ] GC(16) Age table with threshold 4 (max threshold 15)
[2023-12-04T14:44:55.670+0000][175][trace][gc,age      ] GC(16) - age   1:    5496432 bytes,    5496432 total
[2023-12-04T14:44:55.670+0000][175][trace][gc,age      ] GC(16) - age   2:    6190608 bytes,   11687040 total
[2023-12-04T14:44:55.670+0000][175][trace][gc,age      ] GC(16) - age   3:    2763800 bytes,   14450840 total
[2023-12-04T14:44:55.670+0000][175][trace][gc,age      ] GC(16) - age   4:    2809904 bytes,   17260744 total
[2023-12-04T14:44:55.670+0000][175][info ][gc,heap     ] GC(16) Eden regions: 32->0(71)
[2023-12-04T14:44:55.670+0000][175][info ][gc,heap     ] GC(16) Survivor regions: 7->5(10)
[2023-12-04T14:44:55.670+0000][175][info ][gc,heap     ] GC(16) Old regions: 11->14
[2023-12-04T14:44:55.670+0000][175][info ][gc,heap     ] GC(16) Humongous regions: 0->0
[2023-12-04T14:44:55.670+0000][175][info ][gc,metaspace] GC(16) Metaspace: 99822K(101568K)->99822K(101568K) NonClass: 86712K(87744K)->86712K(87744K) Class: 13109K(13824K)->13109K(13824K)
[2023-12-04T14:44:55.670+0000][175][info ][gc          ] GC(16) Pause Young (Concurrent Start) (Metadata GC Threshold) 195M->74M(512M) 8.574ms
[2023-12-04T14:44:55.670+0000][175][info ][gc          ] GC(17) Concurrent Mark Cycle
[2023-12-04T14:44:55.670+0000][175][info ][gc,cpu      ] GC(16) User=0.08s Sys=0.00s Real=0.01s
[2023-12-04T14:44:55.670+0000][175][info ][gc,marking  ] GC(17) Concurrent Scan Root Regions
[2023-12-04T14:44:55.670+0000][175][info ][safepoint   ] Safepoint "CollectForMetadataAllocation", Time since last: 19642441 ns, Reaching safepoint: 3387 ns, Cleanup: 8523 ns, At safepoint: 8695914 ns, Total: 8707824 ns
[2023-12-04T14:44:55.680+0000][175][info ][gc,marking  ] GC(17) Concurrent Scan Root Regions 10.663ms
[2023-12-04T14:44:55.680+0000][175][info ][gc,marking  ] GC(17) Concurrent Mark
[2023-12-04T14:44:55.680+0000][175][info ][gc,marking  ] GC(17) Concurrent Mark From Roots
[2023-12-04T14:44:55.680+0000][175][info ][gc,task     ] GC(17) Using 3 workers of 3 for marking
[2023-12-04T14:44:55.689+0000][175][info ][safepoint   ] Safepoint "CollectForMetadataAllocation", Time since last: 19560465 ns, Reaching safepoint: 68891 ns, Cleanup: 6495 ns, At safepoint: 61207 ns, Total: 136593 ns
[2023-12-04T14:44:55.699+0000][175][info ][gc,marking  ] GC(17) Concurrent Mark From Roots 19.001ms
[2023-12-04T14:44:55.699+0000][175][info ][gc,marking  ] GC(17) Concurrent Preclean
[2023-12-04T14:44:55.700+0000][175][info ][gc,marking  ] GC(17) Concurrent Preclean 0.206ms
[2023-12-04T14:44:55.700+0000][175][info ][gc,start    ] GC(17) Pause Remark
[2023-12-04T14:44:55.704+0000][175][info ][gc          ] GC(17) Pause Remark 78M->78M(512M) 4.145ms
[2023-12-04T14:44:55.704+0000][175][info ][gc,cpu      ] GC(17) User=0.02s Sys=0.01s Real=0.00s
[2023-12-04T14:44:55.704+0000][175][info ][safepoint   ] Safepoint "G1PauseRemark", Time since last: 10268128 ns, Reaching safepoint: 259848 ns, Cleanup: 9957 ns, At safepoint: 4189014 ns, Total: 4458819 ns
[2023-12-04T14:44:55.704+0000][175][info ][gc,marking  ] GC(17) Concurrent Mark 23.877ms
[2023-12-04T14:44:55.704+0000][175][info ][gc,marking  ] GC(17) Concurrent Rebuild Remembered Sets and Scrub Regions
[2023-12-04T14:44:55.716+0000][175][info ][gc,marking  ] GC(17) Concurrent Rebuild Remembered Sets and Scrub Regions 11.551ms
[2023-12-04T14:44:55.716+0000][175][info ][gc,start    ] GC(17) Pause Cleanup
[2023-12-04T14:44:55.716+0000][175][info ][gc          ] GC(17) Pause Cleanup 80M->80M(512M) 0.064ms
[2023-12-04T14:44:55.716+0000][175][info ][gc,cpu      ] GC(17) User=0.00s Sys=0.00s Real=0.00s
[2023-12-04T14:44:55.716+0000][175][info ][safepoint   ] Safepoint "G1PauseCleanup", Time since last: 11741031 ns, Reaching safepoint: 69347 ns, Cleanup: 12277 ns, At safepoint: 96207 ns, Total: 177831 ns
[2023-12-04T14:44:55.716+0000][175][info ][gc,marking  ] GC(17) Concurrent Clear Claimed Marks
[2023-12-04T14:44:55.716+0000][175][info ][gc,marking  ] GC(17) Concurrent Clear Claimed Marks 0.068ms
[2023-12-04T14:44:55.716+0000][175][info ][gc,marking  ] GC(17) Concurrent Cleanup for Next Mark
[2023-12-04T14:44:55.716+0000][175][info ][gc,marking  ] GC(17) Concurrent Cleanup for Next Mark 0.220ms
[2023-12-04T14:44:55.716+0000][175][info ][gc          ] GC(17) Concurrent Mark Cycle 46.768ms
[2023-12-04T14:44:56.304+0000][175][info ][safepoint   ] Safepoint "ICBufferFull", Time since last: 588028845 ns, Reaching safepoint: 3589 ns, Cleanup: 74862 ns, At safepoint: 2006 ns, Total: 80457 ns
[2023-12-04T14:44:56.769+0000][175][info ][safepoint   ] Safepoint "ICBufferFull", Time since last: 465002132 ns, Reaching safepoint: 3865 ns, Cleanup: 80436 ns, At safepoint: 3335 ns, Total: 87636 ns
[2023-12-04T14:44:57.375+0000][175][info ][safepoint   ] Safepoint "ICBufferFull", Time since last: 606037550 ns, Reaching safepoint: 5176 ns, Cleanup: 69428 ns, At safepoint: 2593 ns, Total: 77197 ns
[2023-12-04T14:44:58.376+0000][175][info ][safepoint   ] Safepoint "Cleanup", Time since last: 1000368625 ns, Reaching safepoint: 15653 ns, Cleanup: 172817 ns, At safepoint: 9555 ns, Total: 198025 ns
[2023-12-04T14:44:59.161+0000][175][info ][safepoint   ] Safepoint "ICBufferFull", Time since last: 784516830 ns, Reaching safepoint: 21427 ns, Cleanup: 78000 ns, At safepoint: 3345 ns, Total: 102772 ns
[2023-12-04T14:45:00.161+0000][175][info ][safepoint   ] Safepoint "Cleanup", Time since last: 1000358128 ns, Reaching safepoint: 61325 ns, Cleanup: 179054 ns, At safepoint: 9150 ns, Total: 249529 ns
[2023-12-04T14:45:01.367+0000][175][info ][safepoint   ] Safepoint "Cleanup", Time since last: 1206196961 ns, Reaching safepoint: 17401 ns, Cleanup: 45412 ns, At safepoint: 3543 ns, Total: 66356 ns
[2023-12-04T14:45:02.368+0000][175][info ][safepoint   ] Safepoint "Cleanup", Time since last: 1000221477 ns, Reaching safepoint: 16105 ns, Cleanup: 82557 ns, At safepoint: 9474 ns, Total: 108136 ns
[2023-12-04T14:45:03.601+0000][175][info ][safepoint   ] Safepoint "Cleanup", Time since last: 1233514254 ns, Reaching safepoint: 7212 ns, Cleanup: 43385 ns, At safepoint: 6537 ns, Total: 57134 ns
[2023-12-04T14:45:04.608+0000][175][info ][gc,heap,exit] Heap
[2023-12-04T14:45:04.608+0000][175][info ][gc,heap,exit]  garbage-first heap   total 524288K, used 351693K [0x00000000e0000000, 0x0000000100000000)
[2023-12-04T14:45:04.608+0000][175][info ][gc,heap,exit]   region size 4096K, 71 young (290816K), 5 survivors (20480K)
[2023-12-04T14:45:04.608+0000][175][info ][gc,heap,exit]  Metaspace       used 130729K, committed 134208K, reserved 1179648K
[2023-12-04T14:45:04.608+0000][175][info ][gc,heap,exit]   class space    used 18168K, committed 19776K, reserved 1048576K
