[2023-12-04T14:23:50.714+0000][139][info][gc,init] CardTable entry size: 512
[2023-12-04T14:23:50.714+0000][139][info][gc     ] Using G1
[2023-12-04T14:23:50.715+0000][139][info][gc,init] Version: 21.0.1+12-29 (release)
[2023-12-04T14:23:50.715+0000][139][info][gc,init] CPUs: 12 total, 12 available
[2023-12-04T14:23:50.715+0000][139][info][gc,init] Memory: 1024M
[2023-12-04T14:23:50.715+0000][139][info][gc,init] Large Page Support: Disabled
[2023-12-04T14:23:50.715+0000][139][info][gc,init] NUMA Support: Disabled
[2023-12-04T14:23:50.715+0000][139][info][gc,init] Compressed Oops: Enabled (32-bit)
[2023-12-04T14:23:50.715+0000][139][info][gc,init] Heap Region Size: 1M
[2023-12-04T14:23:50.715+0000][139][info][gc,init] Heap Min Capacity: 8M
[2023-12-04T14:23:50.715+0000][139][info][gc,init] Heap Initial Capacity: 16M
[2023-12-04T14:23:50.715+0000][139][info][gc,init] Heap Max Capacity: 256M
[2023-12-04T14:23:50.715+0000][139][info][gc,init] Pre-touch: Disabled
[2023-12-04T14:23:50.715+0000][139][info][gc,init] Parallel Workers: 10
[2023-12-04T14:23:50.715+0000][139][info][gc,init] Concurrent Workers: 3
[2023-12-04T14:23:50.715+0000][139][info][gc,init] Concurrent Refinement Workers: 10
[2023-12-04T14:23:50.715+0000][139][info][gc,init] Periodic GC: Disabled
[2023-12-04T14:23:50.722+0000][139][info][gc,metaspace] CDS archive(s) mapped at: [0x00007fa4b3000000-0x00007fa4b3ca5000-0x00007fa4b3ca5000), size 13258752, SharedBaseAddress: 0x00007fa4b3000000, ArchiveRelocationMode: 1.
[2023-12-04T14:23:50.722+0000][139][info][gc,metaspace] Compressed class space mapped at: 0x00007fa4b4000000-0x00007fa4f4000000, reserved size: 1073741824
[2023-12-04T14:23:50.722+0000][139][info][gc,metaspace] Narrow klass base: 0x00007fa4b3000000, Narrow klass shift: 0, Narrow klass range: 0x100000000
[2023-12-04T14:23:50.769+0000][139][info][gc,heap,exit] Heap
[2023-12-04T14:23:50.769+0000][139][info][gc,heap,exit]  garbage-first heap   total 18432K, used 2735K [0x00000000f0000000, 0x0000000100000000)
[2023-12-04T14:23:50.769+0000][139][info][gc,heap,exit]   region size 1024K, 2 young (2048K), 0 survivors (0K)
[2023-12-04T14:23:50.769+0000][139][info][gc,heap,exit]  Metaspace       used 202K, committed 448K, reserved 1114112K
[2023-12-04T14:23:50.769+0000][139][info][gc,heap,exit]   class space    used 5K, committed 128K, reserved 1048576K
