[2023-12-04T14:23:50.875+0000][176][info][gc,init] CardTable entry size: 512
[2023-12-04T14:23:50.875+0000][176][info][gc     ] Using G1
[2023-12-04T14:23:50.927+0000][176][info][gc,init] Version: 21.0.1+12-29 (release)
[2023-12-04T14:23:50.927+0000][176][info][gc,init] CPUs: 12 total, 12 available
[2023-12-04T14:23:50.927+0000][176][info][gc,init] Memory: 1024M
[2023-12-04T14:23:50.927+0000][176][info][gc,init] Large Page Support: Disabled
[2023-12-04T14:23:50.927+0000][176][info][gc,init] NUMA Support: Disabled
[2023-12-04T14:23:50.927+0000][176][info][gc,init] Compressed Oops: Enabled (32-bit)
[2023-12-04T14:23:50.927+0000][176][info][gc,init] Heap Region Size: 4M
[2023-12-04T14:23:50.927+0000][176][info][gc,init] Heap Min Capacity: 512M
[2023-12-04T14:23:50.927+0000][176][info][gc,init] Heap Initial Capacity: 512M
[2023-12-04T14:23:50.927+0000][176][info][gc,init] Heap Max Capacity: 512M
[2023-12-04T14:23:50.927+0000][176][info][gc,init] Pre-touch: Enabled
[2023-12-04T14:23:50.927+0000][176][info][gc,init] Parallel Workers: 10
[2023-12-04T14:23:50.927+0000][176][info][gc,init] Concurrent Workers: 3
[2023-12-04T14:23:50.927+0000][176][info][gc,init] Concurrent Refinement Workers: 10
[2023-12-04T14:23:50.927+0000][176][info][gc,init] Periodic GC: Disabled
[2023-12-04T14:23:50.933+0000][176][info][gc,metaspace] CDS archive(s) mapped at: [0x00007f9613000000-0x00007f9613ca5000-0x00007f9613ca5000), size 13258752, SharedBaseAddress: 0x00007f9613000000, ArchiveRelocationMode: 1.
[2023-12-04T14:23:50.933+0000][176][info][gc,metaspace] Compressed class space mapped at: 0x00007f9614000000-0x00007f9654000000, reserved size: 1073741824
[2023-12-04T14:23:50.933+0000][176][info][gc,metaspace] Narrow klass base: 0x00007f9613000000, Narrow klass shift: 0, Narrow klass range: 0x100000000
[2023-12-04T14:23:51.075+0000][176][info][gc,start    ] GC(0) Pause Young (Normal) (G1 Evacuation Pause)
[2023-12-04T14:23:51.075+0000][176][info][gc,task     ] GC(0) Using 10 workers of 10 for evacuation
[2023-12-04T14:23:51.075+0000][176][debug][gc,age      ] GC(0) Desired survivor size 2097152 bytes, new threshold 15 (max threshold 15)
[2023-12-04T14:23:51.076+0000][176][info ][gc,phases   ] GC(0)   Pre Evacuate Collection Set: 0.2ms
[2023-12-04T14:23:51.076+0000][176][info ][gc,phases   ] GC(0)   Merge Heap Roots: 0.0ms
[2023-12-04T14:23:51.076+0000][176][info ][gc,phases   ] GC(0)   Evacuate Collection Set: 0.6ms
[2023-12-04T14:23:51.076+0000][176][info ][gc,phases   ] GC(0)   Post Evacuate Collection Set: 0.3ms
[2023-12-04T14:23:51.076+0000][176][info ][gc,phases   ] GC(0)   Other: 0.0ms
[2023-12-04T14:23:51.076+0000][176][trace][gc,age      ] GC(0) Age table with threshold 15 (max threshold 15)
[2023-12-04T14:23:51.076+0000][176][trace][gc,age      ] GC(0) - age   1:    2610728 bytes,    2610728 total
[2023-12-04T14:23:51.076+0000][176][info ][gc,heap     ] GC(0) Eden regions: 6->0(20)
[2023-12-04T14:23:51.076+0000][176][info ][gc,heap     ] GC(0) Survivor regions: 0->1(1)
[2023-12-04T14:23:51.076+0000][176][info ][gc,heap     ] GC(0) Old regions: 1->1
[2023-12-04T14:23:51.076+0000][176][info ][gc,heap     ] GC(0) Humongous regions: 0->0
[2023-12-04T14:23:51.076+0000][176][info ][gc,metaspace] GC(0) Metaspace: 1137K(1344K)->1137K(1344K) NonClass: 1054K(1152K)->1054K(1152K) Class: 82K(192K)->82K(192K)
[2023-12-04T14:23:51.076+0000][176][info ][gc          ] GC(0) Pause Young (Normal) (G1 Evacuation Pause) 25M->3M(512M) 1.282ms
[2023-12-04T14:23:51.076+0000][176][info ][gc,cpu      ] GC(0) User=0.01s Sys=0.00s Real=0.00s
[2023-12-04T14:23:51.076+0000][176][info ][safepoint   ] Safepoint "G1CollectForAllocation", Time since last: 138203407 ns, Reaching safepoint: 2004 ns, Cleanup: 43008 ns, At safepoint: 1310117 ns, Total: 1355129 ns
[2023-12-04T14:23:51.300+0000][176][info ][safepoint   ] Safepoint "ICBufferFull", Time since last: 223567851 ns, Reaching safepoint: 2026 ns, Cleanup: 66156 ns, At safepoint: 3025 ns, Total: 71207 ns
[2023-12-04T14:23:51.590+0000][176][info ][safepoint   ] Safepoint "ICBufferFull", Time since last: 290169096 ns, Reaching safepoint: 2051 ns, Cleanup: 61486 ns, At safepoint: 1629 ns, Total: 65166 ns
[2023-12-04T14:23:51.808+0000][176][info ][safepoint   ] Safepoint "ICBufferFull", Time since last: 218022331 ns, Reaching safepoint: 4119 ns, Cleanup: 90207 ns, At safepoint: 3387 ns, Total: 97713 ns
[2023-12-04T14:23:51.974+0000][176][info ][gc,start    ] GC(1) Pause Young (Normal) (G1 Evacuation Pause)
[2023-12-04T14:23:51.974+0000][176][info ][gc,task     ] GC(1) Using 10 workers of 10 for evacuation
[2023-12-04T14:23:51.974+0000][176][debug][gc,age      ] GC(1) Desired survivor size 6291456 bytes, new threshold 15 (max threshold 15)
[2023-12-04T14:23:51.977+0000][176][info ][gc,phases   ] GC(1)   Pre Evacuate Collection Set: 0.1ms
[2023-12-04T14:23:51.977+0000][176][info ][gc,phases   ] GC(1)   Merge Heap Roots: 0.0ms
[2023-12-04T14:23:51.977+0000][176][info ][gc,phases   ] GC(1)   Evacuate Collection Set: 2.3ms
[2023-12-04T14:23:51.977+0000][176][info ][gc,phases   ] GC(1)   Post Evacuate Collection Set: 0.5ms
[2023-12-04T14:23:51.977+0000][176][info ][gc,phases   ] GC(1)   Other: 0.1ms
[2023-12-04T14:23:51.977+0000][176][trace][gc,age      ] GC(1) Age table with threshold 15 (max threshold 15)
[2023-12-04T14:23:51.977+0000][176][trace][gc,age      ] GC(1) - age   1:    6048112 bytes,    6048112 total
[2023-12-04T14:23:51.977+0000][176][trace][gc,age      ] GC(1) - age   2:    2587152 bytes,    8635264 total
[2023-12-04T14:23:51.977+0000][176][info ][gc,heap     ] GC(1) Eden regions: 20->0(27)
[2023-12-04T14:23:51.977+0000][176][info ][gc,heap     ] GC(1) Survivor regions: 1->3(3)
[2023-12-04T14:23:51.977+0000][176][info ][gc,heap     ] GC(1) Old regions: 1->1
[2023-12-04T14:23:51.977+0000][176][info ][gc,heap     ] GC(1) Humongous regions: 0->0
[2023-12-04T14:23:51.977+0000][176][info ][gc,metaspace] GC(1) Metaspace: 18134K(18688K)->18134K(18688K) NonClass: 16162K(16448K)->16162K(16448K) Class: 1972K(2240K)->1972K(2240K)
[2023-12-04T14:23:51.977+0000][176][info ][gc          ] GC(1) Pause Young (Normal) (G1 Evacuation Pause) 83M->10M(512M) 3.174ms
[2023-12-04T14:23:51.977+0000][176][info ][gc,cpu      ] GC(1) User=0.02s Sys=0.00s Real=0.01s
[2023-12-04T14:23:51.977+0000][176][info ][safepoint   ] Safepoint "G1CollectForAllocation", Time since last: 165863892 ns, Reaching safepoint: 2397 ns, Cleanup: 41780 ns, At safepoint: 3208728 ns, Total: 3252905 ns
[2023-12-04T14:23:52.244+0000][176][info ][safepoint   ] Safepoint "ICBufferFull", Time since last: 266965349 ns, Reaching safepoint: 2282 ns, Cleanup: 73822 ns, At safepoint: 1790 ns, Total: 77894 ns
[2023-12-04T14:23:52.369+0000][176][info ][gc,start    ] GC(2) Pause Young (Normal) (G1 Evacuation Pause)
[2023-12-04T14:23:52.369+0000][176][info ][gc,task     ] GC(2) Using 10 workers of 10 for evacuation
[2023-12-04T14:23:52.369+0000][176][debug][gc,age      ] GC(2) Desired survivor size 8388608 bytes, new threshold 2 (max threshold 15)
[2023-12-04T14:23:52.373+0000][176][info ][gc,phases   ] GC(2)   Pre Evacuate Collection Set: 0.1ms
[2023-12-04T14:23:52.373+0000][176][info ][gc,phases   ] GC(2)   Merge Heap Roots: 0.0ms
[2023-12-04T14:23:52.373+0000][176][info ][gc,phases   ] GC(2)   Evacuate Collection Set: 3.4ms
[2023-12-04T14:23:52.373+0000][176][info ][gc,phases   ] GC(2)   Post Evacuate Collection Set: 0.5ms
[2023-12-04T14:23:52.373+0000][176][info ][gc,phases   ] GC(2)   Other: 0.0ms
[2023-12-04T14:23:52.373+0000][176][trace][gc,age      ] GC(2) Age table with threshold 2 (max threshold 15)
[2023-12-04T14:23:52.373+0000][176][trace][gc,age      ] GC(2) - age   1:    2860240 bytes,    2860240 total
[2023-12-04T14:23:52.373+0000][176][trace][gc,age      ] GC(2) - age   2:    5101384 bytes,    7961624 total
[2023-12-04T14:23:52.373+0000][176][info ][gc,heap     ] GC(2) Eden regions: 27->0(73)
[2023-12-04T14:23:52.373+0000][176][info ][gc,heap     ] GC(2) Survivor regions: 3->3(4)
[2023-12-04T14:23:52.373+0000][176][info ][gc,heap     ] GC(2) Old regions: 1->2
[2023-12-04T14:23:52.373+0000][176][info ][gc,heap     ] GC(2) Humongous regions: 0->0
[2023-12-04T14:23:52.373+0000][176][info ][gc,metaspace] GC(2) Metaspace: 20419K(20928K)->20419K(20928K) NonClass: 18213K(18496K)->18213K(18496K) Class: 2206K(2432K)->2206K(2432K)
[2023-12-04T14:23:52.373+0000][176][info ][gc          ] GC(2) Pause Young (Normal) (G1 Evacuation Pause) 118M->11M(512M) 4.203ms
[2023-12-04T14:23:52.373+0000][176][info ][gc,cpu      ] GC(2) User=0.03s Sys=0.00s Real=0.00s
[2023-12-04T14:23:52.373+0000][176][info ][safepoint   ] Safepoint "G1CollectForAllocation", Time since last: 124484944 ns, Reaching safepoint: 3162 ns, Cleanup: 30858 ns, At safepoint: 4242683 ns, Total: 4276703 ns
[2023-12-04T14:23:52.464+0000][176][info ][gc,start    ] GC(3) Pause Young (Concurrent Start) (Metadata GC Threshold)
[2023-12-04T14:23:52.464+0000][176][info ][gc,task     ] GC(3) Using 10 workers of 10 for evacuation
[2023-12-04T14:23:52.464+0000][176][debug][gc,age      ] GC(3) Desired survivor size 20971520 bytes, new threshold 15 (max threshold 15)
[2023-12-04T14:23:52.466+0000][176][info ][gc,phases   ] GC(3)   Pre Evacuate Collection Set: 0.1ms
[2023-12-04T14:23:52.467+0000][176][info ][gc,phases   ] GC(3)   Merge Heap Roots: 0.0ms
[2023-12-04T14:23:52.467+0000][176][info ][gc,phases   ] GC(3)   Evacuate Collection Set: 2.0ms
[2023-12-04T14:23:52.467+0000][176][info ][gc,phases   ] GC(3)   Post Evacuate Collection Set: 0.4ms
[2023-12-04T14:23:52.467+0000][176][info ][gc,phases   ] GC(3)   Other: 0.1ms
[2023-12-04T14:23:52.467+0000][176][trace][gc,age      ] GC(3) Age table with threshold 15 (max threshold 15)
[2023-12-04T14:23:52.467+0000][176][trace][gc,age      ] GC(3) - age   1:    1035200 bytes,    1035200 total
[2023-12-04T14:23:52.467+0000][176][trace][gc,age      ] GC(3) - age   2:    2593512 bytes,    3628712 total
[2023-12-04T14:23:52.467+0000][176][trace][gc,age      ] GC(3) - age   3:    5099064 bytes,    8727776 total
[2023-12-04T14:23:52.467+0000][176][info ][gc,heap     ] GC(3) Eden regions: 17->0(73)
[2023-12-04T14:23:52.467+0000][176][info ][gc,heap     ] GC(3) Survivor regions: 3->3(10)
[2023-12-04T14:23:52.467+0000][176][info ][gc,heap     ] GC(3) Old regions: 2->2
[2023-12-04T14:23:52.467+0000][176][info ][gc,heap     ] GC(3) Humongous regions: 0->0
[2023-12-04T14:23:52.467+0000][176][info ][gc,metaspace] GC(3) Metaspace: 20990K(21504K)->20990K(21504K) NonClass: 18744K(19008K)->18744K(19008K) Class: 2246K(2496K)->2246K(2496K)
[2023-12-04T14:23:52.467+0000][176][info ][gc          ] GC(3) Pause Young (Concurrent Start) (Metadata GC Threshold) 79M->12M(512M) 2.930ms
[2023-12-04T14:23:52.467+0000][176][info ][gc,cpu      ] GC(3) User=0.02s Sys=0.00s Real=0.01s
[2023-12-04T14:23:52.467+0000][176][info ][gc          ] GC(4) Concurrent Mark Cycle
[2023-12-04T14:23:52.467+0000][176][info ][gc,marking  ] GC(4) Concurrent Scan Root Regions
[2023-12-04T14:23:52.467+0000][176][info ][safepoint   ] Safepoint "CollectForMetadataAllocation", Time since last: 90522953 ns, Reaching safepoint: 2906 ns, Cleanup: 18543 ns, At safepoint: 3051297 ns, Total: 3072746 ns
[2023-12-04T14:23:52.470+0000][176][info ][gc,marking  ] GC(4) Concurrent Scan Root Regions 2.917ms
[2023-12-04T14:23:52.470+0000][176][info ][gc,marking  ] GC(4) Concurrent Mark
[2023-12-04T14:23:52.470+0000][176][info ][gc,marking  ] GC(4) Concurrent Mark From Roots
[2023-12-04T14:23:52.470+0000][176][info ][gc,task     ] GC(4) Using 3 workers of 3 for marking
[2023-12-04T14:23:52.471+0000][176][info ][gc,marking  ] GC(4) Concurrent Mark From Roots 1.828ms
[2023-12-04T14:23:52.471+0000][176][info ][gc,marking  ] GC(4) Concurrent Preclean
[2023-12-04T14:23:52.472+0000][176][info ][gc,marking  ] GC(4) Concurrent Preclean 0.015ms
[2023-12-04T14:23:52.472+0000][176][info ][gc,start    ] GC(4) Pause Remark
[2023-12-04T14:23:52.473+0000][176][info ][gc          ] GC(4) Pause Remark 16M->16M(512M) 1.251ms
[2023-12-04T14:23:52.473+0000][176][info ][gc,cpu      ] GC(4) User=0.01s Sys=0.01s Real=0.00s
[2023-12-04T14:23:52.473+0000][176][info ][safepoint   ] Safepoint "G1PauseRemark", Time since last: 4782039 ns, Reaching safepoint: 67334 ns, Cleanup: 2309 ns, At safepoint: 1283334 ns, Total: 1352977 ns
[2023-12-04T14:23:52.473+0000][176][info ][gc,marking  ] GC(4) Concurrent Mark 3.273ms
[2023-12-04T14:23:52.473+0000][176][info ][gc,marking  ] GC(4) Concurrent Rebuild Remembered Sets and Scrub Regions
[2023-12-04T14:23:52.474+0000][176][info ][gc,marking  ] GC(4) Concurrent Rebuild Remembered Sets and Scrub Regions 1.030ms
[2023-12-04T14:23:52.474+0000][176][info ][gc,start    ] GC(4) Pause Cleanup
[2023-12-04T14:23:52.474+0000][176][info ][gc          ] GC(4) Pause Cleanup 16M->16M(512M) 0.043ms
[2023-12-04T14:23:52.474+0000][176][info ][gc,cpu      ] GC(4) User=0.00s Sys=0.00s Real=0.00s
[2023-12-04T14:23:52.474+0000][176][info ][safepoint   ] Safepoint "G1PauseCleanup", Time since last: 1095581 ns, Reaching safepoint: 66750 ns, Cleanup: 1083 ns, At safepoint: 70266 ns, Total: 138099 ns
[2023-12-04T14:23:52.474+0000][176][info ][gc,marking  ] GC(4) Concurrent Clear Claimed Marks
[2023-12-04T14:23:52.474+0000][176][info ][gc,marking  ] GC(4) Concurrent Clear Claimed Marks 0.026ms
[2023-12-04T14:23:52.474+0000][176][info ][gc,marking  ] GC(4) Concurrent Cleanup for Next Mark
[2023-12-04T14:23:52.474+0000][176][info ][gc,marking  ] GC(4) Concurrent Cleanup for Next Mark 0.225ms
[2023-12-04T14:23:52.474+0000][176][info ][gc          ] GC(4) Concurrent Mark Cycle 7.762ms
[2023-12-04T14:23:52.827+0000][176][info ][safepoint   ] Safepoint "ICBufferFull", Time since last: 352745704 ns, Reaching safepoint: 2974 ns, Cleanup: 79896 ns, At safepoint: 2719 ns, Total: 85589 ns
[2023-12-04T14:23:53.056+0000][176][info ][gc,start    ] GC(5) Pause Young (Prepare Mixed) (G1 Evacuation Pause)
[2023-12-04T14:23:53.057+0000][176][info ][gc,task     ] GC(5) Using 10 workers of 10 for evacuation
[2023-12-04T14:23:53.057+0000][176][debug][gc,age      ] GC(5) Desired survivor size 20971520 bytes, new threshold 15 (max threshold 15)
[2023-12-04T14:23:53.061+0000][176][info ][gc,phases   ] GC(5)   Pre Evacuate Collection Set: 0.1ms
[2023-12-04T14:23:53.061+0000][176][info ][gc,phases   ] GC(5)   Merge Heap Roots: 0.0ms
[2023-12-04T14:23:53.061+0000][176][info ][gc,phases   ] GC(5)   Evacuate Collection Set: 3.7ms
[2023-12-04T14:23:53.061+0000][176][info ][gc,phases   ] GC(5)   Post Evacuate Collection Set: 0.7ms
[2023-12-04T14:23:53.061+0000][176][info ][gc,phases   ] GC(5)   Other: 0.0ms
[2023-12-04T14:23:53.061+0000][176][trace][gc,age      ] GC(5) Age table with threshold 15 (max threshold 15)
[2023-12-04T14:23:53.061+0000][176][trace][gc,age      ] GC(5) - age   1:    9533304 bytes,    9533304 total
[2023-12-04T14:23:53.061+0000][176][trace][gc,age      ] GC(5) - age   2:     877784 bytes,   10411088 total
[2023-12-04T14:23:53.061+0000][176][trace][gc,age      ] GC(5) - age   3:    2589976 bytes,   13001064 total
[2023-12-04T14:23:53.061+0000][176][trace][gc,age      ] GC(5) - age   4:    5093608 bytes,   18094672 total
[2023-12-04T14:23:53.061+0000][176][info ][gc,heap     ] GC(5) Eden regions: 73->0(71)
[2023-12-04T14:23:53.061+0000][176][info ][gc,heap     ] GC(5) Survivor regions: 3->5(10)
[2023-12-04T14:23:53.061+0000][176][info ][gc,heap     ] GC(5) Old regions: 2->2
[2023-12-04T14:23:53.061+0000][176][info ][gc,heap     ] GC(5) Humongous regions: 0->0
[2023-12-04T14:23:53.061+0000][176][info ][gc,metaspace] GC(5) Metaspace: 28271K(28928K)->28271K(28928K) NonClass: 25096K(25472K)->25096K(25472K) Class: 3175K(3456K)->3175K(3456K)
[2023-12-04T14:23:53.061+0000][176][info ][gc          ] GC(5) Pause Young (Prepare Mixed) (G1 Evacuation Pause) 304M->22M(512M) 4.849ms
[2023-12-04T14:23:53.061+0000][176][info ][gc,cpu      ] GC(5) User=0.04s Sys=0.00s Real=0.00s
[2023-12-04T14:23:53.061+0000][176][info ][safepoint   ] Safepoint "G1CollectForAllocation", Time since last: 229478157 ns, Reaching safepoint: 3018 ns, Cleanup: 45097 ns, At safepoint: 4886164 ns, Total: 4934279 ns
[2023-12-04T14:23:53.507+0000][176][info ][gc,start    ] GC(6) Pause Young (Mixed) (G1 Evacuation Pause)
[2023-12-04T14:23:53.507+0000][176][info ][gc,task     ] GC(6) Using 10 workers of 10 for evacuation
[2023-12-04T14:23:53.507+0000][176][debug][gc,age      ] GC(6) Desired survivor size 20971520 bytes, new threshold 15 (max threshold 15)
[2023-12-04T14:23:53.512+0000][176][info ][gc,phases   ] GC(6)   Pre Evacuate Collection Set: 0.1ms
[2023-12-04T14:23:53.512+0000][176][info ][gc,phases   ] GC(6)   Merge Heap Roots: 0.0ms
[2023-12-04T14:23:53.512+0000][176][info ][gc,phases   ] GC(6)   Evacuate Collection Set: 4.9ms
[2023-12-04T14:23:53.512+0000][176][info ][gc,phases   ] GC(6)   Post Evacuate Collection Set: 0.6ms
[2023-12-04T14:23:53.512+0000][176][info ][gc,phases   ] GC(6)   Other: 0.1ms
[2023-12-04T14:23:53.512+0000][176][trace][gc,age      ] GC(6) Age table with threshold 15 (max threshold 15)
[2023-12-04T14:23:53.512+0000][176][trace][gc,age      ] GC(6) - age   1:    4728824 bytes,    4728824 total
[2023-12-04T14:23:53.512+0000][176][trace][gc,age      ] GC(6) - age   2:    6429352 bytes,   11158176 total
[2023-12-04T14:23:53.512+0000][176][trace][gc,age      ] GC(6) - age   3:     877592 bytes,   12035768 total
[2023-12-04T14:23:53.512+0000][176][trace][gc,age      ] GC(6) - age   4:    2588584 bytes,   14624352 total
[2023-12-04T14:23:53.512+0000][176][trace][gc,age      ] GC(6) - age   5:    5093480 bytes,   19717832 total
[2023-12-04T14:23:53.512+0000][176][info ][gc,heap     ] GC(6) Eden regions: 71->0(70)
[2023-12-04T14:23:53.512+0000][176][info ][gc,heap     ] GC(6) Survivor regions: 5->6(10)
[2023-12-04T14:23:53.512+0000][176][info ][gc,heap     ] GC(6) Old regions: 2->1
[2023-12-04T14:23:53.512+0000][176][info ][gc,heap     ] GC(6) Humongous regions: 0->0
[2023-12-04T14:23:53.512+0000][176][info ][gc,metaspace] GC(6) Metaspace: 33263K(33984K)->33263K(33984K) NonClass: 29564K(29952K)->29564K(29952K) Class: 3698K(4032K)->3698K(4032K)
[2023-12-04T14:23:53.512+0000][176][info ][gc          ] GC(6) Pause Young (Mixed) (G1 Evacuation Pause) 306M->24M(512M) 5.774ms
[2023-12-04T14:23:53.512+0000][176][info ][gc,cpu      ] GC(6) User=0.05s Sys=0.00s Real=0.00s
[2023-12-04T14:23:53.513+0000][176][info ][safepoint   ] Safepoint "G1CollectForAllocation", Time since last: 445237369 ns, Reaching safepoint: 2675 ns, Cleanup: 98668 ns, At safepoint: 5808726 ns, Total: 5910069 ns
[2023-12-04T14:23:53.881+0000][176][info ][gc,start    ] GC(7) Pause Young (Concurrent Start) (Metadata GC Threshold)
[2023-12-04T14:23:53.881+0000][176][info ][gc,task     ] GC(7) Using 10 workers of 10 for evacuation
[2023-12-04T14:23:53.881+0000][176][debug][gc,age      ] GC(7) Desired survivor size 20971520 bytes, new threshold 15 (max threshold 15)
[2023-12-04T14:23:53.887+0000][176][info ][gc,phases   ] GC(7)   Pre Evacuate Collection Set: 0.1ms
[2023-12-04T14:23:53.887+0000][176][info ][gc,phases   ] GC(7)   Merge Heap Roots: 0.0ms
[2023-12-04T14:23:53.887+0000][176][info ][gc,phases   ] GC(7)   Evacuate Collection Set: 5.0ms
[2023-12-04T14:23:53.887+0000][176][info ][gc,phases   ] GC(7)   Post Evacuate Collection Set: 0.6ms
[2023-12-04T14:23:53.887+0000][176][info ][gc,phases   ] GC(7)   Other: 0.1ms
[2023-12-04T14:23:53.887+0000][176][trace][gc,age      ] GC(7) Age table with threshold 15 (max threshold 15)
[2023-12-04T14:23:53.887+0000][176][trace][gc,age      ] GC(7) - age   1:    5485008 bytes,    5485008 total
[2023-12-04T14:23:53.887+0000][176][trace][gc,age      ] GC(7) - age   2:    4707680 bytes,   10192688 total
[2023-12-04T14:23:53.887+0000][176][trace][gc,age      ] GC(7) - age   3:    6427328 bytes,   16620016 total
[2023-12-04T14:23:53.887+0000][176][trace][gc,age      ] GC(7) - age   4:     877592 bytes,   17497608 total
[2023-12-04T14:23:53.887+0000][176][trace][gc,age      ] GC(7) - age   5:    2587640 bytes,   20085248 total
[2023-12-04T14:23:53.887+0000][176][trace][gc,age      ] GC(7) - age   6:    5087784 bytes,   25173032 total
[2023-12-04T14:23:53.887+0000][176][info ][gc,heap     ] GC(7) Eden regions: 60->0(69)
[2023-12-04T14:23:53.887+0000][176][info ][gc,heap     ] GC(7) Survivor regions: 6->7(10)
[2023-12-04T14:23:53.887+0000][176][info ][gc,heap     ] GC(7) Old regions: 1->1
[2023-12-04T14:23:53.887+0000][176][info ][gc,heap     ] GC(7) Humongous regions: 0->0
[2023-12-04T14:23:53.887+0000][176][info ][gc,metaspace] GC(7) Metaspace: 35414K(36160K)->35414K(36160K) NonClass: 31409K(31808K)->31409K(31808K) Class: 4005K(4352K)->4005K(4352K)
[2023-12-04T14:23:53.887+0000][176][info ][gc          ] GC(7) Pause Young (Concurrent Start) (Metadata GC Threshold) 262M->30M(512M) 6.098ms
[2023-12-04T14:23:53.887+0000][176][info ][gc,cpu      ] GC(7) User=0.06s Sys=0.00s Real=0.01s
[2023-12-04T14:23:53.887+0000][176][info ][gc          ] GC(8) Concurrent Mark Cycle
[2023-12-04T14:23:53.887+0000][176][info ][gc,marking  ] GC(8) Concurrent Scan Root Regions
[2023-12-04T14:23:53.887+0000][176][info ][safepoint   ] Safepoint "CollectForMetadataAllocation", Time since last: 368248344 ns, Reaching safepoint: 2021 ns, Cleanup: 57724 ns, At safepoint: 6190089 ns, Total: 6249834 ns
[2023-12-04T14:23:53.891+0000][176][info ][gc,marking  ] GC(8) Concurrent Scan Root Regions 3.884ms
[2023-12-04T14:23:53.891+0000][176][info ][gc,marking  ] GC(8) Concurrent Mark
[2023-12-04T14:23:53.891+0000][176][info ][gc,marking  ] GC(8) Concurrent Mark From Roots
[2023-12-04T14:23:53.891+0000][176][info ][gc,task     ] GC(8) Using 3 workers of 3 for marking
[2023-12-04T14:23:53.894+0000][176][info ][gc,marking  ] GC(8) Concurrent Mark From Roots 2.758ms
[2023-12-04T14:23:53.894+0000][176][info ][gc,marking  ] GC(8) Concurrent Preclean
[2023-12-04T14:23:53.894+0000][176][info ][gc,marking  ] GC(8) Concurrent Preclean 0.014ms
[2023-12-04T14:23:53.894+0000][176][info ][gc,start    ] GC(8) Pause Remark
[2023-12-04T14:23:53.896+0000][176][info ][gc          ] GC(8) Pause Remark 32M->32M(512M) 2.244ms
[2023-12-04T14:23:53.896+0000][176][info ][gc,cpu      ] GC(8) User=0.01s Sys=0.00s Real=0.01s
[2023-12-04T14:23:53.896+0000][176][info ][safepoint   ] Safepoint "G1PauseRemark", Time since last: 6688927 ns, Reaching safepoint: 68508 ns, Cleanup: 5815 ns, At safepoint: 2289088 ns, Total: 2363411 ns
[2023-12-04T14:23:53.896+0000][176][info ][gc,marking  ] GC(8) Concurrent Mark 5.201ms
[2023-12-04T14:23:53.896+0000][176][info ][gc,marking  ] GC(8) Concurrent Rebuild Remembered Sets and Scrub Regions
[2023-12-04T14:23:53.897+0000][176][info ][gc,marking  ] GC(8) Concurrent Rebuild Remembered Sets and Scrub Regions 1.025ms
[2023-12-04T14:23:53.897+0000][176][info ][gc,start    ] GC(8) Pause Cleanup
[2023-12-04T14:23:53.897+0000][176][info ][gc          ] GC(8) Pause Cleanup 32M->32M(512M) 0.047ms
[2023-12-04T14:23:53.897+0000][176][info ][gc,cpu      ] GC(8) User=0.00s Sys=0.00s Real=0.00s
[2023-12-04T14:23:53.897+0000][176][info ][safepoint   ] Safepoint "G1PauseCleanup", Time since last: 1078151 ns, Reaching safepoint: 66977 ns, Cleanup: 3820 ns, At safepoint: 67781 ns, Total: 138578 ns
[2023-12-04T14:23:53.897+0000][176][info ][gc,marking  ] GC(8) Concurrent Clear Claimed Marks
[2023-12-04T14:23:53.897+0000][176][info ][gc,marking  ] GC(8) Concurrent Clear Claimed Marks 0.031ms
[2023-12-04T14:23:53.897+0000][176][info ][gc,marking  ] GC(8) Concurrent Cleanup for Next Mark
[2023-12-04T14:23:53.898+0000][176][info ][gc,marking  ] GC(8) Concurrent Cleanup for Next Mark 0.178ms
[2023-12-04T14:23:53.898+0000][176][info ][gc          ] GC(8) Concurrent Mark Cycle 10.585ms
[2023-12-04T14:23:54.162+0000][176][info ][gc,start    ] GC(9) Pause Young (Normal) (G1 Evacuation Pause)
[2023-12-04T14:23:54.162+0000][176][info ][gc,task     ] GC(9) Using 10 workers of 10 for evacuation
[2023-12-04T14:23:54.162+0000][176][debug][gc,age      ] GC(9) Desired survivor size 20971520 bytes, new threshold 6 (max threshold 15)
[2023-12-04T14:23:54.168+0000][176][info ][gc,phases   ] GC(9)   Pre Evacuate Collection Set: 0.1ms
[2023-12-04T14:23:54.168+0000][176][info ][gc,phases   ] GC(9)   Merge Heap Roots: 0.0ms
[2023-12-04T14:23:54.168+0000][176][info ][gc,phases   ] GC(9)   Evacuate Collection Set: 5.2ms
[2023-12-04T14:23:54.168+0000][176][info ][gc,phases   ] GC(9)   Post Evacuate Collection Set: 0.4ms
[2023-12-04T14:23:54.168+0000][176][info ][gc,phases   ] GC(9)   Other: 0.0ms
[2023-12-04T14:23:54.168+0000][176][trace][gc,age      ] GC(9) Age table with threshold 6 (max threshold 15)
[2023-12-04T14:23:54.168+0000][176][trace][gc,age      ] GC(9) - age   1:    3378704 bytes,    3378704 total
[2023-12-04T14:23:54.168+0000][176][trace][gc,age      ] GC(9) - age   2:    5462672 bytes,    8841376 total
[2023-12-04T14:23:54.168+0000][176][trace][gc,age      ] GC(9) - age   3:    4707464 bytes,   13548840 total
[2023-12-04T14:23:54.168+0000][176][trace][gc,age      ] GC(9) - age   4:    6424608 bytes,   19973448 total
[2023-12-04T14:23:54.168+0000][176][trace][gc,age      ] GC(9) - age   5:     877592 bytes,   20851040 total
[2023-12-04T14:23:54.168+0000][176][trace][gc,age      ] GC(9) - age   6:    2587608 bytes,   23438648 total
[2023-12-04T14:23:54.168+0000][176][info ][gc,heap     ] GC(9) Eden regions: 69->0(69)
[2023-12-04T14:23:54.168+0000][176][info ][gc,heap     ] GC(9) Survivor regions: 7->7(10)
[2023-12-04T14:23:54.168+0000][176][info ][gc,heap     ] GC(9) Old regions: 1->3
[2023-12-04T14:23:54.168+0000][176][info ][gc,heap     ] GC(9) Humongous regions: 0->0
[2023-12-04T14:23:54.168+0000][176][info ][gc,metaspace] GC(9) Metaspace: 36395K(37248K)->36395K(37248K) NonClass: 32262K(32768K)->32262K(32768K) Class: 4132K(4480K)->4132K(4480K)
[2023-12-04T14:23:54.168+0000][176][info ][gc          ] GC(9) Pause Young (Normal) (G1 Evacuation Pause) 306M->32M(512M) 6.061ms
[2023-12-04T14:23:54.168+0000][176][info ][gc,cpu      ] GC(9) User=0.06s Sys=0.01s Real=0.01s
[2023-12-04T14:23:54.168+0000][176][info ][safepoint   ] Safepoint "G1CollectForAllocation", Time since last: 264733980 ns, Reaching safepoint: 2751 ns, Cleanup: 42893 ns, At safepoint: 6100597 ns, Total: 6146241 ns
[2023-12-04T14:23:54.536+0000][176][info ][safepoint   ] Safepoint "ICBufferFull", Time since last: 367877118 ns, Reaching safepoint: 2827 ns, Cleanup: 74096 ns, At safepoint: 2534 ns, Total: 79457 ns
[2023-12-04T14:23:54.883+0000][176][info ][safepoint   ] Safepoint "ICBufferFull", Time since last: 347182533 ns, Reaching safepoint: 2744 ns, Cleanup: 70758 ns, At safepoint: 2896 ns, Total: 76398 ns
[2023-12-04T14:23:55.079+0000][176][info ][gc,start    ] GC(10) Pause Young (Normal) (G1 Evacuation Pause)
[2023-12-04T14:23:55.079+0000][176][info ][gc,task     ] GC(10) Using 10 workers of 10 for evacuation
[2023-12-04T14:23:55.079+0000][176][debug][gc,age      ] GC(10) Desired survivor size 20971520 bytes, new threshold 6 (max threshold 15)
[2023-12-04T14:23:55.086+0000][176][info ][gc,phases   ] GC(10)   Pre Evacuate Collection Set: 0.1ms
[2023-12-04T14:23:55.086+0000][176][info ][gc,phases   ] GC(10)   Merge Heap Roots: 0.0ms
[2023-12-04T14:23:55.086+0000][176][info ][gc,phases   ] GC(10)   Evacuate Collection Set: 6.4ms
[2023-12-04T14:23:55.086+0000][176][info ][gc,phases   ] GC(10)   Post Evacuate Collection Set: 0.6ms
[2023-12-04T14:23:55.086+0000][176][info ][gc,phases   ] GC(10)   Other: 0.0ms
[2023-12-04T14:23:55.086+0000][176][trace][gc,age      ] GC(10) Age table with threshold 6 (max threshold 15)
[2023-12-04T14:23:55.086+0000][176][trace][gc,age      ] GC(10) - age   1:   11247472 bytes,   11247472 total
[2023-12-04T14:23:55.086+0000][176][trace][gc,age      ] GC(10) - age   2:    1351800 bytes,   12599272 total
[2023-12-04T14:23:55.086+0000][176][trace][gc,age      ] GC(10) - age   3:    5437344 bytes,   18036616 total
[2023-12-04T14:23:55.086+0000][176][trace][gc,age      ] GC(10) - age   4:    4682704 bytes,   22719320 total
[2023-12-04T14:23:55.086+0000][176][trace][gc,age      ] GC(10) - age   5:    6385032 bytes,   29104352 total
[2023-12-04T14:23:55.086+0000][176][trace][gc,age      ] GC(10) - age   6:     872664 bytes,   29977016 total
[2023-12-04T14:23:55.086+0000][176][info ][gc,heap     ] GC(10) Eden regions: 69->0(68)
[2023-12-04T14:23:55.086+0000][176][info ][gc,heap     ] GC(10) Survivor regions: 7->8(10)
[2023-12-04T14:23:55.086+0000][176][info ][gc,heap     ] GC(10) Old regions: 3->3
[2023-12-04T14:23:55.086+0000][176][info ][gc,heap     ] GC(10) Humongous regions: 0->0
[2023-12-04T14:23:55.086+0000][176][info ][gc,metaspace] GC(10) Metaspace: 46937K(48384K)->46937K(48384K) NonClass: 41374K(42240K)->41374K(42240K) Class: 5562K(6144K)->5562K(6144K)
[2023-12-04T14:23:55.086+0000][176][info ][gc          ] GC(10) Pause Young (Normal) (G1 Evacuation Pause) 308M->42M(512M) 7.506ms
[2023-12-04T14:23:55.086+0000][176][info ][gc,cpu      ] GC(10) User=0.06s Sys=0.01s Real=0.01s
[2023-12-04T14:23:55.086+0000][176][info ][safepoint   ] Safepoint "G1CollectForAllocation", Time since last: 195249510 ns, Reaching safepoint: 68684 ns, Cleanup: 44204 ns, At safepoint: 7552367 ns, Total: 7665255 ns
[2023-12-04T14:23:56.014+0000][176][info ][safepoint   ] Safepoint "ICBufferFull", Time since last: 927700265 ns, Reaching safepoint: 2826 ns, Cleanup: 67610 ns, At safepoint: 1801 ns, Total: 72237 ns
[2023-12-04T14:23:56.097+0000][176][info ][gc,start    ] GC(11) Pause Young (Normal) (G1 Evacuation Pause)
[2023-12-04T14:23:56.097+0000][176][info ][gc,task     ] GC(11) Using 10 workers of 10 for evacuation
[2023-12-04T14:23:56.097+0000][176][debug][gc,age      ] GC(11) Desired survivor size 20971520 bytes, new threshold 4 (max threshold 15)
[2023-12-04T14:23:56.107+0000][176][info ][gc,phases   ] GC(11)   Pre Evacuate Collection Set: 0.1ms
[2023-12-04T14:23:56.107+0000][176][info ][gc,phases   ] GC(11)   Merge Heap Roots: 0.0ms
[2023-12-04T14:23:56.107+0000][176][info ][gc,phases   ] GC(11)   Evacuate Collection Set: 8.6ms
[2023-12-04T14:23:56.107+0000][176][info ][gc,phases   ] GC(11)   Post Evacuate Collection Set: 0.9ms
[2023-12-04T14:23:56.107+0000][176][info ][gc,phases   ] GC(11)   Other: 0.0ms
[2023-12-04T14:23:56.107+0000][176][trace][gc,age      ] GC(11) Age table with threshold 4 (max threshold 15)
[2023-12-04T14:23:56.107+0000][176][trace][gc,age      ] GC(11) - age   1:   14432184 bytes,   14432184 total
[2023-12-04T14:23:56.107+0000][176][trace][gc,age      ] GC(11) - age   2:   10682176 bytes,   25114360 total
[2023-12-04T14:23:56.107+0000][176][trace][gc,age      ] GC(11) - age   3:    1351256 bytes,   26465616 total
[2023-12-04T14:23:56.107+0000][176][trace][gc,age      ] GC(11) - age   4:    5430872 bytes,   31896488 total
[2023-12-04T14:23:56.107+0000][176][info ][gc,heap     ] GC(11) Eden regions: 68->0(67)
[2023-12-04T14:23:56.107+0000][176][info ][gc,heap     ] GC(11) Survivor regions: 8->9(10)
[2023-12-04T14:23:56.107+0000][176][info ][gc,heap     ] GC(11) Old regions: 3->6
[2023-12-04T14:23:56.107+0000][176][info ][gc,heap     ] GC(11) Humongous regions: 0->0
[2023-12-04T14:23:56.107+0000][176][info ][gc,metaspace] GC(11) Metaspace: 53278K(54656K)->53278K(54656K) NonClass: 46810K(47616K)->46810K(47616K) Class: 6467K(7040K)->6467K(7040K)
[2023-12-04T14:23:56.107+0000][176][info ][gc          ] GC(11) Pause Young (Normal) (G1 Evacuation Pause) 314M->56M(512M) 9.868ms
[2023-12-04T14:23:56.107+0000][176][info ][gc,cpu      ] GC(11) User=0.09s Sys=0.00s Real=0.01s
[2023-12-04T14:23:56.107+0000][176][info ][safepoint   ] Safepoint "G1CollectForAllocation", Time since last: 82823940 ns, Reaching safepoint: 3856 ns, Cleanup: 40700 ns, At safepoint: 9908435 ns, Total: 9952991 ns
[2023-12-04T14:23:56.430+0000][176][info ][gc,start    ] GC(12) Pause Young (Concurrent Start) (Metadata GC Threshold)
[2023-12-04T14:23:56.430+0000][176][info ][gc,task     ] GC(12) Using 10 workers of 10 for evacuation
[2023-12-04T14:23:56.430+0000][176][debug][gc,age      ] GC(12) Desired survivor size 20971520 bytes, new threshold 2 (max threshold 15)
[2023-12-04T14:23:56.438+0000][176][info ][gc,phases   ] GC(12)   Pre Evacuate Collection Set: 0.1ms
[2023-12-04T14:23:56.438+0000][176][info ][gc,phases   ] GC(12)   Merge Heap Roots: 0.0ms
[2023-12-04T14:23:56.438+0000][176][info ][gc,phases   ] GC(12)   Evacuate Collection Set: 7.0ms
[2023-12-04T14:23:56.438+0000][176][info ][gc,phases   ] GC(12)   Post Evacuate Collection Set: 0.5ms
[2023-12-04T14:23:56.438+0000][176][info ][gc,phases   ] GC(12)   Other: 0.1ms
[2023-12-04T14:23:56.438+0000][176][trace][gc,age      ] GC(12) Age table with threshold 2 (max threshold 15)
[2023-12-04T14:23:56.438+0000][176][trace][gc,age      ] GC(12) - age   1:    2904088 bytes,    2904088 total
[2023-12-04T14:23:56.438+0000][176][trace][gc,age      ] GC(12) - age   2:   14298920 bytes,   17203008 total
[2023-12-04T14:23:56.438+0000][176][info ][gc,heap     ] GC(12) Eden regions: 24->0(71)
[2023-12-04T14:23:56.438+0000][176][info ][gc,heap     ] GC(12) Survivor regions: 9->5(10)
[2023-12-04T14:23:56.438+0000][176][info ][gc,heap     ] GC(12) Old regions: 6->11
[2023-12-04T14:23:56.438+0000][176][info ][gc,heap     ] GC(12) Humongous regions: 0->0
[2023-12-04T14:23:56.438+0000][176][info ][gc,metaspace] GC(12) Metaspace: 59175K(60608K)->59175K(60608K) NonClass: 51947K(52800K)->51947K(52800K) Class: 7228K(7808K)->7228K(7808K)
[2023-12-04T14:23:56.438+0000][176][info ][gc          ] GC(12) Pause Young (Concurrent Start) (Metadata GC Threshold) 150M->60M(512M) 7.881ms
[2023-12-04T14:23:56.438+0000][176][info ][gc,cpu      ] GC(12) User=0.07s Sys=0.00s Real=0.01s
[2023-12-04T14:23:56.438+0000][176][info ][gc          ] GC(13) Concurrent Mark Cycle
[2023-12-04T14:23:56.438+0000][176][info ][gc,marking  ] GC(13) Concurrent Scan Root Regions
[2023-12-04T14:23:56.438+0000][176][info ][safepoint   ] Safepoint "CollectForMetadataAllocation", Time since last: 322873311 ns, Reaching safepoint: 2265 ns, Cleanup: 63468 ns, At safepoint: 7973694 ns, Total: 8039427 ns
[2023-12-04T14:23:56.447+0000][176][info ][gc,marking  ] GC(13) Concurrent Scan Root Regions 9.503ms
[2023-12-04T14:23:56.447+0000][176][info ][gc,marking  ] GC(13) Concurrent Mark
[2023-12-04T14:23:56.447+0000][176][info ][gc,marking  ] GC(13) Concurrent Mark From Roots
[2023-12-04T14:23:56.447+0000][176][info ][gc,task     ] GC(13) Using 3 workers of 3 for marking
[2023-12-04T14:23:56.458+0000][176][info ][safepoint   ] Safepoint "CollectForMetadataAllocation", Time since last: 19352492 ns, Reaching safepoint: 1264128 ns, Cleanup: 9760 ns, At safepoint: 55511 ns, Total: 1329399 ns
[2023-12-04T14:23:56.460+0000][176][info ][gc,marking  ] GC(13) Concurrent Mark From Roots 12.372ms
[2023-12-04T14:23:56.460+0000][176][info ][gc,marking  ] GC(13) Concurrent Preclean
[2023-12-04T14:23:56.460+0000][176][info ][gc,marking  ] GC(13) Concurrent Preclean 0.060ms
[2023-12-04T14:23:56.460+0000][176][info ][gc,start    ] GC(13) Pause Remark
[2023-12-04T14:23:56.465+0000][176][info ][gc          ] GC(13) Pause Remark 64M->64M(512M) 5.207ms
[2023-12-04T14:23:56.465+0000][176][info ][gc,cpu      ] GC(13) User=0.03s Sys=0.00s Real=0.00s
[2023-12-04T14:23:56.465+0000][176][info ][safepoint   ] Safepoint "G1PauseRemark", Time since last: 1375849 ns, Reaching safepoint: 66888 ns, Cleanup: 1074 ns, At safepoint: 5255925 ns, Total: 5323887 ns
[2023-12-04T14:23:56.465+0000][176][info ][gc,marking  ] GC(13) Concurrent Mark 17.910ms
[2023-12-04T14:23:56.465+0000][176][info ][gc,marking  ] GC(13) Concurrent Rebuild Remembered Sets and Scrub Regions
[2023-12-04T14:23:56.470+0000][176][info ][gc,marking  ] GC(13) Concurrent Rebuild Remembered Sets and Scrub Regions 5.280ms
[2023-12-04T14:23:56.471+0000][176][info ][gc,start    ] GC(13) Pause Cleanup
[2023-12-04T14:23:56.471+0000][176][info ][gc          ] GC(13) Pause Cleanup 64M->64M(512M) 0.056ms
[2023-12-04T14:23:56.471+0000][176][info ][gc,cpu      ] GC(13) User=0.00s Sys=0.00s Real=0.00s
[2023-12-04T14:23:56.471+0000][176][info ][safepoint   ] Safepoint "G1PauseCleanup", Time since last: 5459723 ns, Reaching safepoint: 67626 ns, Cleanup: 8506 ns, At safepoint: 84577 ns, Total: 160709 ns
[2023-12-04T14:23:56.471+0000][176][info ][gc,marking  ] GC(13) Concurrent Clear Claimed Marks
[2023-12-04T14:23:56.471+0000][176][info ][gc,marking  ] GC(13) Concurrent Clear Claimed Marks 0.091ms
[2023-12-04T14:23:56.471+0000][176][info ][gc,marking  ] GC(13) Concurrent Cleanup for Next Mark
[2023-12-04T14:23:56.471+0000][176][info ][gc,marking  ] GC(13) Concurrent Cleanup for Next Mark 0.198ms
[2023-12-04T14:23:56.471+0000][176][info ][gc          ] GC(13) Concurrent Mark Cycle 33.406ms
[2023-12-04T14:23:57.445+0000][176][info ][gc,start    ] GC(14) Pause Young (Normal) (G1 Evacuation Pause)
[2023-12-04T14:23:57.445+0000][176][info ][gc,task     ] GC(14) Using 10 workers of 10 for evacuation
[2023-12-04T14:23:57.445+0000][176][debug][gc,age      ] GC(14) Desired survivor size 20971520 bytes, new threshold 15 (max threshold 15)
[2023-12-04T14:23:57.451+0000][176][info ][gc,phases   ] GC(14)   Pre Evacuate Collection Set: 0.1ms
[2023-12-04T14:23:57.451+0000][176][info ][gc,phases   ] GC(14)   Merge Heap Roots: 0.0ms
[2023-12-04T14:23:57.451+0000][176][info ][gc,phases   ] GC(14)   Evacuate Collection Set: 4.5ms
[2023-12-04T14:23:57.451+0000][176][info ][gc,phases   ] GC(14)   Post Evacuate Collection Set: 0.7ms
[2023-12-04T14:23:57.451+0000][176][info ][gc,phases   ] GC(14)   Other: 0.1ms
[2023-12-04T14:23:57.451+0000][176][trace][gc,age      ] GC(14) Age table with threshold 15 (max threshold 15)
[2023-12-04T14:23:57.451+0000][176][trace][gc,age      ] GC(14) - age   1:    3007200 bytes,    3007200 total
[2023-12-04T14:23:57.451+0000][176][trace][gc,age      ] GC(14) - age   2:    2831536 bytes,    5838736 total
[2023-12-04T14:23:57.451+0000][176][trace][gc,age      ] GC(14) - age   3:   14280504 bytes,   20119240 total
[2023-12-04T14:23:57.451+0000][176][info ][gc,heap     ] GC(14) Eden regions: 71->0(70)
[2023-12-04T14:23:57.451+0000][176][info ][gc,heap     ] GC(14) Survivor regions: 5->6(10)
[2023-12-04T14:23:57.451+0000][176][info ][gc,heap     ] GC(14) Old regions: 11->11
[2023-12-04T14:23:57.451+0000][176][info ][gc,heap     ] GC(14) Humongous regions: 0->0
[2023-12-04T14:23:57.451+0000][176][info ][gc,metaspace] GC(14) Metaspace: 69872K(71488K)->69872K(71488K) NonClass: 60916K(61888K)->60916K(61888K) Class: 8956K(9600K)->8956K(9600K)
[2023-12-04T14:23:57.451+0000][176][info ][gc          ] GC(14) Pause Young (Normal) (G1 Evacuation Pause) 344M->62M(512M) 5.558ms
[2023-12-04T14:23:57.451+0000][176][info ][gc,cpu      ] GC(14) User=0.05s Sys=0.00s Real=0.01s
[2023-12-04T14:23:57.451+0000][176][info ][safepoint   ] Safepoint "G1CollectForAllocation", Time since last: 974399743 ns, Reaching safepoint: 19964 ns, Cleanup: 79310 ns, At safepoint: 5598930 ns, Total: 5698204 ns
[2023-12-04T14:23:58.656+0000][176][info ][safepoint   ] Safepoint "ICBufferFull", Time since last: 1204660071 ns, Reaching safepoint: 6315 ns, Cleanup: 124391 ns, At safepoint: 2388 ns, Total: 133094 ns
[2023-12-04T14:23:59.056+0000][176][info ][gc,start    ] GC(15) Pause Young (Normal) (G1 Evacuation Pause)
[2023-12-04T14:23:59.056+0000][176][info ][gc,task     ] GC(15) Using 10 workers of 10 for evacuation
[2023-12-04T14:23:59.056+0000][176][debug][gc,age      ] GC(15) Desired survivor size 20971520 bytes, new threshold 15 (max threshold 15)
[2023-12-04T14:23:59.063+0000][176][info ][gc,phases   ] GC(15)   Pre Evacuate Collection Set: 0.1ms
[2023-12-04T14:23:59.063+0000][176][info ][gc,phases   ] GC(15)   Merge Heap Roots: 0.0ms
[2023-12-04T14:23:59.063+0000][176][info ][gc,phases   ] GC(15)   Evacuate Collection Set: 6.1ms
[2023-12-04T14:23:59.063+0000][176][info ][gc,phases   ] GC(15)   Post Evacuate Collection Set: 0.7ms
[2023-12-04T14:23:59.063+0000][176][info ][gc,phases   ] GC(15)   Other: 0.0ms
[2023-12-04T14:23:59.063+0000][176][trace][gc,age      ] GC(15) Age table with threshold 15 (max threshold 15)
[2023-12-04T14:23:59.063+0000][176][trace][gc,age      ] GC(15) - age   1:    7147408 bytes,    7147408 total
[2023-12-04T14:23:59.063+0000][176][trace][gc,age      ] GC(15) - age   2:    2763720 bytes,    9911128 total
[2023-12-04T14:23:59.063+0000][176][trace][gc,age      ] GC(15) - age   3:    2820328 bytes,   12731456 total
[2023-12-04T14:23:59.063+0000][176][trace][gc,age      ] GC(15) - age   4:   14268200 bytes,   26999656 total
[2023-12-04T14:23:59.063+0000][176][info ][gc,heap     ] GC(15) Eden regions: 70->0(69)
[2023-12-04T14:23:59.063+0000][176][info ][gc,heap     ] GC(15) Survivor regions: 6->7(10)
[2023-12-04T14:23:59.063+0000][176][info ][gc,heap     ] GC(15) Old regions: 11->11
[2023-12-04T14:23:59.063+0000][176][info ][gc,heap     ] GC(15) Humongous regions: 0->0
[2023-12-04T14:23:59.063+0000][176][info ][gc,metaspace] GC(15) Metaspace: 83858K(85568K)->83858K(85568K) NonClass: 73055K(74048K)->73055K(74048K) Class: 10802K(11520K)->10802K(11520K)
[2023-12-04T14:23:59.063+0000][176][info ][gc          ] GC(15) Pause Young (Normal) (G1 Evacuation Pause) 342M->69M(512M) 7.181ms
[2023-12-04T14:23:59.063+0000][176][info ][gc,cpu      ] GC(15) User=0.07s Sys=0.00s Real=0.00s
[2023-12-04T14:23:59.063+0000][176][info ][safepoint   ] Safepoint "G1CollectForAllocation", Time since last: 400206384 ns, Reaching safepoint: 3059 ns, Cleanup: 48355 ns, At safepoint: 7224679 ns, Total: 7276093 ns
[2023-12-04T14:23:59.758+0000][176][info ][gc,start    ] GC(16) Pause Young (Concurrent Start) (Metadata GC Threshold)
[2023-12-04T14:23:59.758+0000][176][info ][gc,task     ] GC(16) Using 10 workers of 10 for evacuation
[2023-12-04T14:23:59.758+0000][176][debug][gc,age      ] GC(16) Desired survivor size 20971520 bytes, new threshold 4 (max threshold 15)
[2023-12-04T14:23:59.766+0000][176][info ][gc,phases   ] GC(16)   Pre Evacuate Collection Set: 0.1ms
[2023-12-04T14:23:59.767+0000][176][info ][gc,phases   ] GC(16)   Merge Heap Roots: 0.0ms
[2023-12-04T14:23:59.767+0000][176][info ][gc,phases   ] GC(16)   Evacuate Collection Set: 7.7ms
[2023-12-04T14:23:59.767+0000][176][info ][gc,phases   ] GC(16)   Post Evacuate Collection Set: 0.8ms
[2023-12-04T14:23:59.767+0000][176][info ][gc,phases   ] GC(16)   Other: 0.1ms
[2023-12-04T14:23:59.767+0000][176][trace][gc,age      ] GC(16) Age table with threshold 4 (max threshold 15)
[2023-12-04T14:23:59.767+0000][176][trace][gc,age      ] GC(16) - age   1:    4691464 bytes,    4691464 total
[2023-12-04T14:23:59.767+0000][176][trace][gc,age      ] GC(16) - age   2:    6972232 bytes,   11663696 total
[2023-12-04T14:23:59.767+0000][176][trace][gc,age      ] GC(16) - age   3:    2756536 bytes,   14420232 total
[2023-12-04T14:23:59.767+0000][176][trace][gc,age      ] GC(16) - age   4:    2817880 bytes,   17238112 total
[2023-12-04T14:23:59.767+0000][176][info ][gc,heap     ] GC(16) Eden regions: 26->0(71)
[2023-12-04T14:23:59.767+0000][176][info ][gc,heap     ] GC(16) Survivor regions: 7->5(10)
[2023-12-04T14:23:59.767+0000][176][info ][gc,heap     ] GC(16) Old regions: 11->14
[2023-12-04T14:23:59.767+0000][176][info ][gc,heap     ] GC(16) Humongous regions: 0->0
[2023-12-04T14:23:59.767+0000][176][info ][gc,metaspace] GC(16) Metaspace: 99921K(101696K)->99921K(101696K) NonClass: 86798K(87872K)->86798K(87872K) Class: 13122K(13824K)->13122K(13824K)
[2023-12-04T14:23:59.767+0000][176][info ][gc          ] GC(16) Pause Young (Concurrent Start) (Metadata GC Threshold) 173M->74M(512M) 8.862ms
[2023-12-04T14:23:59.767+0000][176][info ][gc          ] GC(17) Concurrent Mark Cycle
[2023-12-04T14:23:59.767+0000][176][info ][gc,cpu      ] GC(16) User=0.08s Sys=0.00s Real=0.01s
[2023-12-04T14:23:59.767+0000][176][info ][gc,marking  ] GC(17) Concurrent Scan Root Regions
[2023-12-04T14:23:59.767+0000][176][info ][safepoint   ] Safepoint "CollectForMetadataAllocation", Time since last: 694546816 ns, Reaching safepoint: 3019 ns, Cleanup: 57227 ns, At safepoint: 8983585 ns, Total: 9043831 ns
[2023-12-04T14:23:59.776+0000][176][info ][gc,marking  ] GC(17) Concurrent Scan Root Regions 9.175ms
[2023-12-04T14:23:59.776+0000][176][info ][gc,marking  ] GC(17) Concurrent Mark
[2023-12-04T14:23:59.776+0000][176][info ][gc,marking  ] GC(17) Concurrent Mark From Roots
[2023-12-04T14:23:59.776+0000][176][info ][gc,task     ] GC(17) Using 3 workers of 3 for marking
[2023-12-04T14:23:59.782+0000][176][info ][safepoint   ] Safepoint "CollectForMetadataAllocation", Time since last: 15190526 ns, Reaching safepoint: 34890 ns, Cleanup: 7749 ns, At safepoint: 54412 ns, Total: 97051 ns
[2023-12-04T14:23:59.792+0000][176][info ][gc,marking  ] GC(17) Concurrent Mark From Roots 16.500ms
[2023-12-04T14:23:59.792+0000][176][info ][gc,marking  ] GC(17) Concurrent Preclean
[2023-12-04T14:23:59.793+0000][176][info ][gc,marking  ] GC(17) Concurrent Preclean 0.245ms
[2023-12-04T14:23:59.793+0000][176][info ][gc,start    ] GC(17) Pause Remark
[2023-12-04T14:23:59.797+0000][176][info ][gc          ] GC(17) Pause Remark 78M->78M(512M) 4.154ms
[2023-12-04T14:23:59.797+0000][176][info ][gc,cpu      ] GC(17) User=0.01s Sys=0.00s Real=0.01s
[2023-12-04T14:23:59.797+0000][176][info ][safepoint   ] Safepoint "G1PauseRemark", Time since last: 10647976 ns, Reaching safepoint: 3962 ns, Cleanup: 11524 ns, At safepoint: 4205665 ns, Total: 4221151 ns
[2023-12-04T14:23:59.797+0000][176][info ][gc,marking  ] GC(17) Concurrent Mark 21.099ms
[2023-12-04T14:23:59.797+0000][176][info ][gc,marking  ] GC(17) Concurrent Rebuild Remembered Sets and Scrub Regions
[2023-12-04T14:23:59.810+0000][176][info ][gc,marking  ] GC(17) Concurrent Rebuild Remembered Sets and Scrub Regions 13.058ms
[2023-12-04T14:23:59.810+0000][176][info ][gc,start    ] GC(17) Pause Cleanup
[2023-12-04T14:23:59.810+0000][176][info ][gc          ] GC(17) Pause Cleanup 80M->80M(512M) 0.100ms
[2023-12-04T14:23:59.810+0000][176][info ][gc,cpu      ] GC(17) User=0.00s Sys=0.00s Real=0.00s
[2023-12-04T14:23:59.810+0000][176][info ][safepoint   ] Safepoint "G1PauseCleanup", Time since last: 13185458 ns, Reaching safepoint: 69233 ns, Cleanup: 13368 ns, At safepoint: 132927 ns, Total: 215528 ns
[2023-12-04T14:23:59.810+0000][176][info ][gc,marking  ] GC(17) Concurrent Clear Claimed Marks
[2023-12-04T14:23:59.810+0000][176][info ][gc,marking  ] GC(17) Concurrent Clear Claimed Marks 0.072ms
[2023-12-04T14:23:59.810+0000][176][info ][gc,marking  ] GC(17) Concurrent Cleanup for Next Mark
[2023-12-04T14:23:59.811+0000][176][info ][gc,marking  ] GC(17) Concurrent Cleanup for Next Mark 0.266ms
[2023-12-04T14:23:59.811+0000][176][info ][gc          ] GC(17) Concurrent Mark Cycle 44.090ms
[2023-12-04T14:24:00.197+0000][176][info ][safepoint   ] Safepoint "ICBufferFull", Time since last: 386705195 ns, Reaching safepoint: 70410 ns, Cleanup: 61194 ns, At safepoint: 3121 ns, Total: 134725 ns
[2023-12-04T14:24:00.740+0000][176][info ][safepoint   ] Safepoint "ICBufferFull", Time since last: 542376547 ns, Reaching safepoint: 4291 ns, Cleanup: 78561 ns, At safepoint: 2907 ns, Total: 85759 ns
[2023-12-04T14:24:00.740+0000][176][info ][safepoint   ] Safepoint "ICBufferFull", Time since last: 106657 ns, Reaching safepoint: 68910 ns, Cleanup: 2716 ns, At safepoint: 2853 ns, Total: 74479 ns
[2023-12-04T14:24:01.257+0000][176][info ][safepoint   ] Safepoint "ICBufferFull", Time since last: 516790149 ns, Reaching safepoint: 22983 ns, Cleanup: 132739 ns, At safepoint: 3127 ns, Total: 158849 ns
[2023-12-04T14:24:02.295+0000][176][info ][safepoint   ] Safepoint "Cleanup", Time since last: 1037769443 ns, Reaching safepoint: 6700 ns, Cleanup: 88142 ns, At safepoint: 2683 ns, Total: 97525 ns
[2023-12-04T14:24:03.295+0000][176][info ][safepoint   ] Safepoint "Cleanup", Time since last: 1000178254 ns, Reaching safepoint: 15186 ns, Cleanup: 21703 ns, At safepoint: 8853 ns, Total: 45742 ns
[2023-12-04T14:24:04.418+0000][176][info ][safepoint   ] Safepoint "Cleanup", Time since last: 1123086473 ns, Reaching safepoint: 6391 ns, Cleanup: 68920 ns, At safepoint: 2419 ns, Total: 77730 ns
[2023-12-04T14:24:05.418+0000][176][info ][safepoint   ] Safepoint "Cleanup", Time since last: 1000176414 ns, Reaching safepoint: 6594 ns, Cleanup: 18845 ns, At safepoint: 2430 ns, Total: 27869 ns
[2023-12-04T14:24:07.279+0000][176][info ][safepoint   ] Safepoint "Cleanup", Time since last: 1860505566 ns, Reaching safepoint: 17699 ns, Cleanup: 192680 ns, At safepoint: 8375 ns, Total: 218754 ns
[2023-12-04T14:24:08.279+0000][176][info ][safepoint   ] Safepoint "Cleanup", Time since last: 1000266383 ns, Reaching safepoint: 17669 ns, Cleanup: 50080 ns, At safepoint: 9542 ns, Total: 77291 ns
[2023-12-04T14:24:10.280+0000][176][info ][safepoint   ] Safepoint "Cleanup", Time since last: 2000632564 ns, Reaching safepoint: 17571 ns, Cleanup: 27556 ns, At safepoint: 9335 ns, Total: 54462 ns
[2023-12-04T14:24:11.281+0000][176][info ][safepoint   ] Safepoint "Cleanup", Time since last: 1000631485 ns, Reaching safepoint: 7500 ns, Cleanup: 9503 ns, At safepoint: 2702 ns, Total: 19705 ns
[2023-12-04T14:24:12.281+0000][176][info ][safepoint   ] Safepoint "Cleanup", Time since last: 1000182181 ns, Reaching safepoint: 9173 ns, Cleanup: 9935 ns, At safepoint: 3202 ns, Total: 22310 ns
[2023-12-04T14:24:13.281+0000][176][info ][safepoint   ] Safepoint "Cleanup", Time since last: 1000545555 ns, Reaching safepoint: 64409 ns, Cleanup: 23886 ns, At safepoint: 9798 ns, Total: 98093 ns
[2023-12-04T14:24:15.282+0000][176][info ][safepoint   ] Safepoint "Cleanup", Time since last: 2000369529 ns, Reaching safepoint: 16639 ns, Cleanup: 16949 ns, At safepoint: 7112 ns, Total: 40700 ns
[2023-12-04T14:24:16.319+0000][176][info ][safepoint   ] Safepoint "Cleanup", Time since last: 1037433948 ns, Reaching safepoint: 69089 ns, Cleanup: 29484 ns, At safepoint: 2567 ns, Total: 101140 ns
[2023-12-04T14:24:17.336+0000][176][info ][safepoint   ] Safepoint "Cleanup", Time since last: 1016435032 ns, Reaching safepoint: 63963 ns, Cleanup: 64138 ns, At safepoint: 21259 ns, Total: 149360 ns
[2023-12-04T14:24:22.338+0000][176][info ][safepoint   ] Safepoint "Cleanup", Time since last: 5002318615 ns, Reaching safepoint: 68309 ns, Cleanup: 23713 ns, At safepoint: 9686 ns, Total: 101708 ns
[2023-12-04T14:24:25.339+0000][176][info ][safepoint   ] Safepoint "Cleanup", Time since last: 3000499885 ns, Reaching safepoint: 19588 ns, Cleanup: 21122 ns, At safepoint: 9840 ns, Total: 50550 ns
[2023-12-04T14:24:27.339+0000][176][info ][safepoint   ] Safepoint "Cleanup", Time since last: 2000417700 ns, Reaching safepoint: 63015 ns, Cleanup: 19653 ns, At safepoint: 10080 ns, Total: 92748 ns
[2023-12-04T14:24:28.340+0000][176][info ][safepoint   ] Safepoint "Cleanup", Time since last: 1000249248 ns, Reaching safepoint: 20364 ns, Cleanup: 18703 ns, At safepoint: 9417 ns, Total: 48484 ns
[2023-12-04T14:24:30.340+0000][176][info ][safepoint   ] Safepoint "Cleanup", Time since last: 2000639423 ns, Reaching safepoint: 20082 ns, Cleanup: 23548 ns, At safepoint: 9387 ns, Total: 53017 ns
[2023-12-04T14:24:31.341+0000][176][info ][safepoint   ] Safepoint "Cleanup", Time since last: 1000264662 ns, Reaching safepoint: 20026 ns, Cleanup: 24143 ns, At safepoint: 9528 ns, Total: 53697 ns
[2023-12-04T14:24:32.341+0000][176][info ][safepoint   ] Safepoint "Cleanup", Time since last: 1000524358 ns, Reaching safepoint: 19854 ns, Cleanup: 44162 ns, At safepoint: 9660 ns, Total: 73676 ns
[2023-12-04T14:24:36.343+0000][176][info ][safepoint   ] Safepoint "Cleanup", Time since last: 4001131461 ns, Reaching safepoint: 17540 ns, Cleanup: 21260 ns, At safepoint: 6387 ns, Total: 45187 ns
[2023-12-04T14:24:37.343+0000][176][info ][safepoint   ] Safepoint "Cleanup", Time since last: 1000176947 ns, Reaching safepoint: 32849 ns, Cleanup: 11102 ns, At safepoint: 3935 ns, Total: 47886 ns
[2023-12-04T14:24:38.343+0000][176][info ][safepoint   ] Safepoint "Cleanup", Time since last: 1000181919 ns, Reaching safepoint: 22805 ns, Cleanup: 21073 ns, At safepoint: 8901 ns, Total: 52779 ns
[2023-12-04T14:24:39.367+0000][176][info ][safepoint   ] Safepoint "Cleanup", Time since last: 1024191285 ns, Reaching safepoint: 25125 ns, Cleanup: 26369 ns, At safepoint: 12440 ns, Total: 63934 ns
[2023-12-04T14:24:45.368+0000][176][info ][safepoint   ] Safepoint "Cleanup", Time since last: 6000801720 ns, Reaching safepoint: 36322 ns, Cleanup: 11805 ns, At safepoint: 3703 ns, Total: 51830 ns
[2023-12-04T14:24:48.369+0000][176][info ][safepoint   ] Safepoint "Cleanup", Time since last: 3000746436 ns, Reaching safepoint: 61269 ns, Cleanup: 20347 ns, At safepoint: 8748 ns, Total: 90364 ns
[2023-12-04T14:24:49.531+0000][176][info ][safepoint   ] Safepoint "Cleanup", Time since last: 1162065976 ns, Reaching safepoint: 14019 ns, Cleanup: 13909 ns, At safepoint: 5851 ns, Total: 33779 ns
[2023-12-04T14:24:52.983+0000][176][info ][safepoint   ] Safepoint "Cleanup", Time since last: 3451697662 ns, Reaching safepoint: 67221 ns, Cleanup: 19691 ns, At safepoint: 9399 ns, Total: 96311 ns
[2023-12-04T14:24:57.984+0000][176][info ][safepoint   ] Safepoint "Cleanup", Time since last: 5001041591 ns, Reaching safepoint: 65441 ns, Cleanup: 24770 ns, At safepoint: 9693 ns, Total: 99904 ns
[2023-12-04T14:24:59.985+0000][176][info ][safepoint   ] Safepoint "Cleanup", Time since last: 2000655125 ns, Reaching safepoint: 19642 ns, Cleanup: 31921 ns, At safepoint: 9194 ns, Total: 60757 ns
[2023-12-04T14:25:02.985+0000][176][info ][safepoint   ] Safepoint "Cleanup", Time since last: 3000432454 ns, Reaching safepoint: 61038 ns, Cleanup: 23875 ns, At safepoint: 9575 ns, Total: 94488 ns
[2023-12-04T14:25:20.990+0000][176][info ][safepoint   ] Safepoint "Cleanup", Time since last: 18004567167 ns, Reaching safepoint: 62172 ns, Cleanup: 19116 ns, At safepoint: 9670 ns, Total: 90958 ns
[2023-12-04T14:25:21.991+0000][176][info ][safepoint   ] Safepoint "Cleanup", Time since last: 1000672379 ns, Reaching safepoint: 18658 ns, Cleanup: 18898 ns, At safepoint: 9716 ns, Total: 47272 ns
[2023-12-04T14:25:27.992+0000][176][info ][safepoint   ] Safepoint "Cleanup", Time since last: 6000872341 ns, Reaching safepoint: 41525 ns, Cleanup: 12510 ns, At safepoint: 5704 ns, Total: 59739 ns
[2023-12-04T14:25:32.993+0000][176][info ][safepoint   ] Safepoint "Cleanup", Time since last: 5000984722 ns, Reaching safepoint: 34875 ns, Cleanup: 28483 ns, At safepoint: 14626 ns, Total: 77984 ns
[2023-12-04T14:25:35.994+0000][176][info ][safepoint   ] Safepoint "Cleanup", Time since last: 3000945191 ns, Reaching safepoint: 57647 ns, Cleanup: 17107 ns, At safepoint: 8502 ns, Total: 83256 ns
[2023-12-04T14:25:37.994+0000][176][info ][safepoint   ] Safepoint "Cleanup", Time since last: 2000677696 ns, Reaching safepoint: 19105 ns, Cleanup: 18050 ns, At safepoint: 16059 ns, Total: 53214 ns
[2023-12-04T14:25:44.604+0000][176][info ][gc,start    ] GC(18) Pause Young (Prepare Mixed) (G1 Evacuation Pause)
[2023-12-04T14:25:44.604+0000][176][info ][gc,task     ] GC(18) Using 10 workers of 10 for evacuation
[2023-12-04T14:25:44.604+0000][176][debug][gc,age      ] GC(18) Desired survivor size 20971520 bytes, new threshold 15 (max threshold 15)
[2023-12-04T14:25:44.621+0000][176][info ][gc,phases   ] GC(18)   Pre Evacuate Collection Set: 0.4ms
[2023-12-04T14:25:44.621+0000][176][info ][gc,phases   ] GC(18)   Merge Heap Roots: 0.3ms
[2023-12-04T14:25:44.621+0000][176][info ][gc,phases   ] GC(18)   Evacuate Collection Set: 15.5ms
[2023-12-04T14:25:44.621+0000][176][info ][gc,phases   ] GC(18)   Post Evacuate Collection Set: 1.2ms
[2023-12-04T14:25:44.621+0000][176][info ][gc,phases   ] GC(18)   Other: 0.2ms
[2023-12-04T14:25:44.621+0000][176][trace][gc,age      ] GC(18) Age table with threshold 15 (max threshold 15)
[2023-12-04T14:25:44.621+0000][176][trace][gc,age      ] GC(18) - age   1:   18613704 bytes,   18613704 total
[2023-12-04T14:25:44.621+0000][176][trace][gc,age      ] GC(18) - age   2:    4328176 bytes,   22941880 total
[2023-12-04T14:25:44.621+0000][176][trace][gc,age      ] GC(18) - age   3:    6922224 bytes,   29864104 total
[2023-12-04T14:25:44.621+0000][176][trace][gc,age      ] GC(18) - age   4:    2669312 bytes,   32533416 total
[2023-12-04T14:25:44.621+0000][176][trace][gc,age      ] GC(18) - age   5:    2733168 bytes,   35266584 total
[2023-12-04T14:25:44.621+0000][176][info ][gc,heap     ] GC(18) Eden regions: 71->0(66)
[2023-12-04T14:25:44.621+0000][176][info ][gc,heap     ] GC(18) Survivor regions: 5->10(10)
[2023-12-04T14:25:44.621+0000][176][info ][gc,heap     ] GC(18) Old regions: 14->14
[2023-12-04T14:25:44.621+0000][176][info ][gc,heap     ] GC(18) Humongous regions: 2->2
[2023-12-04T14:25:44.621+0000][176][info ][gc,metaspace] GC(18) Metaspace: 133273K(136832K)->133273K(136832K) NonClass: 114764K(116672K)->114764K(116672K) Class: 18508K(20160K)->18508K(20160K)
[2023-12-04T14:25:44.621+0000][176][info ][gc          ] GC(18) Pause Young (Prepare Mixed) (G1 Evacuation Pause) 366M->101M(512M) 17.742ms
[2023-12-04T14:25:44.622+0000][176][info ][gc,cpu      ] GC(18) User=0.16s Sys=0.00s Real=0.02s
[2023-12-04T14:25:44.622+0000][176][info ][safepoint   ] Safepoint "G1CollectForAllocation", Time since last: 6609339796 ns, Reaching safepoint: 40481 ns, Cleanup: 6583 ns, At safepoint: 17814591 ns, Total: 17861655 ns
[2023-12-04T14:25:45.622+0000][176][info ][safepoint   ] Safepoint "Cleanup", Time since last: 1000164727 ns, Reaching safepoint: 18195 ns, Cleanup: 21459 ns, At safepoint: 9399 ns, Total: 49053 ns
[2023-12-04T14:26:03.624+0000][176][info ][safepoint   ] Safepoint "Cleanup", Time since last: 18002286772 ns, Reaching safepoint: 18810 ns, Cleanup: 18774 ns, At safepoint: 9153 ns, Total: 46737 ns
[2023-12-04T14:26:06.625+0000][176][info ][safepoint   ] Safepoint "Cleanup", Time since last: 3000644492 ns, Reaching safepoint: 272226 ns, Cleanup: 21521 ns, At safepoint: 9834 ns, Total: 303581 ns
[2023-12-04T14:26:07.625+0000][176][info ][safepoint   ] Safepoint "Cleanup", Time since last: 1000242567 ns, Reaching safepoint: 18701 ns, Cleanup: 23767 ns, At safepoint: 9514 ns, Total: 51982 ns
[2023-12-04T14:26:09.626+0000][176][info ][safepoint   ] Safepoint "Cleanup", Time since last: 2000635387 ns, Reaching safepoint: 62153 ns, Cleanup: 18518 ns, At safepoint: 20244 ns, Total: 100915 ns
[2023-12-04T14:26:10.626+0000][176][info ][safepoint   ] Safepoint "Cleanup", Time since last: 1000246276 ns, Reaching safepoint: 17029 ns, Cleanup: 17123 ns, At safepoint: 8280 ns, Total: 42432 ns
[2023-12-04T14:26:20.628+0000][176][info ][safepoint   ] Safepoint "Cleanup", Time since last: 10001378644 ns, Reaching safepoint: 76872 ns, Cleanup: 21100 ns, At safepoint: 12796 ns, Total: 110768 ns
[2023-12-04T14:26:25.629+0000][176][info ][safepoint   ] Safepoint "Cleanup", Time since last: 5000659115 ns, Reaching safepoint: 69957 ns, Cleanup: 18182 ns, At safepoint: 9435 ns, Total: 97574 ns
[2023-12-04T14:26:26.629+0000][176][info ][safepoint   ] Safepoint "Cleanup", Time since last: 1000232121 ns, Reaching safepoint: 19007 ns, Cleanup: 33978 ns, At safepoint: 8942 ns, Total: 61927 ns
[2023-12-04T14:26:30.630+0000][176][info ][safepoint   ] Safepoint "Cleanup", Time since last: 4000854136 ns, Reaching safepoint: 223353 ns, Cleanup: 18864 ns, At safepoint: 21735 ns, Total: 263952 ns
[2023-12-04T14:26:32.631+0000][176][info ][safepoint   ] Safepoint "Cleanup", Time since last: 2000689630 ns, Reaching safepoint: 18829 ns, Cleanup: 31252 ns, At safepoint: 9071 ns, Total: 59152 ns
[2023-12-04T14:26:36.632+0000][176][info ][safepoint   ] Safepoint "Cleanup", Time since last: 4000795766 ns, Reaching safepoint: 65674 ns, Cleanup: 19080 ns, At safepoint: 9581 ns, Total: 94335 ns
[2023-12-04T14:26:40.633+0000][176][info ][safepoint   ] Safepoint "Cleanup", Time since last: 4001174182 ns, Reaching safepoint: 65231 ns, Cleanup: 18894 ns, At safepoint: 20037 ns, Total: 104162 ns
[2023-12-04T14:26:41.633+0000][176][info ][safepoint   ] Safepoint "Cleanup", Time since last: 1000241409 ns, Reaching safepoint: 18160 ns, Cleanup: 22083 ns, At safepoint: 9477 ns, Total: 49720 ns
[2023-12-04T14:26:44.634+0000][176][info ][safepoint   ] Safepoint "Cleanup", Time since last: 3001009235 ns, Reaching safepoint: 10326 ns, Cleanup: 6437 ns, At safepoint: 2857 ns, Total: 19620 ns
[2023-12-04T14:26:50.635+0000][176][info ][safepoint   ] Safepoint "Cleanup", Time since last: 6000572022 ns, Reaching safepoint: 64910 ns, Cleanup: 18436 ns, At safepoint: 171275 ns, Total: 254621 ns
[2023-12-04T14:26:51.635+0000][176][info ][safepoint   ] Safepoint "Cleanup", Time since last: 1000237177 ns, Reaching safepoint: 17603 ns, Cleanup: 19340 ns, At safepoint: 8973 ns, Total: 45916 ns
[2023-12-04T14:27:02.638+0000][176][info ][safepoint   ] Safepoint "Cleanup", Time since last: 11002171553 ns, Reaching safepoint: 47137 ns, Cleanup: 13254 ns, At safepoint: 5649 ns, Total: 66040 ns
[2023-12-04T14:27:04.638+0000][176][info ][safepoint   ] Safepoint "Cleanup", Time since last: 2000323710 ns, Reaching safepoint: 18965 ns, Cleanup: 18623 ns, At safepoint: 9185 ns, Total: 46773 ns
[2023-12-04T14:27:15.640+0000][176][info ][safepoint   ] Safepoint "Cleanup", Time since last: 11001846301 ns, Reaching safepoint: 71416 ns, Cleanup: 20039 ns, At safepoint: 9870 ns, Total: 101325 ns
[2023-12-04T14:27:24.643+0000][176][info ][safepoint   ] Safepoint "Cleanup", Time since last: 9002931598 ns, Reaching safepoint: 60676 ns, Cleanup: 29682 ns, At safepoint: 9683 ns, Total: 100041 ns
[2023-12-04T14:27:28.645+0000][176][info ][safepoint   ] Safepoint "Cleanup", Time since last: 4001609296 ns, Reaching safepoint: 63178 ns, Cleanup: 18900 ns, At safepoint: 9541 ns, Total: 91619 ns
[2023-12-04T14:27:32.645+0000][176][info ][safepoint   ] Safepoint "Cleanup", Time since last: 4000648919 ns, Reaching safepoint: 60464 ns, Cleanup: 19501 ns, At safepoint: 9810 ns, Total: 89775 ns
[2023-12-04T14:27:38.647+0000][176][info ][safepoint   ] Safepoint "Cleanup", Time since last: 6001503524 ns, Reaching safepoint: 18275 ns, Cleanup: 35192 ns, At safepoint: 9571 ns, Total: 63038 ns
[2023-12-04T14:27:43.648+0000][176][info ][safepoint   ] Safepoint "Cleanup", Time since last: 5000728375 ns, Reaching safepoint: 71506 ns, Cleanup: 18726 ns, At safepoint: 5633 ns, Total: 95865 ns
[2023-12-04T14:27:55.650+0000][176][info ][safepoint   ] Safepoint "Cleanup", Time since last: 12001934399 ns, Reaching safepoint: 67277 ns, Cleanup: 51745 ns, At safepoint: 9955 ns, Total: 128977 ns
[2023-12-04T14:27:56.650+0000][176][info ][safepoint   ] Safepoint "Cleanup", Time since last: 1000198713 ns, Reaching safepoint: 18180 ns, Cleanup: 18448 ns, At safepoint: 9253 ns, Total: 45881 ns
[2023-12-04T14:27:59.651+0000][176][info ][safepoint   ] Safepoint "Cleanup", Time since last: 3000404045 ns, Reaching safepoint: 249744 ns, Cleanup: 19786 ns, At safepoint: 9155 ns, Total: 278685 ns
[2023-12-04T14:28:01.651+0000][176][info ][safepoint   ] Safepoint "Cleanup", Time since last: 2000320655 ns, Reaching safepoint: 19450 ns, Cleanup: 21236 ns, At safepoint: 9827 ns, Total: 50513 ns
[2023-12-04T14:28:02.651+0000][176][info ][safepoint   ] Safepoint "Cleanup", Time since last: 1000195195 ns, Reaching safepoint: 62200 ns, Cleanup: 24809 ns, At safepoint: 10282 ns, Total: 97291 ns
[2023-12-04T14:28:05.652+0000][176][info ][safepoint   ] Safepoint "Cleanup", Time since last: 3000513087 ns, Reaching safepoint: 101107 ns, Cleanup: 15959 ns, At safepoint: 13513 ns, Total: 130579 ns
[2023-12-04T14:28:07.653+0000][176][info ][safepoint   ] Safepoint "Cleanup", Time since last: 2000584784 ns, Reaching safepoint: 65230 ns, Cleanup: 20384 ns, At safepoint: 20618 ns, Total: 106232 ns
[2023-12-04T14:28:16.655+0000][176][info ][safepoint   ] Safepoint "Cleanup", Time since last: 9002438854 ns, Reaching safepoint: 68599 ns, Cleanup: 18728 ns, At safepoint: 10017 ns, Total: 97344 ns
[2023-12-04T14:28:17.656+0000][176][info ][safepoint   ] Safepoint "Cleanup", Time since last: 1000441976 ns, Reaching safepoint: 305185 ns, Cleanup: 18981 ns, At safepoint: 10335 ns, Total: 334501 ns
[2023-12-04T14:28:18.657+0000][176][info ][safepoint   ] Safepoint "Cleanup", Time since last: 1000539793 ns, Reaching safepoint: 7605 ns, Cleanup: 7047 ns, At safepoint: 2453 ns, Total: 17105 ns
[2023-12-04T14:28:23.657+0000][176][info ][safepoint   ] Safepoint "Cleanup", Time since last: 5000576664 ns, Reaching safepoint: 21946 ns, Cleanup: 8094 ns, At safepoint: 4647 ns, Total: 34687 ns
[2023-12-04T14:28:27.658+0000][176][info ][safepoint   ] Safepoint "Cleanup", Time since last: 4001095878 ns, Reaching safepoint: 45802 ns, Cleanup: 7121 ns, At safepoint: 4446 ns, Total: 57369 ns
[2023-12-04T14:29:18.668+0000][176][info ][safepoint   ] Safepoint "Cleanup", Time since last: 51009408926 ns, Reaching safepoint: 66076 ns, Cleanup: 23915 ns, At safepoint: 20906 ns, Total: 110897 ns
[2023-12-04T14:29:19.668+0000][176][info ][safepoint   ] Safepoint "Cleanup", Time since last: 1000357698 ns, Reaching safepoint: 20060 ns, Cleanup: 31222 ns, At safepoint: 9688 ns, Total: 60970 ns
[2023-12-04T14:29:32.671+0000][176][info ][safepoint   ] Safepoint "Cleanup", Time since last: 13003007316 ns, Reaching safepoint: 32573 ns, Cleanup: 9842 ns, At safepoint: 3036 ns, Total: 45451 ns
[2023-12-04T14:29:38.672+0000][176][info ][safepoint   ] Safepoint "Cleanup", Time since last: 6000824616 ns, Reaching safepoint: 71414 ns, Cleanup: 18445 ns, At safepoint: 9514 ns, Total: 99373 ns
[2023-12-04T14:29:39.830+0000][176][info ][safepoint   ] Safepoint "Cleanup", Time since last: 1157449859 ns, Reaching safepoint: 68517 ns, Cleanup: 12903 ns, At safepoint: 2294 ns, Total: 83714 ns
[2023-12-04T14:29:40.830+0000][176][info ][safepoint   ] Safepoint "Cleanup", Time since last: 1000154943 ns, Reaching safepoint: 3810 ns, Cleanup: 11616 ns, At safepoint: 2530 ns, Total: 17956 ns
[2023-12-04T14:29:41.841+0000][176][info ][gc,heap,exit] Heap
[2023-12-04T14:29:41.841+0000][176][info ][gc,heap,exit]  garbage-first heap   total 524288K, used 183863K [0x00000000e0000000, 0x0000000100000000)
[2023-12-04T14:29:41.841+0000][176][info ][gc,heap,exit]   region size 4096K, 30 young (122880K), 10 survivors (40960K)
[2023-12-04T14:29:41.841+0000][176][info ][gc,heap,exit]  Metaspace       used 133845K, committed 137344K, reserved 1179648K
[2023-12-04T14:29:41.841+0000][176][info ][gc,heap,exit]   class space    used 18597K, committed 20224K, reserved 1048576K
