[2023-12-04T14:38:09.489+0000][175][info][gc,init] CardTable entry size: 512
[2023-12-04T14:38:09.489+0000][175][info][gc     ] Using G1
[2023-12-04T14:38:09.542+0000][175][info][gc,init] Version: 21.0.1+12-29 (release)
[2023-12-04T14:38:09.542+0000][175][info][gc,init] CPUs: 12 total, 12 available
[2023-12-04T14:38:09.542+0000][175][info][gc,init] Memory: 1024M
[2023-12-04T14:38:09.542+0000][175][info][gc,init] Large Page Support: Disabled
[2023-12-04T14:38:09.542+0000][175][info][gc,init] NUMA Support: Disabled
[2023-12-04T14:38:09.542+0000][175][info][gc,init] Compressed Oops: Enabled (32-bit)
[2023-12-04T14:38:09.542+0000][175][info][gc,init] Heap Region Size: 4M
[2023-12-04T14:38:09.542+0000][175][info][gc,init] Heap Min Capacity: 512M
[2023-12-04T14:38:09.542+0000][175][info][gc,init] Heap Initial Capacity: 512M
[2023-12-04T14:38:09.542+0000][175][info][gc,init] Heap Max Capacity: 512M
[2023-12-04T14:38:09.542+0000][175][info][gc,init] Pre-touch: Enabled
[2023-12-04T14:38:09.542+0000][175][info][gc,init] Parallel Workers: 10
[2023-12-04T14:38:09.542+0000][175][info][gc,init] Concurrent Workers: 3
[2023-12-04T14:38:09.542+0000][175][info][gc,init] Concurrent Refinement Workers: 10
[2023-12-04T14:38:09.542+0000][175][info][gc,init] Periodic GC: Disabled
[2023-12-04T14:38:09.549+0000][175][info][gc,metaspace] CDS archive(s) mapped at: [0x00007f2227000000-0x00007f2227ca5000-0x00007f2227ca5000), size 13258752, SharedBaseAddress: 0x00007f2227000000, ArchiveRelocationMode: 1.
[2023-12-04T14:38:09.549+0000][175][info][gc,metaspace] Compressed class space mapped at: 0x00007f2228000000-0x00007f2268000000, reserved size: 1073741824
[2023-12-04T14:38:09.549+0000][175][info][gc,metaspace] Narrow klass base: 0x00007f2227000000, Narrow klass shift: 0, Narrow klass range: 0x100000000
[2023-12-04T14:38:09.692+0000][175][info][gc,start    ] GC(0) Pause Young (Normal) (G1 Evacuation Pause)
[2023-12-04T14:38:09.692+0000][175][info][gc,task     ] GC(0) Using 10 workers of 10 for evacuation
[2023-12-04T14:38:09.692+0000][175][debug][gc,age      ] GC(0) Desired survivor size 2097152 bytes, new threshold 15 (max threshold 15)
[2023-12-04T14:38:09.693+0000][175][info ][gc,phases   ] GC(0)   Pre Evacuate Collection Set: 0.1ms
[2023-12-04T14:38:09.693+0000][175][info ][gc,phases   ] GC(0)   Merge Heap Roots: 0.0ms
[2023-12-04T14:38:09.693+0000][175][info ][gc,phases   ] GC(0)   Evacuate Collection Set: 0.6ms
[2023-12-04T14:38:09.693+0000][175][info ][gc,phases   ] GC(0)   Post Evacuate Collection Set: 0.2ms
[2023-12-04T14:38:09.693+0000][175][info ][gc,phases   ] GC(0)   Other: 0.1ms
[2023-12-04T14:38:09.693+0000][175][trace][gc,age      ] GC(0) Age table with threshold 15 (max threshold 15)
[2023-12-04T14:38:09.693+0000][175][trace][gc,age      ] GC(0) - age   1:    2610728 bytes,    2610728 total
[2023-12-04T14:38:09.693+0000][175][info ][gc,heap     ] GC(0) Eden regions: 6->0(20)
[2023-12-04T14:38:09.693+0000][175][info ][gc,heap     ] GC(0) Survivor regions: 0->1(1)
[2023-12-04T14:38:09.693+0000][175][info ][gc,heap     ] GC(0) Old regions: 1->1
[2023-12-04T14:38:09.693+0000][175][info ][gc,heap     ] GC(0) Humongous regions: 0->0
[2023-12-04T14:38:09.693+0000][175][info ][gc,metaspace] GC(0) Metaspace: 1140K(1344K)->1140K(1344K) NonClass: 1057K(1152K)->1057K(1152K) Class: 82K(192K)->82K(192K)
[2023-12-04T14:38:09.693+0000][175][info ][gc          ] GC(0) Pause Young (Normal) (G1 Evacuation Pause) 25M->3M(512M) 1.232ms
[2023-12-04T14:38:09.693+0000][175][info ][gc,cpu      ] GC(0) User=0.00s Sys=0.00s Real=0.00s
[2023-12-04T14:38:09.693+0000][175][info ][safepoint   ] Safepoint "G1CollectForAllocation", Time since last: 138931705 ns, Reaching safepoint: 67757 ns, Cleanup: 42599 ns, At safepoint: 1258862 ns, Total: 1369218 ns
[2023-12-04T14:38:09.889+0000][175][info ][safepoint   ] Safepoint "ICBufferFull", Time since last: 196374601 ns, Reaching safepoint: 2468 ns, Cleanup: 59112 ns, At safepoint: 2595 ns, Total: 64175 ns
[2023-12-04T14:38:10.065+0000][175][info ][safepoint   ] Safepoint "ICBufferFull", Time since last: 175497155 ns, Reaching safepoint: 1982 ns, Cleanup: 82206 ns, At safepoint: 1750 ns, Total: 85938 ns
[2023-12-04T14:38:10.333+0000][175][info ][safepoint   ] Safepoint "ICBufferFull", Time since last: 267657399 ns, Reaching safepoint: 2244 ns, Cleanup: 72758 ns, At safepoint: 1829 ns, Total: 76831 ns
[2023-12-04T14:38:10.538+0000][175][info ][gc,start    ] GC(1) Pause Young (Normal) (G1 Evacuation Pause)
[2023-12-04T14:38:10.538+0000][175][info ][gc,task     ] GC(1) Using 10 workers of 10 for evacuation
[2023-12-04T14:38:10.538+0000][175][debug][gc,age      ] GC(1) Desired survivor size 6291456 bytes, new threshold 15 (max threshold 15)
[2023-12-04T14:38:10.541+0000][175][info ][gc,phases   ] GC(1)   Pre Evacuate Collection Set: 0.1ms
[2023-12-04T14:38:10.541+0000][175][info ][gc,phases   ] GC(1)   Merge Heap Roots: 0.0ms
[2023-12-04T14:38:10.541+0000][175][info ][gc,phases   ] GC(1)   Evacuate Collection Set: 2.2ms
[2023-12-04T14:38:10.541+0000][175][info ][gc,phases   ] GC(1)   Post Evacuate Collection Set: 0.7ms
[2023-12-04T14:38:10.541+0000][175][info ][gc,phases   ] GC(1)   Other: 0.0ms
[2023-12-04T14:38:10.541+0000][175][trace][gc,age      ] GC(1) Age table with threshold 15 (max threshold 15)
[2023-12-04T14:38:10.541+0000][175][trace][gc,age      ] GC(1) - age   1:    6066688 bytes,    6066688 total
[2023-12-04T14:38:10.541+0000][175][trace][gc,age      ] GC(1) - age   2:    2587248 bytes,    8653936 total
[2023-12-04T14:38:10.541+0000][175][info ][gc,heap     ] GC(1) Eden regions: 20->0(27)
[2023-12-04T14:38:10.541+0000][175][info ][gc,heap     ] GC(1) Survivor regions: 1->3(3)
[2023-12-04T14:38:10.541+0000][175][info ][gc,heap     ] GC(1) Old regions: 1->1
[2023-12-04T14:38:10.541+0000][175][info ][gc,heap     ] GC(1) Humongous regions: 0->0
[2023-12-04T14:38:10.541+0000][175][info ][gc,metaspace] GC(1) Metaspace: 18139K(18624K)->18139K(18624K) NonClass: 16167K(16384K)->16167K(16384K) Class: 1972K(2240K)->1972K(2240K)
[2023-12-04T14:38:10.541+0000][175][info ][gc          ] GC(1) Pause Young (Normal) (G1 Evacuation Pause) 83M->10M(512M) 3.182ms
[2023-12-04T14:38:10.541+0000][175][info ][gc,cpu      ] GC(1) User=0.03s Sys=0.00s Real=0.00s
[2023-12-04T14:38:10.541+0000][175][info ][safepoint   ] Safepoint "G1CollectForAllocation", Time since last: 205352257 ns, Reaching safepoint: 2509 ns, Cleanup: 48796 ns, At safepoint: 3219736 ns, Total: 3271041 ns
[2023-12-04T14:38:10.825+0000][175][info ][safepoint   ] Safepoint "ICBufferFull", Time since last: 283629075 ns, Reaching safepoint: 1987 ns, Cleanup: 94223 ns, At safepoint: 1537 ns, Total: 97747 ns
[2023-12-04T14:38:10.952+0000][175][info ][gc,start    ] GC(2) Pause Young (Normal) (G1 Evacuation Pause)
[2023-12-04T14:38:10.952+0000][175][info ][gc,task     ] GC(2) Using 10 workers of 10 for evacuation
[2023-12-04T14:38:10.952+0000][175][debug][gc,age      ] GC(2) Desired survivor size 8388608 bytes, new threshold 2 (max threshold 15)
[2023-12-04T14:38:10.956+0000][175][info ][gc,phases   ] GC(2)   Pre Evacuate Collection Set: 0.1ms
[2023-12-04T14:38:10.956+0000][175][info ][gc,phases   ] GC(2)   Merge Heap Roots: 0.0ms
[2023-12-04T14:38:10.956+0000][175][info ][gc,phases   ] GC(2)   Evacuate Collection Set: 3.0ms
[2023-12-04T14:38:10.956+0000][175][info ][gc,phases   ] GC(2)   Post Evacuate Collection Set: 0.7ms
[2023-12-04T14:38:10.956+0000][175][info ][gc,phases   ] GC(2)   Other: 0.0ms
[2023-12-04T14:38:10.956+0000][175][trace][gc,age      ] GC(2) Age table with threshold 2 (max threshold 15)
[2023-12-04T14:38:10.956+0000][175][trace][gc,age      ] GC(2) - age   1:    3113016 bytes,    3113016 total
[2023-12-04T14:38:10.956+0000][175][trace][gc,age      ] GC(2) - age   2:    5097952 bytes,    8210968 total
[2023-12-04T14:38:10.956+0000][175][info ][gc,heap     ] GC(2) Eden regions: 27->0(73)
[2023-12-04T14:38:10.956+0000][175][info ][gc,heap     ] GC(2) Survivor regions: 3->3(4)
[2023-12-04T14:38:10.956+0000][175][info ][gc,heap     ] GC(2) Old regions: 1->2
[2023-12-04T14:38:10.956+0000][175][info ][gc,heap     ] GC(2) Humongous regions: 0->0
[2023-12-04T14:38:10.956+0000][175][info ][gc,metaspace] GC(2) Metaspace: 20424K(20928K)->20424K(20928K) NonClass: 18217K(18496K)->18217K(18496K) Class: 2206K(2432K)->2206K(2432K)
[2023-12-04T14:38:10.956+0000][175][info ][gc          ] GC(2) Pause Young (Normal) (G1 Evacuation Pause) 118M->11M(512M) 4.048ms
[2023-12-04T14:38:10.956+0000][175][info ][gc,cpu      ] GC(2) User=0.03s Sys=0.00s Real=0.01s
[2023-12-04T14:38:10.956+0000][175][info ][safepoint   ] Safepoint "G1CollectForAllocation", Time since last: 127399827 ns, Reaching safepoint: 2780 ns, Cleanup: 35213 ns, At safepoint: 4085357 ns, Total: 4123350 ns
[2023-12-04T14:38:11.046+0000][175][info ][gc,start    ] GC(3) Pause Young (Concurrent Start) (Metadata GC Threshold)
[2023-12-04T14:38:11.046+0000][175][info ][gc,task     ] GC(3) Using 10 workers of 10 for evacuation
[2023-12-04T14:38:11.046+0000][175][debug][gc,age      ] GC(3) Desired survivor size 20971520 bytes, new threshold 15 (max threshold 15)
[2023-12-04T14:38:11.049+0000][175][info ][gc,phases   ] GC(3)   Pre Evacuate Collection Set: 0.1ms
[2023-12-04T14:38:11.049+0000][175][info ][gc,phases   ] GC(3)   Merge Heap Roots: 0.0ms
[2023-12-04T14:38:11.049+0000][175][info ][gc,phases   ] GC(3)   Evacuate Collection Set: 2.1ms
[2023-12-04T14:38:11.049+0000][175][info ][gc,phases   ] GC(3)   Post Evacuate Collection Set: 0.3ms
[2023-12-04T14:38:11.049+0000][175][info ][gc,phases   ] GC(3)   Other: 0.1ms
[2023-12-04T14:38:11.049+0000][175][trace][gc,age      ] GC(3) Age table with threshold 15 (max threshold 15)
[2023-12-04T14:38:11.049+0000][175][trace][gc,age      ] GC(3) - age   1:    1035312 bytes,    1035312 total
[2023-12-04T14:38:11.049+0000][175][trace][gc,age      ] GC(3) - age   2:    2596952 bytes,    3632264 total
[2023-12-04T14:38:11.049+0000][175][trace][gc,age      ] GC(3) - age   3:    5095632 bytes,    8727896 total
[2023-12-04T14:38:11.049+0000][175][info ][gc,heap     ] GC(3) Eden regions: 17->0(73)
[2023-12-04T14:38:11.049+0000][175][info ][gc,heap     ] GC(3) Survivor regions: 3->3(10)
[2023-12-04T14:38:11.049+0000][175][info ][gc,heap     ] GC(3) Old regions: 2->2
[2023-12-04T14:38:11.049+0000][175][info ][gc,heap     ] GC(3) Humongous regions: 0->0
[2023-12-04T14:38:11.049+0000][175][info ][gc,metaspace] GC(3) Metaspace: 20990K(21504K)->20990K(21504K) NonClass: 18744K(19008K)->18744K(19008K) Class: 2246K(2496K)->2246K(2496K)
[2023-12-04T14:38:11.049+0000][175][info ][gc          ] GC(3) Pause Young (Concurrent Start) (Metadata GC Threshold) 79M->12M(512M) 2.777ms
[2023-12-04T14:38:11.049+0000][175][info ][gc,cpu      ] GC(3) User=0.03s Sys=0.00s Real=0.01s
[2023-12-04T14:38:11.049+0000][175][info ][gc          ] GC(4) Concurrent Mark Cycle
[2023-12-04T14:38:11.049+0000][175][info ][gc,marking  ] GC(4) Concurrent Scan Root Regions
[2023-12-04T14:38:11.049+0000][175][info ][safepoint   ] Safepoint "CollectForMetadataAllocation", Time since last: 89407633 ns, Reaching safepoint: 2384 ns, Cleanup: 29868 ns, At safepoint: 2880320 ns, Total: 2912572 ns
[2023-12-04T14:38:11.051+0000][175][info ][gc,marking  ] GC(4) Concurrent Scan Root Regions 2.279ms
[2023-12-04T14:38:11.051+0000][175][info ][gc,marking  ] GC(4) Concurrent Mark
[2023-12-04T14:38:11.051+0000][175][info ][gc,marking  ] GC(4) Concurrent Mark From Roots
[2023-12-04T14:38:11.051+0000][175][info ][gc,task     ] GC(4) Using 3 workers of 3 for marking
[2023-12-04T14:38:11.053+0000][175][info ][gc,marking  ] GC(4) Concurrent Mark From Roots 1.543ms
[2023-12-04T14:38:11.053+0000][175][info ][gc,marking  ] GC(4) Concurrent Preclean
[2023-12-04T14:38:11.053+0000][175][info ][gc,marking  ] GC(4) Concurrent Preclean 0.017ms
[2023-12-04T14:38:11.053+0000][175][info ][gc,start    ] GC(4) Pause Remark
[2023-12-04T14:38:11.054+0000][175][info ][gc          ] GC(4) Pause Remark 16M->16M(512M) 1.200ms
[2023-12-04T14:38:11.054+0000][175][info ][gc,cpu      ] GC(4) User=0.01s Sys=0.00s Real=0.00s
[2023-12-04T14:38:11.054+0000][175][info ][safepoint   ] Safepoint "G1PauseRemark", Time since last: 3873328 ns, Reaching safepoint: 69764 ns, Cleanup: 1548 ns, At safepoint: 1235327 ns, Total: 1306639 ns
[2023-12-04T14:38:11.054+0000][175][info ][gc,marking  ] GC(4) Concurrent Mark 2.951ms
[2023-12-04T14:38:11.054+0000][175][info ][gc,marking  ] GC(4) Concurrent Rebuild Remembered Sets and Scrub Regions
[2023-12-04T14:38:11.055+0000][175][info ][gc,marking  ] GC(4) Concurrent Rebuild Remembered Sets and Scrub Regions 0.773ms
[2023-12-04T14:38:11.055+0000][175][info ][gc,start    ] GC(4) Pause Cleanup
[2023-12-04T14:38:11.055+0000][175][info ][gc          ] GC(4) Pause Cleanup 16M->16M(512M) 0.049ms
[2023-12-04T14:38:11.055+0000][175][info ][gc,cpu      ] GC(4) User=0.00s Sys=0.00s Real=0.00s
[2023-12-04T14:38:11.055+0000][175][info ][safepoint   ] Safepoint "G1PauseCleanup", Time since last: 854309 ns, Reaching safepoint: 67620 ns, Cleanup: 1235 ns, At safepoint: 77836 ns, Total: 146691 ns
[2023-12-04T14:38:11.055+0000][175][info ][gc,marking  ] GC(4) Concurrent Clear Claimed Marks
[2023-12-04T14:38:11.055+0000][175][info ][gc,marking  ] GC(4) Concurrent Clear Claimed Marks 0.026ms
[2023-12-04T14:38:11.055+0000][175][info ][gc,marking  ] GC(4) Concurrent Cleanup for Next Mark
[2023-12-04T14:38:11.055+0000][175][info ][gc,marking  ] GC(4) Concurrent Cleanup for Next Mark 0.250ms
[2023-12-04T14:38:11.055+0000][175][info ][gc          ] GC(4) Concurrent Mark Cycle 6.594ms
[2023-12-04T14:38:11.340+0000][175][info ][safepoint   ] Safepoint "ICBufferFull", Time since last: 284585906 ns, Reaching safepoint: 3177 ns, Cleanup: 100596 ns, At safepoint: 3037 ns, Total: 106810 ns
[2023-12-04T14:38:11.644+0000][175][info ][gc,start    ] GC(5) Pause Young (Prepare Mixed) (G1 Evacuation Pause)
[2023-12-04T14:38:11.644+0000][175][info ][gc,task     ] GC(5) Using 10 workers of 10 for evacuation
[2023-12-04T14:38:11.644+0000][175][debug][gc,age      ] GC(5) Desired survivor size 20971520 bytes, new threshold 15 (max threshold 15)
[2023-12-04T14:38:11.649+0000][175][info ][gc,phases   ] GC(5)   Pre Evacuate Collection Set: 0.1ms
[2023-12-04T14:38:11.649+0000][175][info ][gc,phases   ] GC(5)   Merge Heap Roots: 0.0ms
[2023-12-04T14:38:11.649+0000][175][info ][gc,phases   ] GC(5)   Evacuate Collection Set: 4.3ms
[2023-12-04T14:38:11.649+0000][175][info ][gc,phases   ] GC(5)   Post Evacuate Collection Set: 0.6ms
[2023-12-04T14:38:11.649+0000][175][info ][gc,phases   ] GC(5)   Other: 0.1ms
[2023-12-04T14:38:11.649+0000][175][trace][gc,age      ] GC(5) Age table with threshold 15 (max threshold 15)
[2023-12-04T14:38:11.649+0000][175][trace][gc,age      ] GC(5) - age   1:    9672536 bytes,    9672536 total
[2023-12-04T14:38:11.649+0000][175][trace][gc,age      ] GC(5) - age   2:     877896 bytes,   10550432 total
[2023-12-04T14:38:11.649+0000][175][trace][gc,age      ] GC(5) - age   3:    2593320 bytes,   13143752 total
[2023-12-04T14:38:11.649+0000][175][trace][gc,age      ] GC(5) - age   4:    5090240 bytes,   18233992 total
[2023-12-04T14:38:11.649+0000][175][info ][gc,heap     ] GC(5) Eden regions: 73->0(71)
[2023-12-04T14:38:11.649+0000][175][info ][gc,heap     ] GC(5) Survivor regions: 3->5(10)
[2023-12-04T14:38:11.649+0000][175][info ][gc,heap     ] GC(5) Old regions: 2->2
[2023-12-04T14:38:11.649+0000][175][info ][gc,heap     ] GC(5) Humongous regions: 0->0
[2023-12-04T14:38:11.649+0000][175][info ][gc,metaspace] GC(5) Metaspace: 28345K(28992K)->28345K(28992K) NonClass: 25161K(25536K)->25161K(25536K) Class: 3184K(3456K)->3184K(3456K)
[2023-12-04T14:38:11.649+0000][175][info ][gc          ] GC(5) Pause Young (Prepare Mixed) (G1 Evacuation Pause) 304M->22M(512M) 5.318ms
[2023-12-04T14:38:11.649+0000][175][info ][gc,cpu      ] GC(5) User=0.05s Sys=0.00s Real=0.01s
[2023-12-04T14:38:11.649+0000][175][info ][safepoint   ] Safepoint "G1CollectForAllocation", Time since last: 303878041 ns, Reaching safepoint: 3235 ns, Cleanup: 57772 ns, At safepoint: 5359558 ns, Total: 5420565 ns
[2023-12-04T14:38:12.101+0000][175][info ][gc,start    ] GC(6) Pause Young (Mixed) (G1 Evacuation Pause)
[2023-12-04T14:38:12.101+0000][175][info ][gc,task     ] GC(6) Using 10 workers of 10 for evacuation
[2023-12-04T14:38:12.101+0000][175][debug][gc,age      ] GC(6) Desired survivor size 20971520 bytes, new threshold 15 (max threshold 15)
[2023-12-04T14:38:12.107+0000][175][info ][gc,phases   ] GC(6)   Pre Evacuate Collection Set: 0.2ms
[2023-12-04T14:38:12.107+0000][175][info ][gc,phases   ] GC(6)   Merge Heap Roots: 0.1ms
[2023-12-04T14:38:12.107+0000][175][info ][gc,phases   ] GC(6)   Evacuate Collection Set: 4.8ms
[2023-12-04T14:38:12.107+0000][175][info ][gc,phases   ] GC(6)   Post Evacuate Collection Set: 0.5ms
[2023-12-04T14:38:12.107+0000][175][info ][gc,phases   ] GC(6)   Other: 0.1ms
[2023-12-04T14:38:12.107+0000][175][trace][gc,age      ] GC(6) Age table with threshold 15 (max threshold 15)
[2023-12-04T14:38:12.107+0000][175][trace][gc,age      ] GC(6) - age   1:    4717920 bytes,    4717920 total
[2023-12-04T14:38:12.107+0000][175][trace][gc,age      ] GC(6) - age   2:    6488304 bytes,   11206224 total
[2023-12-04T14:38:12.107+0000][175][trace][gc,age      ] GC(6) - age   3:     877704 bytes,   12083928 total
[2023-12-04T14:38:12.107+0000][175][trace][gc,age      ] GC(6) - age   4:    2591928 bytes,   14675856 total
[2023-12-04T14:38:12.107+0000][175][trace][gc,age      ] GC(6) - age   5:    5090144 bytes,   19766000 total
[2023-12-04T14:38:12.107+0000][175][info ][gc,heap     ] GC(6) Eden regions: 71->0(70)
[2023-12-04T14:38:12.107+0000][175][info ][gc,heap     ] GC(6) Survivor regions: 5->6(10)
[2023-12-04T14:38:12.107+0000][175][info ][gc,heap     ] GC(6) Old regions: 2->1
[2023-12-04T14:38:12.107+0000][175][info ][gc,heap     ] GC(6) Humongous regions: 0->0
[2023-12-04T14:38:12.107+0000][175][info ][gc,metaspace] GC(6) Metaspace: 33267K(33984K)->33267K(33984K) NonClass: 29573K(30016K)->29573K(30016K) Class: 3693K(3968K)->3693K(3968K)
[2023-12-04T14:38:12.107+0000][175][info ][gc          ] GC(6) Pause Young (Mixed) (G1 Evacuation Pause) 306M->24M(512M) 5.893ms
[2023-12-04T14:38:12.107+0000][175][info ][gc,cpu      ] GC(6) User=0.05s Sys=0.00s Real=0.01s
[2023-12-04T14:38:12.107+0000][175][info ][safepoint   ] Safepoint "G1CollectForAllocation", Time since last: 452072993 ns, Reaching safepoint: 2538 ns, Cleanup: 49470 ns, At safepoint: 5925153 ns, Total: 5977161 ns
[2023-12-04T14:38:12.446+0000][175][info ][gc,start    ] GC(7) Pause Young (Concurrent Start) (Metadata GC Threshold)
[2023-12-04T14:38:12.446+0000][175][info ][gc,task     ] GC(7) Using 10 workers of 10 for evacuation
[2023-12-04T14:38:12.446+0000][175][debug][gc,age      ] GC(7) Desired survivor size 20971520 bytes, new threshold 15 (max threshold 15)
[2023-12-04T14:38:12.451+0000][175][info ][gc,phases   ] GC(7)   Pre Evacuate Collection Set: 0.2ms
[2023-12-04T14:38:12.451+0000][175][info ][gc,phases   ] GC(7)   Merge Heap Roots: 0.0ms
[2023-12-04T14:38:12.451+0000][175][info ][gc,phases   ] GC(7)   Evacuate Collection Set: 4.7ms
[2023-12-04T14:38:12.451+0000][175][info ][gc,phases   ] GC(7)   Post Evacuate Collection Set: 0.6ms
[2023-12-04T14:38:12.451+0000][175][info ][gc,phases   ] GC(7)   Other: 0.1ms
[2023-12-04T14:38:12.451+0000][175][trace][gc,age      ] GC(7) Age table with threshold 15 (max threshold 15)
[2023-12-04T14:38:12.451+0000][175][trace][gc,age      ] GC(7) - age   1:    5481792 bytes,    5481792 total
[2023-12-04T14:38:12.451+0000][175][trace][gc,age      ] GC(7) - age   2:    4699232 bytes,   10181024 total
[2023-12-04T14:38:12.451+0000][175][trace][gc,age      ] GC(7) - age   3:    6486152 bytes,   16667176 total
[2023-12-04T14:38:12.451+0000][175][trace][gc,age      ] GC(7) - age   4:     877704 bytes,   17544880 total
[2023-12-04T14:38:12.451+0000][175][trace][gc,age      ] GC(7) - age   5:    2590952 bytes,   20135832 total
[2023-12-04T14:38:12.451+0000][175][trace][gc,age      ] GC(7) - age   6:    5084448 bytes,   25220280 total
[2023-12-04T14:38:12.451+0000][175][info ][gc,heap     ] GC(7) Eden regions: 59->0(69)
[2023-12-04T14:38:12.451+0000][175][info ][gc,heap     ] GC(7) Survivor regions: 6->7(10)
[2023-12-04T14:38:12.451+0000][175][info ][gc,heap     ] GC(7) Old regions: 1->1
[2023-12-04T14:38:12.452+0000][175][info ][gc,heap     ] GC(7) Humongous regions: 0->0
[2023-12-04T14:38:12.452+0000][175][info ][gc,metaspace] GC(7) Metaspace: 35350K(36096K)->35350K(36096K) NonClass: 31355K(31808K)->31355K(31808K) Class: 3995K(4288K)->3995K(4288K)
[2023-12-04T14:38:12.452+0000][175][info ][gc          ] GC(7) Pause Young (Concurrent Start) (Metadata GC Threshold) 260M->30M(512M) 5.737ms
[2023-12-04T14:38:12.452+0000][175][info ][gc,cpu      ] GC(7) User=0.03s Sys=0.01s Real=0.01s
[2023-12-04T14:38:12.452+0000][175][info ][gc          ] GC(8) Concurrent Mark Cycle
[2023-12-04T14:38:12.452+0000][175][info ][gc,marking  ] GC(8) Concurrent Scan Root Regions
[2023-12-04T14:38:12.452+0000][175][info ][safepoint   ] Safepoint "CollectForMetadataAllocation", Time since last: 338700094 ns, Reaching safepoint: 2201 ns, Cleanup: 64139 ns, At safepoint: 5828112 ns, Total: 5894452 ns
[2023-12-04T14:38:12.456+0000][175][info ][gc,marking  ] GC(8) Concurrent Scan Root Regions 4.024ms
[2023-12-04T14:38:12.456+0000][175][info ][gc,marking  ] GC(8) Concurrent Mark
[2023-12-04T14:38:12.456+0000][175][info ][gc,marking  ] GC(8) Concurrent Mark From Roots
[2023-12-04T14:38:12.456+0000][175][info ][gc,task     ] GC(8) Using 3 workers of 3 for marking
[2023-12-04T14:38:12.458+0000][175][info ][gc,marking  ] GC(8) Concurrent Mark From Roots 2.524ms
[2023-12-04T14:38:12.458+0000][175][info ][gc,marking  ] GC(8) Concurrent Preclean
[2023-12-04T14:38:12.458+0000][175][info ][gc,marking  ] GC(8) Concurrent Preclean 0.014ms
[2023-12-04T14:38:12.458+0000][175][info ][gc,start    ] GC(8) Pause Remark
[2023-12-04T14:38:12.460+0000][175][info ][gc          ] GC(8) Pause Remark 33M->33M(512M) 2.088ms
[2023-12-04T14:38:12.460+0000][175][info ][gc,cpu      ] GC(8) User=0.01s Sys=0.00s Real=0.00s
[2023-12-04T14:38:12.461+0000][175][info ][safepoint   ] Safepoint "G1PauseRemark", Time since last: 6683319 ns, Reaching safepoint: 68849 ns, Cleanup: 4882 ns, At safepoint: 2125275 ns, Total: 2199006 ns
[2023-12-04T14:38:12.461+0000][175][info ][gc,marking  ] GC(8) Concurrent Mark 4.922ms
[2023-12-04T14:38:12.461+0000][175][info ][gc,marking  ] GC(8) Concurrent Rebuild Remembered Sets and Scrub Regions
[2023-12-04T14:38:12.462+0000][175][info ][gc,marking  ] GC(8) Concurrent Rebuild Remembered Sets and Scrub Regions 1.288ms
[2023-12-04T14:38:12.462+0000][175][info ][gc,start    ] GC(8) Pause Cleanup
[2023-12-04T14:38:12.462+0000][175][info ][gc          ] GC(8) Pause Cleanup 33M->33M(512M) 0.053ms
[2023-12-04T14:38:12.462+0000][175][info ][gc,cpu      ] GC(8) User=0.00s Sys=0.00s Real=0.00s
[2023-12-04T14:38:12.462+0000][175][info ][safepoint   ] Safepoint "G1PauseCleanup", Time since last: 1454168 ns, Reaching safepoint: 259663 ns, Cleanup: 4347 ns, At safepoint: 76910 ns, Total: 340920 ns
[2023-12-04T14:38:12.462+0000][175][info ][gc,marking  ] GC(8) Concurrent Clear Claimed Marks
[2023-12-04T14:38:12.462+0000][175][info ][gc,marking  ] GC(8) Concurrent Clear Claimed Marks 0.034ms
[2023-12-04T14:38:12.462+0000][175][info ][gc,marking  ] GC(8) Concurrent Cleanup for Next Mark
[2023-12-04T14:38:12.463+0000][175][info ][gc,marking  ] GC(8) Concurrent Cleanup for Next Mark 0.230ms
[2023-12-04T14:38:12.463+0000][175][info ][gc          ] GC(8) Concurrent Mark Cycle 11.066ms
[2023-12-04T14:38:12.721+0000][175][info ][gc,start    ] GC(9) Pause Young (Normal) (G1 Evacuation Pause)
[2023-12-04T14:38:12.721+0000][175][info ][gc,task     ] GC(9) Using 10 workers of 10 for evacuation
[2023-12-04T14:38:12.721+0000][175][debug][gc,age      ] GC(9) Desired survivor size 20971520 bytes, new threshold 6 (max threshold 15)
[2023-12-04T14:38:12.727+0000][175][info ][gc,phases   ] GC(9)   Pre Evacuate Collection Set: 0.1ms
[2023-12-04T14:38:12.727+0000][175][info ][gc,phases   ] GC(9)   Merge Heap Roots: 0.0ms
[2023-12-04T14:38:12.727+0000][175][info ][gc,phases   ] GC(9)   Evacuate Collection Set: 5.1ms
[2023-12-04T14:38:12.727+0000][175][info ][gc,phases   ] GC(9)   Post Evacuate Collection Set: 0.5ms
[2023-12-04T14:38:12.727+0000][175][info ][gc,phases   ] GC(9)   Other: 0.0ms
[2023-12-04T14:38:12.727+0000][175][trace][gc,age      ] GC(9) Age table with threshold 6 (max threshold 15)
[2023-12-04T14:38:12.727+0000][175][trace][gc,age      ] GC(9) - age   1:    2876704 bytes,    2876704 total
[2023-12-04T14:38:12.727+0000][175][trace][gc,age      ] GC(9) - age   2:    5452296 bytes,    8329000 total
[2023-12-04T14:38:12.727+0000][175][trace][gc,age      ] GC(9) - age   3:    4699016 bytes,   13028016 total
[2023-12-04T14:38:12.727+0000][175][trace][gc,age      ] GC(9) - age   4:    6483432 bytes,   19511448 total
[2023-12-04T14:38:12.727+0000][175][trace][gc,age      ] GC(9) - age   5:     877704 bytes,   20389152 total
[2023-12-04T14:38:12.727+0000][175][trace][gc,age      ] GC(9) - age   6:    2590888 bytes,   22980040 total
[2023-12-04T14:38:12.727+0000][175][info ][gc,heap     ] GC(9) Eden regions: 69->0(70)
[2023-12-04T14:38:12.727+0000][175][info ][gc,heap     ] GC(9) Survivor regions: 7->6(10)
[2023-12-04T14:38:12.727+0000][175][info ][gc,heap     ] GC(9) Old regions: 1->3
[2023-12-04T14:38:12.727+0000][175][info ][gc,heap     ] GC(9) Humongous regions: 0->0
[2023-12-04T14:38:12.727+0000][175][info ][gc,metaspace] GC(9) Metaspace: 36463K(37312K)->36463K(37312K) NonClass: 32321K(32832K)->32321K(32832K) Class: 4141K(4480K)->4141K(4480K)
[2023-12-04T14:38:12.727+0000][175][info ][gc          ] GC(9) Pause Young (Normal) (G1 Evacuation Pause) 306M->32M(512M) 6.026ms
[2023-12-04T14:38:12.727+0000][175][info ][gc,cpu      ] GC(9) User=0.06s Sys=0.00s Real=0.01s
[2023-12-04T14:38:12.727+0000][175][info ][safepoint   ] Safepoint "G1CollectForAllocation", Time since last: 258887461 ns, Reaching safepoint: 2569 ns, Cleanup: 41291 ns, At safepoint: 6066196 ns, Total: 6110056 ns
[2023-12-04T14:38:13.065+0000][175][info ][safepoint   ] Safepoint "ICBufferFull", Time since last: 338110058 ns, Reaching safepoint: 2472 ns, Cleanup: 74392 ns, At safepoint: 1837 ns, Total: 78701 ns
[2023-12-04T14:38:13.436+0000][175][info ][safepoint   ] Safepoint "ICBufferFull", Time since last: 370077359 ns, Reaching safepoint: 3916 ns, Cleanup: 84818 ns, At safepoint: 3828 ns, Total: 92562 ns
[2023-12-04T14:38:13.577+0000][175][info ][gc,start    ] GC(10) Pause Young (Normal) (G1 Evacuation Pause)
[2023-12-04T14:38:13.577+0000][175][info ][gc,task     ] GC(10) Using 10 workers of 10 for evacuation
[2023-12-04T14:38:13.577+0000][175][debug][gc,age      ] GC(10) Desired survivor size 20971520 bytes, new threshold 6 (max threshold 15)
[2023-12-04T14:38:13.584+0000][175][info ][gc,phases   ] GC(10)   Pre Evacuate Collection Set: 0.1ms
[2023-12-04T14:38:13.584+0000][175][info ][gc,phases   ] GC(10)   Merge Heap Roots: 0.1ms
[2023-12-04T14:38:13.584+0000][175][info ][gc,phases   ] GC(10)   Evacuate Collection Set: 6.0ms
[2023-12-04T14:38:13.584+0000][175][info ][gc,phases   ] GC(10)   Post Evacuate Collection Set: 0.7ms
[2023-12-04T14:38:13.584+0000][175][info ][gc,phases   ] GC(10)   Other: 0.0ms
[2023-12-04T14:38:13.584+0000][175][trace][gc,age      ] GC(10) Age table with threshold 6 (max threshold 15)
[2023-12-04T14:38:13.584+0000][175][trace][gc,age      ] GC(10) - age   1:   11262904 bytes,   11262904 total
[2023-12-04T14:38:13.584+0000][175][trace][gc,age      ] GC(10) - age   2:    1370672 bytes,   12633576 total
[2023-12-04T14:38:13.584+0000][175][trace][gc,age      ] GC(10) - age   3:    5427064 bytes,   18060640 total
[2023-12-04T14:38:13.584+0000][175][trace][gc,age      ] GC(10) - age   4:    4674320 bytes,   22734960 total
[2023-12-04T14:38:13.584+0000][175][trace][gc,age      ] GC(10) - age   5:    6443856 bytes,   29178816 total
[2023-12-04T14:38:13.584+0000][175][trace][gc,age      ] GC(10) - age   6:     872808 bytes,   30051624 total
[2023-12-04T14:38:13.584+0000][175][info ][gc,heap     ] GC(10) Eden regions: 70->0(68)
[2023-12-04T14:38:13.584+0000][175][info ][gc,heap     ] GC(10) Survivor regions: 6->8(10)
[2023-12-04T14:38:13.584+0000][175][info ][gc,heap     ] GC(10) Old regions: 3->3
[2023-12-04T14:38:13.584+0000][175][info ][gc,heap     ] GC(10) Humongous regions: 0->0
[2023-12-04T14:38:13.584+0000][175][info ][gc,metaspace] GC(10) Metaspace: 46949K(48320K)->46949K(48320K) NonClass: 41384K(42240K)->41384K(42240K) Class: 5564K(6080K)->5564K(6080K)
[2023-12-04T14:38:13.584+0000][175][info ][gc          ] GC(10) Pause Young (Normal) (G1 Evacuation Pause) 312M->41M(512M) 7.165ms
[2023-12-04T14:38:13.584+0000][175][info ][gc,cpu      ] GC(10) User=0.06s Sys=0.00s Real=0.00s
[2023-12-04T14:38:13.584+0000][175][info ][safepoint   ] Safepoint "G1CollectForAllocation", Time since last: 141104996 ns, Reaching safepoint: 2985 ns, Cleanup: 23375 ns, At safepoint: 7204585 ns, Total: 7230945 ns
[2023-12-04T14:38:14.438+0000][175][info ][safepoint   ] Safepoint "ICBufferFull", Time since last: 854071552 ns, Reaching safepoint: 3018 ns, Cleanup: 72254 ns, At safepoint: 1847 ns, Total: 77119 ns
[2023-12-04T14:38:14.646+0000][175][info ][gc,start    ] GC(11) Pause Young (Normal) (G1 Evacuation Pause)
[2023-12-04T14:38:14.647+0000][175][info ][gc,task     ] GC(11) Using 10 workers of 10 for evacuation
[2023-12-04T14:38:14.647+0000][175][debug][gc,age      ] GC(11) Desired survivor size 20971520 bytes, new threshold 4 (max threshold 15)
[2023-12-04T14:38:14.656+0000][175][info ][gc,phases   ] GC(11)   Pre Evacuate Collection Set: 0.1ms
[2023-12-04T14:38:14.656+0000][175][info ][gc,phases   ] GC(11)   Merge Heap Roots: 0.1ms
[2023-12-04T14:38:14.656+0000][175][info ][gc,phases   ] GC(11)   Evacuate Collection Set: 8.4ms
[2023-12-04T14:38:14.656+0000][175][info ][gc,phases   ] GC(11)   Post Evacuate Collection Set: 0.9ms
[2023-12-04T14:38:14.656+0000][175][info ][gc,phases   ] GC(11)   Other: 0.0ms
[2023-12-04T14:38:14.656+0000][175][trace][gc,age      ] GC(11) Age table with threshold 4 (max threshold 15)
[2023-12-04T14:38:14.656+0000][175][trace][gc,age      ] GC(11) - age   1:   14235560 bytes,   14235560 total
[2023-12-04T14:38:14.656+0000][175][trace][gc,age      ] GC(11) - age   2:   10881328 bytes,   25116888 total
[2023-12-04T14:38:14.656+0000][175][trace][gc,age      ] GC(11) - age   3:    1370040 bytes,   26486928 total
[2023-12-04T14:38:14.656+0000][175][trace][gc,age      ] GC(11) - age   4:    5420648 bytes,   31907576 total
[2023-12-04T14:38:14.656+0000][175][info ][gc,heap     ] GC(11) Eden regions: 68->0(67)
[2023-12-04T14:38:14.656+0000][175][info ][gc,heap     ] GC(11) Survivor regions: 8->9(10)
[2023-12-04T14:38:14.656+0000][175][info ][gc,heap     ] GC(11) Old regions: 3->6
[2023-12-04T14:38:14.656+0000][175][info ][gc,heap     ] GC(11) Humongous regions: 0->0
[2023-12-04T14:38:14.656+0000][175][info ][gc,metaspace] GC(11) Metaspace: 53353K(54784K)->53353K(54784K) NonClass: 46877K(47744K)->46877K(47744K) Class: 6475K(7040K)->6475K(7040K)
[2023-12-04T14:38:14.656+0000][175][info ][gc          ] GC(11) Pause Young (Normal) (G1 Evacuation Pause) 313M->56M(512M) 9.677ms
[2023-12-04T14:38:14.656+0000][175][info ][gc,cpu      ] GC(11) User=0.09s Sys=0.00s Real=0.01s
[2023-12-04T14:38:14.656+0000][175][info ][safepoint   ] Safepoint "G1CollectForAllocation", Time since last: 208279851 ns, Reaching safepoint: 2848 ns, Cleanup: 42806 ns, At safepoint: 9709452 ns, Total: 9755106 ns
[2023-12-04T14:38:14.940+0000][175][info ][safepoint   ] Safepoint "ICBufferFull", Time since last: 283655482 ns, Reaching safepoint: 120219 ns, Cleanup: 73239 ns, At safepoint: 2520 ns, Total: 195978 ns
[2023-12-04T14:38:14.957+0000][175][info ][gc,start    ] GC(12) Pause Young (Concurrent Start) (Metadata GC Threshold)
[2023-12-04T14:38:14.957+0000][175][info ][gc,task     ] GC(12) Using 10 workers of 10 for evacuation
[2023-12-04T14:38:14.957+0000][175][debug][gc,age      ] GC(12) Desired survivor size 20971520 bytes, new threshold 2 (max threshold 15)
[2023-12-04T14:38:14.964+0000][175][info ][gc,phases   ] GC(12)   Pre Evacuate Collection Set: 0.1ms
[2023-12-04T14:38:14.964+0000][175][info ][gc,phases   ] GC(12)   Merge Heap Roots: 0.0ms
[2023-12-04T14:38:14.964+0000][175][info ][gc,phases   ] GC(12)   Evacuate Collection Set: 7.2ms
[2023-12-04T14:38:14.965+0000][175][info ][gc,phases   ] GC(12)   Post Evacuate Collection Set: 0.5ms
[2023-12-04T14:38:14.965+0000][175][info ][gc,phases   ] GC(12)   Other: 0.1ms
[2023-12-04T14:38:14.965+0000][175][trace][gc,age      ] GC(12) Age table with threshold 2 (max threshold 15)
[2023-12-04T14:38:14.965+0000][175][trace][gc,age      ] GC(12) - age   1:    2882088 bytes,    2882088 total
[2023-12-04T14:38:14.965+0000][175][trace][gc,age      ] GC(12) - age   2:   14102120 bytes,   16984208 total
[2023-12-04T14:38:14.965+0000][175][info ][gc,heap     ] GC(12) Eden regions: 23->0(71)
[2023-12-04T14:38:14.965+0000][175][info ][gc,heap     ] GC(12) Survivor regions: 9->5(10)
[2023-12-04T14:38:14.965+0000][175][info ][gc,heap     ] GC(12) Old regions: 6->11
[2023-12-04T14:38:14.965+0000][175][info ][gc,heap     ] GC(12) Humongous regions: 0->0
[2023-12-04T14:38:14.965+0000][175][info ][gc,metaspace] GC(12) Metaspace: 59124K(60480K)->59124K(60480K) NonClass: 51908K(52736K)->51908K(52736K) Class: 7215K(7744K)->7215K(7744K)
[2023-12-04T14:38:14.965+0000][175][info ][gc          ] GC(12) Pause Young (Concurrent Start) (Metadata GC Threshold) 148M->59M(512M) 8.093ms
[2023-12-04T14:38:14.965+0000][175][info ][gc,cpu      ] GC(12) User=0.08s Sys=0.00s Real=0.00s
[2023-12-04T14:38:14.965+0000][175][info ][gc          ] GC(13) Concurrent Mark Cycle
[2023-12-04T14:38:14.965+0000][175][info ][gc,marking  ] GC(13) Concurrent Scan Root Regions
[2023-12-04T14:38:14.965+0000][175][info ][safepoint   ] Safepoint "CollectForMetadataAllocation", Time since last: 16473030 ns, Reaching safepoint: 2451 ns, Cleanup: 6666 ns, At safepoint: 8189565 ns, Total: 8198682 ns
[2023-12-04T14:38:14.973+0000][175][info ][gc,marking  ] GC(13) Concurrent Scan Root Regions 8.741ms
[2023-12-04T14:38:14.973+0000][175][info ][gc,marking  ] GC(13) Concurrent Mark
[2023-12-04T14:38:14.973+0000][175][info ][gc,marking  ] GC(13) Concurrent Mark From Roots
[2023-12-04T14:38:14.973+0000][175][info ][gc,task     ] GC(13) Using 3 workers of 3 for marking
[2023-12-04T14:38:14.977+0000][175][info ][safepoint   ] Safepoint "CollectForMetadataAllocation", Time since last: 12037260 ns, Reaching safepoint: 102677 ns, Cleanup: 2380 ns, At safepoint: 55052 ns, Total: 160109 ns
[2023-12-04T14:38:14.983+0000][175][info ][gc,marking  ] GC(13) Concurrent Mark From Roots 9.945ms
[2023-12-04T14:38:14.983+0000][175][info ][gc,marking  ] GC(13) Concurrent Preclean
[2023-12-04T14:38:14.983+0000][175][info ][gc,marking  ] GC(13) Concurrent Preclean 0.053ms
[2023-12-04T14:38:14.984+0000][175][info ][gc,start    ] GC(13) Pause Remark
[2023-12-04T14:38:14.989+0000][175][info ][gc          ] GC(13) Pause Remark 63M->63M(512M) 5.468ms
[2023-12-04T14:38:14.989+0000][175][info ][gc,cpu      ] GC(13) User=0.04s Sys=0.00s Real=0.01s
[2023-12-04T14:38:14.989+0000][175][info ][safepoint   ] Safepoint "G1PauseRemark", Time since last: 6664196 ns, Reaching safepoint: 3645 ns, Cleanup: 1812 ns, At safepoint: 5525636 ns, Total: 5531093 ns
[2023-12-04T14:38:14.989+0000][175][info ][gc,marking  ] GC(13) Concurrent Mark 15.681ms
[2023-12-04T14:38:14.989+0000][175][info ][gc,marking  ] GC(13) Concurrent Rebuild Remembered Sets and Scrub Regions
[2023-12-04T14:38:14.995+0000][175][info ][gc,marking  ] GC(13) Concurrent Rebuild Remembered Sets and Scrub Regions 5.646ms
[2023-12-04T14:38:14.996+0000][175][info ][gc,start    ] GC(13) Pause Cleanup
[2023-12-04T14:38:14.996+0000][175][info ][gc          ] GC(13) Pause Cleanup 63M->63M(512M) 0.072ms
[2023-12-04T14:38:14.996+0000][175][info ][gc,cpu      ] GC(13) User=0.00s Sys=0.00s Real=0.00s
[2023-12-04T14:38:14.996+0000][175][info ][safepoint   ] Safepoint "G1PauseCleanup", Time since last: 5842928 ns, Reaching safepoint: 573737 ns, Cleanup: 8437 ns, At safepoint: 114089 ns, Total: 696263 ns
[2023-12-04T14:38:14.996+0000][175][info ][gc,marking  ] GC(13) Concurrent Clear Claimed Marks
[2023-12-04T14:38:14.996+0000][175][info ][gc,marking  ] GC(13) Concurrent Clear Claimed Marks 0.047ms
[2023-12-04T14:38:14.996+0000][175][info ][gc,marking  ] GC(13) Concurrent Cleanup for Next Mark
[2023-12-04T14:38:14.996+0000][175][info ][gc,marking  ] GC(13) Concurrent Cleanup for Next Mark 0.226ms
[2023-12-04T14:38:14.996+0000][175][info ][gc          ] GC(13) Concurrent Mark Cycle 31.348ms
[2023-12-04T14:38:15.996+0000][175][info ][safepoint   ] Safepoint "Cleanup", Time since last: 1000118629 ns, Reaching safepoint: 84681 ns, Cleanup: 72800 ns, At safepoint: 5978 ns, Total: 163459 ns
[2023-12-04T14:38:16.014+0000][175][info ][gc,start    ] GC(14) Pause Young (Normal) (G1 Evacuation Pause)
[2023-12-04T14:38:16.014+0000][175][info ][gc,task     ] GC(14) Using 10 workers of 10 for evacuation
[2023-12-04T14:38:16.014+0000][175][debug][gc,age      ] GC(14) Desired survivor size 20971520 bytes, new threshold 15 (max threshold 15)
[2023-12-04T14:38:16.020+0000][175][info ][gc,phases   ] GC(14)   Pre Evacuate Collection Set: 0.1ms
[2023-12-04T14:38:16.020+0000][175][info ][gc,phases   ] GC(14)   Merge Heap Roots: 0.0ms
[2023-12-04T14:38:16.020+0000][175][info ][gc,phases   ] GC(14)   Evacuate Collection Set: 4.6ms
[2023-12-04T14:38:16.020+0000][175][info ][gc,phases   ] GC(14)   Post Evacuate Collection Set: 0.9ms
[2023-12-04T14:38:16.020+0000][175][info ][gc,phases   ] GC(14)   Other: 0.0ms
[2023-12-04T14:38:16.020+0000][175][trace][gc,age      ] GC(14) Age table with threshold 15 (max threshold 15)
[2023-12-04T14:38:16.020+0000][175][trace][gc,age      ] GC(14) - age   1:    3044464 bytes,    3044464 total
[2023-12-04T14:38:16.020+0000][175][trace][gc,age      ] GC(14) - age   2:    2809104 bytes,    5853568 total
[2023-12-04T14:38:16.020+0000][175][trace][gc,age      ] GC(14) - age   3:   14083608 bytes,   19937176 total
[2023-12-04T14:38:16.020+0000][175][info ][gc,heap     ] GC(14) Eden regions: 71->0(70)
[2023-12-04T14:38:16.020+0000][175][info ][gc,heap     ] GC(14) Survivor regions: 5->6(10)
[2023-12-04T14:38:16.020+0000][175][info ][gc,heap     ] GC(14) Old regions: 11->11
[2023-12-04T14:38:16.020+0000][175][info ][gc,heap     ] GC(14) Humongous regions: 0->0
[2023-12-04T14:38:16.020+0000][175][info ][gc,metaspace] GC(14) Metaspace: 69947K(71488K)->69947K(71488K) NonClass: 60981K(61952K)->60981K(61952K) Class: 8966K(9536K)->8966K(9536K)
[2023-12-04T14:38:16.020+0000][175][info ][gc          ] GC(14) Pause Young (Normal) (G1 Evacuation Pause) 343M->63M(512M) 5.815ms
[2023-12-04T14:38:16.020+0000][175][info ][gc,cpu      ] GC(14) User=0.06s Sys=0.00s Real=0.01s
[2023-12-04T14:38:16.020+0000][175][info ][safepoint   ] Safepoint "G1CollectForAllocation", Time since last: 18246432 ns, Reaching safepoint: 3131 ns, Cleanup: 1982 ns, At safepoint: 5866874 ns, Total: 5871987 ns
[2023-12-04T14:38:17.509+0000][175][info ][safepoint   ] Safepoint "ICBufferFull", Time since last: 1489027097 ns, Reaching safepoint: 5105 ns, Cleanup: 81382 ns, At safepoint: 2260 ns, Total: 88747 ns
[2023-12-04T14:38:17.764+0000][175][info ][gc,start    ] GC(15) Pause Young (Normal) (G1 Evacuation Pause)
[2023-12-04T14:38:17.764+0000][175][info ][gc,task     ] GC(15) Using 10 workers of 10 for evacuation
[2023-12-04T14:38:17.764+0000][175][debug][gc,age      ] GC(15) Desired survivor size 20971520 bytes, new threshold 15 (max threshold 15)
[2023-12-04T14:38:17.771+0000][175][info ][gc,phases   ] GC(15)   Pre Evacuate Collection Set: 0.1ms
[2023-12-04T14:38:17.771+0000][175][info ][gc,phases   ] GC(15)   Merge Heap Roots: 0.0ms
[2023-12-04T14:38:17.771+0000][175][info ][gc,phases   ] GC(15)   Evacuate Collection Set: 6.1ms
[2023-12-04T14:38:17.771+0000][175][info ][gc,phases   ] GC(15)   Post Evacuate Collection Set: 0.7ms
[2023-12-04T14:38:17.771+0000][175][info ][gc,phases   ] GC(15)   Other: 0.0ms
[2023-12-04T14:38:17.771+0000][175][trace][gc,age      ] GC(15) Age table with threshold 15 (max threshold 15)
[2023-12-04T14:38:17.771+0000][175][trace][gc,age      ] GC(15) - age   1:    6539320 bytes,    6539320 total
[2023-12-04T14:38:17.771+0000][175][trace][gc,age      ] GC(15) - age   2:    2782120 bytes,    9321440 total
[2023-12-04T14:38:17.771+0000][175][trace][gc,age      ] GC(15) - age   3:    2798584 bytes,   12120024 total
[2023-12-04T14:38:17.771+0000][175][trace][gc,age      ] GC(15) - age   4:   14071528 bytes,   26191552 total
[2023-12-04T14:38:17.771+0000][175][info ][gc,heap     ] GC(15) Eden regions: 70->0(69)
[2023-12-04T14:38:17.771+0000][175][info ][gc,heap     ] GC(15) Survivor regions: 6->7(10)
[2023-12-04T14:38:17.772+0000][175][info ][gc,heap     ] GC(15) Old regions: 11->11
[2023-12-04T14:38:17.772+0000][175][info ][gc,heap     ] GC(15) Humongous regions: 0->0
[2023-12-04T14:38:17.772+0000][175][info ][gc,metaspace] GC(15) Metaspace: 82364K(84032K)->82364K(84032K) NonClass: 71742K(72704K)->71742K(72704K) Class: 10621K(11328K)->10621K(11328K)
[2023-12-04T14:38:17.772+0000][175][info ][gc          ] GC(15) Pause Young (Normal) (G1 Evacuation Pause) 343M->69M(512M) 7.313ms
[2023-12-04T14:38:17.772+0000][175][info ][gc,cpu      ] GC(15) User=0.07s Sys=0.00s Real=0.01s
[2023-12-04T14:38:17.772+0000][175][info ][safepoint   ] Safepoint "G1CollectForAllocation", Time since last: 254970472 ns, Reaching safepoint: 70359 ns, Cleanup: 31937 ns, At safepoint: 7355127 ns, Total: 7457423 ns
[2023-12-04T14:38:18.554+0000][175][info ][safepoint   ] Safepoint "ICBufferFull", Time since last: 781991917 ns, Reaching safepoint: 68722 ns, Cleanup: 73127 ns, At safepoint: 2215 ns, Total: 144064 ns
[2023-12-04T14:38:18.561+0000][175][info ][gc,start    ] GC(16) Pause Young (Concurrent Start) (Metadata GC Threshold)
[2023-12-04T14:38:18.562+0000][175][info ][gc,task     ] GC(16) Using 10 workers of 10 for evacuation
[2023-12-04T14:38:18.562+0000][175][debug][gc,age      ] GC(16) Desired survivor size 20971520 bytes, new threshold 4 (max threshold 15)
[2023-12-04T14:38:18.570+0000][175][info ][gc,phases   ] GC(16)   Pre Evacuate Collection Set: 0.1ms
[2023-12-04T14:38:18.570+0000][175][info ][gc,phases   ] GC(16)   Merge Heap Roots: 0.0ms
[2023-12-04T14:38:18.570+0000][175][info ][gc,phases   ] GC(16)   Evacuate Collection Set: 7.3ms
[2023-12-04T14:38:18.570+0000][175][info ][gc,phases   ] GC(16)   Post Evacuate Collection Set: 0.8ms
[2023-12-04T14:38:18.570+0000][175][info ][gc,phases   ] GC(16)   Other: 0.1ms
[2023-12-04T14:38:18.570+0000][175][trace][gc,age      ] GC(16) Age table with threshold 4 (max threshold 15)
[2023-12-04T14:38:18.570+0000][175][trace][gc,age      ] GC(16) - age   1:    5498032 bytes,    5498032 total
[2023-12-04T14:38:18.570+0000][175][trace][gc,age      ] GC(16) - age   2:    6093048 bytes,   11591080 total
[2023-12-04T14:38:18.570+0000][175][trace][gc,age      ] GC(16) - age   3:    2774936 bytes,   14366016 total
[2023-12-04T14:38:18.570+0000][175][trace][gc,age      ] GC(16) - age   4:    2795792 bytes,   17161808 total
[2023-12-04T14:38:18.570+0000][175][info ][gc,heap     ] GC(16) Eden regions: 35->0(71)
[2023-12-04T14:38:18.570+0000][175][info ][gc,heap     ] GC(16) Survivor regions: 7->5(10)
[2023-12-04T14:38:18.570+0000][175][info ][gc,heap     ] GC(16) Old regions: 11->14
[2023-12-04T14:38:18.570+0000][175][info ][gc,heap     ] GC(16) Humongous regions: 0->0
[2023-12-04T14:38:18.570+0000][175][info ][gc,metaspace] GC(16) Metaspace: 99809K(101568K)->99809K(101568K) NonClass: 86707K(87808K)->86707K(87808K) Class: 13101K(13760K)->13101K(13760K)
[2023-12-04T14:38:18.570+0000][175][info ][gc          ] GC(16) Pause Young (Concurrent Start) (Metadata GC Threshold) 207M->74M(512M) 8.515ms
[2023-12-04T14:38:18.570+0000][175][info ][gc          ] GC(17) Concurrent Mark Cycle
[2023-12-04T14:38:18.570+0000][175][info ][gc,cpu      ] GC(16) User=0.09s Sys=0.00s Real=0.01s
[2023-12-04T14:38:18.570+0000][175][info ][gc,marking  ] GC(17) Concurrent Scan Root Regions
[2023-12-04T14:38:18.570+0000][175][info ][safepoint   ] Safepoint "CollectForMetadataAllocation", Time since last: 7740139 ns, Reaching safepoint: 2708 ns, Cleanup: 1626 ns, At safepoint: 8637573 ns, Total: 8641907 ns
[2023-12-04T14:38:18.579+0000][175][info ][gc,marking  ] GC(17) Concurrent Scan Root Regions 8.986ms
[2023-12-04T14:38:18.579+0000][175][info ][gc,marking  ] GC(17) Concurrent Mark
[2023-12-04T14:38:18.579+0000][175][info ][gc,marking  ] GC(17) Concurrent Mark From Roots
[2023-12-04T14:38:18.579+0000][175][info ][gc,task     ] GC(17) Using 3 workers of 3 for marking
[2023-12-04T14:38:18.585+0000][175][info ][safepoint   ] Safepoint "CollectForMetadataAllocation", Time since last: 15118368 ns, Reaching safepoint: 156921 ns, Cleanup: 6425 ns, At safepoint: 55276 ns, Total: 218622 ns
[2023-12-04T14:38:18.595+0000][175][info ][gc,marking  ] GC(17) Concurrent Mark From Roots 15.758ms
[2023-12-04T14:38:18.595+0000][175][info ][gc,marking  ] GC(17) Concurrent Preclean
[2023-12-04T14:38:18.595+0000][175][info ][gc,marking  ] GC(17) Concurrent Preclean 0.190ms
[2023-12-04T14:38:18.595+0000][175][info ][gc,start    ] GC(17) Pause Remark
[2023-12-04T14:38:18.599+0000][175][info ][gc          ] GC(17) Pause Remark 78M->78M(512M) 4.001ms
[2023-12-04T14:38:18.599+0000][175][info ][gc,cpu      ] GC(17) User=0.01s Sys=0.00s Real=0.00s
[2023-12-04T14:38:18.599+0000][175][info ][safepoint   ] Safepoint "G1PauseRemark", Time since last: 9702796 ns, Reaching safepoint: 3182 ns, Cleanup: 9220 ns, At safepoint: 4041055 ns, Total: 4053457 ns
[2023-12-04T14:38:18.599+0000][175][info ][gc,marking  ] GC(17) Concurrent Mark 20.207ms
[2023-12-04T14:38:18.599+0000][175][info ][gc,marking  ] GC(17) Concurrent Rebuild Remembered Sets and Scrub Regions
[2023-12-04T14:38:18.602+0000][175][info ][gc,marking  ] GC(17) Concurrent Rebuild Remembered Sets and Scrub Regions 2.924ms
[2023-12-04T14:38:18.602+0000][175][info ][gc,start    ] GC(17) Pause Cleanup
[2023-12-04T14:38:18.602+0000][175][info ][gc          ] GC(17) Pause Cleanup 80M->80M(512M) 0.020ms
[2023-12-04T14:38:18.602+0000][175][info ][gc,cpu      ] GC(17) User=0.00s Sys=0.00s Real=0.00s
[2023-12-04T14:38:18.602+0000][175][info ][safepoint   ] Safepoint "G1PauseCleanup", Time since last: 3100578 ns, Reaching safepoint: 68799 ns, Cleanup: 8388 ns, At safepoint: 42979 ns, Total: 120166 ns
[2023-12-04T14:38:18.602+0000][175][info ][gc,marking  ] GC(17) Concurrent Clear Claimed Marks
[2023-12-04T14:38:18.603+0000][175][info ][gc,marking  ] GC(17) Concurrent Clear Claimed Marks 0.065ms
[2023-12-04T14:38:18.603+0000][175][info ][gc,marking  ] GC(17) Concurrent Cleanup for Next Mark
[2023-12-04T14:38:18.603+0000][175][info ][gc,marking  ] GC(17) Concurrent Cleanup for Next Mark 0.220ms
[2023-12-04T14:38:18.603+0000][175][info ][gc          ] GC(17) Concurrent Mark Cycle 32.807ms
[2023-12-04T14:38:19.171+0000][175][info ][safepoint   ] Safepoint "ICBufferFull", Time since last: 568355033 ns, Reaching safepoint: 3477 ns, Cleanup: 71073 ns, At safepoint: 1848 ns, Total: 76398 ns
[2023-12-04T14:38:19.593+0000][175][info ][safepoint   ] Safepoint "ICBufferFull", Time since last: 421642214 ns, Reaching safepoint: 4561 ns, Cleanup: 74173 ns, At safepoint: 3229 ns, Total: 81963 ns
[2023-12-04T14:38:20.142+0000][175][info ][safepoint   ] Safepoint "ICBufferFull", Time since last: 549403976 ns, Reaching safepoint: 70253 ns, Cleanup: 58563 ns, At safepoint: 2396 ns, Total: 131212 ns
[2023-12-04T14:38:20.765+0000][175][info ][safepoint   ] Safepoint "ICBufferFull", Time since last: 622936559 ns, Reaching safepoint: 5677 ns, Cleanup: 80395 ns, At safepoint: 2831 ns, Total: 88903 ns
[2023-12-04T14:38:21.765+0000][175][info ][safepoint   ] Safepoint "Cleanup", Time since last: 1000106382 ns, Reaching safepoint: 11852 ns, Cleanup: 106533 ns, At safepoint: 3888 ns, Total: 122273 ns
[2023-12-04T14:38:22.766+0000][175][info ][safepoint   ] Safepoint "Cleanup", Time since last: 1000605092 ns, Reaching safepoint: 17200 ns, Cleanup: 86923 ns, At safepoint: 9779 ns, Total: 113902 ns
[2023-12-04T14:38:24.107+0000][175][info ][safepoint   ] Safepoint "Cleanup", Time since last: 1341217170 ns, Reaching safepoint: 10731 ns, Cleanup: 101053 ns, At safepoint: 12746 ns, Total: 124530 ns
[2023-12-04T14:38:25.192+0000][175][info ][safepoint   ] Safepoint "Cleanup", Time since last: 1084165989 ns, Reaching safepoint: 12754 ns, Cleanup: 57868 ns, At safepoint: 6228 ns, Total: 76850 ns
[2023-12-04T14:38:26.411+0000][175][info ][safepoint   ] Safepoint "Cleanup", Time since last: 1219420681 ns, Reaching safepoint: 37243 ns, Cleanup: 34772 ns, At safepoint: 3044 ns, Total: 75059 ns
[2023-12-04T14:38:28.412+0000][175][info ][safepoint   ] Safepoint "Cleanup", Time since last: 2000297745 ns, Reaching safepoint: 22892 ns, Cleanup: 29711 ns, At safepoint: 11396 ns, Total: 63999 ns
[2023-12-04T14:38:29.412+0000][175][info ][safepoint   ] Safepoint "Cleanup", Time since last: 1000502559 ns, Reaching safepoint: 18219 ns, Cleanup: 29795 ns, At safepoint: 9228 ns, Total: 57242 ns
[2023-12-04T14:38:30.413+0000][175][info ][safepoint   ] Safepoint "Cleanup", Time since last: 1000526458 ns, Reaching safepoint: 23909 ns, Cleanup: 26529 ns, At safepoint: 11538 ns, Total: 61976 ns
[2023-12-04T14:38:32.413+0000][175][info ][safepoint   ] Safepoint "Cleanup", Time since last: 2000514394 ns, Reaching safepoint: 65686 ns, Cleanup: 17598 ns, At safepoint: 9359 ns, Total: 92643 ns
[2023-12-04T14:38:33.414+0000][175][info ][safepoint   ] Safepoint "Cleanup", Time since last: 1000265738 ns, Reaching safepoint: 22881 ns, Cleanup: 26526 ns, At safepoint: 12871 ns, Total: 62278 ns
[2023-12-04T14:38:35.415+0000][175][info ][safepoint   ] Safepoint "Cleanup", Time since last: 2001002882 ns, Reaching safepoint: 9117 ns, Cleanup: 7378 ns, At safepoint: 2967 ns, Total: 19462 ns
[2023-12-04T14:38:37.388+0000][175][info ][safepoint   ] Safepoint "Cleanup", Time since last: 1972968656 ns, Reaching safepoint: 372835 ns, Cleanup: 151281 ns, At safepoint: 11471 ns, Total: 535587 ns
[2023-12-04T14:38:40.390+0000][175][info ][safepoint   ] Safepoint "Cleanup", Time since last: 3001568818 ns, Reaching safepoint: 18949 ns, Cleanup: 22671 ns, At safepoint: 9196 ns, Total: 50816 ns
[2023-12-04T14:38:44.391+0000][175][info ][safepoint   ] Safepoint "Cleanup", Time since last: 4001013701 ns, Reaching safepoint: 80866 ns, Cleanup: 24532 ns, At safepoint: 12462 ns, Total: 117860 ns
[2023-12-04T14:38:47.391+0000][175][info ][safepoint   ] Safepoint "Cleanup", Time since last: 3000457304 ns, Reaching safepoint: 60621 ns, Cleanup: 19474 ns, At safepoint: 9132 ns, Total: 89227 ns
[2023-12-04T14:38:50.392+0000][175][info ][safepoint   ] Safepoint "Cleanup", Time since last: 3000749078 ns, Reaching safepoint: 18921 ns, Cleanup: 32569 ns, At safepoint: 9494 ns, Total: 60984 ns
[2023-12-04T14:38:51.393+0000][175][info ][safepoint   ] Safepoint "Cleanup", Time since last: 1000253964 ns, Reaching safepoint: 19012 ns, Cleanup: 56031 ns, At safepoint: 9480 ns, Total: 84523 ns
[2023-12-04T14:38:52.393+0000][175][info ][safepoint   ] Safepoint "Cleanup", Time since last: 1000245654 ns, Reaching safepoint: 19517 ns, Cleanup: 72273 ns, At safepoint: 10967 ns, Total: 102757 ns
[2023-12-04T14:38:53.044+0000][175][info ][gc,start    ] GC(18) Pause Young (Normal) (G1 Evacuation Pause)
[2023-12-04T14:38:53.045+0000][175][info ][gc,task     ] GC(18) Using 10 workers of 10 for evacuation
[2023-12-04T14:38:53.045+0000][175][debug][gc,age      ] GC(18) Desired survivor size 20971520 bytes, new threshold 15 (max threshold 15)
[2023-12-04T14:38:53.061+0000][175][info ][gc,phases   ] GC(18)   Pre Evacuate Collection Set: 0.4ms
[2023-12-04T14:38:53.061+0000][175][info ][gc,phases   ] GC(18)   Merge Heap Roots: 0.2ms
[2023-12-04T14:38:53.061+0000][175][info ][gc,phases   ] GC(18)   Evacuate Collection Set: 14.9ms
[2023-12-04T14:38:53.061+0000][175][info ][gc,phases   ] GC(18)   Post Evacuate Collection Set: 1.0ms
[2023-12-04T14:38:53.061+0000][175][info ][gc,phases   ] GC(18)   Other: 0.1ms
[2023-12-04T14:38:53.061+0000][175][trace][gc,age      ] GC(18) Age table with threshold 15 (max threshold 15)
[2023-12-04T14:38:53.061+0000][175][trace][gc,age      ] GC(18) - age   1:   18818440 bytes,   18818440 total
[2023-12-04T14:38:53.061+0000][175][trace][gc,age      ] GC(18) - age   2:    5113528 bytes,   23931968 total
[2023-12-04T14:38:53.061+0000][175][trace][gc,age      ] GC(18) - age   3:    6049104 bytes,   29981072 total
[2023-12-04T14:38:53.061+0000][175][trace][gc,age      ] GC(18) - age   4:    2688336 bytes,   32669408 total
[2023-12-04T14:38:53.061+0000][175][trace][gc,age      ] GC(18) - age   5:    2712216 bytes,   35381624 total
[2023-12-04T14:38:53.061+0000][175][info ][gc,heap     ] GC(18) Eden regions: 71->0(66)
[2023-12-04T14:38:53.061+0000][175][info ][gc,heap     ] GC(18) Survivor regions: 5->10(10)
[2023-12-04T14:38:53.061+0000][175][info ][gc,heap     ] GC(18) Old regions: 14->14
[2023-12-04T14:38:53.061+0000][175][info ][gc,heap     ] GC(18) Humongous regions: 2->2
[2023-12-04T14:38:53.061+0000][175][info ][gc,metaspace] GC(18) Metaspace: 133467K(136896K)->133467K(136896K) NonClass: 114923K(116736K)->114923K(116736K) Class: 18544K(20160K)->18544K(20160K)
[2023-12-04T14:38:53.061+0000][175][info ][gc          ] GC(18) Pause Young (Normal) (G1 Evacuation Pause) 366M->101M(512M) 16.843ms
[2023-12-04T14:38:53.061+0000][175][info ][gc,cpu      ] GC(18) User=0.15s Sys=0.00s Real=0.02s
[2023-12-04T14:38:53.061+0000][175][info ][safepoint   ] Safepoint "G1CollectForAllocation", Time since last: 651384394 ns, Reaching safepoint: 19952 ns, Cleanup: 16055 ns, At safepoint: 16921023 ns, Total: 16957030 ns
[2023-12-04T14:38:54.061+0000][175][info ][safepoint   ] Safepoint "Cleanup", Time since last: 1000103630 ns, Reaching safepoint: 34113 ns, Cleanup: 24910 ns, At safepoint: 6604 ns, Total: 65627 ns
[2023-12-04T14:38:55.062+0000][175][info ][safepoint   ] Safepoint "Cleanup", Time since last: 1000288120 ns, Reaching safepoint: 20904 ns, Cleanup: 18666 ns, At safepoint: 9486 ns, Total: 49056 ns
[2023-12-04T14:38:56.062+0000][175][info ][safepoint   ] Safepoint "Cleanup", Time since last: 1000246366 ns, Reaching safepoint: 20254 ns, Cleanup: 18745 ns, At safepoint: 8968 ns, Total: 47967 ns
[2023-12-04T14:38:57.062+0000][175][info ][safepoint   ] Safepoint "Cleanup", Time since last: 1000246577 ns, Reaching safepoint: 19389 ns, Cleanup: 21462 ns, At safepoint: 9245 ns, Total: 50096 ns
[2023-12-04T14:38:58.063+0000][175][info ][safepoint   ] Safepoint "Cleanup", Time since last: 1000201557 ns, Reaching safepoint: 60357 ns, Cleanup: 21430 ns, At safepoint: 10635 ns, Total: 92422 ns
[2023-12-04T14:39:08.064+0000][175][info ][safepoint   ] Safepoint "Cleanup", Time since last: 10001619305 ns, Reaching safepoint: 23093 ns, Cleanup: 9585 ns, At safepoint: 2792 ns, Total: 35470 ns
[2023-12-04T14:39:11.601+0000][175][info ][safepoint   ] Safepoint "Cleanup", Time since last: 3537020097 ns, Reaching safepoint: 19713 ns, Cleanup: 27485 ns, At safepoint: 9233 ns, Total: 56431 ns
[2023-12-04T14:39:13.602+0000][175][info ][safepoint   ] Safepoint "Cleanup", Time since last: 2000346592 ns, Reaching safepoint: 61141 ns, Cleanup: 19293 ns, At safepoint: 9356 ns, Total: 89790 ns
[2023-12-04T14:39:18.603+0000][175][info ][safepoint   ] Safepoint "Cleanup", Time since last: 5001108868 ns, Reaching safepoint: 18939 ns, Cleanup: 27451 ns, At safepoint: 9893 ns, Total: 56283 ns
[2023-12-04T14:39:20.603+0000][175][info ][safepoint   ] Safepoint "Cleanup", Time since last: 2000402932 ns, Reaching safepoint: 18237 ns, Cleanup: 27565 ns, At safepoint: 9385 ns, Total: 55187 ns
[2023-12-04T14:39:26.605+0000][175][info ][safepoint   ] Safepoint "Cleanup", Time since last: 6001583367 ns, Reaching safepoint: 65616 ns, Cleanup: 18832 ns, At safepoint: 9765 ns, Total: 94213 ns
[2023-12-04T14:39:39.608+0000][175][info ][safepoint   ] Safepoint "Cleanup", Time since last: 13002502731 ns, Reaching safepoint: 62550 ns, Cleanup: 19433 ns, At safepoint: 9375 ns, Total: 91358 ns
[2023-12-04T14:39:40.608+0000][175][info ][safepoint   ] Safepoint "Cleanup", Time since last: 1000435344 ns, Reaching safepoint: 8642 ns, Cleanup: 9131 ns, At safepoint: 2724 ns, Total: 20497 ns
[2023-12-04T14:39:50.610+0000][175][info ][safepoint   ] Safepoint "Cleanup", Time since last: 10001361611 ns, Reaching safepoint: 8522 ns, Cleanup: 8507 ns, At safepoint: 2726 ns, Total: 19755 ns
[2023-12-04T14:39:54.610+0000][175][info ][safepoint   ] Safepoint "Cleanup", Time since last: 4000448467 ns, Reaching safepoint: 55870 ns, Cleanup: 18924 ns, At safepoint: 9088 ns, Total: 83882 ns
[2023-12-04T14:39:55.610+0000][175][info ][safepoint   ] Safepoint "Cleanup", Time since last: 1000189957 ns, Reaching safepoint: 16535 ns, Cleanup: 14989 ns, At safepoint: 6245 ns, Total: 37769 ns
[2023-12-04T14:39:56.610+0000][175][info ][safepoint   ] Safepoint "Cleanup", Time since last: 1000148414 ns, Reaching safepoint: 8945 ns, Cleanup: 8409 ns, At safepoint: 3110 ns, Total: 20464 ns
[2023-12-04T14:40:21.615+0000][175][info ][safepoint   ] Safepoint "Cleanup", Time since last: 25004678452 ns, Reaching safepoint: 62681 ns, Cleanup: 19165 ns, At safepoint: 9022 ns, Total: 90868 ns
[2023-12-04T14:40:24.616+0000][175][info ][safepoint   ] Safepoint "Cleanup", Time since last: 3000433363 ns, Reaching safepoint: 64725 ns, Cleanup: 21518 ns, At safepoint: 9714 ns, Total: 95957 ns
[2023-12-04T14:40:25.616+0000][175][info ][safepoint   ] Safepoint "Cleanup", Time since last: 1000265043 ns, Reaching safepoint: 19353 ns, Cleanup: 24162 ns, At safepoint: 9093 ns, Total: 52608 ns
[2023-12-04T14:40:26.617+0000][175][info ][safepoint   ] Safepoint "Cleanup", Time since last: 1000525062 ns, Reaching safepoint: 18279 ns, Cleanup: 18767 ns, At safepoint: 8805 ns, Total: 45851 ns
[2023-12-04T14:40:28.617+0000][175][info ][safepoint   ] Safepoint "Cleanup", Time since last: 2000301443 ns, Reaching safepoint: 17245 ns, Cleanup: 18275 ns, At safepoint: 8946 ns, Total: 44466 ns
[2023-12-04T14:40:33.619+0000][175][info ][safepoint   ] Safepoint "Cleanup", Time since last: 5001960713 ns, Reaching safepoint: 68855 ns, Cleanup: 18171 ns, At safepoint: 9667 ns, Total: 96693 ns
[2023-12-04T14:40:44.621+0000][175][info ][safepoint   ] Safepoint "Cleanup", Time since last: 11002213480 ns, Reaching safepoint: 71289 ns, Cleanup: 34900 ns, At safepoint: 9947 ns, Total: 116136 ns
[2023-12-04T14:40:50.623+0000][175][info ][safepoint   ] Safepoint "Cleanup", Time since last: 6001639457 ns, Reaching safepoint: 56574 ns, Cleanup: 25875 ns, At safepoint: 9190 ns, Total: 91639 ns
[2023-12-04T14:40:52.624+0000][175][info ][safepoint   ] Safepoint "Cleanup", Time since last: 2000486524 ns, Reaching safepoint: 18648 ns, Cleanup: 19143 ns, At safepoint: 9108 ns, Total: 46899 ns
[2023-12-04T14:40:57.625+0000][175][info ][safepoint   ] Safepoint "Cleanup", Time since last: 5001673307 ns, Reaching safepoint: 60110 ns, Cleanup: 18654 ns, At safepoint: 9417 ns, Total: 88181 ns
[2023-12-04T14:40:59.626+0000][175][info ][safepoint   ] Safepoint "Cleanup", Time since last: 2000374532 ns, Reaching safepoint: 18738 ns, Cleanup: 21921 ns, At safepoint: 8760 ns, Total: 49419 ns
[2023-12-04T14:41:02.626+0000][175][info ][safepoint   ] Safepoint "Cleanup", Time since last: 3000506182 ns, Reaching safepoint: 65483 ns, Cleanup: 18596 ns, At safepoint: 9301 ns, Total: 93380 ns
[2023-12-04T14:41:20.631+0000][175][info ][safepoint   ] Safepoint "Cleanup", Time since last: 18004707611 ns, Reaching safepoint: 65101 ns, Cleanup: 19473 ns, At safepoint: 19424 ns, Total: 103998 ns
[2023-12-04T14:41:22.632+0000][175][info ][safepoint   ] Safepoint "Cleanup", Time since last: 2000789854 ns, Reaching safepoint: 18463 ns, Cleanup: 18438 ns, At safepoint: 8864 ns, Total: 45765 ns
[2023-12-04T14:41:25.633+0000][175][info ][safepoint   ] Safepoint "Cleanup", Time since last: 3000608056 ns, Reaching safepoint: 19190 ns, Cleanup: 19405 ns, At safepoint: 9449 ns, Total: 48044 ns
[2023-12-04T14:41:33.635+0000][175][info ][safepoint   ] Safepoint "Cleanup", Time since last: 8001933653 ns, Reaching safepoint: 64360 ns, Cleanup: 20077 ns, At safepoint: 9418 ns, Total: 93855 ns
[2023-12-04T14:41:43.639+0000][175][info ][safepoint   ] Safepoint "Cleanup", Time since last: 10003750099 ns, Reaching safepoint: 65596 ns, Cleanup: 19184 ns, At safepoint: 9254 ns, Total: 94034 ns
[2023-12-04T14:41:49.640+0000][175][info ][safepoint   ] Safepoint "Cleanup", Time since last: 6000893296 ns, Reaching safepoint: 64475 ns, Cleanup: 18164 ns, At safepoint: 9081 ns, Total: 91720 ns
[2023-12-04T14:41:50.640+0000][175][info ][safepoint   ] Safepoint "Cleanup", Time since last: 1000245999 ns, Reaching safepoint: 18838 ns, Cleanup: 18717 ns, At safepoint: 8852 ns, Total: 46407 ns
[2023-12-04T14:41:58.642+0000][175][info ][safepoint   ] Safepoint "Cleanup", Time since last: 8001494731 ns, Reaching safepoint: 76390 ns, Cleanup: 22524 ns, At safepoint: 12199 ns, Total: 111113 ns
[2023-12-04T14:42:04.643+0000][175][info ][safepoint   ] Safepoint "Cleanup", Time since last: 6001404858 ns, Reaching safepoint: 64538 ns, Cleanup: 18854 ns, At safepoint: 9156 ns, Total: 92548 ns
[2023-12-04T14:42:12.645+0000][175][info ][safepoint   ] Safepoint "Cleanup", Time since last: 8002306714 ns, Reaching safepoint: 63102 ns, Cleanup: 18929 ns, At safepoint: 20186 ns, Total: 102217 ns
[2023-12-04T14:42:13.646+0000][175][info ][safepoint   ] Safepoint "Cleanup", Time since last: 1000438287 ns, Reaching safepoint: 18524 ns, Cleanup: 18480 ns, At safepoint: 9177 ns, Total: 46181 ns
[2023-12-04T14:42:18.647+0000][175][info ][safepoint   ] Safepoint "Cleanup", Time since last: 5001185615 ns, Reaching safepoint: 19402 ns, Cleanup: 22805 ns, At safepoint: 9529 ns, Total: 51736 ns
[2023-12-04T14:42:19.647+0000][175][info ][safepoint   ] Safepoint "Cleanup", Time since last: 1000232938 ns, Reaching safepoint: 19097 ns, Cleanup: 22577 ns, At safepoint: 9194 ns, Total: 50868 ns
[2023-12-04T14:42:20.648+0000][175][info ][safepoint   ] Safepoint "Cleanup", Time since last: 1000377746 ns, Reaching safepoint: 19293 ns, Cleanup: 24097 ns, At safepoint: 9277 ns, Total: 52667 ns
[2023-12-04T14:42:22.649+0000][175][info ][safepoint   ] Safepoint "Cleanup", Time since last: 2000771671 ns, Reaching safepoint: 311407 ns, Cleanup: 19202 ns, At safepoint: 9683 ns, Total: 340292 ns
[2023-12-04T14:42:23.650+0000][175][info ][safepoint   ] Safepoint "Cleanup", Time since last: 1000493517 ns, Reaching safepoint: 19036 ns, Cleanup: 18505 ns, At safepoint: 9148 ns, Total: 46689 ns
[2023-12-04T14:42:34.653+0000][175][info ][safepoint   ] Safepoint "Cleanup", Time since last: 11003426659 ns, Reaching safepoint: 68211 ns, Cleanup: 19120 ns, At safepoint: 9556 ns, Total: 96887 ns
[2023-12-04T14:42:36.653+0000][175][info ][safepoint   ] Safepoint "Cleanup", Time since last: 2000404042 ns, Reaching safepoint: 19834 ns, Cleanup: 18497 ns, At safepoint: 9259 ns, Total: 47590 ns
[2023-12-04T14:42:39.654+0000][175][info ][safepoint   ] Safepoint "Cleanup", Time since last: 3000481595 ns, Reaching safepoint: 64428 ns, Cleanup: 19381 ns, At safepoint: 9575 ns, Total: 93384 ns
[2023-12-04T14:42:40.654+0000][175][info ][safepoint   ] Safepoint "Cleanup", Time since last: 1000217807 ns, Reaching safepoint: 7607 ns, Cleanup: 5748 ns, At safepoint: 2205 ns, Total: 15560 ns
[2023-12-04T14:42:42.655+0000][175][info ][safepoint   ] Safepoint "Cleanup", Time since last: 2000247374 ns, Reaching safepoint: 63119 ns, Cleanup: 21852 ns, At safepoint: 21093 ns, Total: 106064 ns
[2023-12-04T14:42:43.655+0000][175][info ][safepoint   ] Safepoint "Cleanup", Time since last: 1000330890 ns, Reaching safepoint: 19583 ns, Cleanup: 18666 ns, At safepoint: 9256 ns, Total: 47505 ns
[2023-12-04T14:42:46.656+0000][175][info ][safepoint   ] Safepoint "Cleanup", Time since last: 3001335609 ns, Reaching safepoint: 19530 ns, Cleanup: 18639 ns, At safepoint: 9058 ns, Total: 47227 ns
[2023-12-04T14:42:53.659+0000][175][info ][safepoint   ] Safepoint "Cleanup", Time since last: 7002426250 ns, Reaching safepoint: 118429 ns, Cleanup: 8100 ns, At safepoint: 2918 ns, Total: 129447 ns
[2023-12-04T14:43:41.542+0000][175][info ][safepoint   ] Safepoint "Cleanup", Time since last: 47883422686 ns, Reaching safepoint: 10448 ns, Cleanup: 44460 ns, At safepoint: 8423 ns, Total: 63331 ns
[2023-12-04T14:43:42.546+0000][175][info ][safepoint   ] Safepoint "Cleanup", Time since last: 1003600430 ns, Reaching safepoint: 19638 ns, Cleanup: 22316 ns, At safepoint: 9412 ns, Total: 51366 ns
[2023-12-04T14:43:53.548+0000][175][info ][safepoint   ] Safepoint "Cleanup", Time since last: 11002133153 ns, Reaching safepoint: 71745 ns, Cleanup: 19518 ns, At safepoint: 9424 ns, Total: 100687 ns
[2023-12-04T14:43:59.550+0000][175][info ][safepoint   ] Safepoint "Cleanup", Time since last: 6001289285 ns, Reaching safepoint: 68870 ns, Cleanup: 18895 ns, At safepoint: 19867 ns, Total: 107632 ns
[2023-12-04T14:44:16.870+0000][175][info ][safepoint   ] Safepoint "Cleanup", Time since last: 17319775699 ns, Reaching safepoint: 62619 ns, Cleanup: 23365 ns, At safepoint: 21208 ns, Total: 107192 ns
[2023-12-04T14:44:19.124+0000][175][info ][safepoint   ] Safepoint "Cleanup", Time since last: 2254142737 ns, Reaching safepoint: 71397 ns, Cleanup: 15900 ns, At safepoint: 4195 ns, Total: 91492 ns
[2023-12-04T14:44:20.133+0000][175][info ][safepoint   ] Safepoint "Cleanup", Time since last: 1008863278 ns, Reaching safepoint: 27979 ns, Cleanup: 13201 ns, At safepoint: 6711 ns, Total: 47891 ns
[2023-12-04T14:44:21.133+0000][175][info ][safepoint   ] Safepoint "Cleanup", Time since last: 1000140523 ns, Reaching safepoint: 8451 ns, Cleanup: 7731 ns, At safepoint: 2452 ns, Total: 18634 ns
[2023-12-04T14:44:23.133+0000][175][info ][safepoint   ] Safepoint "Cleanup", Time since last: 2000194804 ns, Reaching safepoint: 8874 ns, Cleanup: 7227 ns, At safepoint: 2611 ns, Total: 18712 ns
[2023-12-04T14:44:36.135+0000][175][info ][safepoint   ] Safepoint "Cleanup", Time since last: 13001501383 ns, Reaching safepoint: 17681 ns, Cleanup: 47078 ns, At safepoint: 9480 ns, Total: 74239 ns
[2023-12-04T14:44:37.611+0000][175][info ][safepoint   ] Safepoint "Cleanup", Time since last: 1476480602 ns, Reaching safepoint: 8147 ns, Cleanup: 42397 ns, At safepoint: 7627 ns, Total: 58171 ns
[2023-12-04T14:44:37.694+0000][175][info ][gc,heap,exit] Heap
[2023-12-04T14:44:37.694+0000][175][info ][gc,heap,exit]  garbage-first heap   total 524288K, used 278927K [0x00000000e0000000, 0x0000000100000000)
[2023-12-04T14:44:37.694+0000][175][info ][gc,heap,exit]   region size 4096K, 53 young (217088K), 10 survivors (40960K)
[2023-12-04T14:44:37.694+0000][175][info ][gc,heap,exit]  Metaspace       used 134071K, committed 137536K, reserved 1179648K
[2023-12-04T14:44:37.694+0000][175][info ][gc,heap,exit]   class space    used 18617K, committed 20224K, reserved 1048576K
