[2023-12-04T14:34:00.567+0000][176][info][gc,init] CardTable entry size: 512
[2023-12-04T14:34:00.567+0000][176][info][gc     ] Using G1
[2023-12-04T14:34:00.620+0000][176][info][gc,init] Version: 21.0.1+12-29 (release)
[2023-12-04T14:34:00.620+0000][176][info][gc,init] CPUs: 12 total, 12 available
[2023-12-04T14:34:00.620+0000][176][info][gc,init] Memory: 1024M
[2023-12-04T14:34:00.620+0000][176][info][gc,init] Large Page Support: Disabled
[2023-12-04T14:34:00.620+0000][176][info][gc,init] NUMA Support: Disabled
[2023-12-04T14:34:00.620+0000][176][info][gc,init] Compressed Oops: Enabled (32-bit)
[2023-12-04T14:34:00.620+0000][176][info][gc,init] Heap Region Size: 4M
[2023-12-04T14:34:00.620+0000][176][info][gc,init] Heap Min Capacity: 512M
[2023-12-04T14:34:00.620+0000][176][info][gc,init] Heap Initial Capacity: 512M
[2023-12-04T14:34:00.620+0000][176][info][gc,init] Heap Max Capacity: 512M
[2023-12-04T14:34:00.620+0000][176][info][gc,init] Pre-touch: Enabled
[2023-12-04T14:34:00.620+0000][176][info][gc,init] Parallel Workers: 10
[2023-12-04T14:34:00.620+0000][176][info][gc,init] Concurrent Workers: 3
[2023-12-04T14:34:00.620+0000][176][info][gc,init] Concurrent Refinement Workers: 10
[2023-12-04T14:34:00.620+0000][176][info][gc,init] Periodic GC: Disabled
[2023-12-04T14:34:00.627+0000][176][info][gc,metaspace] CDS archive(s) mapped at: [0x00007f5ffb000000-0x00007f5ffbca5000-0x00007f5ffbca5000), size 13258752, SharedBaseAddress: 0x00007f5ffb000000, ArchiveRelocationMode: 1.
[2023-12-04T14:34:00.627+0000][176][info][gc,metaspace] Compressed class space mapped at: 0x00007f5ffc000000-0x00007f603c000000, reserved size: 1073741824
[2023-12-04T14:34:00.627+0000][176][info][gc,metaspace] Narrow klass base: 0x00007f5ffb000000, Narrow klass shift: 0, Narrow klass range: 0x100000000
[2023-12-04T14:34:00.763+0000][176][info][gc,start    ] GC(0) Pause Young (Normal) (G1 Evacuation Pause)
[2023-12-04T14:34:00.763+0000][176][info][gc,task     ] GC(0) Using 10 workers of 10 for evacuation
[2023-12-04T14:34:00.763+0000][176][debug][gc,age      ] GC(0) Desired survivor size 2097152 bytes, new threshold 15 (max threshold 15)
[2023-12-04T14:34:00.764+0000][176][info ][gc,phases   ] GC(0)   Pre Evacuate Collection Set: 0.1ms
[2023-12-04T14:34:00.764+0000][176][info ][gc,phases   ] GC(0)   Merge Heap Roots: 0.0ms
[2023-12-04T14:34:00.764+0000][176][info ][gc,phases   ] GC(0)   Evacuate Collection Set: 0.6ms
[2023-12-04T14:34:00.764+0000][176][info ][gc,phases   ] GC(0)   Post Evacuate Collection Set: 0.3ms
[2023-12-04T14:34:00.764+0000][176][info ][gc,phases   ] GC(0)   Other: 0.0ms
[2023-12-04T14:34:00.764+0000][176][trace][gc,age      ] GC(0) Age table with threshold 15 (max threshold 15)
[2023-12-04T14:34:00.764+0000][176][trace][gc,age      ] GC(0) - age   1:    2610728 bytes,    2610728 total
[2023-12-04T14:34:00.764+0000][176][info ][gc,heap     ] GC(0) Eden regions: 6->0(20)
[2023-12-04T14:34:00.764+0000][176][info ][gc,heap     ] GC(0) Survivor regions: 0->1(1)
[2023-12-04T14:34:00.764+0000][176][info ][gc,heap     ] GC(0) Old regions: 1->1
[2023-12-04T14:34:00.764+0000][176][info ][gc,heap     ] GC(0) Humongous regions: 0->0
[2023-12-04T14:34:00.764+0000][176][info ][gc,metaspace] GC(0) Metaspace: 1134K(1344K)->1134K(1344K) NonClass: 1051K(1152K)->1051K(1152K) Class: 82K(192K)->82K(192K)
[2023-12-04T14:34:00.764+0000][176][info ][gc          ] GC(0) Pause Young (Normal) (G1 Evacuation Pause) 25M->3M(512M) 1.301ms
[2023-12-04T14:34:00.764+0000][176][info ][gc,cpu      ] GC(0) User=0.00s Sys=0.00s Real=0.00s
[2023-12-04T14:34:00.764+0000][176][info ][safepoint   ] Safepoint "G1CollectForAllocation", Time since last: 132761038 ns, Reaching safepoint: 2158 ns, Cleanup: 38128 ns, At safepoint: 1331004 ns, Total: 1371290 ns
[2023-12-04T14:34:00.992+0000][176][info ][safepoint   ] Safepoint "ICBufferFull", Time since last: 227819102 ns, Reaching safepoint: 70959 ns, Cleanup: 70877 ns, At safepoint: 3541 ns, Total: 145377 ns
[2023-12-04T14:34:01.235+0000][176][info ][safepoint   ] Safepoint "ICBufferFull", Time since last: 243091799 ns, Reaching safepoint: 2615 ns, Cleanup: 68142 ns, At safepoint: 1917 ns, Total: 72674 ns
[2023-12-04T14:34:01.471+0000][176][info ][safepoint   ] Safepoint "ICBufferFull", Time since last: 235581290 ns, Reaching safepoint: 2334 ns, Cleanup: 70887 ns, At safepoint: 3270 ns, Total: 76491 ns
[2023-12-04T14:34:01.660+0000][176][info ][gc,start    ] GC(1) Pause Young (Normal) (G1 Evacuation Pause)
[2023-12-04T14:34:01.660+0000][176][info ][gc,task     ] GC(1) Using 10 workers of 10 for evacuation
[2023-12-04T14:34:01.660+0000][176][debug][gc,age      ] GC(1) Desired survivor size 6291456 bytes, new threshold 15 (max threshold 15)
[2023-12-04T14:34:01.664+0000][176][info ][gc,phases   ] GC(1)   Pre Evacuate Collection Set: 0.2ms
[2023-12-04T14:34:01.664+0000][176][info ][gc,phases   ] GC(1)   Merge Heap Roots: 0.0ms
[2023-12-04T14:34:01.664+0000][176][info ][gc,phases   ] GC(1)   Evacuate Collection Set: 2.4ms
[2023-12-04T14:34:01.664+0000][176][info ][gc,phases   ] GC(1)   Post Evacuate Collection Set: 0.7ms
[2023-12-04T14:34:01.664+0000][176][info ][gc,phases   ] GC(1)   Other: 0.0ms
[2023-12-04T14:34:01.664+0000][176][trace][gc,age      ] GC(1) Age table with threshold 15 (max threshold 15)
[2023-12-04T14:34:01.664+0000][176][trace][gc,age      ] GC(1) - age   1:    6051344 bytes,    6051344 total
[2023-12-04T14:34:01.664+0000][176][trace][gc,age      ] GC(1) - age   2:    2587120 bytes,    8638464 total
[2023-12-04T14:34:01.664+0000][176][info ][gc,heap     ] GC(1) Eden regions: 20->0(28)
[2023-12-04T14:34:01.664+0000][176][info ][gc,heap     ] GC(1) Survivor regions: 1->3(3)
[2023-12-04T14:34:01.664+0000][176][info ][gc,heap     ] GC(1) Old regions: 1->1
[2023-12-04T14:34:01.664+0000][176][info ][gc,heap     ] GC(1) Humongous regions: 0->0
[2023-12-04T14:34:01.664+0000][176][info ][gc,metaspace] GC(1) Metaspace: 18122K(18624K)->18122K(18624K) NonClass: 16150K(16384K)->16150K(16384K) Class: 1972K(2240K)->1972K(2240K)
[2023-12-04T14:34:01.664+0000][176][info ][gc          ] GC(1) Pause Young (Normal) (G1 Evacuation Pause) 83M->9M(512M) 3.422ms
[2023-12-04T14:34:01.664+0000][176][info ][gc,cpu      ] GC(1) User=0.03s Sys=0.00s Real=0.00s
[2023-12-04T14:34:01.664+0000][176][info ][safepoint   ] Safepoint "G1CollectForAllocation", Time since last: 189284785 ns, Reaching safepoint: 2468 ns, Cleanup: 35590 ns, At safepoint: 3454650 ns, Total: 3492708 ns
[2023-12-04T14:34:02.054+0000][176][info ][safepoint   ] Safepoint "ICBufferFull", Time since last: 389693635 ns, Reaching safepoint: 3485 ns, Cleanup: 75853 ns, At safepoint: 2136 ns, Total: 81474 ns
[2023-12-04T14:34:02.138+0000][176][info ][gc,start    ] GC(2) Pause Young (Normal) (G1 Evacuation Pause)
[2023-12-04T14:34:02.138+0000][176][info ][gc,task     ] GC(2) Using 10 workers of 10 for evacuation
[2023-12-04T14:34:02.138+0000][176][debug][gc,age      ] GC(2) Desired survivor size 8388608 bytes, new threshold 2 (max threshold 15)
[2023-12-04T14:34:02.142+0000][176][info ][gc,phases   ] GC(2)   Pre Evacuate Collection Set: 0.1ms
[2023-12-04T14:34:02.142+0000][176][info ][gc,phases   ] GC(2)   Merge Heap Roots: 0.0ms
[2023-12-04T14:34:02.142+0000][176][info ][gc,phases   ] GC(2)   Evacuate Collection Set: 3.7ms
[2023-12-04T14:34:02.142+0000][176][info ][gc,phases   ] GC(2)   Post Evacuate Collection Set: 0.6ms
[2023-12-04T14:34:02.142+0000][176][info ][gc,phases   ] GC(2)   Other: 0.1ms
[2023-12-04T14:34:02.142+0000][176][trace][gc,age      ] GC(2) Age table with threshold 2 (max threshold 15)
[2023-12-04T14:34:02.142+0000][176][trace][gc,age      ] GC(2) - age   1:    4042384 bytes,    4042384 total
[2023-12-04T14:34:02.142+0000][176][trace][gc,age      ] GC(2) - age   2:    5098240 bytes,    9140624 total
[2023-12-04T14:34:02.142+0000][176][info ][gc,heap     ] GC(2) Eden regions: 28->0(73)
[2023-12-04T14:34:02.142+0000][176][info ][gc,heap     ] GC(2) Survivor regions: 3->3(4)
[2023-12-04T14:34:02.142+0000][176][info ][gc,heap     ] GC(2) Old regions: 1->2
[2023-12-04T14:34:02.142+0000][176][info ][gc,heap     ] GC(2) Humongous regions: 0->0
[2023-12-04T14:34:02.142+0000][176][info ][gc,metaspace] GC(2) Metaspace: 20400K(20928K)->20400K(20928K) NonClass: 18193K(18496K)->18193K(18496K) Class: 2206K(2432K)->2206K(2432K)
[2023-12-04T14:34:02.143+0000][176][info ][gc          ] GC(2) Pause Young (Normal) (G1 Evacuation Pause) 121M->12M(512M) 4.612ms
[2023-12-04T14:34:02.143+0000][176][info ][gc,cpu      ] GC(2) User=0.03s Sys=0.00s Real=0.00s
[2023-12-04T14:34:02.143+0000][176][info ][safepoint   ] Safepoint "G1CollectForAllocation", Time since last: 84204658 ns, Reaching safepoint: 3925 ns, Cleanup: 36527 ns, At safepoint: 4654525 ns, Total: 4694977 ns
[2023-12-04T14:34:02.246+0000][176][info ][gc,start    ] GC(3) Pause Young (Concurrent Start) (Metadata GC Threshold)
[2023-12-04T14:34:02.246+0000][176][info ][gc,task     ] GC(3) Using 10 workers of 10 for evacuation
[2023-12-04T14:34:02.246+0000][176][debug][gc,age      ] GC(3) Desired survivor size 20971520 bytes, new threshold 15 (max threshold 15)
[2023-12-04T14:34:02.249+0000][176][info ][gc,phases   ] GC(3)   Pre Evacuate Collection Set: 0.2ms
[2023-12-04T14:34:02.249+0000][176][info ][gc,phases   ] GC(3)   Merge Heap Roots: 0.0ms
[2023-12-04T14:34:02.249+0000][176][info ][gc,phases   ] GC(3)   Evacuate Collection Set: 2.2ms
[2023-12-04T14:34:02.249+0000][176][info ][gc,phases   ] GC(3)   Post Evacuate Collection Set: 0.4ms
[2023-12-04T14:34:02.249+0000][176][info ][gc,phases   ] GC(3)   Other: 0.1ms
[2023-12-04T14:34:02.249+0000][176][trace][gc,age      ] GC(3) Age table with threshold 15 (max threshold 15)
[2023-12-04T14:34:02.249+0000][176][trace][gc,age      ] GC(3) - age   1:    1035344 bytes,    1035344 total
[2023-12-04T14:34:02.249+0000][176][trace][gc,age      ] GC(3) - age   2:    2596576 bytes,    3631920 total
[2023-12-04T14:34:02.249+0000][176][trace][gc,age      ] GC(3) - age   3:    5095920 bytes,    8727840 total
[2023-12-04T14:34:02.249+0000][176][info ][gc,heap     ] GC(3) Eden regions: 16->0(73)
[2023-12-04T14:34:02.249+0000][176][info ][gc,heap     ] GC(3) Survivor regions: 3->3(10)
[2023-12-04T14:34:02.249+0000][176][info ][gc,heap     ] GC(3) Old regions: 2->2
[2023-12-04T14:34:02.249+0000][176][info ][gc,heap     ] GC(3) Humongous regions: 0->0
[2023-12-04T14:34:02.249+0000][176][info ][gc,metaspace] GC(3) Metaspace: 20968K(21504K)->20968K(21504K) NonClass: 18722K(19008K)->18722K(19008K) Class: 2246K(2496K)->2246K(2496K)
[2023-12-04T14:34:02.249+0000][176][info ][gc          ] GC(3) Pause Young (Concurrent Start) (Metadata GC Threshold) 76M->12M(512M) 3.130ms
[2023-12-04T14:34:02.249+0000][176][info ][gc,cpu      ] GC(3) User=0.02s Sys=0.00s Real=0.01s
[2023-12-04T14:34:02.249+0000][176][info ][gc          ] GC(4) Concurrent Mark Cycle
[2023-12-04T14:34:02.249+0000][176][info ][gc,marking  ] GC(4) Concurrent Scan Root Regions
[2023-12-04T14:34:02.249+0000][176][info ][safepoint   ] Safepoint "CollectForMetadataAllocation", Time since last: 103057863 ns, Reaching safepoint: 2433 ns, Cleanup: 29196 ns, At safepoint: 3273166 ns, Total: 3304795 ns
[2023-12-04T14:34:02.251+0000][176][info ][gc,marking  ] GC(4) Concurrent Scan Root Regions 2.476ms
[2023-12-04T14:34:02.251+0000][176][info ][gc,marking  ] GC(4) Concurrent Mark
[2023-12-04T14:34:02.251+0000][176][info ][gc,marking  ] GC(4) Concurrent Mark From Roots
[2023-12-04T14:34:02.251+0000][176][info ][gc,task     ] GC(4) Using 3 workers of 3 for marking
[2023-12-04T14:34:02.253+0000][176][info ][gc,marking  ] GC(4) Concurrent Mark From Roots 1.948ms
[2023-12-04T14:34:02.253+0000][176][info ][gc,marking  ] GC(4) Concurrent Preclean
[2023-12-04T14:34:02.253+0000][176][info ][gc,marking  ] GC(4) Concurrent Preclean 0.015ms
[2023-12-04T14:34:02.253+0000][176][info ][gc,start    ] GC(4) Pause Remark
[2023-12-04T14:34:02.255+0000][176][info ][gc          ] GC(4) Pause Remark 16M->16M(512M) 1.554ms
[2023-12-04T14:34:02.255+0000][176][info ][gc,cpu      ] GC(4) User=0.01s Sys=0.00s Real=0.01s
[2023-12-04T14:34:02.255+0000][176][info ][safepoint   ] Safepoint "G1PauseRemark", Time since last: 4460850 ns, Reaching safepoint: 71087 ns, Cleanup: 2309 ns, At safepoint: 1604348 ns, Total: 1677744 ns
[2023-12-04T14:34:02.255+0000][176][info ][gc,marking  ] GC(4) Concurrent Mark 3.755ms
[2023-12-04T14:34:02.255+0000][176][info ][gc,marking  ] GC(4) Concurrent Rebuild Remembered Sets and Scrub Regions
[2023-12-04T14:34:02.256+0000][176][info ][gc,marking  ] GC(4) Concurrent Rebuild Remembered Sets and Scrub Regions 1.178ms
[2023-12-04T14:34:02.256+0000][176][info ][gc,start    ] GC(4) Pause Cleanup
[2023-12-04T14:34:02.256+0000][176][info ][gc          ] GC(4) Pause Cleanup 16M->16M(512M) 0.062ms
[2023-12-04T14:34:02.256+0000][176][info ][gc,cpu      ] GC(4) User=0.01s Sys=0.00s Real=0.00s
[2023-12-04T14:34:02.256+0000][176][info ][safepoint   ] Safepoint "G1PauseCleanup", Time since last: 1295115 ns, Reaching safepoint: 2515 ns, Cleanup: 2037 ns, At safepoint: 95626 ns, Total: 100178 ns
[2023-12-04T14:34:02.256+0000][176][info ][gc,marking  ] GC(4) Concurrent Clear Claimed Marks
[2023-12-04T14:34:02.257+0000][176][info ][gc,marking  ] GC(4) Concurrent Clear Claimed Marks 0.031ms
[2023-12-04T14:34:02.257+0000][176][info ][gc,marking  ] GC(4) Concurrent Cleanup for Next Mark
[2023-12-04T14:34:02.257+0000][176][info ][gc,marking  ] GC(4) Concurrent Cleanup for Next Mark 0.191ms
[2023-12-04T14:34:02.257+0000][176][info ][gc          ] GC(4) Concurrent Mark Cycle 7.916ms
[2023-12-04T14:34:02.702+0000][176][info ][safepoint   ] Safepoint "ICBufferFull", Time since last: 445463440 ns, Reaching safepoint: 2721 ns, Cleanup: 79124 ns, At safepoint: 1850 ns, Total: 83695 ns
[2023-12-04T14:34:02.942+0000][176][info ][gc,start    ] GC(5) Pause Young (Prepare Mixed) (G1 Evacuation Pause)
[2023-12-04T14:34:02.942+0000][176][info ][gc,task     ] GC(5) Using 10 workers of 10 for evacuation
[2023-12-04T14:34:02.942+0000][176][debug][gc,age      ] GC(5) Desired survivor size 20971520 bytes, new threshold 15 (max threshold 15)
[2023-12-04T14:34:02.947+0000][176][info ][gc,phases   ] GC(5)   Pre Evacuate Collection Set: 0.2ms
[2023-12-04T14:34:02.947+0000][176][info ][gc,phases   ] GC(5)   Merge Heap Roots: 0.0ms
[2023-12-04T14:34:02.947+0000][176][info ][gc,phases   ] GC(5)   Evacuate Collection Set: 4.0ms
[2023-12-04T14:34:02.947+0000][176][info ][gc,phases   ] GC(5)   Post Evacuate Collection Set: 0.9ms
[2023-12-04T14:34:02.947+0000][176][info ][gc,phases   ] GC(5)   Other: 0.1ms
[2023-12-04T14:34:02.947+0000][176][trace][gc,age      ] GC(5) Age table with threshold 15 (max threshold 15)
[2023-12-04T14:34:02.947+0000][176][trace][gc,age      ] GC(5) - age   1:    9584504 bytes,    9584504 total
[2023-12-04T14:34:02.947+0000][176][trace][gc,age      ] GC(5) - age   2:     877896 bytes,   10462400 total
[2023-12-04T14:34:02.947+0000][176][trace][gc,age      ] GC(5) - age   3:    2593104 bytes,   13055504 total
[2023-12-04T14:34:02.947+0000][176][trace][gc,age      ] GC(5) - age   4:    5090528 bytes,   18146032 total
[2023-12-04T14:34:02.947+0000][176][info ][gc,heap     ] GC(5) Eden regions: 73->0(71)
[2023-12-04T14:34:02.947+0000][176][info ][gc,heap     ] GC(5) Survivor regions: 3->5(10)
[2023-12-04T14:34:02.947+0000][176][info ][gc,heap     ] GC(5) Old regions: 2->2
[2023-12-04T14:34:02.947+0000][176][info ][gc,heap     ] GC(5) Humongous regions: 0->0
[2023-12-04T14:34:02.947+0000][176][info ][gc,metaspace] GC(5) Metaspace: 28229K(28800K)->28229K(28800K) NonClass: 25059K(25408K)->25059K(25408K) Class: 3170K(3392K)->3170K(3392K)
[2023-12-04T14:34:02.947+0000][176][info ][gc          ] GC(5) Pause Young (Prepare Mixed) (G1 Evacuation Pause) 304M->22M(512M) 5.299ms
[2023-12-04T14:34:02.947+0000][176][info ][gc,cpu      ] GC(5) User=0.04s Sys=0.00s Real=0.01s
[2023-12-04T14:34:02.947+0000][176][info ][safepoint   ] Safepoint "G1CollectForAllocation", Time since last: 239804219 ns, Reaching safepoint: 69502 ns, Cleanup: 45287 ns, At safepoint: 5339448 ns, Total: 5454237 ns
[2023-12-04T14:34:03.439+0000][176][info ][gc,start    ] GC(6) Pause Young (Mixed) (G1 Evacuation Pause)
[2023-12-04T14:34:03.439+0000][176][info ][gc,task     ] GC(6) Using 10 workers of 10 for evacuation
[2023-12-04T14:34:03.439+0000][176][debug][gc,age      ] GC(6) Desired survivor size 20971520 bytes, new threshold 15 (max threshold 15)
[2023-12-04T14:34:03.445+0000][176][info ][gc,phases   ] GC(6)   Pre Evacuate Collection Set: 0.1ms
[2023-12-04T14:34:03.445+0000][176][info ][gc,phases   ] GC(6)   Merge Heap Roots: 0.0ms
[2023-12-04T14:34:03.445+0000][176][info ][gc,phases   ] GC(6)   Evacuate Collection Set: 4.8ms
[2023-12-04T14:34:03.445+0000][176][info ][gc,phases   ] GC(6)   Post Evacuate Collection Set: 0.6ms
[2023-12-04T14:34:03.445+0000][176][info ][gc,phases   ] GC(6)   Other: 0.1ms
[2023-12-04T14:34:03.445+0000][176][trace][gc,age      ] GC(6) Age table with threshold 15 (max threshold 15)
[2023-12-04T14:34:03.445+0000][176][trace][gc,age      ] GC(6) - age   1:    4754832 bytes,    4754832 total
[2023-12-04T14:34:03.445+0000][176][trace][gc,age      ] GC(6) - age   2:    6396128 bytes,   11150960 total
[2023-12-04T14:34:03.445+0000][176][trace][gc,age      ] GC(6) - age   3:     877704 bytes,   12028664 total
[2023-12-04T14:34:03.445+0000][176][trace][gc,age      ] GC(6) - age   4:    2591680 bytes,   14620344 total
[2023-12-04T14:34:03.445+0000][176][trace][gc,age      ] GC(6) - age   5:    5090400 bytes,   19710744 total
[2023-12-04T14:34:03.445+0000][176][info ][gc,heap     ] GC(6) Eden regions: 71->0(70)
[2023-12-04T14:34:03.445+0000][176][info ][gc,heap     ] GC(6) Survivor regions: 5->6(10)
[2023-12-04T14:34:03.445+0000][176][info ][gc,heap     ] GC(6) Old regions: 2->1
[2023-12-04T14:34:03.445+0000][176][info ][gc,heap     ] GC(6) Humongous regions: 0->0
[2023-12-04T14:34:03.445+0000][176][info ][gc,metaspace] GC(6) Metaspace: 33368K(34112K)->33368K(34112K) NonClass: 29650K(30080K)->29650K(30080K) Class: 3718K(4032K)->3718K(4032K)
[2023-12-04T14:34:03.445+0000][176][info ][gc          ] GC(6) Pause Young (Mixed) (G1 Evacuation Pause) 306M->24M(512M) 5.768ms
[2023-12-04T14:34:03.445+0000][176][info ][gc,cpu      ] GC(6) User=0.05s Sys=0.00s Real=0.00s
[2023-12-04T14:34:03.445+0000][176][info ][safepoint   ] Safepoint "G1CollectForAllocation", Time since last: 491842071 ns, Reaching safepoint: 2458 ns, Cleanup: 63362 ns, At safepoint: 5807254 ns, Total: 5873074 ns
[2023-12-04T14:34:03.849+0000][176][info ][gc,start    ] GC(7) Pause Young (Concurrent Start) (Metadata GC Threshold)
[2023-12-04T14:34:03.849+0000][176][info ][gc,task     ] GC(7) Using 10 workers of 10 for evacuation
[2023-12-04T14:34:03.849+0000][176][debug][gc,age      ] GC(7) Desired survivor size 20971520 bytes, new threshold 15 (max threshold 15)
[2023-12-04T14:34:03.854+0000][176][info ][gc,phases   ] GC(7)   Pre Evacuate Collection Set: 0.1ms
[2023-12-04T14:34:03.854+0000][176][info ][gc,phases   ] GC(7)   Merge Heap Roots: 0.0ms
[2023-12-04T14:34:03.854+0000][176][info ][gc,phases   ] GC(7)   Evacuate Collection Set: 4.3ms
[2023-12-04T14:34:03.854+0000][176][info ][gc,phases   ] GC(7)   Post Evacuate Collection Set: 0.7ms
[2023-12-04T14:34:03.855+0000][176][info ][gc,phases   ] GC(7)   Other: 0.1ms
[2023-12-04T14:34:03.855+0000][176][trace][gc,age      ] GC(7) Age table with threshold 15 (max threshold 15)
[2023-12-04T14:34:03.855+0000][176][trace][gc,age      ] GC(7) - age   1:    5478504 bytes,    5478504 total
[2023-12-04T14:34:03.855+0000][176][trace][gc,age      ] GC(7) - age   2:    4719408 bytes,   10197912 total
[2023-12-04T14:34:03.855+0000][176][trace][gc,age      ] GC(7) - age   3:    6393768 bytes,   16591680 total
[2023-12-04T14:34:03.855+0000][176][trace][gc,age      ] GC(7) - age   4:     877704 bytes,   17469384 total
[2023-12-04T14:34:03.855+0000][176][trace][gc,age      ] GC(7) - age   5:    2590672 bytes,   20060056 total
[2023-12-04T14:34:03.855+0000][176][trace][gc,age      ] GC(7) - age   6:    5084768 bytes,   25144824 total
[2023-12-04T14:34:03.855+0000][176][info ][gc,heap     ] GC(7) Eden regions: 59->0(69)
[2023-12-04T14:34:03.855+0000][176][info ][gc,heap     ] GC(7) Survivor regions: 6->7(10)
[2023-12-04T14:34:03.855+0000][176][info ][gc,heap     ] GC(7) Old regions: 1->1
[2023-12-04T14:34:03.855+0000][176][info ][gc,heap     ] GC(7) Humongous regions: 0->0
[2023-12-04T14:34:03.855+0000][176][info ][gc,metaspace] GC(7) Metaspace: 35392K(36160K)->35392K(36160K) NonClass: 31389K(31872K)->31389K(31872K) Class: 4002K(4288K)->4002K(4288K)
[2023-12-04T14:34:03.855+0000][176][info ][gc          ] GC(7) Pause Young (Concurrent Start) (Metadata GC Threshold) 260M->29M(512M) 5.476ms
[2023-12-04T14:34:03.855+0000][176][info ][gc,cpu      ] GC(7) User=0.05s Sys=0.00s Real=0.01s
[2023-12-04T14:34:03.855+0000][176][info ][gc          ] GC(8) Concurrent Mark Cycle
[2023-12-04T14:34:03.855+0000][176][info ][gc,marking  ] GC(8) Concurrent Scan Root Regions
[2023-12-04T14:34:03.855+0000][176][info ][safepoint   ] Safepoint "CollectForMetadataAllocation", Time since last: 404071069 ns, Reaching safepoint: 2216 ns, Cleanup: 61077 ns, At safepoint: 5574036 ns, Total: 5637329 ns
[2023-12-04T14:34:03.859+0000][176][info ][gc,marking  ] GC(8) Concurrent Scan Root Regions 4.079ms
[2023-12-04T14:34:03.859+0000][176][info ][gc,marking  ] GC(8) Concurrent Mark
[2023-12-04T14:34:03.859+0000][176][info ][gc,marking  ] GC(8) Concurrent Mark From Roots
[2023-12-04T14:34:03.859+0000][176][info ][gc,task     ] GC(8) Using 3 workers of 3 for marking
[2023-12-04T14:34:03.861+0000][176][info ][gc,marking  ] GC(8) Concurrent Mark From Roots 2.226ms
[2023-12-04T14:34:03.861+0000][176][info ][gc,marking  ] GC(8) Concurrent Preclean
[2023-12-04T14:34:03.861+0000][176][info ][gc,marking  ] GC(8) Concurrent Preclean 0.013ms
[2023-12-04T14:34:03.861+0000][176][info ][gc,start    ] GC(8) Pause Remark
[2023-12-04T14:34:03.864+0000][176][info ][gc          ] GC(8) Pause Remark 31M->31M(512M) 2.612ms
[2023-12-04T14:34:03.864+0000][176][info ][gc,cpu      ] GC(8) User=0.02s Sys=0.00s Real=0.00s
[2023-12-04T14:34:03.864+0000][176][info ][safepoint   ] Safepoint "G1PauseRemark", Time since last: 6421613 ns, Reaching safepoint: 68781 ns, Cleanup: 7823 ns, At safepoint: 2651716 ns, Total: 2728320 ns
[2023-12-04T14:34:03.864+0000][176][info ][gc,marking  ] GC(8) Concurrent Mark 5.138ms
[2023-12-04T14:34:03.864+0000][176][info ][gc,marking  ] GC(8) Concurrent Rebuild Remembered Sets and Scrub Regions
[2023-12-04T14:34:03.865+0000][176][info ][gc,marking  ] GC(8) Concurrent Rebuild Remembered Sets and Scrub Regions 0.996ms
[2023-12-04T14:34:03.865+0000][176][info ][gc,start    ] GC(8) Pause Cleanup
[2023-12-04T14:34:03.865+0000][176][info ][gc          ] GC(8) Pause Cleanup 31M->31M(512M) 0.052ms
[2023-12-04T14:34:03.865+0000][176][info ][gc,cpu      ] GC(8) User=0.00s Sys=0.00s Real=0.00s
[2023-12-04T14:34:03.865+0000][176][info ][safepoint   ] Safepoint "G1PauseCleanup", Time since last: 1181923 ns, Reaching safepoint: 67293 ns, Cleanup: 6920 ns, At safepoint: 77971 ns, Total: 152184 ns
[2023-12-04T14:34:03.865+0000][176][info ][gc,marking  ] GC(8) Concurrent Clear Claimed Marks
[2023-12-04T14:34:03.865+0000][176][info ][gc,marking  ] GC(8) Concurrent Clear Claimed Marks 0.026ms
[2023-12-04T14:34:03.865+0000][176][info ][gc,marking  ] GC(8) Concurrent Cleanup for Next Mark
[2023-12-04T14:34:03.866+0000][176][info ][gc,marking  ] GC(8) Concurrent Cleanup for Next Mark 0.287ms
[2023-12-04T14:34:03.866+0000][176][info ][gc          ] GC(8) Concurrent Mark Cycle 10.873ms
[2023-12-04T14:34:04.142+0000][176][info ][gc,start    ] GC(9) Pause Young (Normal) (G1 Evacuation Pause)
[2023-12-04T14:34:04.142+0000][176][info ][gc,task     ] GC(9) Using 10 workers of 10 for evacuation
[2023-12-04T14:34:04.142+0000][176][debug][gc,age      ] GC(9) Desired survivor size 20971520 bytes, new threshold 6 (max threshold 15)
[2023-12-04T14:34:04.147+0000][176][info ][gc,phases   ] GC(9)   Pre Evacuate Collection Set: 0.1ms
[2023-12-04T14:34:04.147+0000][176][info ][gc,phases   ] GC(9)   Merge Heap Roots: 0.0ms
[2023-12-04T14:34:04.147+0000][176][info ][gc,phases   ] GC(9)   Evacuate Collection Set: 5.3ms
[2023-12-04T14:34:04.147+0000][176][info ][gc,phases   ] GC(9)   Post Evacuate Collection Set: 0.4ms
[2023-12-04T14:34:04.148+0000][176][info ][gc,phases   ] GC(9)   Other: 0.0ms
[2023-12-04T14:34:04.148+0000][176][trace][gc,age      ] GC(9) Age table with threshold 6 (max threshold 15)
[2023-12-04T14:34:04.148+0000][176][trace][gc,age      ] GC(9) - age   1:    3384288 bytes,    3384288 total
[2023-12-04T14:34:04.148+0000][176][trace][gc,age      ] GC(9) - age   2:    5453240 bytes,    8837528 total
[2023-12-04T14:34:04.148+0000][176][trace][gc,age      ] GC(9) - age   3:    4719192 bytes,   13556720 total
[2023-12-04T14:34:04.148+0000][176][trace][gc,age      ] GC(9) - age   4:    6391048 bytes,   19947768 total
[2023-12-04T14:34:04.148+0000][176][trace][gc,age      ] GC(9) - age   5:     877704 bytes,   20825472 total
[2023-12-04T14:34:04.148+0000][176][trace][gc,age      ] GC(9) - age   6:    2590640 bytes,   23416112 total
[2023-12-04T14:34:04.148+0000][176][info ][gc,heap     ] GC(9) Eden regions: 69->0(69)
[2023-12-04T14:34:04.148+0000][176][info ][gc,heap     ] GC(9) Survivor regions: 7->7(10)
[2023-12-04T14:34:04.148+0000][176][info ][gc,heap     ] GC(9) Old regions: 1->3
[2023-12-04T14:34:04.148+0000][176][info ][gc,heap     ] GC(9) Humongous regions: 0->0
[2023-12-04T14:34:04.148+0000][176][info ][gc,metaspace] GC(9) Metaspace: 36360K(37184K)->36360K(37184K) NonClass: 32232K(32704K)->32232K(32704K) Class: 4128K(4480K)->4128K(4480K)
[2023-12-04T14:34:04.148+0000][176][info ][gc          ] GC(9) Pause Young (Normal) (G1 Evacuation Pause) 305M->32M(512M) 6.127ms
[2023-12-04T14:34:04.148+0000][176][info ][gc,cpu      ] GC(9) User=0.06s Sys=0.00s Real=0.01s
[2023-12-04T14:34:04.148+0000][176][info ][safepoint   ] Safepoint "G1CollectForAllocation", Time since last: 276275884 ns, Reaching safepoint: 3108 ns, Cleanup: 51981 ns, At safepoint: 6167005 ns, Total: 6222094 ns
[2023-12-04T14:34:04.532+0000][176][info ][safepoint   ] Safepoint "ICBufferFull", Time since last: 383806886 ns, Reaching safepoint: 67973 ns, Cleanup: 72411 ns, At safepoint: 2713 ns, Total: 143097 ns
[2023-12-04T14:34:04.988+0000][176][info ][safepoint   ] Safepoint "ICBufferFull", Time since last: 456476832 ns, Reaching safepoint: 2992 ns, Cleanup: 77709 ns, At safepoint: 2021 ns, Total: 82722 ns
[2023-12-04T14:34:05.079+0000][176][info ][gc,start    ] GC(10) Pause Young (Normal) (G1 Evacuation Pause)
[2023-12-04T14:34:05.079+0000][176][info ][gc,task     ] GC(10) Using 10 workers of 10 for evacuation
[2023-12-04T14:34:05.079+0000][176][debug][gc,age      ] GC(10) Desired survivor size 20971520 bytes, new threshold 6 (max threshold 15)
[2023-12-04T14:34:05.089+0000][176][info ][gc,phases   ] GC(10)   Pre Evacuate Collection Set: 0.2ms
[2023-12-04T14:34:05.089+0000][176][info ][gc,phases   ] GC(10)   Merge Heap Roots: 0.0ms
[2023-12-04T14:34:05.089+0000][176][info ][gc,phases   ] GC(10)   Evacuate Collection Set: 8.6ms
[2023-12-04T14:34:05.089+0000][176][info ][gc,phases   ] GC(10)   Post Evacuate Collection Set: 0.8ms
[2023-12-04T14:34:05.089+0000][176][info ][gc,phases   ] GC(10)   Other: 0.0ms
[2023-12-04T14:34:05.089+0000][176][trace][gc,age      ] GC(10) Age table with threshold 6 (max threshold 15)
[2023-12-04T14:34:05.089+0000][176][trace][gc,age      ] GC(10) - age   1:   11046512 bytes,   11046512 total
[2023-12-04T14:34:05.089+0000][176][trace][gc,age      ] GC(10) - age   2:    1349872 bytes,   12396384 total
[2023-12-04T14:34:05.089+0000][176][trace][gc,age      ] GC(10) - age   3:    5428104 bytes,   17824488 total
[2023-12-04T14:34:05.089+0000][176][trace][gc,age      ] GC(10) - age   4:    4694432 bytes,   22518920 total
[2023-12-04T14:34:05.089+0000][176][trace][gc,age      ] GC(10) - age   5:    6351472 bytes,   28870392 total
[2023-12-04T14:34:05.089+0000][176][trace][gc,age      ] GC(10) - age   6:     872776 bytes,   29743168 total
[2023-12-04T14:34:05.089+0000][176][info ][gc,heap     ] GC(10) Eden regions: 69->0(68)
[2023-12-04T14:34:05.089+0000][176][info ][gc,heap     ] GC(10) Survivor regions: 7->8(10)
[2023-12-04T14:34:05.089+0000][176][info ][gc,heap     ] GC(10) Old regions: 3->3
[2023-12-04T14:34:05.089+0000][176][info ][gc,heap     ] GC(10) Humongous regions: 0->0
[2023-12-04T14:34:05.089+0000][176][info ][gc,metaspace] GC(10) Metaspace: 47036K(48448K)->47036K(48448K) NonClass: 41458K(42304K)->41458K(42304K) Class: 5577K(6144K)->5577K(6144K)
[2023-12-04T14:34:05.089+0000][176][info ][gc          ] GC(10) Pause Young (Normal) (G1 Evacuation Pause) 308M->41M(512M) 9.857ms
[2023-12-04T14:34:05.089+0000][176][info ][gc,cpu      ] GC(10) User=0.09s Sys=0.00s Real=0.01s
[2023-12-04T14:34:05.089+0000][176][info ][safepoint   ] Safepoint "G1CollectForAllocation", Time since last: 91036721 ns, Reaching safepoint: 3508 ns, Cleanup: 19970 ns, At safepoint: 9892830 ns, Total: 9916308 ns
[2023-12-04T14:34:05.998+0000][176][info ][safepoint   ] Safepoint "ICBufferFull", Time since last: 908991691 ns, Reaching safepoint: 2845 ns, Cleanup: 68011 ns, At safepoint: 1801 ns, Total: 72657 ns
[2023-12-04T14:34:06.244+0000][176][info ][gc,start    ] GC(11) Pause Young (Normal) (G1 Evacuation Pause)
[2023-12-04T14:34:06.244+0000][176][info ][gc,task     ] GC(11) Using 10 workers of 10 for evacuation
[2023-12-04T14:34:06.244+0000][176][debug][gc,age      ] GC(11) Desired survivor size 20971520 bytes, new threshold 4 (max threshold 15)
[2023-12-04T14:34:06.254+0000][176][info ][gc,phases   ] GC(11)   Pre Evacuate Collection Set: 0.1ms
[2023-12-04T14:34:06.254+0000][176][info ][gc,phases   ] GC(11)   Merge Heap Roots: 0.0ms
[2023-12-04T14:34:06.254+0000][176][info ][gc,phases   ] GC(11)   Evacuate Collection Set: 8.5ms
[2023-12-04T14:34:06.254+0000][176][info ][gc,phases   ] GC(11)   Post Evacuate Collection Set: 0.9ms
[2023-12-04T14:34:06.254+0000][176][info ][gc,phases   ] GC(11)   Other: 0.0ms
[2023-12-04T14:34:06.254+0000][176][trace][gc,age      ] GC(11) Age table with threshold 4 (max threshold 15)
[2023-12-04T14:34:06.254+0000][176][trace][gc,age      ] GC(11) - age   1:   14486744 bytes,   14486744 total
[2023-12-04T14:34:06.254+0000][176][trace][gc,age      ] GC(11) - age   2:   10624120 bytes,   25110864 total
[2023-12-04T14:34:06.254+0000][176][trace][gc,age      ] GC(11) - age   3:    1349264 bytes,   26460128 total
[2023-12-04T14:34:06.254+0000][176][trace][gc,age      ] GC(11) - age   4:    5421568 bytes,   31881696 total
[2023-12-04T14:34:06.254+0000][176][info ][gc,heap     ] GC(11) Eden regions: 68->0(67)
[2023-12-04T14:34:06.254+0000][176][info ][gc,heap     ] GC(11) Survivor regions: 8->9(10)
[2023-12-04T14:34:06.254+0000][176][info ][gc,heap     ] GC(11) Old regions: 3->6
[2023-12-04T14:34:06.254+0000][176][info ][gc,heap     ] GC(11) Humongous regions: 0->0
[2023-12-04T14:34:06.254+0000][176][info ][gc,metaspace] GC(11) Metaspace: 53265K(54656K)->53265K(54656K) NonClass: 46801K(47616K)->46801K(47616K) Class: 6463K(7040K)->6463K(7040K)
[2023-12-04T14:34:06.254+0000][176][info ][gc          ] GC(11) Pause Young (Normal) (G1 Evacuation Pause) 313M->56M(512M) 9.836ms
[2023-12-04T14:34:06.254+0000][176][info ][gc,cpu      ] GC(11) User=0.09s Sys=0.00s Real=0.01s
[2023-12-04T14:34:06.254+0000][176][info ][safepoint   ] Safepoint "G1CollectForAllocation", Time since last: 245656964 ns, Reaching safepoint: 3148 ns, Cleanup: 54862 ns, At safepoint: 9875401 ns, Total: 9933411 ns
[2023-12-04T14:34:06.459+0000][176][info ][safepoint   ] Safepoint "ICBufferFull", Time since last: 205367392 ns, Reaching safepoint: 2360 ns, Cleanup: 65782 ns, At safepoint: 2671 ns, Total: 70813 ns
[2023-12-04T14:34:06.571+0000][176][info ][gc,start    ] GC(12) Pause Young (Concurrent Start) (Metadata GC Threshold)
[2023-12-04T14:34:06.571+0000][176][info ][gc,task     ] GC(12) Using 10 workers of 10 for evacuation
[2023-12-04T14:34:06.571+0000][176][debug][gc,age      ] GC(12) Desired survivor size 20971520 bytes, new threshold 2 (max threshold 15)
[2023-12-04T14:34:06.579+0000][176][info ][gc,phases   ] GC(12)   Pre Evacuate Collection Set: 0.2ms
[2023-12-04T14:34:06.579+0000][176][info ][gc,phases   ] GC(12)   Merge Heap Roots: 0.1ms
[2023-12-04T14:34:06.579+0000][176][info ][gc,phases   ] GC(12)   Evacuate Collection Set: 7.7ms
[2023-12-04T14:34:06.579+0000][176][info ][gc,phases   ] GC(12)   Post Evacuate Collection Set: 0.5ms
[2023-12-04T14:34:06.579+0000][176][info ][gc,phases   ] GC(12)   Other: 0.2ms
[2023-12-04T14:34:06.579+0000][176][trace][gc,age      ] GC(12) Age table with threshold 2 (max threshold 15)
[2023-12-04T14:34:06.579+0000][176][trace][gc,age      ] GC(12) - age   1:    2890024 bytes,    2890024 total
[2023-12-04T14:34:06.579+0000][176][trace][gc,age      ] GC(12) - age   2:   14354168 bytes,   17244192 total
[2023-12-04T14:34:06.579+0000][176][info ][gc,heap     ] GC(12) Eden regions: 25->0(71)
[2023-12-04T14:34:06.579+0000][176][info ][gc,heap     ] GC(12) Survivor regions: 9->5(10)
[2023-12-04T14:34:06.579+0000][176][info ][gc,heap     ] GC(12) Old regions: 6->11
[2023-12-04T14:34:06.579+0000][176][info ][gc,heap     ] GC(12) Humongous regions: 0->0
[2023-12-04T14:34:06.579+0000][176][info ][gc,metaspace] GC(12) Metaspace: 59069K(60480K)->59069K(60480K) NonClass: 51857K(52736K)->51857K(52736K) Class: 7211K(7744K)->7211K(7744K)
[2023-12-04T14:34:06.579+0000][176][info ][gc          ] GC(12) Pause Young (Concurrent Start) (Metadata GC Threshold) 154M->59M(512M) 8.720ms
[2023-12-04T14:34:06.579+0000][176][info ][gc,cpu      ] GC(12) User=0.08s Sys=0.00s Real=0.01s
[2023-12-04T14:34:06.579+0000][176][info ][gc          ] GC(13) Concurrent Mark Cycle
[2023-12-04T14:34:06.579+0000][176][info ][gc,marking  ] GC(13) Concurrent Scan Root Regions
[2023-12-04T14:34:06.580+0000][176][info ][safepoint   ] Safepoint "CollectForMetadataAllocation", Time since last: 111442568 ns, Reaching safepoint: 2847 ns, Cleanup: 13942 ns, At safepoint: 8827438 ns, Total: 8844227 ns
[2023-12-04T14:34:06.589+0000][176][info ][gc,marking  ] GC(13) Concurrent Scan Root Regions 9.374ms
[2023-12-04T14:34:06.589+0000][176][info ][gc,marking  ] GC(13) Concurrent Mark
[2023-12-04T14:34:06.589+0000][176][info ][gc,marking  ] GC(13) Concurrent Mark From Roots
[2023-12-04T14:34:06.589+0000][176][info ][gc,task     ] GC(13) Using 3 workers of 3 for marking
[2023-12-04T14:34:06.594+0000][176][info ][safepoint   ] Safepoint "CollectForMetadataAllocation", Time since last: 14824974 ns, Reaching safepoint: 21759 ns, Cleanup: 2307 ns, At safepoint: 53340 ns, Total: 77406 ns
[2023-12-04T14:34:06.600+0000][176][info ][gc,marking  ] GC(13) Concurrent Mark From Roots 10.685ms
[2023-12-04T14:34:06.600+0000][176][info ][gc,marking  ] GC(13) Concurrent Preclean
[2023-12-04T14:34:06.600+0000][176][info ][gc,marking  ] GC(13) Concurrent Preclean 0.051ms
[2023-12-04T14:34:06.600+0000][176][info ][gc,start    ] GC(13) Pause Remark
[2023-12-04T14:34:06.605+0000][176][info ][gc          ] GC(13) Pause Remark 65M->65M(512M) 5.119ms
[2023-12-04T14:34:06.605+0000][176][info ][gc,cpu      ] GC(13) User=0.04s Sys=0.00s Real=0.00s
[2023-12-04T14:34:06.605+0000][176][info ][safepoint   ] Safepoint "G1PauseRemark", Time since last: 5262704 ns, Reaching safepoint: 2256 ns, Cleanup: 3800 ns, At safepoint: 5170020 ns, Total: 5176076 ns
[2023-12-04T14:34:06.605+0000][176][info ][gc,marking  ] GC(13) Concurrent Mark 16.058ms
[2023-12-04T14:34:06.605+0000][176][info ][gc,marking  ] GC(13) Concurrent Rebuild Remembered Sets and Scrub Regions
[2023-12-04T14:34:06.611+0000][176][info ][gc,marking  ] GC(13) Concurrent Rebuild Remembered Sets and Scrub Regions 5.762ms
[2023-12-04T14:34:06.611+0000][176][info ][gc,start    ] GC(13) Pause Cleanup
[2023-12-04T14:34:06.611+0000][176][info ][gc          ] GC(13) Pause Cleanup 65M->65M(512M) 0.057ms
[2023-12-04T14:34:06.611+0000][176][info ][gc,cpu      ] GC(13) User=0.00s Sys=0.00s Real=0.00s
[2023-12-04T14:34:06.611+0000][176][info ][safepoint   ] Safepoint "G1PauseCleanup", Time since last: 5914388 ns, Reaching safepoint: 142840 ns, Cleanup: 8922 ns, At safepoint: 114867 ns, Total: 266629 ns
[2023-12-04T14:34:06.611+0000][176][info ][gc,marking  ] GC(13) Concurrent Clear Claimed Marks
[2023-12-04T14:34:06.611+0000][176][info ][gc,marking  ] GC(13) Concurrent Clear Claimed Marks 0.104ms
[2023-12-04T14:34:06.611+0000][176][info ][gc,marking  ] GC(13) Concurrent Cleanup for Next Mark
[2023-12-04T14:34:06.611+0000][176][info ][gc,marking  ] GC(13) Concurrent Cleanup for Next Mark 0.217ms
[2023-12-04T14:34:06.612+0000][176][info ][gc          ] GC(13) Concurrent Mark Cycle 32.069ms
[2023-12-04T14:34:07.611+0000][176][info ][safepoint   ] Safepoint "Cleanup", Time since last: 1000089539 ns, Reaching safepoint: 73284 ns, Cleanup: 74542 ns, At safepoint: 3979 ns, Total: 151805 ns
[2023-12-04T14:34:07.611+0000][176][info ][gc,start    ] GC(14) Pause Young (Prepare Mixed) (G1 Evacuation Pause)
[2023-12-04T14:34:07.611+0000][176][info ][gc,task     ] GC(14) Using 10 workers of 10 for evacuation
[2023-12-04T14:34:07.611+0000][176][debug][gc,age      ] GC(14) Desired survivor size 20971520 bytes, new threshold 15 (max threshold 15)
[2023-12-04T14:34:07.618+0000][176][info ][gc,phases   ] GC(14)   Pre Evacuate Collection Set: 0.2ms
[2023-12-04T14:34:07.618+0000][176][info ][gc,phases   ] GC(14)   Merge Heap Roots: 0.1ms
[2023-12-04T14:34:07.618+0000][176][info ][gc,phases   ] GC(14)   Evacuate Collection Set: 5.6ms
[2023-12-04T14:34:07.618+0000][176][info ][gc,phases   ] GC(14)   Post Evacuate Collection Set: 0.9ms
[2023-12-04T14:34:07.618+0000][176][info ][gc,phases   ] GC(14)   Other: 0.1ms
[2023-12-04T14:34:07.618+0000][176][trace][gc,age      ] GC(14) Age table with threshold 15 (max threshold 15)
[2023-12-04T14:34:07.618+0000][176][trace][gc,age      ] GC(14) - age   1:    3035840 bytes,    3035840 total
[2023-12-04T14:34:07.618+0000][176][trace][gc,age      ] GC(14) - age   2:    2818440 bytes,    5854280 total
[2023-12-04T14:34:07.618+0000][176][trace][gc,age      ] GC(14) - age   3:   14335464 bytes,   20189744 total
[2023-12-04T14:34:07.618+0000][176][info ][gc,heap     ] GC(14) Eden regions: 71->0(70)
[2023-12-04T14:34:07.618+0000][176][info ][gc,heap     ] GC(14) Survivor regions: 5->6(10)
[2023-12-04T14:34:07.618+0000][176][info ][gc,heap     ] GC(14) Old regions: 11->11
[2023-12-04T14:34:07.618+0000][176][info ][gc,heap     ] GC(14) Humongous regions: 0->0
[2023-12-04T14:34:07.618+0000][176][info ][gc,metaspace] GC(14) Metaspace: 69855K(71488K)->69855K(71488K) NonClass: 60897K(61888K)->60897K(61888K) Class: 8957K(9600K)->8957K(9600K)
[2023-12-04T14:34:07.618+0000][176][info ][gc          ] GC(14) Pause Young (Prepare Mixed) (G1 Evacuation Pause) 343M->62M(512M) 6.914ms
[2023-12-04T14:34:07.618+0000][176][info ][gc,cpu      ] GC(14) User=0.06s Sys=0.00s Real=0.01s
[2023-12-04T14:34:07.618+0000][176][info ][safepoint   ] Safepoint "G1CollectForAllocation", Time since last: 81242 ns, Reaching safepoint: 1736 ns, Cleanup: 1221 ns, At safepoint: 6956877 ns, Total: 6959834 ns
[2023-12-04T14:34:08.211+0000][176][info ][safepoint   ] Safepoint "ICBufferFull", Time since last: 592181900 ns, Reaching safepoint: 3129 ns, Cleanup: 79505 ns, At safepoint: 2155 ns, Total: 84789 ns
[2023-12-04T14:34:09.284+0000][176][info ][safepoint   ] Safepoint "Cleanup", Time since last: 1072929194 ns, Reaching safepoint: 2446 ns, Cleanup: 61853 ns, At safepoint: 1867 ns, Total: 66166 ns
[2023-12-04T14:34:09.329+0000][176][info ][gc,start    ] GC(15) Pause Young (Mixed) (G1 Evacuation Pause)
[2023-12-04T14:34:09.329+0000][176][info ][gc,task     ] GC(15) Using 10 workers of 10 for evacuation
[2023-12-04T14:34:09.329+0000][176][debug][gc,age      ] GC(15) Desired survivor size 20971520 bytes, new threshold 15 (max threshold 15)
[2023-12-04T14:34:09.341+0000][176][info ][gc,phases   ] GC(15)   Pre Evacuate Collection Set: 0.1ms
[2023-12-04T14:34:09.341+0000][176][info ][gc,phases   ] GC(15)   Merge Heap Roots: 0.2ms
[2023-12-04T14:34:09.341+0000][176][info ][gc,phases   ] GC(15)   Evacuate Collection Set: 10.1ms
[2023-12-04T14:34:09.341+0000][176][info ][gc,phases   ] GC(15)   Post Evacuate Collection Set: 1.6ms
[2023-12-04T14:34:09.341+0000][176][info ][gc,phases   ] GC(15)   Other: 0.1ms
[2023-12-04T14:34:09.341+0000][176][trace][gc,age      ] GC(15) Age table with threshold 15 (max threshold 15)
[2023-12-04T14:34:09.341+0000][176][trace][gc,age      ] GC(15) - age   1:    7172896 bytes,    7172896 total
[2023-12-04T14:34:09.341+0000][176][trace][gc,age      ] GC(15) - age   2:    2776064 bytes,    9948960 total
[2023-12-04T14:34:09.341+0000][176][trace][gc,age      ] GC(15) - age   3:    2807224 bytes,   12756184 total
[2023-12-04T14:34:09.341+0000][176][trace][gc,age      ] GC(15) - age   4:   14323032 bytes,   27079216 total
[2023-12-04T14:34:09.341+0000][176][info ][gc,heap     ] GC(15) Eden regions: 70->0(69)
[2023-12-04T14:34:09.341+0000][176][info ][gc,heap     ] GC(15) Survivor regions: 6->7(10)
[2023-12-04T14:34:09.341+0000][176][info ][gc,heap     ] GC(15) Old regions: 11->11
[2023-12-04T14:34:09.341+0000][176][info ][gc,heap     ] GC(15) Humongous regions: 0->0
[2023-12-04T14:34:09.341+0000][176][info ][gc,metaspace] GC(15) Metaspace: 83850K(85568K)->83850K(85568K) NonClass: 73045K(74048K)->73045K(74048K) Class: 10805K(11520K)->10805K(11520K)
[2023-12-04T14:34:09.341+0000][176][info ][gc          ] GC(15) Pause Young (Mixed) (G1 Evacuation Pause) 342M->68M(512M) 12.269ms
[2023-12-04T14:34:09.341+0000][176][info ][gc,cpu      ] GC(15) User=0.09s Sys=0.00s Real=0.01s
[2023-12-04T14:34:09.341+0000][176][info ][safepoint   ] Safepoint "G1CollectForAllocation", Time since last: 45425726 ns, Reaching safepoint: 2515 ns, Cleanup: 10116 ns, At safepoint: 12330740 ns, Total: 12343371 ns
[2023-12-04T14:34:10.187+0000][176][info ][gc,start    ] GC(16) Pause Young (Concurrent Start) (Metadata GC Threshold)
[2023-12-04T14:34:10.187+0000][176][info ][gc,task     ] GC(16) Using 10 workers of 10 for evacuation
[2023-12-04T14:34:10.187+0000][176][debug][gc,age      ] GC(16) Desired survivor size 20971520 bytes, new threshold 4 (max threshold 15)
[2023-12-04T14:34:10.201+0000][176][info ][gc,phases   ] GC(16)   Pre Evacuate Collection Set: 0.3ms
[2023-12-04T14:34:10.201+0000][176][info ][gc,phases   ] GC(16)   Merge Heap Roots: 0.1ms
[2023-12-04T14:34:10.201+0000][176][info ][gc,phases   ] GC(16)   Evacuate Collection Set: 12.1ms
[2023-12-04T14:34:10.201+0000][176][info ][gc,phases   ] GC(16)   Post Evacuate Collection Set: 1.1ms
[2023-12-04T14:34:10.201+0000][176][info ][gc,phases   ] GC(16)   Other: 0.1ms
[2023-12-04T14:34:10.201+0000][176][trace][gc,age      ] GC(16) Age table with threshold 4 (max threshold 15)
[2023-12-04T14:34:10.201+0000][176][trace][gc,age      ] GC(16) - age   1:    4700008 bytes,    4700008 total
[2023-12-04T14:34:10.201+0000][176][trace][gc,age      ] GC(16) - age   2:    6995640 bytes,   11695648 total
[2023-12-04T14:34:10.201+0000][176][trace][gc,age      ] GC(16) - age   3:    2768848 bytes,   14464496 total
[2023-12-04T14:34:10.201+0000][176][trace][gc,age      ] GC(16) - age   4:    2804776 bytes,   17269272 total
[2023-12-04T14:34:10.201+0000][176][info ][gc,heap     ] GC(16) Eden regions: 27->0(71)
[2023-12-04T14:34:10.201+0000][176][info ][gc,heap     ] GC(16) Survivor regions: 7->5(10)
[2023-12-04T14:34:10.201+0000][176][info ][gc,heap     ] GC(16) Old regions: 11->14
[2023-12-04T14:34:10.201+0000][176][info ][gc,heap     ] GC(16) Humongous regions: 0->0
[2023-12-04T14:34:10.201+0000][176][info ][gc,metaspace] GC(16) Metaspace: 99897K(101696K)->99897K(101696K) NonClass: 86776K(87808K)->86776K(87808K) Class: 13121K(13888K)->13121K(13888K)
[2023-12-04T14:34:10.201+0000][176][info ][gc          ] GC(16) Pause Young (Concurrent Start) (Metadata GC Threshold) 174M->73M(512M) 14.035ms
[2023-12-04T14:34:10.201+0000][176][info ][gc          ] GC(17) Concurrent Mark Cycle
[2023-12-04T14:34:10.201+0000][176][info ][gc,marking  ] GC(17) Concurrent Scan Root Regions
[2023-12-04T14:34:10.201+0000][176][info ][gc,cpu      ] GC(16) User=0.11s Sys=0.00s Real=0.01s
[2023-12-04T14:34:10.201+0000][176][info ][safepoint   ] Safepoint "CollectForMetadataAllocation", Time since last: 845230725 ns, Reaching safepoint: 7520 ns, Cleanup: 108915 ns, At safepoint: 14230714 ns, Total: 14347149 ns
[2023-12-04T14:34:10.214+0000][176][info ][gc,marking  ] GC(17) Concurrent Scan Root Regions 12.911ms
[2023-12-04T14:34:10.214+0000][176][info ][gc,marking  ] GC(17) Concurrent Mark
[2023-12-04T14:34:10.214+0000][176][info ][gc,marking  ] GC(17) Concurrent Mark From Roots
[2023-12-04T14:34:10.214+0000][176][info ][gc,task     ] GC(17) Using 3 workers of 3 for marking
[2023-12-04T14:34:10.226+0000][176][info ][safepoint   ] Safepoint "CollectForMetadataAllocation", Time since last: 24417808 ns, Reaching safepoint: 134293 ns, Cleanup: 2235 ns, At safepoint: 53982 ns, Total: 190510 ns
[2023-12-04T14:34:10.232+0000][176][info ][gc,marking  ] GC(17) Concurrent Mark From Roots 17.979ms
[2023-12-04T14:34:10.232+0000][176][info ][gc,marking  ] GC(17) Concurrent Preclean
[2023-12-04T14:34:10.232+0000][176][info ][gc,marking  ] GC(17) Concurrent Preclean 0.155ms
[2023-12-04T14:34:10.232+0000][176][info ][gc,start    ] GC(17) Pause Remark
[2023-12-04T14:34:10.237+0000][176][info ][gc          ] GC(17) Pause Remark 79M->79M(512M) 4.317ms
[2023-12-04T14:34:10.237+0000][176][info ][gc,cpu      ] GC(17) User=0.02s Sys=0.00s Real=0.01s
[2023-12-04T14:34:10.237+0000][176][info ][safepoint   ] Safepoint "G1PauseRemark", Time since last: 6422503 ns, Reaching safepoint: 260250 ns, Cleanup: 10224 ns, At safepoint: 4362532 ns, Total: 4633006 ns
[2023-12-04T14:34:10.237+0000][176][info ][gc,marking  ] GC(17) Concurrent Mark 22.853ms
[2023-12-04T14:34:10.237+0000][176][info ][gc,marking  ] GC(17) Concurrent Rebuild Remembered Sets and Scrub Regions
[2023-12-04T14:34:10.248+0000][176][info ][gc,marking  ] GC(17) Concurrent Rebuild Remembered Sets and Scrub Regions 11.481ms
[2023-12-04T14:34:10.248+0000][176][info ][gc,start    ] GC(17) Pause Cleanup
[2023-12-04T14:34:10.248+0000][176][info ][gc          ] GC(17) Pause Cleanup 79M->79M(512M) 0.072ms
[2023-12-04T14:34:10.248+0000][176][info ][gc,cpu      ] GC(17) User=0.00s Sys=0.00s Real=0.00s
[2023-12-04T14:34:10.248+0000][176][info ][safepoint   ] Safepoint "G1PauseCleanup", Time since last: 11560221 ns, Reaching safepoint: 2662 ns, Cleanup: 15923 ns, At safepoint: 106741 ns, Total: 125326 ns
[2023-12-04T14:34:10.248+0000][176][info ][gc,marking  ] GC(17) Concurrent Clear Claimed Marks
[2023-12-04T14:34:10.248+0000][176][info ][gc,marking  ] GC(17) Concurrent Clear Claimed Marks 0.071ms
[2023-12-04T14:34:10.248+0000][176][info ][gc,marking  ] GC(17) Concurrent Cleanup for Next Mark
[2023-12-04T14:34:10.249+0000][176][info ][gc,marking  ] GC(17) Concurrent Cleanup for Next Mark 0.249ms
[2023-12-04T14:34:10.249+0000][176][info ][gc          ] GC(17) Concurrent Mark Cycle 47.890ms
[2023-12-04T14:34:10.773+0000][176][info ][safepoint   ] Safepoint "ICBufferFull", Time since last: 524316663 ns, Reaching safepoint: 2974 ns, Cleanup: 78720 ns, At safepoint: 2307 ns, Total: 84001 ns
[2023-12-04T14:34:11.311+0000][176][info ][safepoint   ] Safepoint "ICBufferFull", Time since last: 532868149 ns, Reaching safepoint: 5218761 ns, Cleanup: 97873 ns, At safepoint: 7723 ns, Total: 5324357 ns
[2023-12-04T14:34:11.907+0000][176][info ][safepoint   ] Safepoint "ICBufferFull", Time since last: 595649962 ns, Reaching safepoint: 3932 ns, Cleanup: 67252 ns, At safepoint: 2135 ns, Total: 73319 ns
[2023-12-04T14:34:12.462+0000][176][info ][safepoint   ] Safepoint "ICBufferFull", Time since last: 555789936 ns, Reaching safepoint: 7957 ns, Cleanup: 73988 ns, At safepoint: 3605 ns, Total: 85550 ns
[2023-12-04T14:34:13.467+0000][176][info ][safepoint   ] Safepoint "Cleanup", Time since last: 1004792297 ns, Reaching safepoint: 17337 ns, Cleanup: 191176 ns, At safepoint: 2617 ns, Total: 211130 ns
[2023-12-04T14:34:14.468+0000][176][info ][safepoint   ] Safepoint "Cleanup", Time since last: 1000151105 ns, Reaching safepoint: 340001 ns, Cleanup: 58678 ns, At safepoint: 5869 ns, Total: 404548 ns
[2023-12-04T14:34:15.611+0000][176][info ][safepoint   ] Safepoint "Cleanup", Time since last: 1142678238 ns, Reaching safepoint: 19136 ns, Cleanup: 132346 ns, At safepoint: 10651 ns, Total: 162133 ns
[2023-12-04T14:34:16.611+0000][176][info ][safepoint   ] Safepoint "Cleanup", Time since last: 1000173670 ns, Reaching safepoint: 8028 ns, Cleanup: 7900 ns, At safepoint: 2468 ns, Total: 18396 ns
[2023-12-04T14:34:17.611+0000][176][info ][safepoint   ] Safepoint "Cleanup", Time since last: 1000184209 ns, Reaching safepoint: 63119 ns, Cleanup: 22904 ns, At safepoint: 9594 ns, Total: 95617 ns
[2023-12-04T14:34:19.612+0000][176][info ][safepoint   ] Safepoint "Cleanup", Time since last: 2000326716 ns, Reaching safepoint: 22676 ns, Cleanup: 25662 ns, At safepoint: 11171 ns, Total: 59509 ns
[2023-12-04T14:34:20.612+0000][176][info ][safepoint   ] Safepoint "Cleanup", Time since last: 1000303756 ns, Reaching safepoint: 18971 ns, Cleanup: 18667 ns, At safepoint: 9357 ns, Total: 46995 ns
[2023-12-04T14:34:21.612+0000][176][info ][safepoint   ] Safepoint "Cleanup", Time since last: 1000241042 ns, Reaching safepoint: 18683 ns, Cleanup: 22225 ns, At safepoint: 9171 ns, Total: 50079 ns
[2023-12-04T14:34:22.613+0000][176][info ][safepoint   ] Safepoint "Cleanup", Time since last: 1000221485 ns, Reaching safepoint: 77754 ns, Cleanup: 24001 ns, At safepoint: 11720 ns, Total: 113475 ns
[2023-12-04T14:34:23.613+0000][176][info ][safepoint   ] Safepoint "Cleanup", Time since last: 1000265606 ns, Reaching safepoint: 18639 ns, Cleanup: 18016 ns, At safepoint: 8796 ns, Total: 45451 ns
[2023-12-04T14:34:24.613+0000][176][info ][safepoint   ] Safepoint "Cleanup", Time since last: 1000163941 ns, Reaching safepoint: 12725 ns, Cleanup: 11205 ns, At safepoint: 2421 ns, Total: 26351 ns
[2023-12-04T14:34:26.614+0000][176][info ][safepoint   ] Safepoint "Cleanup", Time since last: 2000595513 ns, Reaching safepoint: 18880 ns, Cleanup: 18998 ns, At safepoint: 8871 ns, Total: 46749 ns
[2023-12-04T14:34:28.615+0000][176][info ][safepoint   ] Safepoint "Cleanup", Time since last: 2000761508 ns, Reaching safepoint: 28304 ns, Cleanup: 9236 ns, At safepoint: 3503 ns, Total: 41043 ns
[2023-12-04T14:34:31.420+0000][176][info ][safepoint   ] Safepoint "Cleanup", Time since last: 2805567686 ns, Reaching safepoint: 3687 ns, Cleanup: 22682 ns, At safepoint: 1622 ns, Total: 27991 ns
[2023-12-04T14:34:32.612+0000][176][info ][safepoint   ] Safepoint "Cleanup", Time since last: 1191760026 ns, Reaching safepoint: 63605 ns, Cleanup: 94299 ns, At safepoint: 10326 ns, Total: 168230 ns
[2023-12-04T14:34:35.614+0000][176][info ][safepoint   ] Safepoint "Cleanup", Time since last: 3001416713 ns, Reaching safepoint: 20670 ns, Cleanup: 20342 ns, At safepoint: 9188 ns, Total: 50200 ns
[2023-12-04T14:34:41.615+0000][176][info ][safepoint   ] Safepoint "Cleanup", Time since last: 6001251474 ns, Reaching safepoint: 119087 ns, Cleanup: 28752 ns, At safepoint: 9654 ns, Total: 157493 ns
[2023-12-04T14:34:42.162+0000][176][info ][gc,start    ] GC(18) Pause Young (Prepare Mixed) (G1 Evacuation Pause)
[2023-12-04T14:34:42.162+0000][176][info ][gc,task     ] GC(18) Using 10 workers of 10 for evacuation
[2023-12-04T14:34:42.162+0000][176][debug][gc,age      ] GC(18) Desired survivor size 20971520 bytes, new threshold 15 (max threshold 15)
[2023-12-04T14:34:42.186+0000][176][info ][gc,phases   ] GC(18)   Pre Evacuate Collection Set: 0.6ms
[2023-12-04T14:34:42.186+0000][176][info ][gc,phases   ] GC(18)   Merge Heap Roots: 0.3ms
[2023-12-04T14:34:42.186+0000][176][info ][gc,phases   ] GC(18)   Evacuate Collection Set: 21.9ms
[2023-12-04T14:34:42.186+0000][176][info ][gc,phases   ] GC(18)   Post Evacuate Collection Set: 1.6ms
[2023-12-04T14:34:42.186+0000][176][info ][gc,phases   ] GC(18)   Other: 0.2ms
[2023-12-04T14:34:42.186+0000][176][trace][gc,age      ] GC(18) Age table with threshold 15 (max threshold 15)
[2023-12-04T14:34:42.186+0000][176][trace][gc,age      ] GC(18) - age   1:   18575448 bytes,   18575448 total
[2023-12-04T14:34:42.186+0000][176][trace][gc,age      ] GC(18) - age   2:    4334408 bytes,   22909856 total
[2023-12-04T14:34:42.186+0000][176][trace][gc,age      ] GC(18) - age   3:    6946240 bytes,   29856096 total
[2023-12-04T14:34:42.186+0000][176][trace][gc,age      ] GC(18) - age   4:    2681912 bytes,   32538008 total
[2023-12-04T14:34:42.186+0000][176][trace][gc,age      ] GC(18) - age   5:    2721248 bytes,   35259256 total
[2023-12-04T14:34:42.186+0000][176][info ][gc,heap     ] GC(18) Eden regions: 71->0(66)
[2023-12-04T14:34:42.186+0000][176][info ][gc,heap     ] GC(18) Survivor regions: 5->10(10)
[2023-12-04T14:34:42.186+0000][176][info ][gc,heap     ] GC(18) Old regions: 14->14
[2023-12-04T14:34:42.186+0000][176][info ][gc,heap     ] GC(18) Humongous regions: 2->2
[2023-12-04T14:34:42.186+0000][176][info ][gc,metaspace] GC(18) Metaspace: 132995K(136448K)->132995K(136448K) NonClass: 114504K(116352K)->114504K(116352K) Class: 18490K(20096K)->18490K(20096K)
[2023-12-04T14:34:42.187+0000][176][info ][gc          ] GC(18) Pause Young (Prepare Mixed) (G1 Evacuation Pause) 365M->101M(512M) 24.977ms
[2023-12-04T14:34:42.187+0000][176][info ][gc,cpu      ] GC(18) User=0.20s Sys=0.01s Real=0.03s
[2023-12-04T14:34:42.187+0000][176][info ][safepoint   ] Safepoint "G1CollectForAllocation", Time since last: 546404388 ns, Reaching safepoint: 24717 ns, Cleanup: 25726 ns, At safepoint: 25091993 ns, Total: 25142436 ns
[2023-12-04T14:34:43.187+0000][176][info ][safepoint   ] Safepoint "Cleanup", Time since last: 1000104797 ns, Reaching safepoint: 8998 ns, Cleanup: 14071 ns, At safepoint: 2508 ns, Total: 25577 ns
[2023-12-04T14:34:44.187+0000][176][info ][safepoint   ] Safepoint "Cleanup", Time since last: 1000183452 ns, Reaching safepoint: 20944 ns, Cleanup: 23671 ns, At safepoint: 9594 ns, Total: 54209 ns
[2023-12-04T14:34:46.187+0000][176][info ][safepoint   ] Safepoint "Cleanup", Time since last: 2000285967 ns, Reaching safepoint: 10500 ns, Cleanup: 8372 ns, At safepoint: 2726 ns, Total: 21598 ns
[2023-12-04T14:34:47.187+0000][176][info ][safepoint   ] Safepoint "Cleanup", Time since last: 1000152373 ns, Reaching safepoint: 31217 ns, Cleanup: 24420 ns, At safepoint: 11384 ns, Total: 67021 ns
[2023-12-04T14:34:48.188+0000][176][info ][safepoint   ] Safepoint "Cleanup", Time since last: 1000196575 ns, Reaching safepoint: 25774 ns, Cleanup: 7844 ns, At safepoint: 2972 ns, Total: 36590 ns
[2023-12-04T14:35:00.191+0000][176][info ][safepoint   ] Safepoint "Cleanup", Time since last: 12003398991 ns, Reaching safepoint: 62508 ns, Cleanup: 20725 ns, At safepoint: 9927 ns, Total: 93160 ns
[2023-12-04T14:35:03.675+0000][176][info ][safepoint   ] Safepoint "Cleanup", Time since last: 3483408575 ns, Reaching safepoint: 83794 ns, Cleanup: 35956 ns, At safepoint: 25005 ns, Total: 144755 ns
[2023-12-04T14:35:04.675+0000][176][info ][safepoint   ] Safepoint "Cleanup", Time since last: 1000197123 ns, Reaching safepoint: 7708 ns, Cleanup: 6525 ns, At safepoint: 2659 ns, Total: 16892 ns
[2023-12-04T14:35:08.676+0000][176][info ][safepoint   ] Safepoint "Cleanup", Time since last: 4000950086 ns, Reaching safepoint: 66051 ns, Cleanup: 22805 ns, At safepoint: 9614 ns, Total: 98470 ns
[2023-12-04T14:35:10.677+0000][176][info ][safepoint   ] Safepoint "Cleanup", Time since last: 2000932277 ns, Reaching safepoint: 19812 ns, Cleanup: 23698 ns, At safepoint: 9517 ns, Total: 53027 ns
[2023-12-04T14:35:12.677+0000][176][info ][safepoint   ] Safepoint "Cleanup", Time since last: 2000338838 ns, Reaching safepoint: 17397 ns, Cleanup: 21525 ns, At safepoint: 8075 ns, Total: 46997 ns
[2023-12-04T14:35:20.679+0000][176][info ][safepoint   ] Safepoint "Cleanup", Time since last: 8001167473 ns, Reaching safepoint: 65351 ns, Cleanup: 18532 ns, At safepoint: 9297 ns, Total: 93180 ns
[2023-12-04T14:35:23.679+0000][176][info ][safepoint   ] Safepoint "Cleanup", Time since last: 3000456595 ns, Reaching safepoint: 80707 ns, Cleanup: 21845 ns, At safepoint: 31143 ns, Total: 133695 ns
[2023-12-04T14:35:31.682+0000][176][info ][safepoint   ] Safepoint "Cleanup", Time since last: 8002390855 ns, Reaching safepoint: 67050 ns, Cleanup: 19163 ns, At safepoint: 9606 ns, Total: 95819 ns
[2023-12-04T14:35:42.685+0000][176][info ][safepoint   ] Safepoint "Cleanup", Time since last: 11003015105 ns, Reaching safepoint: 17050 ns, Cleanup: 12633 ns, At safepoint: 4873 ns, Total: 34556 ns
[2023-12-04T14:35:46.686+0000][176][info ][safepoint   ] Safepoint "Cleanup", Time since last: 4000707801 ns, Reaching safepoint: 76900 ns, Cleanup: 20675 ns, At safepoint: 11441 ns, Total: 109016 ns
[2023-12-04T14:35:47.686+0000][176][info ][safepoint   ] Safepoint "Cleanup", Time since last: 1000221726 ns, Reaching safepoint: 25628 ns, Cleanup: 23272 ns, At safepoint: 12123 ns, Total: 61023 ns
[2023-12-04T14:36:10.692+0000][176][info ][safepoint   ] Safepoint "Cleanup", Time since last: 23006204517 ns, Reaching safepoint: 23498 ns, Cleanup: 19195 ns, At safepoint: 10297 ns, Total: 52990 ns
[2023-12-04T14:36:11.693+0000][176][info ][safepoint   ] Safepoint "Cleanup", Time since last: 1000468441 ns, Reaching safepoint: 19231 ns, Cleanup: 17747 ns, At safepoint: 9551 ns, Total: 46529 ns
[2023-12-04T14:36:13.693+0000][176][info ][safepoint   ] Safepoint "Cleanup", Time since last: 2000550566 ns, Reaching safepoint: 18260 ns, Cleanup: 18429 ns, At safepoint: 8466 ns, Total: 45155 ns
[2023-12-04T14:36:16.694+0000][176][info ][safepoint   ] Safepoint "Cleanup", Time since last: 3000571235 ns, Reaching safepoint: 60060 ns, Cleanup: 21082 ns, At safepoint: 9303 ns, Total: 90445 ns
[2023-12-04T14:36:17.694+0000][176][info ][safepoint   ] Safepoint "Cleanup", Time since last: 1000175169 ns, Reaching safepoint: 25397 ns, Cleanup: 26447 ns, At safepoint: 3685 ns, Total: 55529 ns
[2023-12-04T14:36:18.695+0000][176][info ][safepoint   ] Safepoint "Cleanup", Time since last: 1000468839 ns, Reaching safepoint: 19120 ns, Cleanup: 18365 ns, At safepoint: 9168 ns, Total: 46653 ns
[2023-12-04T14:36:19.695+0000][176][info ][safepoint   ] Safepoint "Cleanup", Time since last: 1000241822 ns, Reaching safepoint: 57980 ns, Cleanup: 17181 ns, At safepoint: 19492 ns, Total: 94653 ns
[2023-12-04T14:36:30.697+0000][176][info ][safepoint   ] Safepoint "Cleanup", Time since last: 11001759283 ns, Reaching safepoint: 58162 ns, Cleanup: 16935 ns, At safepoint: 17999 ns, Total: 93096 ns
[2023-12-04T14:36:36.698+0000][176][info ][safepoint   ] Safepoint "Cleanup", Time since last: 6001472896 ns, Reaching safepoint: 71735 ns, Cleanup: 36260 ns, At safepoint: 10055 ns, Total: 118050 ns
[2023-12-04T14:36:40.699+0000][176][info ][safepoint   ] Safepoint "Cleanup", Time since last: 4000567949 ns, Reaching safepoint: 66694 ns, Cleanup: 19233 ns, At safepoint: 20913 ns, Total: 106840 ns
[2023-12-04T14:36:42.700+0000][176][info ][safepoint   ] Safepoint "Cleanup", Time since last: 2000397263 ns, Reaching safepoint: 19653 ns, Cleanup: 25813 ns, At safepoint: 9136 ns, Total: 54602 ns
[2023-12-04T14:36:44.700+0000][176][info ][safepoint   ] Safepoint "Cleanup", Time since last: 2000858873 ns, Reaching safepoint: 19637 ns, Cleanup: 21660 ns, At safepoint: 9597 ns, Total: 50894 ns
[2023-12-04T14:36:50.703+0000][176][info ][safepoint   ] Safepoint "Cleanup", Time since last: 6002251666 ns, Reaching safepoint: 69287 ns, Cleanup: 22566 ns, At safepoint: 20246 ns, Total: 112099 ns
[2023-12-04T14:36:51.703+0000][176][info ][safepoint   ] Safepoint "Cleanup", Time since last: 1000593953 ns, Reaching safepoint: 19852 ns, Cleanup: 21876 ns, At safepoint: 9561 ns, Total: 51289 ns
[2023-12-04T14:36:52.704+0000][176][info ][safepoint   ] Safepoint "Cleanup", Time since last: 1000486288 ns, Reaching safepoint: 25654 ns, Cleanup: 18632 ns, At safepoint: 16176 ns, Total: 60462 ns
[2023-12-04T14:37:00.706+0000][176][info ][safepoint   ] Safepoint "Cleanup", Time since last: 8001574643 ns, Reaching safepoint: 65410 ns, Cleanup: 18726 ns, At safepoint: 20035 ns, Total: 104171 ns
[2023-12-04T14:37:12.708+0000][176][info ][safepoint   ] Safepoint "Cleanup", Time since last: 12002367877 ns, Reaching safepoint: 77497 ns, Cleanup: 22012 ns, At safepoint: 12761 ns, Total: 112270 ns
[2023-12-04T14:37:14.709+0000][176][info ][safepoint   ] Safepoint "Cleanup", Time since last: 2000362599 ns, Reaching safepoint: 16503 ns, Cleanup: 16221 ns, At safepoint: 7286 ns, Total: 40010 ns
[2023-12-04T14:37:15.709+0000][176][info ][safepoint   ] Safepoint "Cleanup", Time since last: 1000630158 ns, Reaching safepoint: 6749 ns, Cleanup: 20980 ns, At safepoint: 2691 ns, Total: 30420 ns
[2023-12-04T14:37:16.799+0000][176][info ][safepoint   ] Safepoint "Cleanup", Time since last: 1089714788 ns, Reaching safepoint: 8867 ns, Cleanup: 11630 ns, At safepoint: 9138 ns, Total: 29635 ns
[2023-12-04T14:37:17.611+0000][176][info ][gc,heap,exit] Heap
[2023-12-04T14:37:17.611+0000][176][info ][gc,heap,exit]  garbage-first heap   total 524288K, used 200655K [0x00000000e0000000, 0x0000000100000000)
[2023-12-04T14:37:17.611+0000][176][info ][gc,heap,exit]   region size 4096K, 34 young (139264K), 10 survivors (40960K)
[2023-12-04T14:37:17.611+0000][176][info ][gc,heap,exit]  Metaspace       used 133654K, committed 137152K, reserved 1179648K
[2023-12-04T14:37:17.611+0000][176][info ][gc,heap,exit]   class space    used 18589K, committed 20224K, reserved 1048576K
