[2023-12-04T14:51:06.393+0000][121][info][gc,init] CardTable entry size: 512
[2023-12-04T14:51:06.394+0000][121][info][gc     ] Using G1
[2023-12-04T14:51:06.445+0000][121][info][gc,init] Version: 21.0.1+12-29 (release)
[2023-12-04T14:51:06.445+0000][121][info][gc,init] CPUs: 12 total, 12 available
[2023-12-04T14:51:06.445+0000][121][info][gc,init] Memory: 1024M
[2023-12-04T14:51:06.445+0000][121][info][gc,init] Large Page Support: Disabled
[2023-12-04T14:51:06.445+0000][121][info][gc,init] NUMA Support: Disabled
[2023-12-04T14:51:06.445+0000][121][info][gc,init] Compressed Oops: Enabled (32-bit)
[2023-12-04T14:51:06.445+0000][121][info][gc,init] Heap Region Size: 4M
[2023-12-04T14:51:06.446+0000][121][info][gc,init] Heap Min Capacity: 512M
[2023-12-04T14:51:06.446+0000][121][info][gc,init] Heap Initial Capacity: 512M
[2023-12-04T14:51:06.446+0000][121][info][gc,init] Heap Max Capacity: 512M
[2023-12-04T14:51:06.446+0000][121][info][gc,init] Pre-touch: Enabled
[2023-12-04T14:51:06.446+0000][121][info][gc,init] Parallel Workers: 10
[2023-12-04T14:51:06.446+0000][121][info][gc,init] Concurrent Workers: 3
[2023-12-04T14:51:06.446+0000][121][info][gc,init] Concurrent Refinement Workers: 10
[2023-12-04T14:51:06.446+0000][121][info][gc,init] Periodic GC: Disabled
[2023-12-04T14:51:06.452+0000][121][info][gc,metaspace] CDS archive(s) mapped at: [0x00007fdf93000000-0x00007fdf93ca5000-0x00007fdf93ca5000), size 13258752, SharedBaseAddress: 0x00007fdf93000000, ArchiveRelocationMode: 1.
[2023-12-04T14:51:06.452+0000][121][info][gc,metaspace] Compressed class space mapped at: 0x00007fdf94000000-0x00007fdfd4000000, reserved size: 1073741824
[2023-12-04T14:51:06.452+0000][121][info][gc,metaspace] Narrow klass base: 0x00007fdf93000000, Narrow klass shift: 0, Narrow klass range: 0x100000000
[2023-12-04T14:51:06.596+0000][121][info][gc,start    ] GC(0) Pause Young (Normal) (G1 Evacuation Pause)
[2023-12-04T14:51:06.597+0000][121][info][gc,task     ] GC(0) Using 10 workers of 10 for evacuation
[2023-12-04T14:51:06.597+0000][121][debug][gc,age      ] GC(0) Desired survivor size 2097152 bytes, new threshold 15 (max threshold 15)
[2023-12-04T14:51:06.598+0000][121][info ][gc,phases   ] GC(0)   Pre Evacuate Collection Set: 0.1ms
[2023-12-04T14:51:06.598+0000][121][info ][gc,phases   ] GC(0)   Merge Heap Roots: 0.0ms
[2023-12-04T14:51:06.598+0000][121][info ][gc,phases   ] GC(0)   Evacuate Collection Set: 0.6ms
[2023-12-04T14:51:06.598+0000][121][info ][gc,phases   ] GC(0)   Post Evacuate Collection Set: 0.2ms
[2023-12-04T14:51:06.598+0000][121][info ][gc,phases   ] GC(0)   Other: 0.0ms
[2023-12-04T14:51:06.598+0000][121][trace][gc,age      ] GC(0) Age table with threshold 15 (max threshold 15)
[2023-12-04T14:51:06.598+0000][121][trace][gc,age      ] GC(0) - age   1:    2610728 bytes,    2610728 total
[2023-12-04T14:51:06.598+0000][121][info ][gc,heap     ] GC(0) Eden regions: 6->0(20)
[2023-12-04T14:51:06.598+0000][121][info ][gc,heap     ] GC(0) Survivor regions: 0->1(1)
[2023-12-04T14:51:06.598+0000][121][info ][gc,heap     ] GC(0) Old regions: 1->1
[2023-12-04T14:51:06.598+0000][121][info ][gc,heap     ] GC(0) Humongous regions: 0->0
[2023-12-04T14:51:06.598+0000][121][info ][gc,metaspace] GC(0) Metaspace: 1143K(1344K)->1143K(1344K) NonClass: 1060K(1152K)->1060K(1152K) Class: 82K(192K)->82K(192K)
[2023-12-04T14:51:06.598+0000][121][info ][gc          ] GC(0) Pause Young (Normal) (G1 Evacuation Pause) 25M->3M(512M) 1.161ms
[2023-12-04T14:51:06.598+0000][121][info ][gc,cpu      ] GC(0) User=0.00s Sys=0.00s Real=0.00s
[2023-12-04T14:51:06.598+0000][121][info ][safepoint   ] Safepoint "G1CollectForAllocation", Time since last: 140595520 ns, Reaching safepoint: 2225 ns, Cleanup: 53096 ns, At safepoint: 1192767 ns, Total: 1248088 ns
[2023-12-04T14:51:06.821+0000][121][info ][safepoint   ] Safepoint "ICBufferFull", Time since last: 222677049 ns, Reaching safepoint: 74555 ns, Cleanup: 98414 ns, At safepoint: 2373 ns, Total: 175342 ns
[2023-12-04T14:51:07.105+0000][121][info ][safepoint   ] Safepoint "ICBufferFull", Time since last: 284257420 ns, Reaching safepoint: 2552 ns, Cleanup: 67122 ns, At safepoint: 1646 ns, Total: 71320 ns
[2023-12-04T14:51:07.292+0000][121][info ][safepoint   ] Safepoint "ICBufferFull", Time since last: 187076697 ns, Reaching safepoint: 2006 ns, Cleanup: 79407 ns, At safepoint: 2723 ns, Total: 84136 ns
[2023-12-04T14:51:07.434+0000][121][info ][gc,start    ] GC(1) Pause Young (Normal) (G1 Evacuation Pause)
[2023-12-04T14:51:07.434+0000][121][info ][gc,task     ] GC(1) Using 10 workers of 10 for evacuation
[2023-12-04T14:51:07.434+0000][121][debug][gc,age      ] GC(1) Desired survivor size 6291456 bytes, new threshold 15 (max threshold 15)
[2023-12-04T14:51:07.437+0000][121][info ][gc,phases   ] GC(1)   Pre Evacuate Collection Set: 0.1ms
[2023-12-04T14:51:07.437+0000][121][info ][gc,phases   ] GC(1)   Merge Heap Roots: 0.0ms
[2023-12-04T14:51:07.437+0000][121][info ][gc,phases   ] GC(1)   Evacuate Collection Set: 2.1ms
[2023-12-04T14:51:07.437+0000][121][info ][gc,phases   ] GC(1)   Post Evacuate Collection Set: 0.9ms
[2023-12-04T14:51:07.437+0000][121][info ][gc,phases   ] GC(1)   Other: 0.0ms
[2023-12-04T14:51:07.437+0000][121][trace][gc,age      ] GC(1) Age table with threshold 15 (max threshold 15)
[2023-12-04T14:51:07.437+0000][121][trace][gc,age      ] GC(1) - age   1:    6051280 bytes,    6051280 total
[2023-12-04T14:51:07.437+0000][121][trace][gc,age      ] GC(1) - age   2:    2587056 bytes,    8638336 total
[2023-12-04T14:51:07.437+0000][121][info ][gc,heap     ] GC(1) Eden regions: 20->0(27)
[2023-12-04T14:51:07.437+0000][121][info ][gc,heap     ] GC(1) Survivor regions: 1->3(3)
[2023-12-04T14:51:07.437+0000][121][info ][gc,heap     ] GC(1) Old regions: 1->1
[2023-12-04T14:51:07.437+0000][121][info ][gc,heap     ] GC(1) Humongous regions: 0->0
[2023-12-04T14:51:07.437+0000][121][info ][gc,metaspace] GC(1) Metaspace: 18127K(18624K)->18127K(18624K) NonClass: 16155K(16384K)->16155K(16384K) Class: 1972K(2240K)->1972K(2240K)
[2023-12-04T14:51:07.437+0000][121][info ][gc          ] GC(1) Pause Young (Normal) (G1 Evacuation Pause) 83M->10M(512M) 3.351ms
[2023-12-04T14:51:07.437+0000][121][info ][gc,cpu      ] GC(1) User=0.03s Sys=0.00s Real=0.01s
[2023-12-04T14:51:07.437+0000][121][info ][safepoint   ] Safepoint "G1CollectForAllocation", Time since last: 141730600 ns, Reaching safepoint: 2235 ns, Cleanup: 30199 ns, At safepoint: 3382098 ns, Total: 3414532 ns
[2023-12-04T14:51:07.757+0000][121][info ][safepoint   ] Safepoint "ICBufferFull", Time since last: 320071170 ns, Reaching safepoint: 2728 ns, Cleanup: 83140 ns, At safepoint: 2917 ns, Total: 88785 ns
[2023-12-04T14:51:07.855+0000][121][info ][gc,start    ] GC(2) Pause Young (Normal) (G1 Evacuation Pause)
[2023-12-04T14:51:07.855+0000][121][info ][gc,task     ] GC(2) Using 10 workers of 10 for evacuation
[2023-12-04T14:51:07.855+0000][121][debug][gc,age      ] GC(2) Desired survivor size 8388608 bytes, new threshold 2 (max threshold 15)
[2023-12-04T14:51:07.859+0000][121][info ][gc,phases   ] GC(2)   Pre Evacuate Collection Set: 0.1ms
[2023-12-04T14:51:07.859+0000][121][info ][gc,phases   ] GC(2)   Merge Heap Roots: 0.0ms
[2023-12-04T14:51:07.859+0000][121][info ][gc,phases   ] GC(2)   Evacuate Collection Set: 3.6ms
[2023-12-04T14:51:07.859+0000][121][info ][gc,phases   ] GC(2)   Post Evacuate Collection Set: 0.5ms
[2023-12-04T14:51:07.859+0000][121][info ][gc,phases   ] GC(2)   Other: 0.1ms
[2023-12-04T14:51:07.859+0000][121][trace][gc,age      ] GC(2) Age table with threshold 2 (max threshold 15)
[2023-12-04T14:51:07.859+0000][121][trace][gc,age      ] GC(2) - age   1:    2613656 bytes,    2613656 total
[2023-12-04T14:51:07.859+0000][121][trace][gc,age      ] GC(2) - age   2:    5098336 bytes,    7711992 total
[2023-12-04T14:51:07.859+0000][121][info ][gc,heap     ] GC(2) Eden regions: 27->0(73)
[2023-12-04T14:51:07.859+0000][121][info ][gc,heap     ] GC(2) Survivor regions: 3->3(4)
[2023-12-04T14:51:07.859+0000][121][info ][gc,heap     ] GC(2) Old regions: 1->2
[2023-12-04T14:51:07.859+0000][121][info ][gc,heap     ] GC(2) Humongous regions: 0->0
[2023-12-04T14:51:07.859+0000][121][info ][gc,metaspace] GC(2) Metaspace: 20406K(20928K)->20406K(20928K) NonClass: 18199K(18496K)->18199K(18496K) Class: 2206K(2432K)->2206K(2432K)
[2023-12-04T14:51:07.859+0000][121][info ][gc          ] GC(2) Pause Young (Normal) (G1 Evacuation Pause) 118M->11M(512M) 4.407ms
[2023-12-04T14:51:07.859+0000][121][info ][gc,cpu      ] GC(2) User=0.03s Sys=0.00s Real=0.00s
[2023-12-04T14:51:07.859+0000][121][info ][safepoint   ] Safepoint "G1CollectForAllocation", Time since last: 97291416 ns, Reaching safepoint: 3104 ns, Cleanup: 29486 ns, At safepoint: 4446164 ns, Total: 4478754 ns
[2023-12-04T14:51:07.981+0000][121][info ][gc,start    ] GC(3) Pause Young (Concurrent Start) (Metadata GC Threshold)
[2023-12-04T14:51:07.981+0000][121][info ][gc,task     ] GC(3) Using 10 workers of 10 for evacuation
[2023-12-04T14:51:07.981+0000][121][debug][gc,age      ] GC(3) Desired survivor size 20971520 bytes, new threshold 15 (max threshold 15)
[2023-12-04T14:51:07.984+0000][121][info ][gc,phases   ] GC(3)   Pre Evacuate Collection Set: 0.2ms
[2023-12-04T14:51:07.984+0000][121][info ][gc,phases   ] GC(3)   Merge Heap Roots: 0.0ms
[2023-12-04T14:51:07.984+0000][121][info ][gc,phases   ] GC(3)   Evacuate Collection Set: 2.2ms
[2023-12-04T14:51:07.984+0000][121][info ][gc,phases   ] GC(3)   Post Evacuate Collection Set: 0.6ms
[2023-12-04T14:51:07.984+0000][121][info ][gc,phases   ] GC(3)   Other: 0.1ms
[2023-12-04T14:51:07.984+0000][121][trace][gc,age      ] GC(3) Age table with threshold 15 (max threshold 15)
[2023-12-04T14:51:07.984+0000][121][trace][gc,age      ] GC(3) - age   1:    1035312 bytes,    1035312 total
[2023-12-04T14:51:07.984+0000][121][trace][gc,age      ] GC(3) - age   2:    2596488 bytes,    3631800 total
[2023-12-04T14:51:07.984+0000][121][trace][gc,age      ] GC(3) - age   3:    5096016 bytes,    8727816 total
[2023-12-04T14:51:07.984+0000][121][info ][gc,heap     ] GC(3) Eden regions: 19->0(73)
[2023-12-04T14:51:07.984+0000][121][info ][gc,heap     ] GC(3) Survivor regions: 3->3(10)
[2023-12-04T14:51:07.985+0000][121][info ][gc,heap     ] GC(3) Old regions: 2->2
[2023-12-04T14:51:07.985+0000][121][info ][gc,heap     ] GC(3) Humongous regions: 0->0
[2023-12-04T14:51:07.985+0000][121][info ][gc,metaspace] GC(3) Metaspace: 20980K(21504K)->20980K(21504K) NonClass: 18734K(19008K)->18734K(19008K) Class: 2246K(2496K)->2246K(2496K)
[2023-12-04T14:51:07.985+0000][121][info ][gc          ] GC(3) Pause Young (Concurrent Start) (Metadata GC Threshold) 85M->12M(512M) 3.311ms
[2023-12-04T14:51:07.985+0000][121][info ][gc,cpu      ] GC(3) User=0.02s Sys=0.00s Real=0.00s
[2023-12-04T14:51:07.985+0000][121][info ][gc          ] GC(4) Concurrent Mark Cycle
[2023-12-04T14:51:07.985+0000][121][info ][gc,marking  ] GC(4) Concurrent Scan Root Regions
[2023-12-04T14:51:07.985+0000][121][info ][safepoint   ] Safepoint "CollectForMetadataAllocation", Time since last: 122120988 ns, Reaching safepoint: 2474 ns, Cleanup: 18209 ns, At safepoint: 3421797 ns, Total: 3442480 ns
[2023-12-04T14:51:07.987+0000][121][info ][gc,marking  ] GC(4) Concurrent Scan Root Regions 2.385ms
[2023-12-04T14:51:07.987+0000][121][info ][gc,marking  ] GC(4) Concurrent Mark
[2023-12-04T14:51:07.987+0000][121][info ][gc,marking  ] GC(4) Concurrent Mark From Roots
[2023-12-04T14:51:07.987+0000][121][info ][gc,task     ] GC(4) Using 3 workers of 3 for marking
[2023-12-04T14:51:07.989+0000][121][info ][gc,marking  ] GC(4) Concurrent Mark From Roots 1.761ms
[2023-12-04T14:51:07.989+0000][121][info ][gc,marking  ] GC(4) Concurrent Preclean
[2023-12-04T14:51:07.989+0000][121][info ][gc,marking  ] GC(4) Concurrent Preclean 0.009ms
[2023-12-04T14:51:07.989+0000][121][info ][gc,start    ] GC(4) Pause Remark
[2023-12-04T14:51:07.990+0000][121][info ][gc          ] GC(4) Pause Remark 15M->15M(512M) 1.316ms
[2023-12-04T14:51:07.990+0000][121][info ][gc,cpu      ] GC(4) User=0.01s Sys=0.00s Real=0.00s
[2023-12-04T14:51:07.990+0000][121][info ][safepoint   ] Safepoint "G1PauseRemark", Time since last: 4201479 ns, Reaching safepoint: 69528 ns, Cleanup: 2431 ns, At safepoint: 1354060 ns, Total: 1426019 ns
[2023-12-04T14:51:07.990+0000][121][info ][gc,marking  ] GC(4) Concurrent Mark 3.352ms
[2023-12-04T14:51:07.990+0000][121][info ][gc,marking  ] GC(4) Concurrent Rebuild Remembered Sets and Scrub Regions
[2023-12-04T14:51:07.991+0000][121][info ][gc,marking  ] GC(4) Concurrent Rebuild Remembered Sets and Scrub Regions 0.832ms
[2023-12-04T14:51:07.991+0000][121][info ][gc,start    ] GC(4) Pause Cleanup
[2023-12-04T14:51:07.991+0000][121][info ][gc          ] GC(4) Pause Cleanup 15M->15M(512M) 0.039ms
[2023-12-04T14:51:07.991+0000][121][info ][gc,cpu      ] GC(4) User=0.00s Sys=0.00s Real=0.00s
[2023-12-04T14:51:07.991+0000][121][info ][safepoint   ] Safepoint "G1PauseCleanup", Time since last: 939899 ns, Reaching safepoint: 66850 ns, Cleanup: 1028 ns, At safepoint: 79573 ns, Total: 147451 ns
[2023-12-04T14:51:07.991+0000][121][info ][gc,marking  ] GC(4) Concurrent Clear Claimed Marks
[2023-12-04T14:51:07.991+0000][121][info ][gc,marking  ] GC(4) Concurrent Clear Claimed Marks 0.039ms
[2023-12-04T14:51:07.991+0000][121][info ][gc,marking  ] GC(4) Concurrent Cleanup for Next Mark
[2023-12-04T14:51:07.992+0000][121][info ][gc,marking  ] GC(4) Concurrent Cleanup for Next Mark 0.241ms
[2023-12-04T14:51:07.992+0000][121][info ][gc          ] GC(4) Concurrent Mark Cycle 7.128ms
[2023-12-04T14:51:08.334+0000][121][info ][safepoint   ] Safepoint "ICBufferFull", Time since last: 342520056 ns, Reaching safepoint: 3143 ns, Cleanup: 83627 ns, At safepoint: 2031 ns, Total: 88801 ns
[2023-12-04T14:51:08.562+0000][121][info ][gc,start    ] GC(5) Pause Young (Prepare Mixed) (G1 Evacuation Pause)
[2023-12-04T14:51:08.562+0000][121][info ][gc,task     ] GC(5) Using 10 workers of 10 for evacuation
[2023-12-04T14:51:08.562+0000][121][debug][gc,age      ] GC(5) Desired survivor size 20971520 bytes, new threshold 15 (max threshold 15)
[2023-12-04T14:51:08.566+0000][121][info ][gc,phases   ] GC(5)   Pre Evacuate Collection Set: 0.1ms
[2023-12-04T14:51:08.566+0000][121][info ][gc,phases   ] GC(5)   Merge Heap Roots: 0.0ms
[2023-12-04T14:51:08.566+0000][121][info ][gc,phases   ] GC(5)   Evacuate Collection Set: 4.1ms
[2023-12-04T14:51:08.566+0000][121][info ][gc,phases   ] GC(5)   Post Evacuate Collection Set: 0.6ms
[2023-12-04T14:51:08.566+0000][121][info ][gc,phases   ] GC(5)   Other: 0.0ms
[2023-12-04T14:51:08.566+0000][121][trace][gc,age      ] GC(5) Age table with threshold 15 (max threshold 15)
[2023-12-04T14:51:08.566+0000][121][trace][gc,age      ] GC(5) - age   1:    9499968 bytes,    9499968 total
[2023-12-04T14:51:08.566+0000][121][trace][gc,age      ] GC(5) - age   2:     877896 bytes,   10377864 total
[2023-12-04T14:51:08.567+0000][121][trace][gc,age      ] GC(5) - age   3:    2592856 bytes,   12970720 total
[2023-12-04T14:51:08.567+0000][121][trace][gc,age      ] GC(5) - age   4:    5090560 bytes,   18061280 total
[2023-12-04T14:51:08.567+0000][121][info ][gc,heap     ] GC(5) Eden regions: 73->0(71)
[2023-12-04T14:51:08.567+0000][121][info ][gc,heap     ] GC(5) Survivor regions: 3->5(10)
[2023-12-04T14:51:08.567+0000][121][info ][gc,heap     ] GC(5) Old regions: 2->2
[2023-12-04T14:51:08.567+0000][121][info ][gc,heap     ] GC(5) Humongous regions: 0->0
[2023-12-04T14:51:08.567+0000][121][info ][gc,metaspace] GC(5) Metaspace: 28241K(28864K)->28241K(28864K) NonClass: 25071K(25472K)->25071K(25472K) Class: 3170K(3392K)->3170K(3392K)
[2023-12-04T14:51:08.567+0000][121][info ][gc          ] GC(5) Pause Young (Prepare Mixed) (G1 Evacuation Pause) 304M->22M(512M) 5.012ms
[2023-12-04T14:51:08.567+0000][121][info ][gc,cpu      ] GC(5) User=0.04s Sys=0.00s Real=0.01s
[2023-12-04T14:51:08.567+0000][121][info ][safepoint   ] Safepoint "G1CollectForAllocation", Time since last: 227544081 ns, Reaching safepoint: 3212 ns, Cleanup: 46896 ns, At safepoint: 5051445 ns, Total: 5101553 ns
[2023-12-04T14:51:08.977+0000][121][info ][safepoint   ] Safepoint "ICBufferFull", Time since last: 409878132 ns, Reaching safepoint: 2466 ns, Cleanup: 71885 ns, At safepoint: 1654 ns, Total: 76005 ns
[2023-12-04T14:51:09.051+0000][121][info ][gc,start    ] GC(6) Pause Young (Mixed) (G1 Evacuation Pause)
[2023-12-04T14:51:09.051+0000][121][info ][gc,task     ] GC(6) Using 10 workers of 10 for evacuation
[2023-12-04T14:51:09.051+0000][121][debug][gc,age      ] GC(6) Desired survivor size 20971520 bytes, new threshold 15 (max threshold 15)
[2023-12-04T14:51:09.056+0000][121][info ][gc,phases   ] GC(6)   Pre Evacuate Collection Set: 0.1ms
[2023-12-04T14:51:09.056+0000][121][info ][gc,phases   ] GC(6)   Merge Heap Roots: 0.0ms
[2023-12-04T14:51:09.056+0000][121][info ][gc,phases   ] GC(6)   Evacuate Collection Set: 4.5ms
[2023-12-04T14:51:09.056+0000][121][info ][gc,phases   ] GC(6)   Post Evacuate Collection Set: 0.6ms
[2023-12-04T14:51:09.056+0000][121][info ][gc,phases   ] GC(6)   Other: 0.0ms
[2023-12-04T14:51:09.056+0000][121][trace][gc,age      ] GC(6) Age table with threshold 15 (max threshold 15)
[2023-12-04T14:51:09.056+0000][121][trace][gc,age      ] GC(6) - age   1:    4724056 bytes,    4724056 total
[2023-12-04T14:51:09.056+0000][121][trace][gc,age      ] GC(6) - age   2:    6396352 bytes,   11120408 total
[2023-12-04T14:51:09.056+0000][121][trace][gc,age      ] GC(6) - age   3:     877704 bytes,   11998112 total
[2023-12-04T14:51:09.056+0000][121][trace][gc,age      ] GC(6) - age   4:    2591464 bytes,   14589576 total
[2023-12-04T14:51:09.056+0000][121][trace][gc,age      ] GC(6) - age   5:    5090464 bytes,   19680040 total
[2023-12-04T14:51:09.056+0000][121][info ][gc,heap     ] GC(6) Eden regions: 71->0(70)
[2023-12-04T14:51:09.056+0000][121][info ][gc,heap     ] GC(6) Survivor regions: 5->6(10)
[2023-12-04T14:51:09.056+0000][121][info ][gc,heap     ] GC(6) Old regions: 2->1
[2023-12-04T14:51:09.056+0000][121][info ][gc,heap     ] GC(6) Humongous regions: 0->0
[2023-12-04T14:51:09.056+0000][121][info ][gc,metaspace] GC(6) Metaspace: 33228K(33984K)->33228K(33984K) NonClass: 29535K(29952K)->29535K(29952K) Class: 3693K(4032K)->3693K(4032K)
[2023-12-04T14:51:09.056+0000][121][info ][gc          ] GC(6) Pause Young (Mixed) (G1 Evacuation Pause) 306M->24M(512M) 5.465ms
[2023-12-04T14:51:09.056+0000][121][info ][gc,cpu      ] GC(6) User=0.04s Sys=0.01s Real=0.01s
[2023-12-04T14:51:09.056+0000][121][info ][safepoint   ] Safepoint "G1CollectForAllocation", Time since last: 74365210 ns, Reaching safepoint: 2234 ns, Cleanup: 11070 ns, At safepoint: 5501671 ns, Total: 5514975 ns
[2023-12-04T14:51:09.430+0000][121][info ][gc,start    ] GC(7) Pause Young (Concurrent Start) (Metadata GC Threshold)
[2023-12-04T14:51:09.430+0000][121][info ][gc,task     ] GC(7) Using 10 workers of 10 for evacuation
[2023-12-04T14:51:09.430+0000][121][debug][gc,age      ] GC(7) Desired survivor size 20971520 bytes, new threshold 15 (max threshold 15)
[2023-12-04T14:51:09.435+0000][121][info ][gc,phases   ] GC(7)   Pre Evacuate Collection Set: 0.2ms
[2023-12-04T14:51:09.435+0000][121][info ][gc,phases   ] GC(7)   Merge Heap Roots: 0.0ms
[2023-12-04T14:51:09.435+0000][121][info ][gc,phases   ] GC(7)   Evacuate Collection Set: 4.8ms
[2023-12-04T14:51:09.435+0000][121][info ][gc,phases   ] GC(7)   Post Evacuate Collection Set: 0.7ms
[2023-12-04T14:51:09.435+0000][121][info ][gc,phases   ] GC(7)   Other: 0.1ms
[2023-12-04T14:51:09.435+0000][121][trace][gc,age      ] GC(7) Age table with threshold 15 (max threshold 15)
[2023-12-04T14:51:09.435+0000][121][trace][gc,age      ] GC(7) - age   1:    5530392 bytes,    5530392 total
[2023-12-04T14:51:09.435+0000][121][trace][gc,age      ] GC(7) - age   2:    4706160 bytes,   10236552 total
[2023-12-04T14:51:09.435+0000][121][trace][gc,age      ] GC(7) - age   3:    6394088 bytes,   16630640 total
[2023-12-04T14:51:09.435+0000][121][trace][gc,age      ] GC(7) - age   4:     877704 bytes,   17508344 total
[2023-12-04T14:51:09.435+0000][121][trace][gc,age      ] GC(7) - age   5:    2590456 bytes,   20098800 total
[2023-12-04T14:51:09.435+0000][121][trace][gc,age      ] GC(7) - age   6:    5084832 bytes,   25183632 total
[2023-12-04T14:51:09.435+0000][121][info ][gc,heap     ] GC(7) Eden regions: 60->0(69)
[2023-12-04T14:51:09.435+0000][121][info ][gc,heap     ] GC(7) Survivor regions: 6->7(10)
[2023-12-04T14:51:09.435+0000][121][info ][gc,heap     ] GC(7) Old regions: 1->1
[2023-12-04T14:51:09.435+0000][121][info ][gc,heap     ] GC(7) Humongous regions: 0->0
[2023-12-04T14:51:09.435+0000][121][info ][gc,metaspace] GC(7) Metaspace: 35366K(36096K)->35366K(36096K) NonClass: 31367K(31808K)->31367K(31808K) Class: 3998K(4288K)->3998K(4288K)
[2023-12-04T14:51:09.435+0000][121][info ][gc          ] GC(7) Pause Young (Concurrent Start) (Metadata GC Threshold) 262M->29M(512M) 5.990ms
[2023-12-04T14:51:09.436+0000][121][info ][gc,cpu      ] GC(7) User=0.05s Sys=0.00s Real=0.01s
[2023-12-04T14:51:09.436+0000][121][info ][gc          ] GC(8) Concurrent Mark Cycle
[2023-12-04T14:51:09.436+0000][121][info ][gc,marking  ] GC(8) Concurrent Scan Root Regions
[2023-12-04T14:51:09.436+0000][121][info ][safepoint   ] Safepoint "CollectForMetadataAllocation", Time since last: 372983302 ns, Reaching safepoint: 2573 ns, Cleanup: 70182 ns, At safepoint: 6088015 ns, Total: 6160770 ns
[2023-12-04T14:51:09.439+0000][121][info ][gc,marking  ] GC(8) Concurrent Scan Root Regions 3.439ms
[2023-12-04T14:51:09.439+0000][121][info ][gc,marking  ] GC(8) Concurrent Mark
[2023-12-04T14:51:09.439+0000][121][info ][gc,marking  ] GC(8) Concurrent Mark From Roots
[2023-12-04T14:51:09.439+0000][121][info ][gc,task     ] GC(8) Using 3 workers of 3 for marking
[2023-12-04T14:51:09.441+0000][121][info ][gc,marking  ] GC(8) Concurrent Mark From Roots 2.099ms
[2023-12-04T14:51:09.441+0000][121][info ][gc,marking  ] GC(8) Concurrent Preclean
[2023-12-04T14:51:09.441+0000][121][info ][gc,marking  ] GC(8) Concurrent Preclean 0.012ms
[2023-12-04T14:51:09.441+0000][121][info ][gc,start    ] GC(8) Pause Remark
[2023-12-04T14:51:09.443+0000][121][info ][gc          ] GC(8) Pause Remark 33M->33M(512M) 2.065ms
[2023-12-04T14:51:09.443+0000][121][info ][gc,cpu      ] GC(8) User=0.01s Sys=0.00s Real=0.00s
[2023-12-04T14:51:09.443+0000][121][info ][safepoint   ] Safepoint "G1PauseRemark", Time since last: 5596647 ns, Reaching safepoint: 69537 ns, Cleanup: 3587 ns, At safepoint: 2097638 ns, Total: 2170762 ns
[2023-12-04T14:51:09.443+0000][121][info ][gc,marking  ] GC(8) Concurrent Mark 4.422ms
[2023-12-04T14:51:09.443+0000][121][info ][gc,marking  ] GC(8) Concurrent Rebuild Remembered Sets and Scrub Regions
[2023-12-04T14:51:09.444+0000][121][info ][gc,marking  ] GC(8) Concurrent Rebuild Remembered Sets and Scrub Regions 1.023ms
[2023-12-04T14:51:09.445+0000][121][info ][gc,start    ] GC(8) Pause Cleanup
[2023-12-04T14:51:09.445+0000][121][info ][gc          ] GC(8) Pause Cleanup 33M->33M(512M) 0.045ms
[2023-12-04T14:51:09.445+0000][121][info ][gc,cpu      ] GC(8) User=0.00s Sys=0.00s Real=0.00s
[2023-12-04T14:51:09.445+0000][121][info ][safepoint   ] Safepoint "G1PauseCleanup", Time since last: 1162022 ns, Reaching safepoint: 84341 ns, Cleanup: 3540 ns, At safepoint: 99883 ns, Total: 187764 ns
[2023-12-04T14:51:09.445+0000][121][info ][gc,marking  ] GC(8) Concurrent Clear Claimed Marks
[2023-12-04T14:51:09.445+0000][121][info ][gc,marking  ] GC(8) Concurrent Clear Claimed Marks 0.030ms
[2023-12-04T14:51:09.445+0000][121][info ][gc,marking  ] GC(8) Concurrent Cleanup for Next Mark
[2023-12-04T14:51:09.445+0000][121][info ][gc,marking  ] GC(8) Concurrent Cleanup for Next Mark 0.267ms
[2023-12-04T14:51:09.445+0000][121][info ][gc          ] GC(8) Concurrent Mark Cycle 9.626ms
[2023-12-04T14:51:09.710+0000][121][info ][gc,start    ] GC(9) Pause Young (Normal) (G1 Evacuation Pause)
[2023-12-04T14:51:09.710+0000][121][info ][gc,task     ] GC(9) Using 10 workers of 10 for evacuation
[2023-12-04T14:51:09.710+0000][121][debug][gc,age      ] GC(9) Desired survivor size 20971520 bytes, new threshold 6 (max threshold 15)
[2023-12-04T14:51:09.716+0000][121][info ][gc,phases   ] GC(9)   Pre Evacuate Collection Set: 0.1ms
[2023-12-04T14:51:09.716+0000][121][info ][gc,phases   ] GC(9)   Merge Heap Roots: 0.0ms
[2023-12-04T14:51:09.716+0000][121][info ][gc,phases   ] GC(9)   Evacuate Collection Set: 5.1ms
[2023-12-04T14:51:09.716+0000][121][info ][gc,phases   ] GC(9)   Post Evacuate Collection Set: 0.4ms
[2023-12-04T14:51:09.716+0000][121][info ][gc,phases   ] GC(9)   Other: 0.0ms
[2023-12-04T14:51:09.716+0000][121][trace][gc,age      ] GC(9) Age table with threshold 6 (max threshold 15)
[2023-12-04T14:51:09.716+0000][121][trace][gc,age      ] GC(9) - age   1:    3028152 bytes,    3028152 total
[2023-12-04T14:51:09.716+0000][121][trace][gc,age      ] GC(9) - age   2:    5462272 bytes,    8490424 total
[2023-12-04T14:51:09.716+0000][121][trace][gc,age      ] GC(9) - age   3:    4705944 bytes,   13196368 total
[2023-12-04T14:51:09.716+0000][121][trace][gc,age      ] GC(9) - age   4:    6391368 bytes,   19587736 total
[2023-12-04T14:51:09.716+0000][121][trace][gc,age      ] GC(9) - age   5:     877704 bytes,   20465440 total
[2023-12-04T14:51:09.716+0000][121][trace][gc,age      ] GC(9) - age   6:    2590424 bytes,   23055864 total
[2023-12-04T14:51:09.716+0000][121][info ][gc,heap     ] GC(9) Eden regions: 69->0(70)
[2023-12-04T14:51:09.716+0000][121][info ][gc,heap     ] GC(9) Survivor regions: 7->6(10)
[2023-12-04T14:51:09.716+0000][121][info ][gc,heap     ] GC(9) Old regions: 1->3
[2023-12-04T14:51:09.716+0000][121][info ][gc,heap     ] GC(9) Humongous regions: 0->0
[2023-12-04T14:51:09.716+0000][121][info ][gc,metaspace] GC(9) Metaspace: 36371K(37248K)->36371K(37248K) NonClass: 32243K(32768K)->32243K(32768K) Class: 4128K(4480K)->4128K(4480K)
[2023-12-04T14:51:09.716+0000][121][info ][gc          ] GC(9) Pause Young (Normal) (G1 Evacuation Pause) 305M->32M(512M) 5.913ms
[2023-12-04T14:51:09.716+0000][121][info ][gc,cpu      ] GC(9) User=0.05s Sys=0.00s Real=0.01s
[2023-12-04T14:51:09.716+0000][121][info ][safepoint   ] Safepoint "G1CollectForAllocation", Time since last: 265463416 ns, Reaching safepoint: 2831 ns, Cleanup: 76097 ns, At safepoint: 5952731 ns, Total: 6031659 ns
[2023-12-04T14:51:10.090+0000][121][info ][safepoint   ] Safepoint "ICBufferFull", Time since last: 373490862 ns, Reaching safepoint: 2659 ns, Cleanup: 76299 ns, At safepoint: 1854 ns, Total: 80812 ns
[2023-12-04T14:51:10.488+0000][121][info ][safepoint   ] Safepoint "ICBufferFull", Time since last: 398254807 ns, Reaching safepoint: 68906 ns, Cleanup: 74343 ns, At safepoint: 2735 ns, Total: 145984 ns
[2023-12-04T14:51:10.602+0000][121][info ][gc,start    ] GC(10) Pause Young (Normal) (G1 Evacuation Pause)
[2023-12-04T14:51:10.602+0000][121][info ][gc,task     ] GC(10) Using 10 workers of 10 for evacuation
[2023-12-04T14:51:10.602+0000][121][debug][gc,age      ] GC(10) Desired survivor size 20971520 bytes, new threshold 6 (max threshold 15)
[2023-12-04T14:51:10.609+0000][121][info ][gc,phases   ] GC(10)   Pre Evacuate Collection Set: 0.1ms
[2023-12-04T14:51:10.609+0000][121][info ][gc,phases   ] GC(10)   Merge Heap Roots: 0.0ms
[2023-12-04T14:51:10.609+0000][121][info ][gc,phases   ] GC(10)   Evacuate Collection Set: 6.4ms
[2023-12-04T14:51:10.609+0000][121][info ][gc,phases   ] GC(10)   Post Evacuate Collection Set: 0.7ms
[2023-12-04T14:51:10.609+0000][121][info ][gc,phases   ] GC(10)   Other: 0.0ms
[2023-12-04T14:51:10.609+0000][121][trace][gc,age      ] GC(10) Age table with threshold 6 (max threshold 15)
[2023-12-04T14:51:10.609+0000][121][trace][gc,age      ] GC(10) - age   1:   11372808 bytes,   11372808 total
[2023-12-04T14:51:10.609+0000][121][trace][gc,age      ] GC(10) - age   2:    1353864 bytes,   12726672 total
[2023-12-04T14:51:10.609+0000][121][trace][gc,age      ] GC(10) - age   3:    5437136 bytes,   18163808 total
[2023-12-04T14:51:10.609+0000][121][trace][gc,age      ] GC(10) - age   4:    4681184 bytes,   22844992 total
[2023-12-04T14:51:10.609+0000][121][trace][gc,age      ] GC(10) - age   5:    6351792 bytes,   29196784 total
[2023-12-04T14:51:10.609+0000][121][trace][gc,age      ] GC(10) - age   6:     872776 bytes,   30069560 total
[2023-12-04T14:51:10.609+0000][121][info ][gc,heap     ] GC(10) Eden regions: 70->0(68)
[2023-12-04T14:51:10.609+0000][121][info ][gc,heap     ] GC(10) Survivor regions: 6->8(10)
[2023-12-04T14:51:10.609+0000][121][info ][gc,heap     ] GC(10) Old regions: 3->3
[2023-12-04T14:51:10.609+0000][121][info ][gc,heap     ] GC(10) Humongous regions: 0->0
[2023-12-04T14:51:10.609+0000][121][info ][gc,metaspace] GC(10) Metaspace: 47083K(48448K)->47083K(48448K) NonClass: 41500K(42304K)->41500K(42304K) Class: 5582K(6144K)->5582K(6144K)
[2023-12-04T14:51:10.609+0000][121][info ][gc          ] GC(10) Pause Young (Normal) (G1 Evacuation Pause) 312M->41M(512M) 7.365ms
[2023-12-04T14:51:10.609+0000][121][info ][gc,cpu      ] GC(10) User=0.06s Sys=0.01s Real=0.01s
[2023-12-04T14:51:10.609+0000][121][info ][safepoint   ] Safepoint "G1CollectForAllocation", Time since last: 113901617 ns, Reaching safepoint: 3079 ns, Cleanup: 16486 ns, At safepoint: 7398109 ns, Total: 7417674 ns
[2023-12-04T14:51:11.564+0000][121][info ][safepoint   ] Safepoint "ICBufferFull", Time since last: 954679513 ns, Reaching safepoint: 3134 ns, Cleanup: 72767 ns, At safepoint: 1919 ns, Total: 77820 ns
[2023-12-04T14:51:11.670+0000][121][info ][gc,start    ] GC(11) Pause Young (Normal) (G1 Evacuation Pause)
[2023-12-04T14:51:11.670+0000][121][info ][gc,task     ] GC(11) Using 10 workers of 10 for evacuation
[2023-12-04T14:51:11.670+0000][121][debug][gc,age      ] GC(11) Desired survivor size 20971520 bytes, new threshold 4 (max threshold 15)
[2023-12-04T14:51:11.679+0000][121][info ][gc,phases   ] GC(11)   Pre Evacuate Collection Set: 0.1ms
[2023-12-04T14:51:11.679+0000][121][info ][gc,phases   ] GC(11)   Merge Heap Roots: 0.0ms
[2023-12-04T14:51:11.679+0000][121][info ][gc,phases   ] GC(11)   Evacuate Collection Set: 8.9ms
[2023-12-04T14:51:11.679+0000][121][info ][gc,phases   ] GC(11)   Post Evacuate Collection Set: 0.7ms
[2023-12-04T14:51:11.679+0000][121][info ][gc,phases   ] GC(11)   Other: 0.1ms
[2023-12-04T14:51:11.679+0000][121][trace][gc,age      ] GC(11) Age table with threshold 4 (max threshold 15)
[2023-12-04T14:51:11.679+0000][121][trace][gc,age      ] GC(11) - age   1:   14185112 bytes,   14185112 total
[2023-12-04T14:51:11.679+0000][121][trace][gc,age      ] GC(11) - age   2:   10928584 bytes,   25113696 total
[2023-12-04T14:51:11.679+0000][121][trace][gc,age      ] GC(11) - age   3:    1353256 bytes,   26466952 total
[2023-12-04T14:51:11.679+0000][121][trace][gc,age      ] GC(11) - age   4:    5430600 bytes,   31897552 total
[2023-12-04T14:51:11.680+0000][121][info ][gc,heap     ] GC(11) Eden regions: 68->0(67)
[2023-12-04T14:51:11.680+0000][121][info ][gc,heap     ] GC(11) Survivor regions: 8->9(10)
[2023-12-04T14:51:11.680+0000][121][info ][gc,heap     ] GC(11) Old regions: 3->6
[2023-12-04T14:51:11.680+0000][121][info ][gc,heap     ] GC(11) Humongous regions: 0->0
[2023-12-04T14:51:11.680+0000][121][info ][gc,metaspace] GC(11) Metaspace: 53262K(54656K)->53262K(54656K) NonClass: 46798K(47616K)->46798K(47616K) Class: 6463K(7040K)->6463K(7040K)
[2023-12-04T14:51:11.680+0000][121][info ][gc          ] GC(11) Pause Young (Normal) (G1 Evacuation Pause) 313M->56M(512M) 10.044ms
[2023-12-04T14:51:11.680+0000][121][info ][gc,cpu      ] GC(11) User=0.10s Sys=0.00s Real=0.01s
[2023-12-04T14:51:11.680+0000][121][info ][safepoint   ] Safepoint "G1CollectForAllocation", Time since last: 105217954 ns, Reaching safepoint: 3504 ns, Cleanup: 36329 ns, At safepoint: 10084802 ns, Total: 10124635 ns
[2023-12-04T14:51:12.062+0000][121][info ][gc,start    ] GC(12) Pause Young (Concurrent Start) (Metadata GC Threshold)
[2023-12-04T14:51:12.062+0000][121][info ][gc,task     ] GC(12) Using 10 workers of 10 for evacuation
[2023-12-04T14:51:12.062+0000][121][debug][gc,age      ] GC(12) Desired survivor size 20971520 bytes, new threshold 2 (max threshold 15)
[2023-12-04T14:51:12.070+0000][121][info ][gc,phases   ] GC(12)   Pre Evacuate Collection Set: 0.1ms
[2023-12-04T14:51:12.070+0000][121][info ][gc,phases   ] GC(12)   Merge Heap Roots: 0.0ms
[2023-12-04T14:51:12.070+0000][121][info ][gc,phases   ] GC(12)   Evacuate Collection Set: 7.7ms
[2023-12-04T14:51:12.070+0000][121][info ][gc,phases   ] GC(12)   Post Evacuate Collection Set: 0.5ms
[2023-12-04T14:51:12.070+0000][121][info ][gc,phases   ] GC(12)   Other: 0.1ms
[2023-12-04T14:51:12.070+0000][121][trace][gc,age      ] GC(12) Age table with threshold 2 (max threshold 15)
[2023-12-04T14:51:12.070+0000][121][trace][gc,age      ] GC(12) - age   1:    2886960 bytes,    2886960 total
[2023-12-04T14:51:12.070+0000][121][trace][gc,age      ] GC(12) - age   2:   14052872 bytes,   16939832 total
[2023-12-04T14:51:12.070+0000][121][info ][gc,heap     ] GC(12) Eden regions: 23->0(71)
[2023-12-04T14:51:12.070+0000][121][info ][gc,heap     ] GC(12) Survivor regions: 9->5(10)
[2023-12-04T14:51:12.070+0000][121][info ][gc,heap     ] GC(12) Old regions: 6->11
[2023-12-04T14:51:12.070+0000][121][info ][gc,heap     ] GC(12) Humongous regions: 0->0
[2023-12-04T14:51:12.070+0000][121][info ][gc,metaspace] GC(12) Metaspace: 59084K(60480K)->59084K(60480K) NonClass: 51872K(52736K)->51872K(52736K) Class: 7211K(7744K)->7211K(7744K)
[2023-12-04T14:51:12.070+0000][121][info ][gc          ] GC(12) Pause Young (Concurrent Start) (Metadata GC Threshold) 146M->59M(512M) 8.656ms
[2023-12-04T14:51:12.070+0000][121][info ][gc,cpu      ] GC(12) User=0.08s Sys=0.00s Real=0.01s
[2023-12-04T14:51:12.070+0000][121][info ][gc          ] GC(13) Concurrent Mark Cycle
[2023-12-04T14:51:12.070+0000][121][info ][gc,marking  ] GC(13) Concurrent Scan Root Regions
[2023-12-04T14:51:12.070+0000][121][info ][safepoint   ] Safepoint "CollectForMetadataAllocation", Time since last: 381961113 ns, Reaching safepoint: 69222 ns, Cleanup: 74681 ns, At safepoint: 8763183 ns, Total: 8907086 ns
[2023-12-04T14:51:12.080+0000][121][info ][gc,marking  ] GC(13) Concurrent Scan Root Regions 9.257ms
[2023-12-04T14:51:12.080+0000][121][info ][gc,marking  ] GC(13) Concurrent Mark
[2023-12-04T14:51:12.080+0000][121][info ][gc,marking  ] GC(13) Concurrent Mark From Roots
[2023-12-04T14:51:12.080+0000][121][info ][gc,task     ] GC(13) Using 3 workers of 3 for marking
[2023-12-04T14:51:12.085+0000][121][info ][safepoint   ] Safepoint "CollectForMetadataAllocation", Time since last: 14788520 ns, Reaching safepoint: 102491 ns, Cleanup: 6144 ns, At safepoint: 52325 ns, Total: 160960 ns
[2023-12-04T14:51:12.091+0000][121][info ][gc,marking  ] GC(13) Concurrent Mark From Roots 10.890ms
[2023-12-04T14:51:12.091+0000][121][info ][gc,marking  ] GC(13) Concurrent Preclean
[2023-12-04T14:51:12.091+0000][121][info ][gc,marking  ] GC(13) Concurrent Preclean 0.069ms
[2023-12-04T14:51:12.091+0000][121][info ][gc,start    ] GC(13) Pause Remark
[2023-12-04T14:51:12.096+0000][121][info ][gc          ] GC(13) Pause Remark 63M->63M(512M) 5.652ms
[2023-12-04T14:51:12.096+0000][121][info ][gc,cpu      ] GC(13) User=0.03s Sys=0.00s Real=0.01s
[2023-12-04T14:51:12.097+0000][121][info ][safepoint   ] Safepoint "G1PauseRemark", Time since last: 5328733 ns, Reaching safepoint: 69631 ns, Cleanup: 1959 ns, At safepoint: 5711921 ns, Total: 5783511 ns
[2023-12-04T14:51:12.097+0000][121][info ][gc,marking  ] GC(13) Concurrent Mark 16.826ms
[2023-12-04T14:51:12.097+0000][121][info ][gc,marking  ] GC(13) Concurrent Rebuild Remembered Sets and Scrub Regions
[2023-12-04T14:51:12.104+0000][121][info ][gc,marking  ] GC(13) Concurrent Rebuild Remembered Sets and Scrub Regions 7.186ms
[2023-12-04T14:51:12.104+0000][121][info ][gc,start    ] GC(13) Pause Cleanup
[2023-12-04T14:51:12.104+0000][121][info ][gc          ] GC(13) Pause Cleanup 63M->63M(512M) 0.072ms
[2023-12-04T14:51:12.104+0000][121][info ][gc,cpu      ] GC(13) User=0.01s Sys=0.00s Real=0.00s
[2023-12-04T14:51:12.104+0000][121][info ][safepoint   ] Safepoint "G1PauseCleanup", Time since last: 7275305 ns, Reaching safepoint: 68602 ns, Cleanup: 10097 ns, At safepoint: 110194 ns, Total: 188893 ns
[2023-12-04T14:51:12.104+0000][121][info ][gc,marking  ] GC(13) Concurrent Clear Claimed Marks
[2023-12-04T14:51:12.104+0000][121][info ][gc,marking  ] GC(13) Concurrent Clear Claimed Marks 0.063ms
[2023-12-04T14:51:12.104+0000][121][info ][gc,marking  ] GC(13) Concurrent Cleanup for Next Mark
[2023-12-04T14:51:12.104+0000][121][info ][gc,marking  ] GC(13) Concurrent Cleanup for Next Mark 0.252ms
[2023-12-04T14:51:12.104+0000][121][info ][gc          ] GC(13) Concurrent Mark Cycle 33.962ms
[2023-12-04T14:51:13.085+0000][121][info ][gc,start    ] GC(14) Pause Young (Prepare Mixed) (G1 Evacuation Pause)
[2023-12-04T14:51:13.085+0000][121][info ][gc,task     ] GC(14) Using 10 workers of 10 for evacuation
[2023-12-04T14:51:13.085+0000][121][debug][gc,age      ] GC(14) Desired survivor size 20971520 bytes, new threshold 15 (max threshold 15)
[2023-12-04T14:51:13.091+0000][121][info ][gc,phases   ] GC(14)   Pre Evacuate Collection Set: 0.1ms
[2023-12-04T14:51:13.091+0000][121][info ][gc,phases   ] GC(14)   Merge Heap Roots: 0.0ms
[2023-12-04T14:51:13.091+0000][121][info ][gc,phases   ] GC(14)   Evacuate Collection Set: 4.9ms
[2023-12-04T14:51:13.091+0000][121][info ][gc,phases   ] GC(14)   Post Evacuate Collection Set: 0.7ms
[2023-12-04T14:51:13.091+0000][121][info ][gc,phases   ] GC(14)   Other: 0.1ms
[2023-12-04T14:51:13.091+0000][121][trace][gc,age      ] GC(14) Age table with threshold 15 (max threshold 15)
[2023-12-04T14:51:13.091+0000][121][trace][gc,age      ] GC(14) - age   1:    3036408 bytes,    3036408 total
[2023-12-04T14:51:13.091+0000][121][trace][gc,age      ] GC(14) - age   2:    2815376 bytes,    5851784 total
[2023-12-04T14:51:13.091+0000][121][trace][gc,age      ] GC(14) - age   3:   14034168 bytes,   19885952 total
[2023-12-04T14:51:13.091+0000][121][info ][gc,heap     ] GC(14) Eden regions: 71->0(70)
[2023-12-04T14:51:13.091+0000][121][info ][gc,heap     ] GC(14) Survivor regions: 5->6(10)
[2023-12-04T14:51:13.091+0000][121][info ][gc,heap     ] GC(14) Old regions: 11->11
[2023-12-04T14:51:13.091+0000][121][info ][gc,heap     ] GC(14) Humongous regions: 0->0
[2023-12-04T14:51:13.091+0000][121][info ][gc,metaspace] GC(14) Metaspace: 69858K(71488K)->69858K(71488K) NonClass: 60904K(61888K)->60904K(61888K) Class: 8954K(9600K)->8954K(9600K)
[2023-12-04T14:51:13.091+0000][121][info ][gc          ] GC(14) Pause Young (Prepare Mixed) (G1 Evacuation Pause) 343M->62M(512M) 6.112ms
[2023-12-04T14:51:13.091+0000][121][info ][gc,cpu      ] GC(14) User=0.06s Sys=0.00s Real=0.01s
[2023-12-04T14:51:13.091+0000][121][info ][safepoint   ] Safepoint "G1CollectForAllocation", Time since last: 980531276 ns, Reaching safepoint: 3707 ns, Cleanup: 65968 ns, At safepoint: 6163436 ns, Total: 6233111 ns
[2023-12-04T14:51:14.374+0000][121][info ][safepoint   ] Safepoint "Cleanup", Time since last: 1283064281 ns, Reaching safepoint: 1745 ns, Cleanup: 65870 ns, At safepoint: 1914 ns, Total: 69529 ns
[2023-12-04T14:51:15.120+0000][121][info ][gc,start    ] GC(15) Pause Young (Mixed) (G1 Evacuation Pause)
[2023-12-04T14:51:15.120+0000][121][info ][gc,task     ] GC(15) Using 10 workers of 10 for evacuation
[2023-12-04T14:51:15.120+0000][121][debug][gc,age      ] GC(15) Desired survivor size 20971520 bytes, new threshold 15 (max threshold 15)
[2023-12-04T14:51:15.128+0000][121][info ][gc,phases   ] GC(15)   Pre Evacuate Collection Set: 0.1ms
[2023-12-04T14:51:15.128+0000][121][info ][gc,phases   ] GC(15)   Merge Heap Roots: 0.1ms
[2023-12-04T14:51:15.128+0000][121][info ][gc,phases   ] GC(15)   Evacuate Collection Set: 7.1ms
[2023-12-04T14:51:15.128+0000][121][info ][gc,phases   ] GC(15)   Post Evacuate Collection Set: 0.9ms
[2023-12-04T14:51:15.128+0000][121][info ][gc,phases   ] GC(15)   Other: 0.0ms
[2023-12-04T14:51:15.128+0000][121][trace][gc,age      ] GC(15) Age table with threshold 15 (max threshold 15)
[2023-12-04T14:51:15.128+0000][121][trace][gc,age      ] GC(15) - age   1:    6671304 bytes,    6671304 total
[2023-12-04T14:51:15.128+0000][121][trace][gc,age      ] GC(15) - age   2:    2775520 bytes,    9446824 total
[2023-12-04T14:51:15.128+0000][121][trace][gc,age      ] GC(15) - age   3:    2804504 bytes,   12251328 total
[2023-12-04T14:51:15.128+0000][121][trace][gc,age      ] GC(15) - age   4:   14021768 bytes,   26273096 total
[2023-12-04T14:51:15.128+0000][121][info ][gc,heap     ] GC(15) Eden regions: 70->0(69)
[2023-12-04T14:51:15.128+0000][121][info ][gc,heap     ] GC(15) Survivor regions: 6->7(10)
[2023-12-04T14:51:15.128+0000][121][info ][gc,heap     ] GC(15) Old regions: 11->11
[2023-12-04T14:51:15.128+0000][121][info ][gc,heap     ] GC(15) Humongous regions: 0->0
[2023-12-04T14:51:15.128+0000][121][info ][gc,metaspace] GC(15) Metaspace: 82382K(84032K)->82382K(84032K) NonClass: 71760K(72768K)->71760K(72768K) Class: 10621K(11264K)->10621K(11264K)
[2023-12-04T14:51:15.128+0000][121][info ][gc          ] GC(15) Pause Young (Mixed) (G1 Evacuation Pause) 342M->69M(512M) 8.519ms
[2023-12-04T14:51:15.128+0000][121][info ][gc,cpu      ] GC(15) User=0.08s Sys=0.00s Real=0.01s
[2023-12-04T14:51:15.128+0000][121][info ][safepoint   ] Safepoint "G1CollectForAllocation", Time since last: 745625998 ns, Reaching safepoint: 69627 ns, Cleanup: 53427 ns, At safepoint: 8562203 ns, Total: 8685257 ns
[2023-12-04T14:51:15.908+0000][121][info ][gc,start    ] GC(16) Pause Young (Concurrent Start) (Metadata GC Threshold)
[2023-12-04T14:51:15.908+0000][121][info ][gc,task     ] GC(16) Using 10 workers of 10 for evacuation
[2023-12-04T14:51:15.908+0000][121][debug][gc,age      ] GC(16) Desired survivor size 20971520 bytes, new threshold 4 (max threshold 15)
[2023-12-04T14:51:15.916+0000][121][info ][gc,phases   ] GC(16)   Pre Evacuate Collection Set: 0.1ms
[2023-12-04T14:51:15.916+0000][121][info ][gc,phases   ] GC(16)   Merge Heap Roots: 0.0ms
[2023-12-04T14:51:15.916+0000][121][info ][gc,phases   ] GC(16)   Evacuate Collection Set: 7.1ms
[2023-12-04T14:51:15.916+0000][121][info ][gc,phases   ] GC(16)   Post Evacuate Collection Set: 0.8ms
[2023-12-04T14:51:15.916+0000][121][info ][gc,phases   ] GC(16)   Other: 0.1ms
[2023-12-04T14:51:15.916+0000][121][trace][gc,age      ] GC(16) Age table with threshold 4 (max threshold 15)
[2023-12-04T14:51:15.916+0000][121][trace][gc,age      ] GC(16) - age   1:    5514144 bytes,    5514144 total
[2023-12-04T14:51:15.916+0000][121][trace][gc,age      ] GC(16) - age   2:    6189304 bytes,   11703448 total
[2023-12-04T14:51:15.916+0000][121][trace][gc,age      ] GC(16) - age   3:    2768304 bytes,   14471752 total
[2023-12-04T14:51:15.916+0000][121][trace][gc,age      ] GC(16) - age   4:    2801712 bytes,   17273464 total
[2023-12-04T14:51:15.916+0000][121][info ][gc,heap     ] GC(16) Eden regions: 33->0(71)
[2023-12-04T14:51:15.916+0000][121][info ][gc,heap     ] GC(16) Survivor regions: 7->5(10)
[2023-12-04T14:51:15.916+0000][121][info ][gc,heap     ] GC(16) Old regions: 11->14
[2023-12-04T14:51:15.916+0000][121][info ][gc,heap     ] GC(16) Humongous regions: 0->0
[2023-12-04T14:51:15.916+0000][121][info ][gc,metaspace] GC(16) Metaspace: 99824K(101568K)->99824K(101568K) NonClass: 86721K(87744K)->86721K(87744K) Class: 13102K(13824K)->13102K(13824K)
[2023-12-04T14:51:15.916+0000][121][info ][gc          ] GC(16) Pause Young (Concurrent Start) (Metadata GC Threshold) 201M->74M(512M) 8.415ms
[2023-12-04T14:51:15.916+0000][121][info ][gc,cpu      ] GC(16) User=0.08s Sys=0.00s Real=0.01s
[2023-12-04T14:51:15.916+0000][121][info ][gc          ] GC(17) Concurrent Mark Cycle
[2023-12-04T14:51:15.916+0000][121][info ][gc,marking  ] GC(17) Concurrent Scan Root Regions
[2023-12-04T14:51:15.916+0000][121][info ][safepoint   ] Safepoint "CollectForMetadataAllocation", Time since last: 779425769 ns, Reaching safepoint: 3297 ns, Cleanup: 78714 ns, At safepoint: 8522855 ns, Total: 8604866 ns
[2023-12-04T14:51:15.926+0000][121][info ][gc,marking  ] GC(17) Concurrent Scan Root Regions 9.499ms
[2023-12-04T14:51:15.926+0000][121][info ][gc,marking  ] GC(17) Concurrent Mark
[2023-12-04T14:51:15.926+0000][121][info ][gc,marking  ] GC(17) Concurrent Mark From Roots
[2023-12-04T14:51:15.926+0000][121][info ][gc,task     ] GC(17) Using 3 workers of 3 for marking
[2023-12-04T14:51:15.933+0000][121][info ][safepoint   ] Safepoint "CollectForMetadataAllocation", Time since last: 16440045 ns, Reaching safepoint: 59104 ns, Cleanup: 9811 ns, At safepoint: 57691 ns, Total: 126606 ns
[2023-12-04T14:51:15.941+0000][121][info ][gc,marking  ] GC(17) Concurrent Mark From Roots 15.194ms
[2023-12-04T14:51:15.941+0000][121][info ][gc,marking  ] GC(17) Concurrent Preclean
[2023-12-04T14:51:15.941+0000][121][info ][gc,marking  ] GC(17) Concurrent Preclean 0.154ms
[2023-12-04T14:51:15.941+0000][121][info ][gc,start    ] GC(17) Pause Remark
[2023-12-04T14:51:15.946+0000][121][info ][gc          ] GC(17) Pause Remark 78M->78M(512M) 4.289ms
[2023-12-04T14:51:15.946+0000][121][info ][gc,cpu      ] GC(17) User=0.02s Sys=0.00s Real=0.00s
[2023-12-04T14:51:15.946+0000][121][info ][safepoint   ] Safepoint "G1PauseRemark", Time since last: 8335513 ns, Reaching safepoint: 195995 ns, Cleanup: 9131 ns, At safepoint: 4334988 ns, Total: 4540114 ns
[2023-12-04T14:51:15.946+0000][121][info ][gc,marking  ] GC(17) Concurrent Mark 19.972ms
[2023-12-04T14:51:15.946+0000][121][info ][gc,marking  ] GC(17) Concurrent Rebuild Remembered Sets and Scrub Regions
[2023-12-04T14:51:15.956+0000][121][info ][gc,marking  ] GC(17) Concurrent Rebuild Remembered Sets and Scrub Regions 10.337ms
[2023-12-04T14:51:15.956+0000][121][info ][gc,start    ] GC(17) Pause Cleanup
[2023-12-04T14:51:15.956+0000][121][info ][gc          ] GC(17) Pause Cleanup 80M->80M(512M) 0.065ms
[2023-12-04T14:51:15.956+0000][121][info ][gc,cpu      ] GC(17) User=0.00s Sys=0.00s Real=0.00s
[2023-12-04T14:51:15.956+0000][121][info ][safepoint   ] Safepoint "G1PauseCleanup", Time since last: 10419421 ns, Reaching safepoint: 267339 ns, Cleanup: 10655 ns, At safepoint: 103716 ns, Total: 381710 ns
[2023-12-04T14:51:15.956+0000][121][info ][gc,marking  ] GC(17) Concurrent Clear Claimed Marks
[2023-12-04T14:51:15.957+0000][121][info ][gc,marking  ] GC(17) Concurrent Clear Claimed Marks 0.074ms
[2023-12-04T14:51:15.957+0000][121][info ][gc,marking  ] GC(17) Concurrent Cleanup for Next Mark
[2023-12-04T14:51:15.957+0000][121][info ][gc,marking  ] GC(17) Concurrent Cleanup for Next Mark 0.297ms
[2023-12-04T14:51:15.957+0000][121][info ][gc          ] GC(17) Concurrent Mark Cycle 40.758ms
[2023-12-04T14:51:16.433+0000][121][info ][safepoint   ] Safepoint "ICBufferFull", Time since last: 476243587 ns, Reaching safepoint: 3048 ns, Cleanup: 89527 ns, At safepoint: 1759 ns, Total: 94334 ns
[2023-12-04T14:51:17.462+0000][121][info ][safepoint   ] Safepoint "Cleanup", Time since last: 1028690279 ns, Reaching safepoint: 2717 ns, Cleanup: 70633 ns, At safepoint: 3118 ns, Total: 76468 ns
[2023-12-04T14:51:18.571+0000][121][info ][safepoint   ] Safepoint "Cleanup", Time since last: 1109167666 ns, Reaching safepoint: 3903 ns, Cleanup: 71713 ns, At safepoint: 2829 ns, Total: 78445 ns
[2023-12-04T14:51:19.246+0000][121][info ][safepoint   ] Safepoint "ICBufferFull", Time since last: 674605706 ns, Reaching safepoint: 73145 ns, Cleanup: 86030 ns, At safepoint: 4290 ns, Total: 163465 ns
[2023-12-04T14:51:20.034+0000][121][info ][safepoint   ] Safepoint "ICBufferFull", Time since last: 788722452 ns, Reaching safepoint: 7379 ns, Cleanup: 99051 ns, At safepoint: 5549 ns, Total: 111979 ns
[2023-12-04T14:51:21.035+0000][121][info ][safepoint   ] Safepoint "Cleanup", Time since last: 1000306849 ns, Reaching safepoint: 17920 ns, Cleanup: 121686 ns, At safepoint: 9534 ns, Total: 149140 ns
[2023-12-04T14:51:22.628+0000][121][info ][safepoint   ] Safepoint "Cleanup", Time since last: 1592991882 ns, Reaching safepoint: 18417 ns, Cleanup: 122412 ns, At safepoint: 9713 ns, Total: 150542 ns
[2023-12-04T14:51:23.629+0000][121][info ][safepoint   ] Safepoint "Cleanup", Time since last: 1000435363 ns, Reaching safepoint: 18295 ns, Cleanup: 29316 ns, At safepoint: 9600 ns, Total: 57211 ns
[2023-12-04T14:51:24.629+0000][121][info ][safepoint   ] Safepoint "Cleanup", Time since last: 1000233479 ns, Reaching safepoint: 11658 ns, Cleanup: 38375 ns, At safepoint: 5055 ns, Total: 55088 ns
[2023-12-04T14:51:25.629+0000][121][info ][safepoint   ] Safepoint "Cleanup", Time since last: 1000132053 ns, Reaching safepoint: 10230 ns, Cleanup: 11916 ns, At safepoint: 3203 ns, Total: 25349 ns
[2023-12-04T14:51:27.629+0000][121][info ][safepoint   ] Safepoint "Cleanup", Time since last: 2000262185 ns, Reaching safepoint: 17769 ns, Cleanup: 8613 ns, At safepoint: 2377 ns, Total: 28759 ns
[2023-12-04T14:51:28.629+0000][121][info ][safepoint   ] Safepoint "Cleanup", Time since last: 1000140873 ns, Reaching safepoint: 7394 ns, Cleanup: 8735 ns, At safepoint: 2477 ns, Total: 18606 ns
[2023-12-04T14:51:29.630+0000][121][info ][safepoint   ] Safepoint "Cleanup", Time since last: 1000150204 ns, Reaching safepoint: 25173 ns, Cleanup: 7015 ns, At safepoint: 3085 ns, Total: 35273 ns
[2023-12-04T14:51:30.630+0000][121][info ][safepoint   ] Safepoint "Cleanup", Time since last: 1000141341 ns, Reaching safepoint: 20040 ns, Cleanup: 9979 ns, At safepoint: 2609 ns, Total: 32628 ns
[2023-12-04T14:51:33.630+0000][121][info ][safepoint   ] Safepoint "Cleanup", Time since last: 3000271614 ns, Reaching safepoint: 23877 ns, Cleanup: 7262 ns, At safepoint: 2552 ns, Total: 33691 ns
[2023-12-04T14:51:34.632+0000][121][info ][safepoint   ] Safepoint "Cleanup", Time since last: 1001644878 ns, Reaching safepoint: 3700 ns, Cleanup: 25185 ns, At safepoint: 1884 ns, Total: 30769 ns
[2023-12-04T14:51:35.633+0000][121][info ][safepoint   ] Safepoint "Cleanup", Time since last: 1001341980 ns, Reaching safepoint: 23638 ns, Cleanup: 10635 ns, At safepoint: 2737 ns, Total: 37010 ns
[2023-12-04T14:51:37.633+0000][121][info ][safepoint   ] Safepoint "Cleanup", Time since last: 2000154005 ns, Reaching safepoint: 9031 ns, Cleanup: 7350 ns, At safepoint: 2295 ns, Total: 18676 ns
[2023-12-04T14:51:38.633+0000][121][info ][safepoint   ] Safepoint "Cleanup", Time since last: 1000106716 ns, Reaching safepoint: 17794 ns, Cleanup: 16998 ns, At safepoint: 4311 ns, Total: 39103 ns
[2023-12-04T14:51:41.634+0000][121][info ][safepoint   ] Safepoint "Cleanup", Time since last: 3000431986 ns, Reaching safepoint: 58347 ns, Cleanup: 20223 ns, At safepoint: 9090 ns, Total: 87660 ns
[2023-12-04T14:51:45.635+0000][121][info ][safepoint   ] Safepoint "Cleanup", Time since last: 4000628649 ns, Reaching safepoint: 9019 ns, Cleanup: 14427 ns, At safepoint: 2539 ns, Total: 25985 ns
[2023-12-04T14:51:47.635+0000][121][info ][safepoint   ] Safepoint "Cleanup", Time since last: 2000343901 ns, Reaching safepoint: 62029 ns, Cleanup: 22159 ns, At safepoint: 9525 ns, Total: 93713 ns
[2023-12-04T14:51:49.635+0000][121][info ][safepoint   ] Safepoint "Cleanup", Time since last: 2000317373 ns, Reaching safepoint: 20667 ns, Cleanup: 44082 ns, At safepoint: 10066 ns, Total: 74815 ns
[2023-12-04T14:51:50.636+0000][121][info ][safepoint   ] Safepoint "Cleanup", Time since last: 1000239932 ns, Reaching safepoint: 20485 ns, Cleanup: 27348 ns, At safepoint: 9411 ns, Total: 57244 ns
[2023-12-04T14:51:52.636+0000][121][info ][safepoint   ] Safepoint "Cleanup", Time since last: 2000582578 ns, Reaching safepoint: 22506 ns, Cleanup: 26177 ns, At safepoint: 7781 ns, Total: 56464 ns
[2023-12-04T14:51:53.637+0000][121][info ][safepoint   ] Safepoint "Cleanup", Time since last: 1000245099 ns, Reaching safepoint: 27523 ns, Cleanup: 20618 ns, At safepoint: 11370 ns, Total: 59511 ns
[2023-12-04T14:51:54.637+0000][121][info ][safepoint   ] Safepoint "Cleanup", Time since last: 1000542380 ns, Reaching safepoint: 20838 ns, Cleanup: 19042 ns, At safepoint: 9497 ns, Total: 49377 ns
[2023-12-04T14:51:55.638+0000][121][info ][safepoint   ] Safepoint "Cleanup", Time since last: 1000631764 ns, Reaching safepoint: 20845 ns, Cleanup: 28381 ns, At safepoint: 9865 ns, Total: 59091 ns
[2023-12-04T14:52:05.640+0000][121][info ][safepoint   ] Safepoint "Cleanup", Time since last: 10001998671 ns, Reaching safepoint: 26039 ns, Cleanup: 9842 ns, At safepoint: 2827 ns, Total: 38708 ns
[2023-12-04T14:52:07.505+0000][121][info ][safepoint   ] Safepoint "Cleanup", Time since last: 1865104672 ns, Reaching safepoint: 20017 ns, Cleanup: 20875 ns, At safepoint: 9327 ns, Total: 50219 ns
[2023-12-04T14:52:08.506+0000][121][info ][safepoint   ] Safepoint "Cleanup", Time since last: 1000560531 ns, Reaching safepoint: 19736 ns, Cleanup: 19815 ns, At safepoint: 9287 ns, Total: 48838 ns
[2023-12-04T14:52:09.507+0000][121][info ][safepoint   ] Safepoint "Cleanup", Time since last: 1000684994 ns, Reaching safepoint: 19667 ns, Cleanup: 24900 ns, At safepoint: 10262 ns, Total: 54829 ns
[2023-12-04T14:52:10.507+0000][121][info ][safepoint   ] Safepoint "Cleanup", Time since last: 1000296426 ns, Reaching safepoint: 20085 ns, Cleanup: 18991 ns, At safepoint: 9538 ns, Total: 48614 ns
[2023-12-04T14:52:15.355+0000][121][info ][gc,start    ] GC(18) Pause Young (Prepare Mixed) (G1 Evacuation Pause)
[2023-12-04T14:52:15.355+0000][121][info ][gc,task     ] GC(18) Using 10 workers of 10 for evacuation
[2023-12-04T14:52:15.355+0000][121][debug][gc,age      ] GC(18) Desired survivor size 20971520 bytes, new threshold 15 (max threshold 15)
[2023-12-04T14:52:15.367+0000][121][info ][gc,phases   ] GC(18)   Pre Evacuate Collection Set: 0.2ms
[2023-12-04T14:52:15.367+0000][121][info ][gc,phases   ] GC(18)   Merge Heap Roots: 0.1ms
[2023-12-04T14:52:15.367+0000][121][info ][gc,phases   ] GC(18)   Evacuate Collection Set: 10.8ms
[2023-12-04T14:52:15.367+0000][121][info ][gc,phases   ] GC(18)   Post Evacuate Collection Set: 1.0ms
[2023-12-04T14:52:15.367+0000][121][info ][gc,phases   ] GC(18)   Other: 0.0ms
[2023-12-04T14:52:15.367+0000][121][trace][gc,age      ] GC(18) Age table with threshold 15 (max threshold 15)
[2023-12-04T14:52:15.367+0000][121][trace][gc,age      ] GC(18) - age   1:   18892904 bytes,   18892904 total
[2023-12-04T14:52:15.367+0000][121][trace][gc,age      ] GC(18) - age   2:    5112264 bytes,   24005168 total
[2023-12-04T14:52:15.367+0000][121][trace][gc,age      ] GC(18) - age   3:    6144672 bytes,   30149840 total
[2023-12-04T14:52:15.367+0000][121][trace][gc,age      ] GC(18) - age   4:    2681272 bytes,   32831112 total
[2023-12-04T14:52:15.367+0000][121][trace][gc,age      ] GC(18) - age   5:    2718120 bytes,   35549232 total
[2023-12-04T14:52:15.367+0000][121][info ][gc,heap     ] GC(18) Eden regions: 71->0(66)
[2023-12-04T14:52:15.367+0000][121][info ][gc,heap     ] GC(18) Survivor regions: 5->10(10)
[2023-12-04T14:52:15.367+0000][121][info ][gc,heap     ] GC(18) Old regions: 14->14
[2023-12-04T14:52:15.367+0000][121][info ][gc,heap     ] GC(18) Humongous regions: 2->2
[2023-12-04T14:52:15.367+0000][121][info ][gc,metaspace] GC(18) Metaspace: 133339K(136768K)->133339K(136768K) NonClass: 114833K(116672K)->114833K(116672K) Class: 18505K(20096K)->18505K(20096K)
[2023-12-04T14:52:15.367+0000][121][info ][gc          ] GC(18) Pause Young (Prepare Mixed) (G1 Evacuation Pause) 366M->101M(512M) 12.285ms
[2023-12-04T14:52:15.367+0000][121][info ][gc,cpu      ] GC(18) User=0.10s Sys=0.00s Real=0.01s
[2023-12-04T14:52:15.367+0000][121][info ][safepoint   ] Safepoint "G1CollectForAllocation", Time since last: 4847950874 ns, Reaching safepoint: 7859 ns, Cleanup: 4573 ns, At safepoint: 12341326 ns, Total: 12353758 ns
[2023-12-04T14:52:16.367+0000][121][info ][safepoint   ] Safepoint "Cleanup", Time since last: 1000158916 ns, Reaching safepoint: 18843 ns, Cleanup: 33321 ns, At safepoint: 9500 ns, Total: 61664 ns
[2023-12-04T14:52:21.369+0000][121][info ][safepoint   ] Safepoint "Cleanup", Time since last: 5001500945 ns, Reaching safepoint: 19559 ns, Cleanup: 18602 ns, At safepoint: 9222 ns, Total: 47383 ns
[2023-12-04T14:52:24.370+0000][121][info ][safepoint   ] Safepoint "Cleanup", Time since last: 3001413824 ns, Reaching safepoint: 18814 ns, Cleanup: 18552 ns, At safepoint: 9392 ns, Total: 46758 ns
[2023-12-04T14:52:26.371+0000][121][info ][safepoint   ] Safepoint "Cleanup", Time since last: 2000373345 ns, Reaching safepoint: 20875 ns, Cleanup: 50761 ns, At safepoint: 13558 ns, Total: 85194 ns
[2023-12-04T14:52:28.165+0000][121][info ][safepoint   ] Safepoint "Cleanup", Time since last: 1794501745 ns, Reaching safepoint: 7924 ns, Cleanup: 71894 ns, At safepoint: 7657 ns, Total: 87475 ns
[2023-12-04T14:52:28.926+0000][121][info ][gc,heap,exit] Heap
[2023-12-04T14:52:28.926+0000][121][info ][gc,heap,exit]  garbage-first heap   total 524288K, used 133542K [0x00000000e0000000, 0x0000000100000000)
[2023-12-04T14:52:28.926+0000][121][info ][gc,heap,exit]   region size 4096K, 18 young (73728K), 10 survivors (40960K)
[2023-12-04T14:52:28.926+0000][121][info ][gc,heap,exit]  Metaspace       used 133705K, committed 137152K, reserved 1179648K
[2023-12-04T14:52:28.927+0000][121][info ][gc,heap,exit]   class space    used 18570K, committed 20160K, reserved 1048576K
