[2023-12-03T12:35:36.243+0000][74][info][gc,init] CardTable entry size: 512
[2023-12-03T12:35:36.243+0000][74][info][gc     ] Using G1
[2023-12-03T12:35:36.297+0000][74][info][gc,init] Version: 21.0.1+12-29 (release)
[2023-12-03T12:35:36.297+0000][74][info][gc,init] CPUs: 12 total, 12 available
[2023-12-03T12:35:36.297+0000][74][info][gc,init] Memory: 15861M
[2023-12-03T12:35:36.297+0000][74][info][gc,init] Large Page Support: Disabled
[2023-12-03T12:35:36.297+0000][74][info][gc,init] NUMA Support: Disabled
[2023-12-03T12:35:36.297+0000][74][info][gc,init] Compressed Oops: Enabled (32-bit)
[2023-12-03T12:35:36.297+0000][74][info][gc,init] Heap Region Size: 4M
[2023-12-03T12:35:36.297+0000][74][info][gc,init] Heap Min Capacity: 512M
[2023-12-03T12:35:36.297+0000][74][info][gc,init] Heap Initial Capacity: 512M
[2023-12-03T12:35:36.297+0000][74][info][gc,init] Heap Max Capacity: 512M
[2023-12-03T12:35:36.297+0000][74][info][gc,init] Pre-touch: Enabled
[2023-12-03T12:35:36.297+0000][74][info][gc,init] Parallel Workers: 10
[2023-12-03T12:35:36.297+0000][74][info][gc,init] Concurrent Workers: 3
[2023-12-03T12:35:36.297+0000][74][info][gc,init] Concurrent Refinement Workers: 10
[2023-12-03T12:35:36.297+0000][74][info][gc,init] Periodic GC: Disabled
[2023-12-03T12:35:36.304+0000][74][info][gc,metaspace] CDS archive(s) mapped at: [0x00007fb033000000-0x00007fb033ca5000-0x00007fb033ca5000), size 13258752, SharedBaseAddress: 0x00007fb033000000, ArchiveRelocationMode: 1.
[2023-12-03T12:35:36.304+0000][74][info][gc,metaspace] Compressed class space mapped at: 0x00007fb034000000-0x00007fb074000000, reserved size: 1073741824
[2023-12-03T12:35:36.304+0000][74][info][gc,metaspace] Narrow klass base: 0x00007fb033000000, Narrow klass shift: 0, Narrow klass range: 0x100000000
[2023-12-03T12:35:36.454+0000][74][info][gc,start    ] GC(0) Pause Young (Normal) (G1 Evacuation Pause)
[2023-12-03T12:35:36.454+0000][74][info][gc,task     ] GC(0) Using 10 workers of 10 for evacuation
[2023-12-03T12:35:36.454+0000][74][debug][gc,age      ] GC(0) Desired survivor size 2097152 bytes, new threshold 15 (max threshold 15)
[2023-12-03T12:35:36.455+0000][74][info ][gc,phases   ] GC(0)   Pre Evacuate Collection Set: 0.1ms
[2023-12-03T12:35:36.455+0000][74][info ][gc,phases   ] GC(0)   Merge Heap Roots: 0.0ms
[2023-12-03T12:35:36.455+0000][74][info ][gc,phases   ] GC(0)   Evacuate Collection Set: 0.6ms
[2023-12-03T12:35:36.455+0000][74][info ][gc,phases   ] GC(0)   Post Evacuate Collection Set: 0.3ms
[2023-12-03T12:35:36.455+0000][74][info ][gc,phases   ] GC(0)   Other: 0.1ms
[2023-12-03T12:35:36.455+0000][74][trace][gc,age      ] GC(0) Age table with threshold 15 (max threshold 15)
[2023-12-03T12:35:36.455+0000][74][trace][gc,age      ] GC(0) - age   1:    2610728 bytes,    2610728 total
[2023-12-03T12:35:36.455+0000][74][info ][gc,heap     ] GC(0) Eden regions: 6->0(20)
[2023-12-03T12:35:36.455+0000][74][info ][gc,heap     ] GC(0) Survivor regions: 0->1(1)
[2023-12-03T12:35:36.455+0000][74][info ][gc,heap     ] GC(0) Old regions: 1->1
[2023-12-03T12:35:36.455+0000][74][info ][gc,heap     ] GC(0) Humongous regions: 0->0
[2023-12-03T12:35:36.455+0000][74][info ][gc,metaspace] GC(0) Metaspace: 1139K(1344K)->1139K(1344K) NonClass: 1057K(1152K)->1057K(1152K) Class: 82K(192K)->82K(192K)
[2023-12-03T12:35:36.455+0000][74][info ][gc          ] GC(0) Pause Young (Normal) (G1 Evacuation Pause) 25M->3M(512M) 1.322ms
[2023-12-03T12:35:36.455+0000][74][info ][gc,cpu      ] GC(0) User=0.00s Sys=0.00s Real=0.00s
[2023-12-03T12:35:36.456+0000][74][info ][safepoint   ] Safepoint "G1CollectForAllocation", Time since last: 146805909 ns, Reaching safepoint: 2357 ns, Cleanup: 52052 ns, At safepoint: 1361859 ns, Total: 1416268 ns
[2023-12-03T12:35:36.703+0000][74][info ][safepoint   ] Safepoint "ICBufferFull", Time since last: 247674794 ns, Reaching safepoint: 68587 ns, Cleanup: 68942 ns, At safepoint: 3409 ns, Total: 140938 ns
[2023-12-03T12:35:36.901+0000][74][info ][safepoint   ] Safepoint "ICBufferFull", Time since last: 197853836 ns, Reaching safepoint: 69954 ns, Cleanup: 92155 ns, At safepoint: 3326 ns, Total: 165435 ns
[2023-12-03T12:35:37.144+0000][74][info ][safepoint   ] Safepoint "ICBufferFull", Time since last: 242871732 ns, Reaching safepoint: 4007 ns, Cleanup: 114356 ns, At safepoint: 4433 ns, Total: 122796 ns
[2023-12-03T12:35:37.503+0000][74][info ][gc,start    ] GC(1) Pause Young (Normal) (G1 Evacuation Pause)
[2023-12-03T12:35:37.503+0000][74][info ][gc,task     ] GC(1) Using 10 workers of 10 for evacuation
[2023-12-03T12:35:37.504+0000][74][debug][gc,age      ] GC(1) Desired survivor size 6291456 bytes, new threshold 15 (max threshold 15)
[2023-12-03T12:35:37.507+0000][74][info ][gc,phases   ] GC(1)   Pre Evacuate Collection Set: 0.2ms
[2023-12-03T12:35:37.507+0000][74][info ][gc,phases   ] GC(1)   Merge Heap Roots: 0.0ms
[2023-12-03T12:35:37.507+0000][74][info ][gc,phases   ] GC(1)   Evacuate Collection Set: 2.6ms
[2023-12-03T12:35:37.507+0000][74][info ][gc,phases   ] GC(1)   Post Evacuate Collection Set: 0.9ms
[2023-12-03T12:35:37.507+0000][74][info ][gc,phases   ] GC(1)   Other: 0.0ms
[2023-12-03T12:35:37.507+0000][74][trace][gc,age      ] GC(1) Age table with threshold 15 (max threshold 15)
[2023-12-03T12:35:37.507+0000][74][trace][gc,age      ] GC(1) - age   1:    6017896 bytes,    6017896 total
[2023-12-03T12:35:37.507+0000][74][trace][gc,age      ] GC(1) - age   2:    2587120 bytes,    8605016 total
[2023-12-03T12:35:37.507+0000][74][info ][gc,heap     ] GC(1) Eden regions: 20->0(28)
[2023-12-03T12:35:37.507+0000][74][info ][gc,heap     ] GC(1) Survivor regions: 1->3(3)
[2023-12-03T12:35:37.507+0000][74][info ][gc,heap     ] GC(1) Old regions: 1->1
[2023-12-03T12:35:37.507+0000][74][info ][gc,heap     ] GC(1) Humongous regions: 0->0
[2023-12-03T12:35:37.507+0000][74][info ][gc,metaspace] GC(1) Metaspace: 18131K(18624K)->18131K(18624K) NonClass: 16158K(16384K)->16158K(16384K) Class: 1972K(2240K)->1972K(2240K)
[2023-12-03T12:35:37.507+0000][74][info ][gc          ] GC(1) Pause Young (Normal) (G1 Evacuation Pause) 83M->9M(512M) 3.925ms
[2023-12-03T12:35:37.507+0000][74][info ][gc,cpu      ] GC(1) User=0.02s Sys=0.00s Real=0.00s
[2023-12-03T12:35:37.507+0000][74][info ][safepoint   ] Safepoint "G1CollectForAllocation", Time since last: 359038568 ns, Reaching safepoint: 2612 ns, Cleanup: 59826 ns, At safepoint: 3959909 ns, Total: 4022347 ns
[2023-12-03T12:35:37.857+0000][74][info ][safepoint   ] Safepoint "ICBufferFull", Time since last: 349860422 ns, Reaching safepoint: 43363 ns, Cleanup: 81551 ns, At safepoint: 3941 ns, Total: 128855 ns
[2023-12-03T12:35:37.948+0000][74][info ][gc,start    ] GC(2) Pause Young (Normal) (G1 Evacuation Pause)
[2023-12-03T12:35:37.948+0000][74][info ][gc,task     ] GC(2) Using 10 workers of 10 for evacuation
[2023-12-03T12:35:37.948+0000][74][debug][gc,age      ] GC(2) Desired survivor size 8388608 bytes, new threshold 2 (max threshold 15)
[2023-12-03T12:35:37.953+0000][74][info ][gc,phases   ] GC(2)   Pre Evacuate Collection Set: 0.1ms
[2023-12-03T12:35:37.953+0000][74][info ][gc,phases   ] GC(2)   Merge Heap Roots: 0.0ms
[2023-12-03T12:35:37.953+0000][74][info ][gc,phases   ] GC(2)   Evacuate Collection Set: 3.8ms
[2023-12-03T12:35:37.953+0000][74][info ][gc,phases   ] GC(2)   Post Evacuate Collection Set: 0.6ms
[2023-12-03T12:35:37.953+0000][74][info ][gc,phases   ] GC(2)   Other: 0.1ms
[2023-12-03T12:35:37.953+0000][74][trace][gc,age      ] GC(2) Age table with threshold 2 (max threshold 15)
[2023-12-03T12:35:37.953+0000][74][trace][gc,age      ] GC(2) - age   1:    4311848 bytes,    4311848 total
[2023-12-03T12:35:37.953+0000][74][trace][gc,age      ] GC(2) - age   2:    5094560 bytes,    9406408 total
[2023-12-03T12:35:37.953+0000][74][info ][gc,heap     ] GC(2) Eden regions: 28->0(73)
[2023-12-03T12:35:37.953+0000][74][info ][gc,heap     ] GC(2) Survivor regions: 3->3(4)
[2023-12-03T12:35:37.953+0000][74][info ][gc,heap     ] GC(2) Old regions: 1->2
[2023-12-03T12:35:37.953+0000][74][info ][gc,heap     ] GC(2) Humongous regions: 0->0
[2023-12-03T12:35:37.953+0000][74][info ][gc,metaspace] GC(2) Metaspace: 20386K(20928K)->20386K(20928K) NonClass: 18179K(18496K)->18179K(18496K) Class: 2206K(2432K)->2206K(2432K)
[2023-12-03T12:35:37.953+0000][74][info ][gc          ] GC(2) Pause Young (Normal) (G1 Evacuation Pause) 121M->13M(512M) 4.898ms
[2023-12-03T12:35:37.953+0000][74][info ][gc,cpu      ] GC(2) User=0.04s Sys=0.01s Real=0.01s
[2023-12-03T12:35:37.953+0000][74][info ][safepoint   ] Safepoint "G1CollectForAllocation", Time since last: 90813707 ns, Reaching safepoint: 3807 ns, Cleanup: 59385 ns, At safepoint: 4946169 ns, Total: 5009361 ns
[2023-12-03T12:35:38.048+0000][74][info ][gc,start    ] GC(3) Pause Young (Concurrent Start) (Metadata GC Threshold)
[2023-12-03T12:35:38.048+0000][74][info ][gc,task     ] GC(3) Using 10 workers of 10 for evacuation
[2023-12-03T12:35:38.048+0000][74][debug][gc,age      ] GC(3) Desired survivor size 20971520 bytes, new threshold 15 (max threshold 15)
[2023-12-03T12:35:38.051+0000][74][info ][gc,phases   ] GC(3)   Pre Evacuate Collection Set: 0.1ms
[2023-12-03T12:35:38.051+0000][74][info ][gc,phases   ] GC(3)   Merge Heap Roots: 0.0ms
[2023-12-03T12:35:38.051+0000][74][info ][gc,phases   ] GC(3)   Evacuate Collection Set: 2.8ms
[2023-12-03T12:35:38.052+0000][74][info ][gc,phases   ] GC(3)   Post Evacuate Collection Set: 0.6ms
[2023-12-03T12:35:38.052+0000][74][info ][gc,phases   ] GC(3)   Other: 0.1ms
[2023-12-03T12:35:38.052+0000][74][trace][gc,age      ] GC(3) Age table with threshold 15 (max threshold 15)
[2023-12-03T12:35:38.052+0000][74][trace][gc,age      ] GC(3) - age   1:    1035312 bytes,    1035312 total
[2023-12-03T12:35:38.052+0000][74][trace][gc,age      ] GC(3) - age   2:    2595944 bytes,    3631256 total
[2023-12-03T12:35:38.052+0000][74][trace][gc,age      ] GC(3) - age   3:    5092240 bytes,    8723496 total
[2023-12-03T12:35:38.052+0000][74][info ][gc,heap     ] GC(3) Eden regions: 17->0(73)
[2023-12-03T12:35:38.052+0000][74][info ][gc,heap     ] GC(3) Survivor regions: 3->3(10)
[2023-12-03T12:35:38.052+0000][74][info ][gc,heap     ] GC(3) Old regions: 2->2
[2023-12-03T12:35:38.052+0000][74][info ][gc,heap     ] GC(3) Humongous regions: 0->0
[2023-12-03T12:35:38.052+0000][74][info ][gc,metaspace] GC(3) Metaspace: 20950K(21504K)->20950K(21504K) NonClass: 18703K(19008K)->18703K(19008K) Class: 2246K(2496K)->2246K(2496K)
[2023-12-03T12:35:38.052+0000][74][info ][gc          ] GC(3) Pause Young (Concurrent Start) (Metadata GC Threshold) 81M->12M(512M) 3.865ms
[2023-12-03T12:35:38.052+0000][74][info ][gc          ] GC(4) Concurrent Mark Cycle
[2023-12-03T12:35:38.052+0000][74][info ][gc,marking  ] GC(4) Concurrent Scan Root Regions
[2023-12-03T12:35:38.052+0000][74][info ][gc,cpu      ] GC(3) User=0.03s Sys=0.00s Real=0.01s
[2023-12-03T12:35:38.052+0000][74][info ][safepoint   ] Safepoint "CollectForMetadataAllocation", Time since last: 94514659 ns, Reaching safepoint: 3092 ns, Cleanup: 35769 ns, At safepoint: 4053194 ns, Total: 4092055 ns
[2023-12-03T12:35:38.056+0000][74][info ][gc,marking  ] GC(4) Concurrent Scan Root Regions 3.856ms
[2023-12-03T12:35:38.056+0000][74][info ][gc,marking  ] GC(4) Concurrent Mark
[2023-12-03T12:35:38.056+0000][74][info ][gc,marking  ] GC(4) Concurrent Mark From Roots
[2023-12-03T12:35:38.056+0000][74][info ][gc,task     ] GC(4) Using 3 workers of 3 for marking
[2023-12-03T12:35:38.058+0000][74][info ][gc,marking  ] GC(4) Concurrent Mark From Roots 2.115ms
[2023-12-03T12:35:38.058+0000][74][info ][gc,marking  ] GC(4) Concurrent Preclean
[2023-12-03T12:35:38.058+0000][74][info ][gc,marking  ] GC(4) Concurrent Preclean 0.016ms
[2023-12-03T12:35:38.058+0000][74][info ][gc,start    ] GC(4) Pause Remark
[2023-12-03T12:35:38.059+0000][74][info ][gc          ] GC(4) Pause Remark 15M->15M(512M) 1.665ms
[2023-12-03T12:35:38.060+0000][74][info ][gc,cpu      ] GC(4) User=0.01s Sys=0.00s Real=0.00s
[2023-12-03T12:35:38.060+0000][74][info ][safepoint   ] Safepoint "G1PauseRemark", Time since last: 5994005 ns, Reaching safepoint: 3747 ns, Cleanup: 1966 ns, At safepoint: 1725782 ns, Total: 1731495 ns
[2023-12-03T12:35:38.060+0000][74][info ][gc,marking  ] GC(4) Concurrent Mark 3.967ms
[2023-12-03T12:35:38.060+0000][74][info ][gc,marking  ] GC(4) Concurrent Rebuild Remembered Sets and Scrub Regions
[2023-12-03T12:35:38.061+0000][74][info ][gc,marking  ] GC(4) Concurrent Rebuild Remembered Sets and Scrub Regions 1.322ms
[2023-12-03T12:35:38.061+0000][74][info ][gc,start    ] GC(4) Pause Cleanup
[2023-12-03T12:35:38.061+0000][74][info ][gc          ] GC(4) Pause Cleanup 15M->15M(512M) 0.066ms
[2023-12-03T12:35:38.061+0000][74][info ][gc,cpu      ] GC(4) User=0.00s Sys=0.00s Real=0.00s
[2023-12-03T12:35:38.061+0000][74][info ][safepoint   ] Safepoint "G1PauseCleanup", Time since last: 1404337 ns, Reaching safepoint: 70462 ns, Cleanup: 1818 ns, At safepoint: 109535 ns, Total: 181815 ns
[2023-12-03T12:35:38.061+0000][74][info ][gc,marking  ] GC(4) Concurrent Clear Claimed Marks
[2023-12-03T12:35:38.061+0000][74][info ][gc,marking  ] GC(4) Concurrent Clear Claimed Marks 0.034ms
[2023-12-03T12:35:38.061+0000][74][info ][gc,marking  ] GC(4) Concurrent Cleanup for Next Mark
[2023-12-03T12:35:38.061+0000][74][info ][gc,marking  ] GC(4) Concurrent Cleanup for Next Mark 0.275ms
[2023-12-03T12:35:38.062+0000][74][info ][gc          ] GC(4) Concurrent Mark Cycle 9.835ms
[2023-12-03T12:35:38.433+0000][74][info ][safepoint   ] Safepoint "ICBufferFull", Time since last: 371382893 ns, Reaching safepoint: 3493 ns, Cleanup: 80085 ns, At safepoint: 2270 ns, Total: 85848 ns
[2023-12-03T12:35:38.641+0000][74][info ][gc,start    ] GC(5) Pause Young (Prepare Mixed) (G1 Evacuation Pause)
[2023-12-03T12:35:38.641+0000][74][info ][gc,task     ] GC(5) Using 10 workers of 10 for evacuation
[2023-12-03T12:35:38.641+0000][74][debug][gc,age      ] GC(5) Desired survivor size 20971520 bytes, new threshold 15 (max threshold 15)
[2023-12-03T12:35:38.646+0000][74][info ][gc,phases   ] GC(5)   Pre Evacuate Collection Set: 0.1ms
[2023-12-03T12:35:38.646+0000][74][info ][gc,phases   ] GC(5)   Merge Heap Roots: 0.0ms
[2023-12-03T12:35:38.646+0000][74][info ][gc,phases   ] GC(5)   Evacuate Collection Set: 3.8ms
[2023-12-03T12:35:38.646+0000][74][info ][gc,phases   ] GC(5)   Post Evacuate Collection Set: 0.5ms
[2023-12-03T12:35:38.646+0000][74][info ][gc,phases   ] GC(5)   Other: 0.1ms
[2023-12-03T12:35:38.646+0000][74][trace][gc,age      ] GC(5) Age table with threshold 15 (max threshold 15)
[2023-12-03T12:35:38.646+0000][74][trace][gc,age      ] GC(5) - age   1:    7442256 bytes,    7442256 total
[2023-12-03T12:35:38.646+0000][74][trace][gc,age      ] GC(5) - age   2:     877896 bytes,    8320152 total
[2023-12-03T12:35:38.646+0000][74][trace][gc,age      ] GC(5) - age   3:    2592408 bytes,   10912560 total
[2023-12-03T12:35:38.646+0000][74][trace][gc,age      ] GC(5) - age   4:    5086752 bytes,   15999312 total
[2023-12-03T12:35:38.646+0000][74][info ][gc,heap     ] GC(5) Eden regions: 73->0(71)
[2023-12-03T12:35:38.646+0000][74][info ][gc,heap     ] GC(5) Survivor regions: 3->5(10)
[2023-12-03T12:35:38.646+0000][74][info ][gc,heap     ] GC(5) Old regions: 2->2
[2023-12-03T12:35:38.646+0000][74][info ][gc,heap     ] GC(5) Humongous regions: 0->0
[2023-12-03T12:35:38.646+0000][74][info ][gc,metaspace] GC(5) Metaspace: 28327K(28928K)->28327K(28928K) NonClass: 25143K(25472K)->25143K(25472K) Class: 3184K(3456K)->3184K(3456K)
[2023-12-03T12:35:38.646+0000][74][info ][gc          ] GC(5) Pause Young (Prepare Mixed) (G1 Evacuation Pause) 304M->20M(512M) 4.747ms
[2023-12-03T12:35:38.646+0000][74][info ][gc,cpu      ] GC(5) User=0.04s Sys=0.01s Real=0.00s
[2023-12-03T12:35:38.646+0000][74][info ][safepoint   ] Safepoint "G1CollectForAllocation", Time since last: 208534284 ns, Reaching safepoint: 3181 ns, Cleanup: 63821 ns, At safepoint: 4801640 ns, Total: 4868642 ns
[2023-12-03T12:35:38.901+0000][74][info ][gc,start    ] GC(6) Pause Young (Mixed) (G1 Evacuation Pause)
[2023-12-03T12:35:38.901+0000][74][info ][gc,task     ] GC(6) Using 10 workers of 10 for evacuation
[2023-12-03T12:35:38.901+0000][74][debug][gc,age      ] GC(6) Desired survivor size 20971520 bytes, new threshold 15 (max threshold 15)
[2023-12-03T12:35:38.907+0000][74][info ][gc,phases   ] GC(6)   Pre Evacuate Collection Set: 0.1ms
[2023-12-03T12:35:38.907+0000][74][info ][gc,phases   ] GC(6)   Merge Heap Roots: 0.0ms
[2023-12-03T12:35:38.907+0000][74][info ][gc,phases   ] GC(6)   Evacuate Collection Set: 4.9ms
[2023-12-03T12:35:38.907+0000][74][info ][gc,phases   ] GC(6)   Post Evacuate Collection Set: 0.5ms
[2023-12-03T12:35:38.907+0000][74][info ][gc,phases   ] GC(6)   Other: 0.0ms
[2023-12-03T12:35:38.907+0000][74][trace][gc,age      ] GC(6) Age table with threshold 15 (max threshold 15)
[2023-12-03T12:35:38.907+0000][74][trace][gc,age      ] GC(6) - age   1:    5215232 bytes,    5215232 total
[2023-12-03T12:35:38.907+0000][74][trace][gc,age      ] GC(6) - age   2:    6489848 bytes,   11705080 total
[2023-12-03T12:35:38.907+0000][74][trace][gc,age      ] GC(6) - age   3:     877704 bytes,   12582784 total
[2023-12-03T12:35:38.907+0000][74][trace][gc,age      ] GC(6) - age   4:    2591160 bytes,   15173944 total
[2023-12-03T12:35:38.907+0000][74][trace][gc,age      ] GC(6) - age   5:    5086688 bytes,   20260632 total
[2023-12-03T12:35:38.907+0000][74][info ][gc,heap     ] GC(6) Eden regions: 71->0(70)
[2023-12-03T12:35:38.907+0000][74][info ][gc,heap     ] GC(6) Survivor regions: 5->6(10)
[2023-12-03T12:35:38.907+0000][74][info ][gc,heap     ] GC(6) Old regions: 2->1
[2023-12-03T12:35:38.907+0000][74][info ][gc,heap     ] GC(6) Humongous regions: 0->0
[2023-12-03T12:35:38.907+0000][74][info ][gc,metaspace] GC(6) Metaspace: 28940K(29568K)->28940K(29568K) NonClass: 25664K(26048K)->25664K(26048K) Class: 3275K(3520K)->3275K(3520K)
[2023-12-03T12:35:38.907+0000][74][info ][gc          ] GC(6) Pause Young (Mixed) (G1 Evacuation Pause) 304M->24M(512M) 5.837ms
[2023-12-03T12:35:38.907+0000][74][info ][gc,cpu      ] GC(6) User=0.04s Sys=0.01s Real=0.00s
[2023-12-03T12:35:38.907+0000][74][info ][safepoint   ] Safepoint "G1CollectForAllocation", Time since last: 255163488 ns, Reaching safepoint: 3412 ns, Cleanup: 41393 ns, At safepoint: 5875757 ns, Total: 5920562 ns
[2023-12-03T12:35:39.337+0000][74][info ][safepoint   ] Safepoint "ICBufferFull", Time since last: 429783277 ns, Reaching safepoint: 3497 ns, Cleanup: 103604 ns, At safepoint: 2530 ns, Total: 109631 ns
[2023-12-03T12:35:39.358+0000][74][info ][gc,start    ] GC(7) Pause Young (Normal) (G1 Evacuation Pause)
[2023-12-03T12:35:39.358+0000][74][info ][gc,task     ] GC(7) Using 10 workers of 10 for evacuation
[2023-12-03T12:35:39.358+0000][74][debug][gc,age      ] GC(7) Desired survivor size 20971520 bytes, new threshold 15 (max threshold 15)
[2023-12-03T12:35:39.363+0000][74][info ][gc,phases   ] GC(7)   Pre Evacuate Collection Set: 0.1ms
[2023-12-03T12:35:39.363+0000][74][info ][gc,phases   ] GC(7)   Merge Heap Roots: 0.0ms
[2023-12-03T12:35:39.363+0000][74][info ][gc,phases   ] GC(7)   Evacuate Collection Set: 4.7ms
[2023-12-03T12:35:39.363+0000][74][info ][gc,phases   ] GC(7)   Post Evacuate Collection Set: 0.5ms
[2023-12-03T12:35:39.363+0000][74][info ][gc,phases   ] GC(7)   Other: 0.1ms
[2023-12-03T12:35:39.363+0000][74][trace][gc,age      ] GC(7) Age table with threshold 15 (max threshold 15)
[2023-12-03T12:35:39.363+0000][74][trace][gc,age      ] GC(7) - age   1:    5751864 bytes,    5751864 total
[2023-12-03T12:35:39.363+0000][74][trace][gc,age      ] GC(7) - age   2:    2247240 bytes,    7999104 total
[2023-12-03T12:35:39.363+0000][74][trace][gc,age      ] GC(7) - age   3:    6487776 bytes,   14486880 total
[2023-12-03T12:35:39.363+0000][74][trace][gc,age      ] GC(7) - age   4:     877704 bytes,   15364584 total
[2023-12-03T12:35:39.363+0000][74][trace][gc,age      ] GC(7) - age   5:    2590984 bytes,   17955568 total
[2023-12-03T12:35:39.363+0000][74][trace][gc,age      ] GC(7) - age   6:    5085808 bytes,   23041376 total
[2023-12-03T12:35:39.363+0000][74][info ][gc,heap     ] GC(7) Eden regions: 70->0(69)
[2023-12-03T12:35:39.363+0000][74][info ][gc,heap     ] GC(7) Survivor regions: 6->7(10)
[2023-12-03T12:35:39.363+0000][74][info ][gc,heap     ] GC(7) Old regions: 1->1
[2023-12-03T12:35:39.363+0000][74][info ][gc,heap     ] GC(7) Humongous regions: 0->0
[2023-12-03T12:35:39.363+0000][74][info ][gc,metaspace] GC(7) Metaspace: 34426K(35200K)->34426K(35200K) NonClass: 30547K(31040K)->30547K(31040K) Class: 3878K(4160K)->3878K(4160K)
[2023-12-03T12:35:39.363+0000][74][info ][gc          ] GC(7) Pause Young (Normal) (G1 Evacuation Pause) 304M->28M(512M) 5.603ms
[2023-12-03T12:35:39.363+0000][74][info ][gc,cpu      ] GC(7) User=0.05s Sys=0.00s Real=0.00s
[2023-12-03T12:35:39.363+0000][74][info ][safepoint   ] Safepoint "G1CollectForAllocation", Time since last: 20642395 ns, Reaching safepoint: 4937 ns, Cleanup: 16537 ns, At safepoint: 5647308 ns, Total: 5668782 ns
[2023-12-03T12:35:39.464+0000][74][info ][gc,start    ] GC(8) Pause Young (Concurrent Start) (Metadata GC Threshold)
[2023-12-03T12:35:39.464+0000][74][info ][gc,task     ] GC(8) Using 10 workers of 10 for evacuation
[2023-12-03T12:35:39.464+0000][74][debug][gc,age      ] GC(8) Desired survivor size 20971520 bytes, new threshold 6 (max threshold 15)
[2023-12-03T12:35:39.470+0000][74][info ][gc,phases   ] GC(8)   Pre Evacuate Collection Set: 0.2ms
[2023-12-03T12:35:39.470+0000][74][info ][gc,phases   ] GC(8)   Merge Heap Roots: 0.0ms
[2023-12-03T12:35:39.470+0000][74][info ][gc,phases   ] GC(8)   Evacuate Collection Set: 5.3ms
[2023-12-03T12:35:39.470+0000][74][info ][gc,phases   ] GC(8)   Post Evacuate Collection Set: 0.6ms
[2023-12-03T12:35:39.470+0000][74][info ][gc,phases   ] GC(8)   Other: 0.1ms
[2023-12-03T12:35:39.470+0000][74][trace][gc,age      ] GC(8) Age table with threshold 6 (max threshold 15)
[2023-12-03T12:35:39.470+0000][74][trace][gc,age      ] GC(8) - age   1:    2263096 bytes,    2263096 total
[2023-12-03T12:35:39.470+0000][74][trace][gc,age      ] GC(8) - age   2:    5668544 bytes,    7931640 total
[2023-12-03T12:35:39.470+0000][74][trace][gc,age      ] GC(8) - age   3:    2246480 bytes,   10178120 total
[2023-12-03T12:35:39.470+0000][74][trace][gc,age      ] GC(8) - age   4:    6485656 bytes,   16663776 total
[2023-12-03T12:35:39.470+0000][74][trace][gc,age      ] GC(8) - age   5:     877704 bytes,   17541480 total
[2023-12-03T12:35:39.470+0000][74][trace][gc,age      ] GC(8) - age   6:    2590008 bytes,   20131488 total
[2023-12-03T12:35:39.471+0000][74][info ][gc,heap     ] GC(8) Eden regions: 4->0(70)
[2023-12-03T12:35:39.471+0000][74][info ][gc,heap     ] GC(8) Survivor regions: 7->6(10)
[2023-12-03T12:35:39.471+0000][74][info ][gc,heap     ] GC(8) Old regions: 1->3
[2023-12-03T12:35:39.471+0000][74][info ][gc,heap     ] GC(8) Humongous regions: 0->0
[2023-12-03T12:35:39.471+0000][74][info ][gc,metaspace] GC(8) Metaspace: 35379K(36160K)->35379K(36160K) NonClass: 31375K(31808K)->31375K(31808K) Class: 4003K(4352K)->4003K(4352K)
[2023-12-03T12:35:39.471+0000][74][info ][gc          ] GC(8) Pause Young (Concurrent Start) (Metadata GC Threshold) 42M->30M(512M) 6.426ms
[2023-12-03T12:35:39.471+0000][74][info ][gc,cpu      ] GC(8) User=0.06s Sys=0.01s Real=0.01s
[2023-12-03T12:35:39.471+0000][74][info ][gc          ] GC(9) Concurrent Mark Cycle
[2023-12-03T12:35:39.471+0000][74][info ][gc,marking  ] GC(9) Concurrent Scan Root Regions
[2023-12-03T12:35:39.471+0000][74][info ][safepoint   ] Safepoint "CollectForMetadataAllocation", Time since last: 100817268 ns, Reaching safepoint: 3407 ns, Cleanup: 24203 ns, At safepoint: 6558598 ns, Total: 6586208 ns
[2023-12-03T12:35:39.475+0000][74][info ][gc,marking  ] GC(9) Concurrent Scan Root Regions 4.777ms
[2023-12-03T12:35:39.475+0000][74][info ][gc,marking  ] GC(9) Concurrent Mark
[2023-12-03T12:35:39.475+0000][74][info ][gc,marking  ] GC(9) Concurrent Mark From Roots
[2023-12-03T12:35:39.475+0000][74][info ][gc,task     ] GC(9) Using 3 workers of 3 for marking
[2023-12-03T12:35:39.479+0000][74][info ][gc,marking  ] GC(9) Concurrent Mark From Roots 3.029ms
[2023-12-03T12:35:39.479+0000][74][info ][gc,marking  ] GC(9) Concurrent Preclean
[2023-12-03T12:35:39.479+0000][74][info ][gc,marking  ] GC(9) Concurrent Preclean 0.042ms
[2023-12-03T12:35:39.479+0000][74][info ][gc,start    ] GC(9) Pause Remark
[2023-12-03T12:35:39.481+0000][74][info ][gc          ] GC(9) Pause Remark 33M->33M(512M) 2.089ms
[2023-12-03T12:35:39.481+0000][74][info ][gc,cpu      ] GC(9) User=0.01s Sys=0.00s Real=0.00s
[2023-12-03T12:35:39.481+0000][74][info ][safepoint   ] Safepoint "G1PauseRemark", Time since last: 7916788 ns, Reaching safepoint: 70758 ns, Cleanup: 9884 ns, At safepoint: 2145302 ns, Total: 2225944 ns
[2023-12-03T12:35:39.481+0000][74][info ][gc,marking  ] GC(9) Concurrent Mark 5.397ms
[2023-12-03T12:35:39.481+0000][74][info ][gc,marking  ] GC(9) Concurrent Rebuild Remembered Sets and Scrub Regions
[2023-12-03T12:35:39.483+0000][74][info ][gc,marking  ] GC(9) Concurrent Rebuild Remembered Sets and Scrub Regions 1.995ms
[2023-12-03T12:35:39.483+0000][74][info ][gc,start    ] GC(9) Pause Cleanup
[2023-12-03T12:35:39.483+0000][74][info ][gc          ] GC(9) Pause Cleanup 33M->33M(512M) 0.056ms
[2023-12-03T12:35:39.483+0000][74][info ][gc,cpu      ] GC(9) User=0.00s Sys=0.00s Real=0.00s
[2023-12-03T12:35:39.483+0000][74][info ][safepoint   ] Safepoint "G1PauseCleanup", Time since last: 2070798 ns, Reaching safepoint: 67303 ns, Cleanup: 7218 ns, At safepoint: 96102 ns, Total: 170623 ns
[2023-12-03T12:35:39.483+0000][74][info ][gc,marking  ] GC(9) Concurrent Clear Claimed Marks
[2023-12-03T12:35:39.483+0000][74][info ][gc,marking  ] GC(9) Concurrent Clear Claimed Marks 0.034ms
[2023-12-03T12:35:39.483+0000][74][info ][gc,marking  ] GC(9) Concurrent Cleanup for Next Mark
[2023-12-03T12:35:39.483+0000][74][info ][gc,marking  ] GC(9) Concurrent Cleanup for Next Mark 0.223ms
[2023-12-03T12:35:39.483+0000][74][info ][gc          ] GC(9) Concurrent Mark Cycle 12.781ms
[2023-12-03T12:35:39.767+0000][74][info ][gc,start    ] GC(10) Pause Young (Normal) (G1 Evacuation Pause)
[2023-12-03T12:35:39.767+0000][74][info ][gc,task     ] GC(10) Using 10 workers of 10 for evacuation
[2023-12-03T12:35:39.767+0000][74][debug][gc,age      ] GC(10) Desired survivor size 20971520 bytes, new threshold 15 (max threshold 15)
[2023-12-03T12:35:39.772+0000][74][info ][gc,phases   ] GC(10)   Pre Evacuate Collection Set: 0.1ms
[2023-12-03T12:35:39.772+0000][74][info ][gc,phases   ] GC(10)   Merge Heap Roots: 0.0ms
[2023-12-03T12:35:39.772+0000][74][info ][gc,phases   ] GC(10)   Evacuate Collection Set: 4.1ms
[2023-12-03T12:35:39.772+0000][74][info ][gc,phases   ] GC(10)   Post Evacuate Collection Set: 0.5ms
[2023-12-03T12:35:39.772+0000][74][info ][gc,phases   ] GC(10)   Other: 0.1ms
[2023-12-03T12:35:39.772+0000][74][trace][gc,age      ] GC(10) Age table with threshold 15 (max threshold 15)
[2023-12-03T12:35:39.772+0000][74][trace][gc,age      ] GC(10) - age   1:    3155864 bytes,    3155864 total
[2023-12-03T12:35:39.772+0000][74][trace][gc,age      ] GC(10) - age   2:    2246488 bytes,    5402352 total
[2023-12-03T12:35:39.772+0000][74][trace][gc,age      ] GC(10) - age   3:    5668312 bytes,   11070664 total
[2023-12-03T12:35:39.772+0000][74][trace][gc,age      ] GC(10) - age   4:    2246416 bytes,   13317080 total
[2023-12-03T12:35:39.772+0000][74][trace][gc,age      ] GC(10) - age   5:    6482904 bytes,   19799984 total
[2023-12-03T12:35:39.772+0000][74][trace][gc,age      ] GC(10) - age   6:     877672 bytes,   20677656 total
[2023-12-03T12:35:39.772+0000][74][trace][gc,age      ] GC(10) - age   7:    2589944 bytes,   23267600 total
[2023-12-03T12:35:39.772+0000][74][info ][gc,heap     ] GC(10) Eden regions: 70->0(69)
[2023-12-03T12:35:39.772+0000][74][info ][gc,heap     ] GC(10) Survivor regions: 6->7(10)
[2023-12-03T12:35:39.772+0000][74][info ][gc,heap     ] GC(10) Old regions: 3->3
[2023-12-03T12:35:39.772+0000][74][info ][gc,heap     ] GC(10) Humongous regions: 0->0
[2023-12-03T12:35:39.772+0000][74][info ][gc,metaspace] GC(10) Metaspace: 36429K(37248K)->36429K(37248K) NonClass: 32292K(32768K)->32292K(32768K) Class: 4137K(4480K)->4137K(4480K)
[2023-12-03T12:35:39.772+0000][74][info ][gc          ] GC(10) Pause Young (Normal) (G1 Evacuation Pause) 310M->33M(512M) 5.079ms
[2023-12-03T12:35:39.772+0000][74][info ][gc,cpu      ] GC(10) User=0.05s Sys=0.00s Real=0.01s
[2023-12-03T12:35:39.772+0000][74][info ][safepoint   ] Safepoint "G1CollectForAllocation", Time since last: 284115607 ns, Reaching safepoint: 3772 ns, Cleanup: 32750 ns, At safepoint: 5127240 ns, Total: 5163762 ns
[2023-12-03T12:35:40.345+0000][74][info ][safepoint   ] Safepoint "ICBufferFull", Time since last: 572198930 ns, Reaching safepoint: 4010 ns, Cleanup: 100737 ns, At safepoint: 2914 ns, Total: 107661 ns
[2023-12-03T12:35:40.390+0000][74][info ][gc,start    ] GC(11) Pause Young (Normal) (G1 Evacuation Pause)
[2023-12-03T12:35:40.391+0000][74][info ][gc,task     ] GC(11) Using 10 workers of 10 for evacuation
[2023-12-03T12:35:40.391+0000][74][debug][gc,age      ] GC(11) Desired survivor size 20971520 bytes, new threshold 7 (max threshold 15)
[2023-12-03T12:35:40.396+0000][74][info ][gc,phases   ] GC(11)   Pre Evacuate Collection Set: 0.1ms
[2023-12-03T12:35:40.396+0000][74][info ][gc,phases   ] GC(11)   Merge Heap Roots: 0.0ms
[2023-12-03T12:35:40.397+0000][74][info ][gc,phases   ] GC(11)   Evacuate Collection Set: 5.2ms
[2023-12-03T12:35:40.397+0000][74][info ][gc,phases   ] GC(11)   Post Evacuate Collection Set: 0.5ms
[2023-12-03T12:35:40.397+0000][74][info ][gc,phases   ] GC(11)   Other: 0.1ms
[2023-12-03T12:35:40.397+0000][74][trace][gc,age      ] GC(11) Age table with threshold 7 (max threshold 15)
[2023-12-03T12:35:40.397+0000][74][trace][gc,age      ] GC(11) - age   1:    6124896 bytes,    6124896 total
[2023-12-03T12:35:40.397+0000][74][trace][gc,age      ] GC(11) - age   2:    1349144 bytes,    7474040 total
[2023-12-03T12:35:40.397+0000][74][trace][gc,age      ] GC(11) - age   3:    2239560 bytes,    9713600 total
[2023-12-03T12:35:40.397+0000][74][trace][gc,age      ] GC(11) - age   4:    5646512 bytes,   15360112 total
[2023-12-03T12:35:40.397+0000][74][trace][gc,age      ] GC(11) - age   5:    2227776 bytes,   17587888 total
[2023-12-03T12:35:40.397+0000][74][trace][gc,age      ] GC(11) - age   6:    6460208 bytes,   24048096 total
[2023-12-03T12:35:40.397+0000][74][trace][gc,age      ] GC(11) - age   7:     873192 bytes,   24921288 total
[2023-12-03T12:35:40.397+0000][74][info ][gc,heap     ] GC(11) Eden regions: 69->0(69)
[2023-12-03T12:35:40.397+0000][74][info ][gc,heap     ] GC(11) Survivor regions: 7->7(10)
[2023-12-03T12:35:40.397+0000][74][info ][gc,heap     ] GC(11) Old regions: 3->3
[2023-12-03T12:35:40.397+0000][74][info ][gc,heap     ] GC(11) Humongous regions: 0->0
[2023-12-03T12:35:40.397+0000][74][info ][gc,metaspace] GC(11) Metaspace: 42530K(43648K)->42530K(43648K) NonClass: 37551K(38208K)->37551K(38208K) Class: 4978K(5440K)->4978K(5440K)
[2023-12-03T12:35:40.397+0000][74][info ][gc          ] GC(11) Pause Young (Normal) (G1 Evacuation Pause) 309M->37M(512M) 6.182ms
[2023-12-03T12:35:40.397+0000][74][info ][gc,cpu      ] GC(11) User=0.06s Sys=0.00s Real=0.00s
[2023-12-03T12:35:40.397+0000][74][info ][safepoint   ] Safepoint "G1CollectForAllocation", Time since last: 45774640 ns, Reaching safepoint: 4530 ns, Cleanup: 13979 ns, At safepoint: 6236044 ns, Total: 6254553 ns
[2023-12-03T12:35:41.030+0000][74][info ][safepoint   ] Safepoint "ICBufferFull", Time since last: 633258614 ns, Reaching safepoint: 69776 ns, Cleanup: 86317 ns, At safepoint: 4038 ns, Total: 160131 ns
[2023-12-03T12:35:41.701+0000][74][info ][gc,start    ] GC(12) Pause Young (Normal) (G1 Evacuation Pause)
[2023-12-03T12:35:41.701+0000][74][info ][gc,task     ] GC(12) Using 10 workers of 10 for evacuation
[2023-12-03T12:35:41.701+0000][74][debug][gc,age      ] GC(12) Desired survivor size 20971520 bytes, new threshold 6 (max threshold 15)
[2023-12-03T12:35:41.712+0000][74][info ][gc,phases   ] GC(12)   Pre Evacuate Collection Set: 0.2ms
[2023-12-03T12:35:41.712+0000][74][info ][gc,phases   ] GC(12)   Merge Heap Roots: 0.0ms
[2023-12-03T12:35:41.712+0000][74][info ][gc,phases   ] GC(12)   Evacuate Collection Set: 9.7ms
[2023-12-03T12:35:41.712+0000][74][info ][gc,phases   ] GC(12)   Post Evacuate Collection Set: 0.7ms
[2023-12-03T12:35:41.712+0000][74][info ][gc,phases   ] GC(12)   Other: 0.0ms
[2023-12-03T12:35:41.712+0000][74][trace][gc,age      ] GC(12) Age table with threshold 6 (max threshold 15)
[2023-12-03T12:35:41.712+0000][74][trace][gc,age      ] GC(12) - age   1:   18734744 bytes,   18734744 total
[2023-12-03T12:35:41.712+0000][74][trace][gc,age      ] GC(12) - age   2:    6027408 bytes,   24762152 total
[2023-12-03T12:35:41.712+0000][74][trace][gc,age      ] GC(12) - age   3:    1342400 bytes,   26104552 total
[2023-12-03T12:35:41.712+0000][74][trace][gc,age      ] GC(12) - age   4:    2238184 bytes,   28342736 total
[2023-12-03T12:35:41.712+0000][74][trace][gc,age      ] GC(12) - age   5:    5643280 bytes,   33986016 total
[2023-12-03T12:35:41.712+0000][74][trace][gc,age      ] GC(12) - age   6:    2227360 bytes,   36213376 total
[2023-12-03T12:35:41.712+0000][74][info ][gc,heap     ] GC(12) Eden regions: 69->0(66)
[2023-12-03T12:35:41.712+0000][74][info ][gc,heap     ] GC(12) Survivor regions: 7->10(10)
[2023-12-03T12:35:41.712+0000][74][info ][gc,heap     ] GC(12) Old regions: 3->5
[2023-12-03T12:35:41.712+0000][74][info ][gc,heap     ] GC(12) Humongous regions: 0->0
[2023-12-03T12:35:41.712+0000][74][info ][gc,metaspace] GC(12) Metaspace: 50449K(51840K)->50449K(51840K) NonClass: 44296K(45120K)->44296K(45120K) Class: 6153K(6720K)->6153K(6720K)
[2023-12-03T12:35:41.712+0000][74][info ][gc          ] GC(12) Pause Young (Normal) (G1 Evacuation Pause) 313M->56M(512M) 10.894ms
[2023-12-03T12:35:41.712+0000][74][info ][gc,cpu      ] GC(12) User=0.10s Sys=0.00s Real=0.01s
[2023-12-03T12:35:41.712+0000][74][info ][safepoint   ] Safepoint "G1CollectForAllocation", Time since last: 671090992 ns, Reaching safepoint: 70768 ns, Cleanup: 60428 ns, At safepoint: 10941634 ns, Total: 11072830 ns
[2023-12-03T12:35:42.038+0000][74][info ][safepoint   ] Safepoint "ICBufferFull", Time since last: 325654364 ns, Reaching safepoint: 2978 ns, Cleanup: 92629 ns, At safepoint: 3844 ns, Total: 99451 ns
[2023-12-03T12:35:42.253+0000][74][info ][gc,start    ] GC(13) Pause Young (Concurrent Start) (Metadata GC Threshold)
[2023-12-03T12:35:42.253+0000][74][info ][gc,task     ] GC(13) Using 10 workers of 10 for evacuation
[2023-12-03T12:35:42.253+0000][74][debug][gc,age      ] GC(13) Desired survivor size 20971520 bytes, new threshold 2 (max threshold 15)
[2023-12-03T12:35:42.262+0000][74][info ][gc,phases   ] GC(13)   Pre Evacuate Collection Set: 0.1ms
[2023-12-03T12:35:42.262+0000][74][info ][gc,phases   ] GC(13)   Merge Heap Roots: 0.0ms
[2023-12-03T12:35:42.262+0000][74][info ][gc,phases   ] GC(13)   Evacuate Collection Set: 8.3ms
[2023-12-03T12:35:42.262+0000][74][info ][gc,phases   ] GC(13)   Post Evacuate Collection Set: 0.6ms
[2023-12-03T12:35:42.262+0000][74][info ][gc,phases   ] GC(13)   Other: 0.1ms
[2023-12-03T12:35:42.262+0000][74][trace][gc,age      ] GC(13) Age table with threshold 2 (max threshold 15)
[2023-12-03T12:35:42.263+0000][74][trace][gc,age      ] GC(13) - age   1:    3977856 bytes,    3977856 total
[2023-12-03T12:35:42.263+0000][74][trace][gc,age      ] GC(13) - age   2:   18601232 bytes,   22579088 total
[2023-12-03T12:35:42.263+0000][74][info ][gc,heap     ] GC(13) Eden regions: 35->0(69)
[2023-12-03T12:35:42.263+0000][74][info ][gc,heap     ] GC(13) Survivor regions: 10->7(10)
[2023-12-03T12:35:42.263+0000][74][info ][gc,heap     ] GC(13) Old regions: 5->9
[2023-12-03T12:35:42.263+0000][74][info ][gc,heap     ] GC(13) Humongous regions: 0->0
[2023-12-03T12:35:42.263+0000][74][info ][gc,metaspace] GC(13) Metaspace: 59105K(60480K)->59105K(60480K) NonClass: 51849K(52672K)->51849K(52672K) Class: 7256K(7808K)->7256K(7808K)
[2023-12-03T12:35:42.263+0000][74][info ][gc          ] GC(13) Pause Young (Concurrent Start) (Metadata GC Threshold) 194M->60M(512M) 9.376ms
[2023-12-03T12:35:42.263+0000][74][info ][gc,cpu      ] GC(13) User=0.09s Sys=0.00s Real=0.01s
[2023-12-03T12:35:42.263+0000][74][info ][gc          ] GC(14) Concurrent Mark Cycle
[2023-12-03T12:35:42.263+0000][74][info ][gc,marking  ] GC(14) Concurrent Scan Root Regions
[2023-12-03T12:35:42.263+0000][74][info ][safepoint   ] Safepoint "CollectForMetadataAllocation", Time since last: 215118205 ns, Reaching safepoint: 2887 ns, Cleanup: 37735 ns, At safepoint: 9481378 ns, Total: 9522000 ns
[2023-12-03T12:35:42.272+0000][74][info ][gc,marking  ] GC(14) Concurrent Scan Root Regions 8.912ms
[2023-12-03T12:35:42.272+0000][74][info ][gc,marking  ] GC(14) Concurrent Mark
[2023-12-03T12:35:42.272+0000][74][info ][gc,marking  ] GC(14) Concurrent Mark From Roots
[2023-12-03T12:35:42.272+0000][74][info ][gc,task     ] GC(14) Using 3 workers of 3 for marking
[2023-12-03T12:35:42.278+0000][74][info ][safepoint   ] Safepoint "CollectForMetadataAllocation", Time since last: 15241655 ns, Reaching safepoint: 64406 ns, Cleanup: 6258 ns, At safepoint: 78928 ns, Total: 149592 ns
[2023-12-03T12:35:42.283+0000][74][info ][gc,marking  ] GC(14) Concurrent Mark From Roots 11.042ms
[2023-12-03T12:35:42.283+0000][74][info ][gc,marking  ] GC(14) Concurrent Preclean
[2023-12-03T12:35:42.283+0000][74][info ][gc,marking  ] GC(14) Concurrent Preclean 0.061ms
[2023-12-03T12:35:42.283+0000][74][info ][gc,start    ] GC(14) Pause Remark
[2023-12-03T12:35:42.288+0000][74][info ][gc          ] GC(14) Pause Remark 64M->64M(512M) 5.493ms
[2023-12-03T12:35:42.288+0000][74][info ][gc,cpu      ] GC(14) User=0.04s Sys=0.00s Real=0.00s
[2023-12-03T12:35:42.288+0000][74][info ][safepoint   ] Safepoint "G1PauseRemark", Time since last: 4702498 ns, Reaching safepoint: 70313 ns, Cleanup: 2083 ns, At safepoint: 5547268 ns, Total: 5619664 ns
[2023-12-03T12:35:42.288+0000][74][info ][gc,marking  ] GC(14) Concurrent Mark 16.838ms
[2023-12-03T12:35:42.288+0000][74][info ][gc,marking  ] GC(14) Concurrent Rebuild Remembered Sets and Scrub Regions
[2023-12-03T12:35:42.291+0000][74][info ][gc,marking  ] GC(14) Concurrent Rebuild Remembered Sets and Scrub Regions 2.166ms
[2023-12-03T12:35:42.291+0000][74][info ][gc,start    ] GC(14) Pause Cleanup
[2023-12-03T12:35:42.291+0000][74][info ][gc          ] GC(14) Pause Cleanup 64M->64M(512M) 0.022ms
[2023-12-03T12:35:42.291+0000][74][info ][gc,cpu      ] GC(14) User=0.00s Sys=0.00s Real=0.00s
[2023-12-03T12:35:42.291+0000][74][info ][safepoint   ] Safepoint "G1PauseCleanup", Time since last: 2291991 ns, Reaching safepoint: 69789 ns, Cleanup: 8785 ns, At safepoint: 45732 ns, Total: 124306 ns
[2023-12-03T12:35:42.291+0000][74][info ][gc,marking  ] GC(14) Concurrent Clear Claimed Marks
[2023-12-03T12:35:42.291+0000][74][info ][gc,marking  ] GC(14) Concurrent Clear Claimed Marks 0.060ms
[2023-12-03T12:35:42.291+0000][74][info ][gc,marking  ] GC(14) Concurrent Cleanup for Next Mark
[2023-12-03T12:35:42.291+0000][74][info ][gc,marking  ] GC(14) Concurrent Cleanup for Next Mark 0.179ms
[2023-12-03T12:35:42.291+0000][74][info ][gc          ] GC(14) Concurrent Mark Cycle 28.453ms
[2023-12-03T12:35:43.268+0000][74][info ][gc,start    ] GC(15) Pause Young (Normal) (G1 Evacuation Pause)
[2023-12-03T12:35:43.268+0000][74][info ][gc,task     ] GC(15) Using 10 workers of 10 for evacuation
[2023-12-03T12:35:43.268+0000][74][debug][gc,age      ] GC(15) Desired survivor size 20971520 bytes, new threshold 2 (max threshold 15)
[2023-12-03T12:35:43.278+0000][74][info ][gc,phases   ] GC(15)   Pre Evacuate Collection Set: 0.1ms
[2023-12-03T12:35:43.278+0000][74][info ][gc,phases   ] GC(15)   Merge Heap Roots: 0.0ms
[2023-12-03T12:35:43.278+0000][74][info ][gc,phases   ] GC(15)   Evacuate Collection Set: 8.6ms
[2023-12-03T12:35:43.278+0000][74][info ][gc,phases   ] GC(15)   Post Evacuate Collection Set: 0.9ms
[2023-12-03T12:35:43.278+0000][74][info ][gc,phases   ] GC(15)   Other: 0.1ms
[2023-12-03T12:35:43.278+0000][74][trace][gc,age      ] GC(15) Age table with threshold 2 (max threshold 15)
[2023-12-03T12:35:43.278+0000][74][trace][gc,age      ] GC(15) - age   1:    2812176 bytes,    2812176 total
[2023-12-03T12:35:43.278+0000][74][trace][gc,age      ] GC(15) - age   2:    3877360 bytes,    6689536 total
[2023-12-03T12:35:43.278+0000][74][info ][gc,heap     ] GC(15) Eden regions: 69->0(73)
[2023-12-03T12:35:43.278+0000][74][info ][gc,heap     ] GC(15) Survivor regions: 7->3(10)
[2023-12-03T12:35:43.278+0000][74][info ][gc,heap     ] GC(15) Old regions: 9->14
[2023-12-03T12:35:43.278+0000][74][info ][gc,heap     ] GC(15) Humongous regions: 0->0
[2023-12-03T12:35:43.278+0000][74][info ][gc,metaspace] GC(15) Metaspace: 69253K(70848K)->69253K(70848K) NonClass: 60349K(61312K)->60349K(61312K) Class: 8904K(9536K)->8904K(9536K)
[2023-12-03T12:35:43.278+0000][74][info ][gc          ] GC(15) Pause Young (Normal) (G1 Evacuation Pause) 336M->63M(512M) 9.824ms
[2023-12-03T12:35:43.278+0000][74][info ][gc,cpu      ] GC(15) User=0.10s Sys=0.00s Real=0.02s
[2023-12-03T12:35:43.278+0000][74][info ][safepoint   ] Safepoint "G1CollectForAllocation", Time since last: 977510961 ns, Reaching safepoint: 3513 ns, Cleanup: 77654 ns, At safepoint: 9869124 ns, Total: 9950291 ns
[2023-12-03T12:35:44.070+0000][74][info ][safepoint   ] Safepoint "ICBufferFull", Time since last: 792146119 ns, Reaching safepoint: 3237 ns, Cleanup: 79509 ns, At safepoint: 1856 ns, Total: 84602 ns
[2023-12-03T12:35:44.656+0000][74][info ][gc,start    ] GC(16) Pause Young (Normal) (G1 Evacuation Pause)
[2023-12-03T12:35:44.656+0000][74][info ][gc,task     ] GC(16) Using 10 workers of 10 for evacuation
[2023-12-03T12:35:44.656+0000][74][debug][gc,age      ] GC(16) Desired survivor size 20971520 bytes, new threshold 15 (max threshold 15)
[2023-12-03T12:35:44.662+0000][74][info ][gc,phases   ] GC(16)   Pre Evacuate Collection Set: 0.1ms
[2023-12-03T12:35:44.662+0000][74][info ][gc,phases   ] GC(16)   Merge Heap Roots: 0.0ms
[2023-12-03T12:35:44.662+0000][74][info ][gc,phases   ] GC(16)   Evacuate Collection Set: 4.5ms
[2023-12-03T12:35:44.662+0000][74][info ][gc,phases   ] GC(16)   Post Evacuate Collection Set: 0.8ms
[2023-12-03T12:35:44.662+0000][74][info ][gc,phases   ] GC(16)   Other: 0.1ms
[2023-12-03T12:35:44.662+0000][74][trace][gc,age      ] GC(16) Age table with threshold 15 (max threshold 15)
[2023-12-03T12:35:44.662+0000][74][trace][gc,age      ] GC(16) - age   1:    6886288 bytes,    6886288 total
[2023-12-03T12:35:44.662+0000][74][trace][gc,age      ] GC(16) - age   2:    2564728 bytes,    9451016 total
[2023-12-03T12:35:44.662+0000][74][trace][gc,age      ] GC(16) - age   3:    3857488 bytes,   13308504 total
[2023-12-03T12:35:44.662+0000][74][info ][gc,heap     ] GC(16) Eden regions: 73->0(72)
[2023-12-03T12:35:44.662+0000][74][info ][gc,heap     ] GC(16) Survivor regions: 3->4(10)
[2023-12-03T12:35:44.662+0000][74][info ][gc,heap     ] GC(16) Old regions: 14->14
[2023-12-03T12:35:44.662+0000][74][info ][gc,heap     ] GC(16) Humongous regions: 0->0
[2023-12-03T12:35:44.662+0000][74][info ][gc,metaspace] GC(16) Metaspace: 82163K(83840K)->82163K(83840K) NonClass: 71532K(72512K)->71532K(72512K) Class: 10630K(11328K)->10630K(11328K)
[2023-12-03T12:35:44.662+0000][74][info ][gc          ] GC(16) Pause Young (Normal) (G1 Evacuation Pause) 355M->69M(512M) 5.672ms
[2023-12-03T12:35:44.662+0000][74][info ][gc,cpu      ] GC(16) User=0.07s Sys=0.00s Real=0.01s
[2023-12-03T12:35:44.662+0000][74][info ][safepoint   ] Safepoint "G1CollectForAllocation", Time since last: 585655000 ns, Reaching safepoint: 3836 ns, Cleanup: 47558 ns, At safepoint: 5712456 ns, Total: 5763850 ns
[2023-12-03T12:35:45.364+0000][74][info ][gc,start    ] GC(17) Pause Young (Concurrent Start) (Metadata GC Threshold)
[2023-12-03T12:35:45.364+0000][74][info ][gc,task     ] GC(17) Using 10 workers of 10 for evacuation
[2023-12-03T12:35:45.364+0000][74][debug][gc,age      ] GC(17) Desired survivor size 20971520 bytes, new threshold 15 (max threshold 15)
[2023-12-03T12:35:45.371+0000][74][info ][gc,phases   ] GC(17)   Pre Evacuate Collection Set: 0.2ms
[2023-12-03T12:35:45.371+0000][74][info ][gc,phases   ] GC(17)   Merge Heap Roots: 0.0ms
[2023-12-03T12:35:45.371+0000][74][info ][gc,phases   ] GC(17)   Evacuate Collection Set: 5.2ms
[2023-12-03T12:35:45.371+0000][74][info ][gc,phases   ] GC(17)   Post Evacuate Collection Set: 1.0ms
[2023-12-03T12:35:45.371+0000][74][info ][gc,phases   ] GC(17)   Other: 0.1ms
[2023-12-03T12:35:45.371+0000][74][trace][gc,age      ] GC(17) Age table with threshold 15 (max threshold 15)
[2023-12-03T12:35:45.371+0000][74][trace][gc,age      ] GC(17) - age   1:    5111864 bytes,    5111864 total
[2023-12-03T12:35:45.371+0000][74][trace][gc,age      ] GC(17) - age   2:    6694360 bytes,   11806224 total
[2023-12-03T12:35:45.371+0000][74][trace][gc,age      ] GC(17) - age   3:    2557544 bytes,   14363768 total
[2023-12-03T12:35:45.371+0000][74][trace][gc,age      ] GC(17) - age   4:    3854760 bytes,   18218528 total
[2023-12-03T12:35:45.371+0000][74][info ][gc,heap     ] GC(17) Eden regions: 29->0(71)
[2023-12-03T12:35:45.371+0000][74][info ][gc,heap     ] GC(17) Survivor regions: 4->5(10)
[2023-12-03T12:35:45.371+0000][74][info ][gc,heap     ] GC(17) Old regions: 14->14
[2023-12-03T12:35:45.371+0000][74][info ][gc,heap     ] GC(17) Humongous regions: 0->0
[2023-12-03T12:35:45.371+0000][74][info ][gc,metaspace] GC(17) Metaspace: 99716K(101568K)->99716K(101568K) NonClass: 86622K(87680K)->86622K(87680K) Class: 13094K(13888K)->13094K(13888K)
[2023-12-03T12:35:45.371+0000][74][info ][gc          ] GC(17) Pause Young (Concurrent Start) (Metadata GC Threshold) 185M->74M(512M) 6.607ms
[2023-12-03T12:35:45.371+0000][74][info ][gc,cpu      ] GC(17) User=0.05s Sys=0.00s Real=0.01s
[2023-12-03T12:35:45.371+0000][74][info ][gc          ] GC(18) Concurrent Mark Cycle
[2023-12-03T12:35:45.371+0000][74][info ][gc,marking  ] GC(18) Concurrent Scan Root Regions
[2023-12-03T12:35:45.371+0000][74][info ][safepoint   ] Safepoint "CollectForMetadataAllocation", Time since last: 702253931 ns, Reaching safepoint: 2896 ns, Cleanup: 80340 ns, At safepoint: 6696646 ns, Total: 6779882 ns
[2023-12-03T12:35:45.376+0000][74][info ][gc,marking  ] GC(18) Concurrent Scan Root Regions 5.457ms
[2023-12-03T12:35:45.376+0000][74][info ][gc,marking  ] GC(18) Concurrent Mark
[2023-12-03T12:35:45.376+0000][74][info ][gc,marking  ] GC(18) Concurrent Mark From Roots
[2023-12-03T12:35:45.376+0000][74][info ][gc,task     ] GC(18) Using 3 workers of 3 for marking
[2023-12-03T12:35:45.390+0000][74][info ][safepoint   ] Safepoint "CollectForMetadataAllocation", Time since last: 18248501 ns, Reaching safepoint: 1184390 ns, Cleanup: 26142 ns, At safepoint: 54226 ns, Total: 1264758 ns
[2023-12-03T12:35:45.400+0000][74][info ][gc,marking  ] GC(18) Concurrent Mark From Roots 24.007ms
[2023-12-03T12:35:45.400+0000][74][info ][gc,marking  ] GC(18) Concurrent Preclean
[2023-12-03T12:35:45.401+0000][74][info ][gc,marking  ] GC(18) Concurrent Preclean 0.332ms
[2023-12-03T12:35:45.401+0000][74][info ][gc,start    ] GC(18) Pause Remark
[2023-12-03T12:35:45.405+0000][74][info ][gc          ] GC(18) Pause Remark 78M->78M(512M) 4.275ms
[2023-12-03T12:35:45.405+0000][74][info ][gc,cpu      ] GC(18) User=0.02s Sys=0.00s Real=0.00s
[2023-12-03T12:35:45.405+0000][74][info ][safepoint   ] Safepoint "G1PauseRemark", Time since last: 10356507 ns, Reaching safepoint: 72461 ns, Cleanup: 6085 ns, At safepoint: 4323659 ns, Total: 4402205 ns
[2023-12-03T12:35:45.405+0000][74][info ][gc,marking  ] GC(18) Concurrent Mark 28.926ms
[2023-12-03T12:35:45.405+0000][74][info ][gc,marking  ] GC(18) Concurrent Rebuild Remembered Sets and Scrub Regions
[2023-12-03T12:35:45.414+0000][74][info ][gc,marking  ] GC(18) Concurrent Rebuild Remembered Sets and Scrub Regions 8.690ms
[2023-12-03T12:35:45.414+0000][74][info ][gc,start    ] GC(18) Pause Cleanup
[2023-12-03T12:35:45.414+0000][74][info ][gc          ] GC(18) Pause Cleanup 80M->80M(512M) 0.087ms
[2023-12-03T12:35:45.414+0000][74][info ][gc,cpu      ] GC(18) User=0.00s Sys=0.00s Real=0.00s
[2023-12-03T12:35:45.414+0000][74][info ][safepoint   ] Safepoint "G1PauseCleanup", Time since last: 8863245 ns, Reaching safepoint: 202171 ns, Cleanup: 11270 ns, At safepoint: 125766 ns, Total: 339207 ns
[2023-12-03T12:35:45.414+0000][74][info ][gc,marking  ] GC(18) Concurrent Clear Claimed Marks
[2023-12-03T12:35:45.415+0000][74][info ][gc,marking  ] GC(18) Concurrent Clear Claimed Marks 0.069ms
[2023-12-03T12:35:45.415+0000][74][info ][gc,marking  ] GC(18) Concurrent Cleanup for Next Mark
[2023-12-03T12:35:45.415+0000][74][info ][gc,marking  ] GC(18) Concurrent Cleanup for Next Mark 0.204ms
[2023-12-03T12:35:45.415+0000][74][info ][gc          ] GC(18) Concurrent Mark Cycle 43.877ms
[2023-12-03T12:35:45.820+0000][74][info ][safepoint   ] Safepoint "ICBufferFull", Time since last: 405729713 ns, Reaching safepoint: 72662 ns, Cleanup: 87207 ns, At safepoint: 4160 ns, Total: 164029 ns
[2023-12-03T12:35:46.883+0000][74][info ][safepoint   ] Safepoint "Cleanup", Time since last: 1062477018 ns, Reaching safepoint: 2104 ns, Cleanup: 68903 ns, At safepoint: 2613 ns, Total: 73620 ns
[2023-12-03T12:35:47.892+0000][74][info ][safepoint   ] Safepoint "ICBufferFull", Time since last: 1008709617 ns, Reaching safepoint: 9831 ns, Cleanup: 79621 ns, At safepoint: 5164 ns, Total: 94616 ns
[2023-12-03T12:35:48.162+0000][74][info ][safepoint   ] Safepoint "ICBufferFull", Time since last: 270034989 ns, Reaching safepoint: 7470 ns, Cleanup: 77102 ns, At safepoint: 3035 ns, Total: 87607 ns
[2023-12-03T12:35:48.257+0000][74][info ][safepoint   ] Safepoint "ICBufferFull", Time since last: 94704153 ns, Reaching safepoint: 8116 ns, Cleanup: 72644 ns, At safepoint: 2672 ns, Total: 83432 ns
[2023-12-03T12:35:48.353+0000][74][info ][safepoint   ] Safepoint "ICBufferFull", Time since last: 96516440 ns, Reaching safepoint: 10205 ns, Cleanup: 133188 ns, At safepoint: 3892 ns, Total: 147285 ns
[2023-12-03T12:35:49.354+0000][74][info ][safepoint   ] Safepoint "Cleanup", Time since last: 1000180248 ns, Reaching safepoint: 15783 ns, Cleanup: 112929 ns, At safepoint: 9079 ns, Total: 137791 ns
[2023-12-03T12:35:49.686+0000][74][info ][gc,start    ] GC(19) Pause Young (Prepare Mixed) (G1 Evacuation Pause)
[2023-12-03T12:35:49.686+0000][74][info ][gc,task     ] GC(19) Using 10 workers of 10 for evacuation
[2023-12-03T12:35:49.686+0000][74][debug][gc,age      ] GC(19) Desired survivor size 20971520 bytes, new threshold 15 (max threshold 15)
[2023-12-03T12:35:49.701+0000][74][info ][gc,phases   ] GC(19)   Pre Evacuate Collection Set: 0.2ms
[2023-12-03T12:35:49.701+0000][74][info ][gc,phases   ] GC(19)   Merge Heap Roots: 0.2ms
[2023-12-03T12:35:49.701+0000][74][info ][gc,phases   ] GC(19)   Evacuate Collection Set: 12.9ms
[2023-12-03T12:35:49.701+0000][74][info ][gc,phases   ] GC(19)   Post Evacuate Collection Set: 1.5ms
[2023-12-03T12:35:49.701+0000][74][info ][gc,phases   ] GC(19)   Other: 0.1ms
[2023-12-03T12:35:49.701+0000][74][trace][gc,age      ] GC(19) Age table with threshold 15 (max threshold 15)
[2023-12-03T12:35:49.701+0000][74][trace][gc,age      ] GC(19) - age   1:   20247136 bytes,   20247136 total
[2023-12-03T12:35:49.701+0000][74][trace][gc,age      ] GC(19) - age   2:    4691856 bytes,   24938992 total
[2023-12-03T12:35:49.701+0000][74][trace][gc,age      ] GC(19) - age   3:    6648360 bytes,   31587352 total
[2023-12-03T12:35:49.701+0000][74][trace][gc,age      ] GC(19) - age   4:    2470760 bytes,   34058112 total
[2023-12-03T12:35:49.701+0000][74][trace][gc,age      ] GC(19) - age   5:    3694264 bytes,   37752376 total
[2023-12-03T12:35:49.701+0000][74][info ][gc,heap     ] GC(19) Eden regions: 71->0(66)
[2023-12-03T12:35:49.701+0000][74][info ][gc,heap     ] GC(19) Survivor regions: 5->10(10)
[2023-12-03T12:35:49.701+0000][74][info ][gc,heap     ] GC(19) Old regions: 14->14
[2023-12-03T12:35:49.701+0000][74][info ][gc,heap     ] GC(19) Humongous regions: 0->0
[2023-12-03T12:35:49.701+0000][74][info ][gc,metaspace] GC(19) Metaspace: 129165K(132608K)->129165K(132608K) NonClass: 111401K(113216K)->111401K(113216K) Class: 17763K(19392K)->17763K(19392K)
[2023-12-03T12:35:49.701+0000][74][info ][gc          ] GC(19) Pause Young (Prepare Mixed) (G1 Evacuation Pause) 358M->94M(512M) 15.068ms
[2023-12-03T12:35:49.701+0000][74][info ][gc,cpu      ] GC(19) User=0.12s Sys=0.00s Real=0.02s
[2023-12-03T12:35:49.701+0000][74][info ][safepoint   ] Safepoint "G1CollectForAllocation", Time since last: 332307989 ns, Reaching safepoint: 6483 ns, Cleanup: 44929 ns, At safepoint: 15115014 ns, Total: 15166426 ns
[2023-12-03T12:35:50.701+0000][74][info ][safepoint   ] Safepoint "Cleanup", Time since last: 1000206726 ns, Reaching safepoint: 18123 ns, Cleanup: 156612 ns, At safepoint: 11871 ns, Total: 186606 ns
[2023-12-03T12:35:51.702+0000][74][info ][safepoint   ] Safepoint "Cleanup", Time since last: 1000280287 ns, Reaching safepoint: 18458 ns, Cleanup: 60463 ns, At safepoint: 9667 ns, Total: 88588 ns
[2023-12-03T12:35:52.702+0000][74][info ][safepoint   ] Safepoint "Cleanup", Time since last: 1000203125 ns, Reaching safepoint: 11629 ns, Cleanup: 12295 ns, At safepoint: 3450 ns, Total: 27374 ns
[2023-12-03T12:35:53.702+0000][74][info ][safepoint   ] Safepoint "Cleanup", Time since last: 1000117274 ns, Reaching safepoint: 16724 ns, Cleanup: 174998 ns, At safepoint: 7809 ns, Total: 199531 ns
[2023-12-03T12:35:54.703+0000][74][info ][safepoint   ] Safepoint "Cleanup", Time since last: 1000185768 ns, Reaching safepoint: 45271 ns, Cleanup: 15318 ns, At safepoint: 13062 ns, Total: 73651 ns
[2023-12-03T12:35:56.703+0000][74][info ][safepoint   ] Safepoint "Cleanup", Time since last: 2000305690 ns, Reaching safepoint: 17935 ns, Cleanup: 18877 ns, At safepoint: 8567 ns, Total: 45379 ns
[2023-12-03T12:35:57.703+0000][74][info ][safepoint   ] Safepoint "Cleanup", Time since last: 1000206690 ns, Reaching safepoint: 77932 ns, Cleanup: 54751 ns, At safepoint: 26084 ns, Total: 158767 ns
[2023-12-03T12:35:59.704+0000][74][info ][safepoint   ] Safepoint "Cleanup", Time since last: 2000362856 ns, Reaching safepoint: 19073 ns, Cleanup: 41865 ns, At safepoint: 10109 ns, Total: 71047 ns
[2023-12-03T12:36:01.704+0000][74][info ][safepoint   ] Safepoint "Cleanup", Time since last: 2000444422 ns, Reaching safepoint: 19446 ns, Cleanup: 27979 ns, At safepoint: 9380 ns, Total: 56805 ns
[2023-12-03T12:36:02.704+0000][74][info ][safepoint   ] Safepoint "Cleanup", Time since last: 1000208553 ns, Reaching safepoint: 9064 ns, Cleanup: 16017 ns, At safepoint: 2861 ns, Total: 27942 ns
[2023-12-03T12:36:03.705+0000][74][info ][safepoint   ] Safepoint "Cleanup", Time since last: 1000461579 ns, Reaching safepoint: 65086 ns, Cleanup: 21812 ns, At safepoint: 9812 ns, Total: 96710 ns
[2023-12-03T12:36:04.705+0000][74][info ][safepoint   ] Safepoint "Cleanup", Time since last: 1000272263 ns, Reaching safepoint: 29704 ns, Cleanup: 50445 ns, At safepoint: 11613 ns, Total: 91762 ns
[2023-12-03T12:36:05.706+0000][74][info ][safepoint   ] Safepoint "Cleanup", Time since last: 1000233040 ns, Reaching safepoint: 18484 ns, Cleanup: 56521 ns, At safepoint: 7168 ns, Total: 82173 ns
[2023-12-03T12:36:07.706+0000][74][info ][safepoint   ] Safepoint "Cleanup", Time since last: 2000305324 ns, Reaching safepoint: 12512 ns, Cleanup: 15567 ns, At safepoint: 4449 ns, Total: 32528 ns
[2023-12-03T12:36:08.706+0000][74][info ][safepoint   ] Safepoint "Cleanup", Time since last: 1000198843 ns, Reaching safepoint: 60942 ns, Cleanup: 37614 ns, At safepoint: 10707 ns, Total: 109263 ns
[2023-12-03T12:36:10.707+0000][74][info ][safepoint   ] Safepoint "Cleanup", Time since last: 2000384169 ns, Reaching safepoint: 19967 ns, Cleanup: 38701 ns, At safepoint: 9534 ns, Total: 68202 ns
[2023-12-03T12:36:12.707+0000][74][info ][safepoint   ] Safepoint "Cleanup", Time since last: 2000368670 ns, Reaching safepoint: 25359 ns, Cleanup: 63351 ns, At safepoint: 14375 ns, Total: 103085 ns
[2023-12-03T12:36:13.708+0000][74][info ][safepoint   ] Safepoint "Cleanup", Time since last: 1000239088 ns, Reaching safepoint: 19363 ns, Cleanup: 52731 ns, At safepoint: 10646 ns, Total: 82740 ns
[2023-12-03T12:36:14.708+0000][74][info ][safepoint   ] Safepoint "Cleanup", Time since last: 1000253013 ns, Reaching safepoint: 20809 ns, Cleanup: 65518 ns, At safepoint: 10349 ns, Total: 96676 ns
[2023-12-03T12:36:15.709+0000][74][info ][safepoint   ] Safepoint "Cleanup", Time since last: 1000545962 ns, Reaching safepoint: 20209 ns, Cleanup: 78376 ns, At safepoint: 10150 ns, Total: 108735 ns
[2023-12-03T12:36:16.709+0000][74][info ][safepoint   ] Safepoint "Cleanup", Time since last: 1000539655 ns, Reaching safepoint: 20326 ns, Cleanup: 63245 ns, At safepoint: 9863 ns, Total: 93434 ns
[2023-12-03T12:36:19.710+0000][74][info ][safepoint   ] Safepoint "Cleanup", Time since last: 3000787287 ns, Reaching safepoint: 19763 ns, Cleanup: 26108 ns, At safepoint: 9579 ns, Total: 55450 ns
[2023-12-03T12:36:20.710+0000][74][info ][safepoint   ] Safepoint "Cleanup", Time since last: 1000247425 ns, Reaching safepoint: 19512 ns, Cleanup: 18201 ns, At safepoint: 10024 ns, Total: 47737 ns
[2023-12-03T12:36:24.712+0000][74][info ][safepoint   ] Safepoint "Cleanup", Time since last: 4001377871 ns, Reaching safepoint: 61403 ns, Cleanup: 19769 ns, At safepoint: 9825 ns, Total: 90997 ns
[2023-12-03T12:36:29.714+0000][74][info ][safepoint   ] Safepoint "Cleanup", Time since last: 5001752636 ns, Reaching safepoint: 64113 ns, Cleanup: 19606 ns, At safepoint: 9796 ns, Total: 93515 ns
[2023-12-03T12:36:30.714+0000][74][info ][safepoint   ] Safepoint "Cleanup", Time since last: 1000245334 ns, Reaching safepoint: 18596 ns, Cleanup: 18282 ns, At safepoint: 9574 ns, Total: 46452 ns
[2023-12-03T12:36:32.714+0000][74][info ][safepoint   ] Safepoint "Cleanup", Time since last: 2000389586 ns, Reaching safepoint: 22477 ns, Cleanup: 23479 ns, At safepoint: 9724 ns, Total: 55680 ns
[2023-12-03T12:36:34.715+0000][74][info ][safepoint   ] Safepoint "Cleanup", Time since last: 2000339749 ns, Reaching safepoint: 60417 ns, Cleanup: 26604 ns, At safepoint: 10087 ns, Total: 97108 ns
[2023-12-03T12:36:35.716+0000][74][info ][safepoint   ] Safepoint "Cleanup", Time since last: 1000736879 ns, Reaching safepoint: 20434 ns, Cleanup: 20764 ns, At safepoint: 9356 ns, Total: 50554 ns
[2023-12-03T12:36:44.356+0000][74][info ][safepoint   ] Safepoint "Cleanup", Time since last: 8640431633 ns, Reaching safepoint: 181525 ns, Cleanup: 31436 ns, At safepoint: 22446 ns, Total: 235407 ns
[2023-12-03T12:36:45.357+0000][74][info ][safepoint   ] Safepoint "Cleanup", Time since last: 1000266242 ns, Reaching safepoint: 20351 ns, Cleanup: 24834 ns, At safepoint: 10336 ns, Total: 55521 ns
[2023-12-03T12:36:48.358+0000][74][info ][safepoint   ] Safepoint "Cleanup", Time since last: 3000787178 ns, Reaching safepoint: 20174 ns, Cleanup: 19810 ns, At safepoint: 9789 ns, Total: 49773 ns
[2023-12-03T12:36:49.358+0000][74][info ][safepoint   ] Safepoint "Cleanup", Time since last: 1000315734 ns, Reaching safepoint: 73162 ns, Cleanup: 20190 ns, At safepoint: 22172 ns, Total: 115524 ns
[2023-12-03T12:36:54.360+0000][74][info ][safepoint   ] Safepoint "Cleanup", Time since last: 5001448266 ns, Reaching safepoint: 64513 ns, Cleanup: 33581 ns, At safepoint: 21463 ns, Total: 119557 ns
[2023-12-03T12:36:59.361+0000][74][info ][safepoint   ] Safepoint "Cleanup", Time since last: 5001260588 ns, Reaching safepoint: 21879 ns, Cleanup: 11142 ns, At safepoint: 4827 ns, Total: 37848 ns
[2023-12-03T12:37:04.362+0000][74][info ][safepoint   ] Safepoint "Cleanup", Time since last: 5000701431 ns, Reaching safepoint: 34252 ns, Cleanup: 17674 ns, At safepoint: 4362 ns, Total: 56288 ns
[2023-12-03T12:37:09.362+0000][74][info ][safepoint   ] Safepoint "Cleanup", Time since last: 5000649202 ns, Reaching safepoint: 63100 ns, Cleanup: 31610 ns, At safepoint: 10453 ns, Total: 105163 ns
[2023-12-03T12:37:14.363+0000][74][info ][safepoint   ] Safepoint "Cleanup", Time since last: 5000731699 ns, Reaching safepoint: 64614 ns, Cleanup: 21286 ns, At safepoint: 9622 ns, Total: 95522 ns
[2023-12-03T12:37:15.363+0000][74][info ][safepoint   ] Safepoint "Cleanup", Time since last: 1000193775 ns, Reaching safepoint: 74556 ns, Cleanup: 31455 ns, At safepoint: 12706 ns, Total: 118717 ns
[2023-12-03T12:37:18.364+0000][74][info ][safepoint   ] Safepoint "Cleanup", Time since last: 3000468663 ns, Reaching safepoint: 19036 ns, Cleanup: 22383 ns, At safepoint: 9471 ns, Total: 50890 ns
[2023-12-03T12:37:19.364+0000][74][info ][safepoint   ] Safepoint "Cleanup", Time since last: 1000260002 ns, Reaching safepoint: 18793 ns, Cleanup: 24894 ns, At safepoint: 9176 ns, Total: 52863 ns
[2023-12-03T12:37:24.365+0000][74][info ][safepoint   ] Safepoint "Cleanup", Time since last: 5000596122 ns, Reaching safepoint: 75550 ns, Cleanup: 34102 ns, At safepoint: 13104 ns, Total: 122756 ns
[2023-12-03T12:37:29.366+0000][74][info ][safepoint   ] Safepoint "Cleanup", Time since last: 5000652656 ns, Reaching safepoint: 52846 ns, Cleanup: 9746 ns, At safepoint: 3891 ns, Total: 66483 ns
[2023-12-03T12:37:34.366+0000][74][info ][safepoint   ] Safepoint "Cleanup", Time since last: 5000517065 ns, Reaching safepoint: 48213 ns, Cleanup: 18197 ns, At safepoint: 4864 ns, Total: 71274 ns
[2023-12-03T12:37:39.367+0000][74][info ][safepoint   ] Safepoint "Cleanup", Time since last: 5000726976 ns, Reaching safepoint: 18332 ns, Cleanup: 17601 ns, At safepoint: 8534 ns, Total: 44467 ns
[2023-12-03T12:37:43.368+0000][74][info ][safepoint   ] Safepoint "Cleanup", Time since last: 4000806781 ns, Reaching safepoint: 59348 ns, Cleanup: 18277 ns, At safepoint: 8960 ns, Total: 86585 ns
[2023-12-03T12:37:48.370+0000][74][info ][safepoint   ] Safepoint "Cleanup", Time since last: 5001959447 ns, Reaching safepoint: 64376 ns, Cleanup: 23316 ns, At safepoint: 9760 ns, Total: 97452 ns
[2023-12-03T12:37:49.370+0000][74][info ][safepoint   ] Safepoint "Cleanup", Time since last: 1000227515 ns, Reaching safepoint: 7405 ns, Cleanup: 7996 ns, At safepoint: 2265 ns, Total: 17666 ns
[2023-12-03T12:37:52.371+0000][74][info ][safepoint   ] Safepoint "Cleanup", Time since last: 3000644653 ns, Reaching safepoint: 56635 ns, Cleanup: 21260 ns, At safepoint: 9707 ns, Total: 87602 ns
[2023-12-03T12:37:53.371+0000][74][info ][safepoint   ] Safepoint "Cleanup", Time since last: 1000202262 ns, Reaching safepoint: 9261 ns, Cleanup: 11555 ns, At safepoint: 3514 ns, Total: 24330 ns
[2023-12-03T12:37:55.372+0000][74][info ][safepoint   ] Safepoint "Cleanup", Time since last: 2000306128 ns, Reaching safepoint: 24847 ns, Cleanup: 31104 ns, At safepoint: 12669 ns, Total: 68620 ns
[2023-12-03T12:37:59.372+0000][74][info ][safepoint   ] Safepoint "Cleanup", Time since last: 4000497859 ns, Reaching safepoint: 48482 ns, Cleanup: 20210 ns, At safepoint: 6988 ns, Total: 75680 ns
[2023-12-03T12:38:04.373+0000][74][info ][safepoint   ] Safepoint "Cleanup", Time since last: 5000731147 ns, Reaching safepoint: 60246 ns, Cleanup: 21967 ns, At safepoint: 9745 ns, Total: 91958 ns
[2023-12-03T12:38:06.373+0000][74][info ][safepoint   ] Safepoint "Cleanup", Time since last: 2000338309 ns, Reaching safepoint: 19441 ns, Cleanup: 19236 ns, At safepoint: 9554 ns, Total: 48231 ns
[2023-12-03T12:38:09.374+0000][74][info ][safepoint   ] Safepoint "Cleanup", Time since last: 3000545384 ns, Reaching safepoint: 66972 ns, Cleanup: 29119 ns, At safepoint: 9798 ns, Total: 105889 ns
[2023-12-03T12:38:12.375+0000][74][info ][safepoint   ] Safepoint "Cleanup", Time since last: 3000809106 ns, Reaching safepoint: 64837 ns, Cleanup: 36152 ns, At safepoint: 20221 ns, Total: 121210 ns
[2023-12-03T12:38:14.375+0000][74][info ][safepoint   ] Safepoint "Cleanup", Time since last: 2000354830 ns, Reaching safepoint: 19782 ns, Cleanup: 33329 ns, At safepoint: 14037 ns, Total: 67148 ns
[2023-12-03T12:38:18.376+0000][74][info ][safepoint   ] Safepoint "Cleanup", Time since last: 4000938182 ns, Reaching safepoint: 63985 ns, Cleanup: 18404 ns, At safepoint: 9750 ns, Total: 92139 ns
[2023-12-03T12:38:25.378+0000][74][info ][safepoint   ] Safepoint "Cleanup", Time since last: 7001513012 ns, Reaching safepoint: 24538 ns, Cleanup: 8224 ns, At safepoint: 3172 ns, Total: 35934 ns
[2023-12-03T12:38:27.378+0000][74][info ][safepoint   ] Safepoint "Cleanup", Time since last: 2000443038 ns, Reaching safepoint: 23331 ns, Cleanup: 8072 ns, At safepoint: 2872 ns, Total: 34275 ns
[2023-12-03T12:38:39.381+0000][74][info ][safepoint   ] Safepoint "Cleanup", Time since last: 12002202160 ns, Reaching safepoint: 20308 ns, Cleanup: 20793 ns, At safepoint: 9624 ns, Total: 50725 ns
[2023-12-03T12:38:44.383+0000][74][info ][safepoint   ] Safepoint "Cleanup", Time since last: 5002095067 ns, Reaching safepoint: 64376 ns, Cleanup: 27909 ns, At safepoint: 9851 ns, Total: 102136 ns
[2023-12-03T12:38:45.383+0000][74][info ][safepoint   ] Safepoint "Cleanup", Time since last: 1000192718 ns, Reaching safepoint: 19497 ns, Cleanup: 15442 ns, At safepoint: 10964 ns, Total: 45903 ns
[2023-12-03T12:38:46.384+0000][74][info ][safepoint   ] Safepoint "Cleanup", Time since last: 1000305254 ns, Reaching safepoint: 69790 ns, Cleanup: 22010 ns, At safepoint: 10007 ns, Total: 101807 ns
[2023-12-03T12:38:49.384+0000][74][info ][safepoint   ] Safepoint "Cleanup", Time since last: 3000785390 ns, Reaching safepoint: 9994 ns, Cleanup: 10243 ns, At safepoint: 3163 ns, Total: 23400 ns
[2023-12-03T12:38:50.385+0000][74][info ][safepoint   ] Safepoint "Cleanup", Time since last: 1000187270 ns, Reaching safepoint: 18701 ns, Cleanup: 20999 ns, At safepoint: 9179 ns, Total: 48879 ns
[2023-12-03T12:38:56.386+0000][74][info ][safepoint   ] Safepoint "Cleanup", Time since last: 6001374252 ns, Reaching safepoint: 66387 ns, Cleanup: 20842 ns, At safepoint: 9981 ns, Total: 97210 ns
[2023-12-03T12:38:59.387+0000][74][info ][safepoint   ] Safepoint "Cleanup", Time since last: 3000960500 ns, Reaching safepoint: 22130 ns, Cleanup: 32000 ns, At safepoint: 7993 ns, Total: 62123 ns
[2023-12-03T12:39:04.389+0000][74][info ][safepoint   ] Safepoint "Cleanup", Time since last: 5001800336 ns, Reaching safepoint: 35080 ns, Cleanup: 10789 ns, At safepoint: 4339 ns, Total: 50208 ns
[2023-12-03T12:39:06.390+0000][74][info ][safepoint   ] Safepoint "Cleanup", Time since last: 2000834698 ns, Reaching safepoint: 19860 ns, Cleanup: 18781 ns, At safepoint: 9221 ns, Total: 47862 ns
[2023-12-03T12:39:09.390+0000][74][info ][safepoint   ] Safepoint "Cleanup", Time since last: 3000425599 ns, Reaching safepoint: 67870 ns, Cleanup: 30007 ns, At safepoint: 8461 ns, Total: 106338 ns
[2023-12-03T12:39:15.392+0000][74][info ][safepoint   ] Safepoint "Cleanup", Time since last: 6001587276 ns, Reaching safepoint: 33038 ns, Cleanup: 12019 ns, At safepoint: 4521 ns, Total: 49578 ns
[2023-12-03T12:39:18.393+0000][74][info ][safepoint   ] Safepoint "Cleanup", Time since last: 3000676323 ns, Reaching safepoint: 70824 ns, Cleanup: 20556 ns, At safepoint: 14438 ns, Total: 105818 ns
[2023-12-03T12:39:19.393+0000][74][info ][safepoint   ] Safepoint "Cleanup", Time since last: 1000229459 ns, Reaching safepoint: 19463 ns, Cleanup: 19323 ns, At safepoint: 9796 ns, Total: 48582 ns
[2023-12-03T12:39:34.397+0000][74][info ][safepoint   ] Safepoint "Cleanup", Time since last: 15004331411 ns, Reaching safepoint: 23421 ns, Cleanup: 10308 ns, At safepoint: 2918 ns, Total: 36647 ns
[2023-12-03T12:39:39.400+0000][74][info ][safepoint   ] Safepoint "Cleanup", Time since last: 5002214124 ns, Reaching safepoint: 19689 ns, Cleanup: 17866 ns, At safepoint: 9174 ns, Total: 46729 ns
[2023-12-03T12:39:44.401+0000][74][info ][safepoint   ] Safepoint "Cleanup", Time since last: 5001378160 ns, Reaching safepoint: 65045 ns, Cleanup: 26768 ns, At safepoint: 9946 ns, Total: 101759 ns
[2023-12-03T12:39:48.403+0000][74][info ][safepoint   ] Safepoint "Cleanup", Time since last: 4001845671 ns, Reaching safepoint: 63380 ns, Cleanup: 19618 ns, At safepoint: 10160 ns, Total: 93158 ns
[2023-12-03T12:39:49.403+0000][74][info ][safepoint   ] Safepoint "Cleanup", Time since last: 1000258569 ns, Reaching safepoint: 21306 ns, Cleanup: 27982 ns, At safepoint: 9687 ns, Total: 58975 ns
[2023-12-03T12:39:59.408+0000][74][info ][safepoint   ] Safepoint "Cleanup", Time since last: 10004638603 ns, Reaching safepoint: 31778 ns, Cleanup: 14751 ns, At safepoint: 3902 ns, Total: 50431 ns
[2023-12-03T12:40:04.410+0000][74][info ][safepoint   ] Safepoint "Cleanup", Time since last: 5001590685 ns, Reaching safepoint: 39556 ns, Cleanup: 13003 ns, At safepoint: 5670 ns, Total: 58229 ns
[2023-12-03T12:40:14.413+0000][74][info ][safepoint   ] Safepoint "Cleanup", Time since last: 10003019046 ns, Reaching safepoint: 65903 ns, Cleanup: 22380 ns, At safepoint: 9653 ns, Total: 97936 ns
[2023-12-03T12:40:26.417+0000][74][info ][safepoint   ] Safepoint "Cleanup", Time since last: 12003549587 ns, Reaching safepoint: 67304 ns, Cleanup: 18747 ns, At safepoint: 10285 ns, Total: 96336 ns
[2023-12-03T12:40:44.423+0000][74][info ][safepoint   ] Safepoint "Cleanup", Time since last: 18005990364 ns, Reaching safepoint: 19816 ns, Cleanup: 18905 ns, At safepoint: 9571 ns, Total: 48292 ns
[2023-12-03T12:40:48.423+0000][74][info ][safepoint   ] Safepoint "Cleanup", Time since last: 4000561578 ns, Reaching safepoint: 20860 ns, Cleanup: 22030 ns, At safepoint: 9540 ns, Total: 52430 ns
[2023-12-03T12:40:54.426+0000][74][info ][safepoint   ] Safepoint "Cleanup", Time since last: 6002517236 ns, Reaching safepoint: 65404 ns, Cleanup: 25542 ns, At safepoint: 10409 ns, Total: 101355 ns
[2023-12-03T12:40:59.427+0000][74][info ][safepoint   ] Safepoint "Cleanup", Time since last: 5000826118 ns, Reaching safepoint: 45183 ns, Cleanup: 16434 ns, At safepoint: 6003 ns, Total: 67620 ns
[2023-12-03T12:41:11.430+0000][74][info ][safepoint   ] Safepoint "Cleanup", Time since last: 12003129101 ns, Reaching safepoint: 66885 ns, Cleanup: 19130 ns, At safepoint: 10328 ns, Total: 96343 ns
[2023-12-03T12:41:13.272+0000][74][info ][safepoint   ] Safepoint "Cleanup", Time since last: 1842010405 ns, Reaching safepoint: 4377 ns, Cleanup: 7012 ns, At safepoint: 1923 ns, Total: 13312 ns
[2023-12-03T12:41:14.402+0000][74][info ][safepoint   ] Safepoint "Cleanup", Time since last: 1130142357 ns, Reaching safepoint: 20996 ns, Cleanup: 122314 ns, At safepoint: 10381 ns, Total: 153691 ns
[2023-12-03T12:41:15.403+0000][74][info ][safepoint   ] Safepoint "Cleanup", Time since last: 1000256821 ns, Reaching safepoint: 21037 ns, Cleanup: 25024 ns, At safepoint: 9983 ns, Total: 56044 ns
[2023-12-03T12:41:16.403+0000][74][info ][safepoint   ] Safepoint "Cleanup", Time since last: 1000156388 ns, Reaching safepoint: 11862 ns, Cleanup: 92433 ns, At safepoint: 3393 ns, Total: 107688 ns
[2023-12-03T12:41:17.450+0000][74][info ][safepoint   ] Safepoint "Cleanup", Time since last: 1047168456 ns, Reaching safepoint: 12258 ns, Cleanup: 76087 ns, At safepoint: 7099 ns, Total: 95444 ns
[2023-12-03T12:41:18.691+0000][74][info ][safepoint   ] Safepoint "Cleanup", Time since last: 1240706498 ns, Reaching safepoint: 6671 ns, Cleanup: 27041 ns, At safepoint: 2719 ns, Total: 36431 ns
[2023-12-03T12:41:19.704+0000][74][info ][safepoint   ] Safepoint "Cleanup", Time since last: 1013505830 ns, Reaching safepoint: 28984 ns, Cleanup: 111997 ns, At safepoint: 11846 ns, Total: 152827 ns
[2023-12-03T12:41:20.705+0000][74][info ][safepoint   ] Safepoint "Cleanup", Time since last: 1000247129 ns, Reaching safepoint: 24593 ns, Cleanup: 21999 ns, At safepoint: 8309 ns, Total: 54901 ns
[2023-12-03T12:41:37.627+0000][74][info ][safepoint   ] Safepoint "Cleanup", Time since last: 16922235318 ns, Reaching safepoint: 70146 ns, Cleanup: 18533 ns, At safepoint: 21494 ns, Total: 110173 ns
[2023-12-03T12:41:38.627+0000][74][info ][safepoint   ] Safepoint "Cleanup", Time since last: 1000214886 ns, Reaching safepoint: 25869 ns, Cleanup: 23925 ns, At safepoint: 9991 ns, Total: 59785 ns
[2023-12-03T12:41:39.628+0000][74][info ][safepoint   ] Safepoint "Cleanup", Time since last: 1000277404 ns, Reaching safepoint: 24176 ns, Cleanup: 22042 ns, At safepoint: 10540 ns, Total: 56758 ns
[2023-12-03T12:41:40.628+0000][74][info ][safepoint   ] Safepoint "Cleanup", Time since last: 1000277780 ns, Reaching safepoint: 26070 ns, Cleanup: 23875 ns, At safepoint: 10496 ns, Total: 60441 ns
[2023-12-03T12:41:43.629+0000][74][info ][safepoint   ] Safepoint "Cleanup", Time since last: 3001007323 ns, Reaching safepoint: 71603 ns, Cleanup: 21443 ns, At safepoint: 21275 ns, Total: 114321 ns
[2023-12-03T12:41:47.630+0000][74][info ][safepoint   ] Safepoint "Cleanup", Time since last: 4001151831 ns, Reaching safepoint: 68931 ns, Cleanup: 26037 ns, At safepoint: 20841 ns, Total: 115809 ns
[2023-12-03T12:41:54.634+0000][74][info ][safepoint   ] Safepoint "Cleanup", Time since last: 7003169497 ns, Reaching safepoint: 69214 ns, Cleanup: 18829 ns, At safepoint: 10107 ns, Total: 98150 ns
[2023-12-03T12:41:59.636+0000][74][info ][safepoint   ] Safepoint "Cleanup", Time since last: 5002033445 ns, Reaching safepoint: 93225 ns, Cleanup: 30681 ns, At safepoint: 14099 ns, Total: 138005 ns
[2023-12-03T12:42:01.636+0000][74][info ][safepoint   ] Safepoint "Cleanup", Time since last: 2000411306 ns, Reaching safepoint: 30166 ns, Cleanup: 23087 ns, At safepoint: 8139 ns, Total: 61392 ns
[2023-12-03T12:42:14.640+0000][74][info ][safepoint   ] Safepoint "Cleanup", Time since last: 13003287587 ns, Reaching safepoint: 67117 ns, Cleanup: 32422 ns, At safepoint: 10674 ns, Total: 110213 ns
[2023-12-03T12:42:17.641+0000][74][info ][safepoint   ] Safepoint "Cleanup", Time since last: 3000849598 ns, Reaching safepoint: 66413 ns, Cleanup: 19809 ns, At safepoint: 21250 ns, Total: 107472 ns
[2023-12-03T12:42:18.641+0000][74][info ][safepoint   ] Safepoint "Cleanup", Time since last: 1000236221 ns, Reaching safepoint: 22158 ns, Cleanup: 22530 ns, At safepoint: 10257 ns, Total: 54945 ns
[2023-12-03T12:42:19.641+0000][74][info ][safepoint   ] Safepoint "Cleanup", Time since last: 1000236398 ns, Reaching safepoint: 22108 ns, Cleanup: 64785 ns, At safepoint: 12086 ns, Total: 98979 ns
[2023-12-03T12:42:24.644+0000][74][info ][safepoint   ] Safepoint "Cleanup", Time since last: 5002061801 ns, Reaching safepoint: 69486 ns, Cleanup: 20059 ns, At safepoint: 21415 ns, Total: 110960 ns
[2023-12-03T12:42:27.645+0000][74][info ][safepoint   ] Safepoint "Cleanup", Time since last: 3000944174 ns, Reaching safepoint: 88884 ns, Cleanup: 3779 ns, At safepoint: 5425 ns, Total: 98088 ns
[2023-12-03T12:42:27.747+0000][74][info ][gc,start    ] GC(20) Pause Young (Mixed) (G1 Evacuation Pause)
[2023-12-03T12:42:27.748+0000][74][info ][gc,task     ] GC(20) Using 10 workers of 10 for evacuation
[2023-12-03T12:42:27.748+0000][74][debug][gc,age      ] GC(20) Desired survivor size 20971520 bytes, new threshold 2 (max threshold 15)
[2023-12-03T12:42:27.777+0000][74][info ][gc,phases   ] GC(20)   Pre Evacuate Collection Set: 0.2ms
[2023-12-03T12:42:27.778+0000][74][info ][gc,phases   ] GC(20)   Merge Heap Roots: 0.1ms
[2023-12-03T12:42:27.778+0000][74][info ][gc,phases   ] GC(20)   Evacuate Collection Set: 25.4ms
[2023-12-03T12:42:27.778+0000][74][info ][gc,phases   ] GC(20)   Post Evacuate Collection Set: 4.1ms
[2023-12-03T12:42:27.778+0000][74][info ][gc,phases   ] GC(20)   Other: 0.1ms
[2023-12-03T12:42:27.778+0000][74][trace][gc,age      ] GC(20) Age table with threshold 2 (max threshold 15)
[2023-12-03T12:42:27.778+0000][74][trace][gc,age      ] GC(20) - age   1:    4434536 bytes,    4434536 total
[2023-12-03T12:42:27.778+0000][74][trace][gc,age      ] GC(20) - age   2:   19458480 bytes,   23893016 total
[2023-12-03T12:42:27.778+0000][74][info ][gc,heap     ] GC(20) Eden regions: 66->0(69)
[2023-12-03T12:42:27.778+0000][74][info ][gc,heap     ] GC(20) Survivor regions: 10->7(10)
[2023-12-03T12:42:27.778+0000][74][info ][gc,heap     ] GC(20) Old regions: 14->18
[2023-12-03T12:42:27.778+0000][74][info ][gc,heap     ] GC(20) Humongous regions: 2->2
[2023-12-03T12:42:27.778+0000][74][info ][gc,metaspace] GC(20) Metaspace: 136706K(140224K)->136706K(140224K) NonClass: 117910K(119808K)->117910K(119808K) Class: 18796K(20416K)->18796K(20416K)
[2023-12-03T12:42:27.778+0000][74][info ][gc          ] GC(20) Pause Young (Mixed) (G1 Evacuation Pause) 366M->104M(512M) 30.171ms
[2023-12-03T12:42:27.778+0000][74][info ][gc,cpu      ] GC(20) User=0.20s Sys=0.00s Real=0.04s
[2023-12-03T12:42:27.778+0000][74][info ][safepoint   ] Safepoint "G1CollectForAllocation", Time since last: 102869065 ns, Reaching safepoint: 11851 ns, Cleanup: 30181 ns, At safepoint: 30308983 ns, Total: 30351015 ns
[2023-12-03T12:42:28.778+0000][74][info ][safepoint   ] Safepoint "Cleanup", Time since last: 1000128860 ns, Reaching safepoint: 36634 ns, Cleanup: 23165 ns, At safepoint: 6815 ns, Total: 66614 ns
[2023-12-03T12:42:30.691+0000][74][info ][safepoint   ] Safepoint "Cleanup", Time since last: 1913224296 ns, Reaching safepoint: 78711 ns, Cleanup: 31659 ns, At safepoint: 4119 ns, Total: 114489 ns
[2023-12-03T12:42:31.707+0000][74][info ][safepoint   ] Safepoint "Cleanup", Time since last: 1015729566 ns, Reaching safepoint: 45109 ns, Cleanup: 89425 ns, At safepoint: 8694 ns, Total: 143228 ns
[2023-12-03T12:42:34.237+0000][74][info ][safepoint   ] Safepoint "Cleanup", Time since last: 2529362416 ns, Reaching safepoint: 14820 ns, Cleanup: 42915 ns, At safepoint: 5639 ns, Total: 63374 ns
[2023-12-03T12:42:35.264+0000][74][info ][safepoint   ] Safepoint "Cleanup", Time since last: 1027582037 ns, Reaching safepoint: 13255 ns, Cleanup: 63673 ns, At safepoint: 2940 ns, Total: 79868 ns
[2023-12-03T12:42:36.620+0000][74][info ][safepoint   ] Safepoint "Cleanup", Time since last: 1355177167 ns, Reaching safepoint: 199063 ns, Cleanup: 40762 ns, At safepoint: 12212 ns, Total: 252037 ns
[2023-12-03T12:42:37.688+0000][74][info ][safepoint   ] Safepoint "Cleanup", Time since last: 1068135503 ns, Reaching safepoint: 76566 ns, Cleanup: 88582 ns, At safepoint: 11225 ns, Total: 176373 ns
[2023-12-03T12:42:38.688+0000][74][info ][safepoint   ] Safepoint "Cleanup", Time since last: 1000221319 ns, Reaching safepoint: 18948 ns, Cleanup: 13607 ns, At safepoint: 6167 ns, Total: 38722 ns
[2023-12-03T12:42:39.689+0000][74][info ][safepoint   ] Safepoint "Cleanup", Time since last: 1000204722 ns, Reaching safepoint: 20377 ns, Cleanup: 54570 ns, At safepoint: 5554 ns, Total: 80501 ns
[2023-12-03T12:42:41.689+0000][74][info ][safepoint   ] Safepoint "Cleanup", Time since last: 2000240049 ns, Reaching safepoint: 9961 ns, Cleanup: 24809 ns, At safepoint: 2737 ns, Total: 37507 ns
[2023-12-03T12:42:44.689+0000][74][info ][safepoint   ] Safepoint "Cleanup", Time since last: 3000432501 ns, Reaching safepoint: 41658 ns, Cleanup: 32163 ns, At safepoint: 9958 ns, Total: 83779 ns
[2023-12-03T12:42:45.690+0000][74][info ][safepoint   ] Safepoint "Cleanup", Time since last: 1000169041 ns, Reaching safepoint: 15952 ns, Cleanup: 26493 ns, At safepoint: 3007 ns, Total: 45452 ns
[2023-12-03T12:42:46.690+0000][74][info ][safepoint   ] Safepoint "Cleanup", Time since last: 1000185988 ns, Reaching safepoint: 35569 ns, Cleanup: 39227 ns, At safepoint: 9947 ns, Total: 84743 ns
[2023-12-03T12:42:47.690+0000][74][info ][safepoint   ] Safepoint "Cleanup", Time since last: 1000202966 ns, Reaching safepoint: 18565 ns, Cleanup: 20018 ns, At safepoint: 4646 ns, Total: 43229 ns
[2023-12-03T12:42:48.690+0000][74][info ][safepoint   ] Safepoint "Cleanup", Time since last: 1000118708 ns, Reaching safepoint: 89731 ns, Cleanup: 61563 ns, At safepoint: 9241 ns, Total: 160535 ns
[2023-12-03T12:42:49.691+0000][74][info ][safepoint   ] Safepoint "Cleanup", Time since last: 1000221684 ns, Reaching safepoint: 23990 ns, Cleanup: 35374 ns, At safepoint: 10009 ns, Total: 69373 ns
[2023-12-03T12:42:50.691+0000][74][info ][safepoint   ] Safepoint "Cleanup", Time since last: 1000201216 ns, Reaching safepoint: 13477 ns, Cleanup: 14071 ns, At safepoint: 5813 ns, Total: 33361 ns
[2023-12-03T12:42:51.691+0000][74][info ][safepoint   ] Safepoint "Cleanup", Time since last: 1000161809 ns, Reaching safepoint: 13260 ns, Cleanup: 27016 ns, At safepoint: 3544 ns, Total: 43820 ns
[2023-12-03T12:42:52.691+0000][74][info ][safepoint   ] Safepoint "Cleanup", Time since last: 1000227233 ns, Reaching safepoint: 32441 ns, Cleanup: 23204 ns, At safepoint: 15451 ns, Total: 71096 ns
[2023-12-03T12:42:53.692+0000][74][info ][safepoint   ] Safepoint "Cleanup", Time since last: 1000257439 ns, Reaching safepoint: 74928 ns, Cleanup: 30585 ns, At safepoint: 10616 ns, Total: 116129 ns
[2023-12-03T12:42:54.692+0000][74][info ][safepoint   ] Safepoint "Cleanup", Time since last: 1000215403 ns, Reaching safepoint: 32063 ns, Cleanup: 140177 ns, At safepoint: 12702 ns, Total: 184942 ns
[2023-12-03T12:42:56.692+0000][74][info ][safepoint   ] Safepoint "Cleanup", Time since last: 2000256982 ns, Reaching safepoint: 10037 ns, Cleanup: 19193 ns, At safepoint: 2087 ns, Total: 31317 ns
[2023-12-03T12:42:57.693+0000][74][info ][safepoint   ] Safepoint "Cleanup", Time since last: 1000107417 ns, Reaching safepoint: 18719 ns, Cleanup: 16492 ns, At safepoint: 4096 ns, Total: 39307 ns
[2023-12-03T12:42:59.693+0000][74][info ][safepoint   ] Safepoint "Cleanup", Time since last: 2000340716 ns, Reaching safepoint: 63202 ns, Cleanup: 29221 ns, At safepoint: 10200 ns, Total: 102623 ns
[2023-12-03T12:43:00.693+0000][74][info ][safepoint   ] Safepoint "Cleanup", Time since last: 1000159062 ns, Reaching safepoint: 13321 ns, Cleanup: 10471 ns, At safepoint: 4649 ns, Total: 28441 ns
[2023-12-03T12:43:01.694+0000][74][info ][safepoint   ] Safepoint "Cleanup", Time since last: 1000196125 ns, Reaching safepoint: 38329 ns, Cleanup: 53878 ns, At safepoint: 13000 ns, Total: 105207 ns
[2023-12-03T12:43:02.694+0000][74][info ][safepoint   ] Safepoint "Cleanup", Time since last: 1000224838 ns, Reaching safepoint: 24150 ns, Cleanup: 31996 ns, At safepoint: 10505 ns, Total: 66651 ns
[2023-12-03T12:43:04.694+0000][74][info ][safepoint   ] Safepoint "Cleanup", Time since last: 2000325022 ns, Reaching safepoint: 68278 ns, Cleanup: 26514 ns, At safepoint: 10580 ns, Total: 105372 ns
[2023-12-03T12:43:05.695+0000][74][info ][safepoint   ] Safepoint "Cleanup", Time since last: 1000255476 ns, Reaching safepoint: 23769 ns, Cleanup: 32865 ns, At safepoint: 10159 ns, Total: 66793 ns
[2023-12-03T12:43:06.722+0000][74][info ][safepoint   ] Safepoint "Cleanup", Time since last: 1027570781 ns, Reaching safepoint: 192447 ns, Cleanup: 93056 ns, At safepoint: 15737 ns, Total: 301240 ns
[2023-12-03T12:43:06.911+0000][74][info ][gc,start    ] GC(21) Pause Young (Normal) (G1 Evacuation Pause)
[2023-12-03T12:43:06.911+0000][74][info ][gc,task     ] GC(21) Using 10 workers of 10 for evacuation
[2023-12-03T12:43:06.911+0000][74][debug][gc,age      ] GC(21) Desired survivor size 20971520 bytes, new threshold 2 (max threshold 15)
[2023-12-03T12:43:06.930+0000][74][info ][gc,phases   ] GC(21)   Pre Evacuate Collection Set: 0.2ms
[2023-12-03T12:43:06.930+0000][74][info ][gc,phases   ] GC(21)   Merge Heap Roots: 0.1ms
[2023-12-03T12:43:06.930+0000][74][info ][gc,phases   ] GC(21)   Evacuate Collection Set: 17.2ms
[2023-12-03T12:43:06.930+0000][74][info ][gc,phases   ] GC(21)   Post Evacuate Collection Set: 1.3ms
[2023-12-03T12:43:06.930+0000][74][info ][gc,phases   ] GC(21)   Other: 0.1ms
[2023-12-03T12:43:06.930+0000][74][trace][gc,age      ] GC(21) Age table with threshold 2 (max threshold 15)
[2023-12-03T12:43:06.930+0000][74][trace][gc,age      ] GC(21) - age   1:    7518912 bytes,    7518912 total
[2023-12-03T12:43:06.930+0000][74][trace][gc,age      ] GC(21) - age   2:    3976408 bytes,   11495320 total
[2023-12-03T12:43:06.930+0000][74][info ][gc,heap     ] GC(21) Eden regions: 69->0(72)
[2023-12-03T12:43:06.930+0000][74][info ][gc,heap     ] GC(21) Survivor regions: 7->4(10)
[2023-12-03T12:43:06.930+0000][74][info ][gc,heap     ] GC(21) Old regions: 18->23
[2023-12-03T12:43:06.930+0000][74][info ][gc,heap     ] GC(21) Humongous regions: 2->2
[2023-12-03T12:43:06.930+0000][74][info ][gc,metaspace] GC(21) Metaspace: 140606K(144128K)->140606K(144128K) NonClass: 121191K(123072K)->121191K(123072K) Class: 19415K(21056K)->19415K(21056K)
[2023-12-03T12:43:06.930+0000][74][info ][gc          ] GC(21) Pause Young (Normal) (G1 Evacuation Pause) 380M->112M(512M) 19.085ms
[2023-12-03T12:43:06.930+0000][74][info ][gc,cpu      ] GC(21) User=0.15s Sys=0.01s Real=0.02s
[2023-12-03T12:43:06.930+0000][74][info ][safepoint   ] Safepoint "G1CollectForAllocation", Time since last: 188373366 ns, Reaching safepoint: 18055 ns, Cleanup: 65769 ns, At safepoint: 19203721 ns, Total: 19287545 ns
[2023-12-03T12:43:07.171+0000][74][info ][safepoint   ] Safepoint "ICBufferFull", Time since last: 240898720 ns, Reaching safepoint: 21096 ns, Cleanup: 108385 ns, At safepoint: 6674 ns, Total: 136155 ns
[2023-12-03T12:43:07.347+0000][74][info ][safepoint   ] Safepoint "ICBufferFull", Time since last: 175791926 ns, Reaching safepoint: 15579 ns, Cleanup: 79478 ns, At safepoint: 4781 ns, Total: 99838 ns
[2023-12-03T12:43:07.467+0000][74][info ][safepoint   ] Safepoint "ICBufferFull", Time since last: 120207042 ns, Reaching safepoint: 13185 ns, Cleanup: 68901 ns, At safepoint: 3967 ns, Total: 86053 ns
[2023-12-03T12:43:07.719+0000][74][info ][safepoint   ] Safepoint "ICBufferFull", Time since last: 251239671 ns, Reaching safepoint: 10959 ns, Cleanup: 87591 ns, At safepoint: 4054 ns, Total: 102604 ns
[2023-12-03T12:43:07.849+0000][74][info ][safepoint   ] Safepoint "ICBufferFull", Time since last: 130145998 ns, Reaching safepoint: 13991 ns, Cleanup: 74947 ns, At safepoint: 5920 ns, Total: 94858 ns
[2023-12-03T12:43:08.065+0000][74][info ][safepoint   ] Safepoint "ICBufferFull", Time since last: 215731234 ns, Reaching safepoint: 5682 ns, Cleanup: 84783 ns, At safepoint: 3206 ns, Total: 93671 ns
[2023-12-03T12:43:08.450+0000][74][info ][safepoint   ] Safepoint "ICBufferFull", Time since last: 384723706 ns, Reaching safepoint: 7673 ns, Cleanup: 81074 ns, At safepoint: 2994 ns, Total: 91741 ns
[2023-12-03T12:43:08.569+0000][74][info ][gc,start    ] GC(22) Pause Young (Normal) (G1 Evacuation Pause)
[2023-12-03T12:43:08.569+0000][74][info ][gc,task     ] GC(22) Using 10 workers of 10 for evacuation
[2023-12-03T12:43:08.569+0000][74][debug][gc,age      ] GC(22) Desired survivor size 20971520 bytes, new threshold 15 (max threshold 15)
[2023-12-03T12:43:08.578+0000][74][info ][gc,phases   ] GC(22)   Pre Evacuate Collection Set: 0.1ms
[2023-12-03T12:43:08.578+0000][74][info ][gc,phases   ] GC(22)   Merge Heap Roots: 0.1ms
[2023-12-03T12:43:08.578+0000][74][info ][gc,phases   ] GC(22)   Evacuate Collection Set: 8.2ms
[2023-12-03T12:43:08.578+0000][74][info ][gc,phases   ] GC(22)   Post Evacuate Collection Set: 0.6ms
[2023-12-03T12:43:08.578+0000][74][info ][gc,phases   ] GC(22)   Other: 0.1ms
[2023-12-03T12:43:08.578+0000][74][trace][gc,age      ] GC(22) Age table with threshold 15 (max threshold 15)
[2023-12-03T12:43:08.578+0000][74][trace][gc,age      ] GC(22) - age   1:   16441392 bytes,   16441392 total
[2023-12-03T12:43:08.578+0000][74][trace][gc,age      ] GC(22) - age   2:    5564616 bytes,   22006008 total
[2023-12-03T12:43:08.578+0000][74][trace][gc,age      ] GC(22) - age   3:    3838128 bytes,   25844136 total
[2023-12-03T12:43:08.578+0000][74][info ][gc,heap     ] GC(22) Eden regions: 72->0(69)
[2023-12-03T12:43:08.578+0000][74][info ][gc,heap     ] GC(22) Survivor regions: 4->7(10)
[2023-12-03T12:43:08.578+0000][74][info ][gc,heap     ] GC(22) Old regions: 23->23
[2023-12-03T12:43:08.578+0000][74][info ][gc,heap     ] GC(22) Humongous regions: 2->2
[2023-12-03T12:43:08.578+0000][74][info ][gc,metaspace] GC(22) Metaspace: 143115K(146624K)->143115K(146624K) NonClass: 123499K(125376K)->123499K(125376K) Class: 19616K(21248K)->19616K(21248K)
[2023-12-03T12:43:08.578+0000][74][info ][gc          ] GC(22) Pause Young (Normal) (G1 Evacuation Pause) 400M->126M(512M) 9.152ms
[2023-12-03T12:43:08.578+0000][74][info ][gc,cpu      ] GC(22) User=0.08s Sys=0.00s Real=0.02s
[2023-12-03T12:43:08.578+0000][74][info ][safepoint   ] Safepoint "G1CollectForAllocation", Time since last: 119329765 ns, Reaching safepoint: 10255 ns, Cleanup: 42454 ns, At safepoint: 9232245 ns, Total: 9284954 ns
[2023-12-03T12:43:08.838+0000][74][info ][safepoint   ] Safepoint "ICBufferFull", Time since last: 259659825 ns, Reaching safepoint: 79482 ns, Cleanup: 128026 ns, At safepoint: 4652 ns, Total: 212160 ns
[2023-12-03T12:43:09.031+0000][74][info ][safepoint   ] Safepoint "ICBufferFull", Time since last: 192691197 ns, Reaching safepoint: 30158 ns, Cleanup: 100004 ns, At safepoint: 3479 ns, Total: 133641 ns
[2023-12-03T12:43:09.264+0000][74][info ][safepoint   ] Safepoint "ICBufferFull", Time since last: 233091744 ns, Reaching safepoint: 12924 ns, Cleanup: 106180 ns, At safepoint: 5179 ns, Total: 124283 ns
[2023-12-03T12:43:10.287+0000][74][info ][safepoint   ] Safepoint "Cleanup", Time since last: 1022461584 ns, Reaching safepoint: 116540 ns, Cleanup: 176582 ns, At safepoint: 12579 ns, Total: 305701 ns
[2023-12-03T12:43:11.689+0000][74][info ][safepoint   ] Safepoint "Cleanup", Time since last: 1402225266 ns, Reaching safepoint: 28205 ns, Cleanup: 209836 ns, At safepoint: 18611 ns, Total: 256652 ns
[2023-12-03T12:43:12.427+0000][74][info ][safepoint   ] Safepoint "ICBufferFull", Time since last: 737968437 ns, Reaching safepoint: 44376 ns, Cleanup: 112383 ns, At safepoint: 5527 ns, Total: 162286 ns
[2023-12-03T12:43:13.244+0000][74][info ][safepoint   ] Safepoint "ICBufferFull", Time since last: 816837351 ns, Reaching safepoint: 24299 ns, Cleanup: 128139 ns, At safepoint: 9759 ns, Total: 162197 ns
[2023-12-03T12:43:14.037+0000][74][info ][safepoint   ] Safepoint "ICBufferFull", Time since last: 792633342 ns, Reaching safepoint: 87362 ns, Cleanup: 120041 ns, At safepoint: 16937 ns, Total: 224340 ns
[2023-12-03T12:43:14.139+0000][74][info ][safepoint   ] Safepoint "ICBufferFull", Time since last: 101121024 ns, Reaching safepoint: 31207 ns, Cleanup: 94570 ns, At safepoint: 7966 ns, Total: 133743 ns
[2023-12-03T12:43:15.363+0000][74][info ][safepoint   ] Safepoint "Cleanup", Time since last: 1224398836 ns, Reaching safepoint: 40418 ns, Cleanup: 174919 ns, At safepoint: 13532 ns, Total: 228869 ns
[2023-12-03T12:43:16.558+0000][74][info ][safepoint   ] Safepoint "Cleanup", Time since last: 1194030404 ns, Reaching safepoint: 103789 ns, Cleanup: 222083 ns, At safepoint: 18166 ns, Total: 344038 ns
[2023-12-03T12:43:17.657+0000][74][info ][safepoint   ] Safepoint "Cleanup", Time since last: 1098943181 ns, Reaching safepoint: 119408 ns, Cleanup: 140752 ns, At safepoint: 19177 ns, Total: 279337 ns
[2023-12-03T12:43:18.089+0000][74][info ][gc,start    ] GC(23) Pause Young (Normal) (G1 Evacuation Pause)
[2023-12-03T12:43:18.089+0000][74][info ][gc,task     ] GC(23) Using 10 workers of 10 for evacuation
[2023-12-03T12:43:18.089+0000][74][debug][gc,age      ] GC(23) Desired survivor size 20971520 bytes, new threshold 2 (max threshold 15)
[2023-12-03T12:43:18.101+0000][74][info ][gc,phases   ] GC(23)   Pre Evacuate Collection Set: 0.2ms
[2023-12-03T12:43:18.101+0000][74][info ][gc,phases   ] GC(23)   Merge Heap Roots: 0.1ms
[2023-12-03T12:43:18.101+0000][74][info ][gc,phases   ] GC(23)   Evacuate Collection Set: 10.9ms
[2023-12-03T12:43:18.101+0000][74][info ][gc,phases   ] GC(23)   Post Evacuate Collection Set: 0.7ms
[2023-12-03T12:43:18.101+0000][74][info ][gc,phases   ] GC(23)   Other: 0.1ms
[2023-12-03T12:43:18.101+0000][74][trace][gc,age      ] GC(23) Age table with threshold 2 (max threshold 15)
[2023-12-03T12:43:18.101+0000][74][trace][gc,age      ] GC(23) - age   1:    3877736 bytes,    3877736 total
[2023-12-03T12:43:18.101+0000][74][trace][gc,age      ] GC(23) - age   2:    6094376 bytes,    9972112 total
[2023-12-03T12:43:18.101+0000][74][info ][gc,heap     ] GC(23) Eden regions: 69->0(73)
[2023-12-03T12:43:18.101+0000][74][info ][gc,heap     ] GC(23) Survivor regions: 7->3(10)
[2023-12-03T12:43:18.101+0000][74][info ][gc,heap     ] GC(23) Old regions: 23->26
[2023-12-03T12:43:18.101+0000][74][info ][gc,heap     ] GC(23) Humongous regions: 2->2
[2023-12-03T12:43:18.101+0000][74][info ][gc,metaspace] GC(23) Metaspace: 145637K(149312K)->145637K(149312K) NonClass: 125697K(127680K)->125697K(127680K) Class: 19940K(21632K)->19940K(21632K)
[2023-12-03T12:43:18.101+0000][74][info ][gc          ] GC(23) Pause Young (Normal) (G1 Evacuation Pause) 402M->120M(512M) 12.089ms
[2023-12-03T12:43:18.101+0000][74][info ][gc,cpu      ] GC(23) User=0.07s Sys=0.00s Real=0.02s
[2023-12-03T12:43:18.101+0000][74][info ][safepoint   ] Safepoint "G1CollectForAllocation", Time since last: 431703873 ns, Reaching safepoint: 20119 ns, Cleanup: 34083 ns, At safepoint: 12180249 ns, Total: 12234451 ns
[2023-12-03T12:43:18.517+0000][74][info ][safepoint   ] Safepoint "ICBufferFull", Time since last: 416375495 ns, Reaching safepoint: 12939 ns, Cleanup: 69846 ns, At safepoint: 4541 ns, Total: 87326 ns
[2023-12-03T12:43:19.195+0000][74][info ][gc,start    ] GC(24) Pause Young (Concurrent Start) (CodeCache GC Threshold)
[2023-12-03T12:43:19.195+0000][74][info ][gc,task     ] GC(24) Using 10 workers of 10 for evacuation
[2023-12-03T12:43:19.195+0000][74][debug][gc,age      ] GC(24) Desired survivor size 20971520 bytes, new threshold 15 (max threshold 15)
[2023-12-03T12:43:19.201+0000][74][info ][gc,phases   ] GC(24)   Pre Evacuate Collection Set: 0.1ms
[2023-12-03T12:43:19.201+0000][74][info ][gc,phases   ] GC(24)   Merge Heap Roots: 0.1ms
[2023-12-03T12:43:19.201+0000][74][info ][gc,phases   ] GC(24)   Evacuate Collection Set: 5.1ms
[2023-12-03T12:43:19.201+0000][74][info ][gc,phases   ] GC(24)   Post Evacuate Collection Set: 0.6ms
[2023-12-03T12:43:19.201+0000][74][info ][gc,phases   ] GC(24)   Other: 0.2ms
[2023-12-03T12:43:19.201+0000][74][trace][gc,age      ] GC(24) Age table with threshold 15 (max threshold 15)
[2023-12-03T12:43:19.201+0000][74][trace][gc,age      ] GC(24) - age   1:    1172512 bytes,    1172512 total
[2023-12-03T12:43:19.201+0000][74][trace][gc,age      ] GC(24) - age   2:    3436520 bytes,    4609032 total
[2023-12-03T12:43:19.201+0000][74][trace][gc,age      ] GC(24) - age   3:    6062288 bytes,   10671320 total
[2023-12-03T12:43:19.201+0000][74][info ][gc,heap     ] GC(24) Eden regions: 7->0(73)
[2023-12-03T12:43:19.201+0000][74][info ][gc,heap     ] GC(24) Survivor regions: 3->3(10)
[2023-12-03T12:43:19.201+0000][74][info ][gc,heap     ] GC(24) Old regions: 26->26
[2023-12-03T12:43:19.201+0000][74][info ][gc,heap     ] GC(24) Humongous regions: 2->2
[2023-12-03T12:43:19.201+0000][74][info ][gc,metaspace] GC(24) Metaspace: 145849K(149504K)->145849K(149504K) NonClass: 125901K(127872K)->125901K(127872K) Class: 19948K(21632K)->19948K(21632K)
[2023-12-03T12:43:19.201+0000][74][info ][gc          ] GC(24) Pause Young (Concurrent Start) (CodeCache GC Threshold) 146M->119M(512M) 6.339ms
[2023-12-03T12:43:19.201+0000][74][info ][gc,cpu      ] GC(24) User=0.03s Sys=0.00s Real=0.01s
[2023-12-03T12:43:19.201+0000][74][info ][safepoint   ] Safepoint "G1TryInitiateConcMark", Time since last: 677728742 ns, Reaching safepoint: 16025 ns, Cleanup: 62052 ns, At safepoint: 6423579 ns, Total: 6501656 ns
[2023-12-03T12:43:19.201+0000][74][info ][gc          ] GC(25) Concurrent Mark Cycle
[2023-12-03T12:43:19.201+0000][74][info ][gc,marking  ] GC(25) Concurrent Scan Root Regions
[2023-12-03T12:43:19.204+0000][74][info ][gc,marking  ] GC(25) Concurrent Scan Root Regions 2.613ms
[2023-12-03T12:43:19.204+0000][74][info ][gc,marking  ] GC(25) Concurrent Mark
[2023-12-03T12:43:19.204+0000][74][info ][gc,marking  ] GC(25) Concurrent Mark From Roots
[2023-12-03T12:43:19.204+0000][74][info ][gc,task     ] GC(25) Using 3 workers of 3 for marking
[2023-12-03T12:43:19.245+0000][74][info ][gc,marking  ] GC(25) Concurrent Mark From Roots 40.901ms
[2023-12-03T12:43:19.245+0000][74][info ][gc,marking  ] GC(25) Concurrent Preclean
[2023-12-03T12:43:19.246+0000][74][info ][gc,marking  ] GC(25) Concurrent Preclean 1.048ms
[2023-12-03T12:43:19.246+0000][74][info ][gc,start    ] GC(25) Pause Remark
[2023-12-03T12:43:19.275+0000][74][info ][gc          ] GC(25) Pause Remark 119M->119M(512M) 28.701ms
[2023-12-03T12:43:19.275+0000][74][info ][gc,cpu      ] GC(25) User=0.14s Sys=0.00s Real=0.03s
[2023-12-03T12:43:19.275+0000][74][info ][safepoint   ] Safepoint "G1PauseRemark", Time since last: 44791825 ns, Reaching safepoint: 45453 ns, Cleanup: 12088 ns, At safepoint: 28814884 ns, Total: 28872425 ns
[2023-12-03T12:43:19.275+0000][74][info ][gc,marking  ] GC(25) Concurrent Mark 71.081ms
[2023-12-03T12:43:19.275+0000][74][info ][gc,marking  ] GC(25) Concurrent Rebuild Remembered Sets and Scrub Regions
[2023-12-03T12:43:19.298+0000][74][info ][gc,marking  ] GC(25) Concurrent Rebuild Remembered Sets and Scrub Regions 22.212ms
[2023-12-03T12:43:19.298+0000][74][info ][gc,start    ] GC(25) Pause Cleanup
[2023-12-03T12:43:19.298+0000][74][info ][gc          ] GC(25) Pause Cleanup 119M->119M(512M) 0.143ms
[2023-12-03T12:43:19.298+0000][74][info ][gc,cpu      ] GC(25) User=0.00s Sys=0.00s Real=0.00s
[2023-12-03T12:43:19.298+0000][74][info ][safepoint   ] Safepoint "G1PauseCleanup", Time since last: 22508904 ns, Reaching safepoint: 85597 ns, Cleanup: 7880 ns, At safepoint: 198280 ns, Total: 291757 ns
[2023-12-03T12:43:19.298+0000][74][info ][gc,marking  ] GC(25) Concurrent Clear Claimed Marks
[2023-12-03T12:43:19.298+0000][74][info ][gc,marking  ] GC(25) Concurrent Clear Claimed Marks 0.273ms
[2023-12-03T12:43:19.298+0000][74][info ][gc,marking  ] GC(25) Concurrent Cleanup for Next Mark
[2023-12-03T12:43:19.299+0000][74][info ][gc,marking  ] GC(25) Concurrent Cleanup for Next Mark 0.698ms
[2023-12-03T12:43:19.299+0000][74][info ][gc          ] GC(25) Concurrent Mark Cycle 97.514ms
[2023-12-03T12:43:20.232+0000][74][info ][safepoint   ] Safepoint "ICBufferFull", Time since last: 933715935 ns, Reaching safepoint: 19960 ns, Cleanup: 93175 ns, At safepoint: 3656 ns, Total: 116791 ns
[2023-12-03T12:43:21.740+0000][74][info ][safepoint   ] Safepoint "Cleanup", Time since last: 1507687117 ns, Reaching safepoint: 35044 ns, Cleanup: 280082 ns, At safepoint: 14235 ns, Total: 329361 ns
[2023-12-03T12:43:22.816+0000][74][info ][safepoint   ] Safepoint "Cleanup", Time since last: 1076072609 ns, Reaching safepoint: 31392 ns, Cleanup: 30176 ns, At safepoint: 3585 ns, Total: 65153 ns
[2023-12-03T12:43:23.816+0000][74][info ][safepoint   ] Safepoint "Cleanup", Time since last: 1000375190 ns, Reaching safepoint: 12447 ns, Cleanup: 39099 ns, At safepoint: 9338 ns, Total: 60884 ns
[2023-12-03T12:43:24.855+0000][74][info ][safepoint   ] Safepoint "Cleanup", Time since last: 1038528876 ns, Reaching safepoint: 22689 ns, Cleanup: 131651 ns, At safepoint: 13820 ns, Total: 168160 ns
[2023-12-03T12:43:25.862+0000][74][info ][safepoint   ] Safepoint "Cleanup", Time since last: 1006567701 ns, Reaching safepoint: 15361 ns, Cleanup: 50035 ns, At safepoint: 6236 ns, Total: 71632 ns
[2023-12-03T12:43:26.869+0000][74][info ][safepoint   ] Safepoint "Cleanup", Time since last: 1007729358 ns, Reaching safepoint: 37625 ns, Cleanup: 46265 ns, At safepoint: 13090 ns, Total: 96980 ns
[2023-12-03T12:43:27.870+0000][74][info ][safepoint   ] Safepoint "Cleanup", Time since last: 1000247491 ns, Reaching safepoint: 82292 ns, Cleanup: 31293 ns, At safepoint: 23049 ns, Total: 136634 ns
[2023-12-03T12:43:28.890+0000][74][info ][safepoint   ] Safepoint "Cleanup", Time since last: 1019838365 ns, Reaching safepoint: 28953 ns, Cleanup: 78536 ns, At safepoint: 7407 ns, Total: 114896 ns
[2023-12-03T12:43:29.890+0000][74][info ][safepoint   ] Safepoint "Cleanup", Time since last: 1000189306 ns, Reaching safepoint: 21125 ns, Cleanup: 16362 ns, At safepoint: 4374 ns, Total: 41861 ns
[2023-12-03T12:43:30.891+0000][74][info ][safepoint   ] Safepoint "Cleanup", Time since last: 1000426448 ns, Reaching safepoint: 34273 ns, Cleanup: 117922 ns, At safepoint: 12460 ns, Total: 164655 ns
[2023-12-03T12:43:31.936+0000][74][info ][safepoint   ] Safepoint "Cleanup", Time since last: 1045163217 ns, Reaching safepoint: 33783 ns, Cleanup: 132877 ns, At safepoint: 9263 ns, Total: 175923 ns
[2023-12-03T12:43:32.962+0000][74][info ][safepoint   ] Safepoint "Cleanup", Time since last: 1025380750 ns, Reaching safepoint: 82027 ns, Cleanup: 33482 ns, At safepoint: 23826 ns, Total: 139335 ns
[2023-12-03T12:43:33.962+0000][74][info ][safepoint   ] Safepoint "Cleanup", Time since last: 1000218244 ns, Reaching safepoint: 33398 ns, Cleanup: 83364 ns, At safepoint: 12698 ns, Total: 129460 ns
[2023-12-03T12:43:35.510+0000][74][info ][safepoint   ] Safepoint "Cleanup", Time since last: 1547764854 ns, Reaching safepoint: 36088 ns, Cleanup: 83867 ns, At safepoint: 12071 ns, Total: 132026 ns
[2023-12-03T12:43:36.510+0000][74][info ][safepoint   ] Safepoint "Cleanup", Time since last: 1000229146 ns, Reaching safepoint: 36376 ns, Cleanup: 61241 ns, At safepoint: 10917 ns, Total: 108534 ns
[2023-12-03T12:43:37.686+0000][74][info ][safepoint   ] Safepoint "Cleanup", Time since last: 1176204937 ns, Reaching safepoint: 48360 ns, Cleanup: 128237 ns, At safepoint: 9818 ns, Total: 186415 ns
[2023-12-03T12:43:38.703+0000][74][info ][safepoint   ] Safepoint "Cleanup", Time since last: 1016173744 ns, Reaching safepoint: 38714 ns, Cleanup: 20329 ns, At safepoint: 5094 ns, Total: 64137 ns
[2023-12-03T12:43:39.703+0000][74][info ][safepoint   ] Safepoint "Cleanup", Time since last: 1000112750 ns, Reaching safepoint: 27060 ns, Cleanup: 26490 ns, At safepoint: 3538 ns, Total: 57088 ns
[2023-12-03T12:43:41.703+0000][74][info ][safepoint   ] Safepoint "Cleanup", Time since last: 2000294571 ns, Reaching safepoint: 35809 ns, Cleanup: 56176 ns, At safepoint: 12933 ns, Total: 104918 ns
[2023-12-03T12:43:42.704+0000][74][info ][safepoint   ] Safepoint "Cleanup", Time since last: 1000783326 ns, Reaching safepoint: 34866 ns, Cleanup: 118124 ns, At safepoint: 13117 ns, Total: 166107 ns
[2023-12-03T12:43:44.409+0000][74][info ][safepoint   ] Safepoint "Cleanup", Time since last: 1704756748 ns, Reaching safepoint: 36067 ns, Cleanup: 103096 ns, At safepoint: 12106 ns, Total: 151269 ns
[2023-12-03T12:43:45.487+0000][74][info ][safepoint   ] Safepoint "Cleanup", Time since last: 1077671665 ns, Reaching safepoint: 20250 ns, Cleanup: 106665 ns, At safepoint: 13180 ns, Total: 140095 ns
[2023-12-03T12:43:46.500+0000][74][info ][safepoint   ] Safepoint "Cleanup", Time since last: 1013263829 ns, Reaching safepoint: 15904 ns, Cleanup: 22461 ns, At safepoint: 3739 ns, Total: 42104 ns
[2023-12-03T12:43:48.501+0000][74][info ][safepoint   ] Safepoint "Cleanup", Time since last: 2000325190 ns, Reaching safepoint: 84278 ns, Cleanup: 71836 ns, At safepoint: 30164 ns, Total: 186278 ns
[2023-12-03T12:43:49.527+0000][74][info ][safepoint   ] Safepoint "Cleanup", Time since last: 1025658977 ns, Reaching safepoint: 47730 ns, Cleanup: 40543 ns, At safepoint: 10912 ns, Total: 99185 ns
[2023-12-03T12:43:50.527+0000][74][info ][safepoint   ] Safepoint "Cleanup", Time since last: 1000231280 ns, Reaching safepoint: 46469 ns, Cleanup: 142741 ns, At safepoint: 6820 ns, Total: 196030 ns
[2023-12-03T12:43:51.545+0000][74][info ][safepoint   ] Safepoint "Cleanup", Time since last: 1017736943 ns, Reaching safepoint: 14291 ns, Cleanup: 23847 ns, At safepoint: 2852 ns, Total: 40990 ns
[2023-12-03T12:43:52.545+0000][74][info ][safepoint   ] Safepoint "Cleanup", Time since last: 1000182953 ns, Reaching safepoint: 36397 ns, Cleanup: 23360 ns, At safepoint: 12633 ns, Total: 72390 ns
[2023-12-03T12:43:53.545+0000][74][info ][safepoint   ] Safepoint "Cleanup", Time since last: 1000242658 ns, Reaching safepoint: 114505 ns, Cleanup: 58812 ns, At safepoint: 30657 ns, Total: 203974 ns
[2023-12-03T12:43:54.546+0000][74][info ][safepoint   ] Safepoint "Cleanup", Time since last: 1000214972 ns, Reaching safepoint: 116369 ns, Cleanup: 43914 ns, At safepoint: 18670 ns, Total: 178953 ns
[2023-12-03T12:43:55.581+0000][74][info ][safepoint   ] Safepoint "Cleanup", Time since last: 1035029564 ns, Reaching safepoint: 21457 ns, Cleanup: 67501 ns, At safepoint: 12767 ns, Total: 101725 ns
[2023-12-03T12:43:56.597+0000][74][info ][safepoint   ] Safepoint "Cleanup", Time since last: 1015724061 ns, Reaching safepoint: 19555 ns, Cleanup: 17727 ns, At safepoint: 4329 ns, Total: 41611 ns
[2023-12-03T12:43:57.597+0000][74][info ][safepoint   ] Safepoint "Cleanup", Time since last: 1000196360 ns, Reaching safepoint: 35914 ns, Cleanup: 62214 ns, At safepoint: 11859 ns, Total: 109987 ns
[2023-12-03T12:43:59.598+0000][74][info ][safepoint   ] Safepoint "Cleanup", Time since last: 2000414496 ns, Reaching safepoint: 72748 ns, Cleanup: 46237 ns, At safepoint: 11639 ns, Total: 130624 ns
[2023-12-03T12:44:00.598+0000][74][info ][safepoint   ] Safepoint "Cleanup", Time since last: 1000237916 ns, Reaching safepoint: 34289 ns, Cleanup: 35408 ns, At safepoint: 11497 ns, Total: 81194 ns
[2023-12-03T12:44:01.658+0000][74][info ][safepoint   ] Safepoint "Cleanup", Time since last: 1059706105 ns, Reaching safepoint: 99728 ns, Cleanup: 74691 ns, At safepoint: 11625 ns, Total: 186044 ns
[2023-12-03T12:44:03.668+0000][74][info ][safepoint   ] Safepoint "Cleanup", Time since last: 2010363856 ns, Reaching safepoint: 40812 ns, Cleanup: 20305 ns, At safepoint: 3169 ns, Total: 64286 ns
[2023-12-03T12:44:04.683+0000][74][info ][safepoint   ] Safepoint "Cleanup", Time since last: 1014973037 ns, Reaching safepoint: 33994 ns, Cleanup: 78945 ns, At safepoint: 18152 ns, Total: 131091 ns
[2023-12-03T12:44:05.684+0000][74][info ][safepoint   ] Safepoint "Cleanup", Time since last: 1000233046 ns, Reaching safepoint: 33716 ns, Cleanup: 66321 ns, At safepoint: 12156 ns, Total: 112193 ns
[2023-12-03T12:44:06.725+0000][74][info ][safepoint   ] Safepoint "Cleanup", Time since last: 1041424034 ns, Reaching safepoint: 78162 ns, Cleanup: 76940 ns, At safepoint: 4531 ns, Total: 159633 ns
[2023-12-03T12:44:07.738+0000][74][info ][safepoint   ] Safepoint "Cleanup", Time since last: 1012463621 ns, Reaching safepoint: 25909 ns, Cleanup: 121252 ns, At safepoint: 12465 ns, Total: 159626 ns
[2023-12-03T12:44:08.756+0000][74][info ][safepoint   ] Safepoint "Cleanup", Time since last: 1018361504 ns, Reaching safepoint: 102339 ns, Cleanup: 41042 ns, At safepoint: 15153 ns, Total: 158534 ns
[2023-12-03T12:44:09.757+0000][74][info ][safepoint   ] Safepoint "Cleanup", Time since last: 1000281138 ns, Reaching safepoint: 35631 ns, Cleanup: 55852 ns, At safepoint: 11823 ns, Total: 103306 ns
[2023-12-03T12:44:11.757+0000][74][info ][safepoint   ] Safepoint "Cleanup", Time since last: 2000587651 ns, Reaching safepoint: 35724 ns, Cleanup: 53896 ns, At safepoint: 11412 ns, Total: 101032 ns
[2023-12-03T12:44:12.758+0000][74][info ][safepoint   ] Safepoint "Cleanup", Time since last: 1000225552 ns, Reaching safepoint: 38031 ns, Cleanup: 30641 ns, At safepoint: 11428 ns, Total: 80100 ns
[2023-12-03T12:44:13.812+0000][74][info ][safepoint   ] Safepoint "Cleanup", Time since last: 1054264407 ns, Reaching safepoint: 56167 ns, Cleanup: 63727 ns, At safepoint: 13094 ns, Total: 132988 ns
[2023-12-03T12:44:14.830+0000][74][info ][safepoint   ] Safepoint "Cleanup", Time since last: 1017739079 ns, Reaching safepoint: 36160 ns, Cleanup: 52078 ns, At safepoint: 12110 ns, Total: 100348 ns
[2023-12-03T12:44:15.830+0000][74][info ][safepoint   ] Safepoint "Cleanup", Time since last: 1000174847 ns, Reaching safepoint: 16274 ns, Cleanup: 11735 ns, At safepoint: 2458 ns, Total: 30467 ns
[2023-12-03T12:44:16.831+0000][74][info ][safepoint   ] Safepoint "Cleanup", Time since last: 1000182247 ns, Reaching safepoint: 34819 ns, Cleanup: 63739 ns, At safepoint: 11285 ns, Total: 109843 ns
[2023-12-03T12:44:17.831+0000][74][info ][safepoint   ] Safepoint "Cleanup", Time since last: 1000208345 ns, Reaching safepoint: 39222 ns, Cleanup: 12199 ns, At safepoint: 4752 ns, Total: 56173 ns
[2023-12-03T12:44:18.831+0000][74][info ][safepoint   ] Safepoint "Cleanup", Time since last: 1000151518 ns, Reaching safepoint: 31940 ns, Cleanup: 22302 ns, At safepoint: 6594 ns, Total: 60836 ns
[2023-12-03T12:44:19.791+0000][74][info ][gc,start    ] GC(26) Pause Young (Prepare Mixed) (G1 Evacuation Pause)
[2023-12-03T12:44:19.791+0000][74][info ][gc,task     ] GC(26) Using 10 workers of 10 for evacuation
[2023-12-03T12:44:19.791+0000][74][debug][gc,age      ] GC(26) Desired survivor size 20971520 bytes, new threshold 15 (max threshold 15)
[2023-12-03T12:44:19.805+0000][74][info ][gc,phases   ] GC(26)   Pre Evacuate Collection Set: 0.5ms
[2023-12-03T12:44:19.806+0000][74][info ][gc,phases   ] GC(26)   Merge Heap Roots: 0.3ms
[2023-12-03T12:44:19.806+0000][74][info ][gc,phases   ] GC(26)   Evacuate Collection Set: 12.9ms
[2023-12-03T12:44:19.806+0000][74][info ][gc,phases   ] GC(26)   Post Evacuate Collection Set: 0.7ms
[2023-12-03T12:44:19.806+0000][74][info ][gc,phases   ] GC(26)   Other: 0.1ms
[2023-12-03T12:44:19.806+0000][74][trace][gc,age      ] GC(26) Age table with threshold 15 (max threshold 15)
[2023-12-03T12:44:19.806+0000][74][trace][gc,age      ] GC(26) - age   1:    3764608 bytes,    3764608 total
[2023-12-03T12:44:19.806+0000][74][trace][gc,age      ] GC(26) - age   2:     250312 bytes,    4014920 total
[2023-12-03T12:44:19.806+0000][74][trace][gc,age      ] GC(26) - age   3:    2890080 bytes,    6905000 total
[2023-12-03T12:44:19.806+0000][74][trace][gc,age      ] GC(26) - age   4:    6018552 bytes,   12923552 total
[2023-12-03T12:44:19.806+0000][74][info ][gc,heap     ] GC(26) Eden regions: 73->0(72)
[2023-12-03T12:44:19.806+0000][74][info ][gc,heap     ] GC(26) Survivor regions: 3->4(10)
[2023-12-03T12:44:19.806+0000][74][info ][gc,heap     ] GC(26) Old regions: 26->26
[2023-12-03T12:44:19.806+0000][74][info ][gc,heap     ] GC(26) Humongous regions: 2->2
[2023-12-03T12:44:19.806+0000][74][info ][gc,metaspace] GC(26) Metaspace: 145566K(149888K)->145566K(149888K) NonClass: 126059K(128256K)->126059K(128256K) Class: 19507K(21632K)->19507K(21632K)
[2023-12-03T12:44:19.806+0000][74][info ][gc          ] GC(26) Pause Young (Prepare Mixed) (G1 Evacuation Pause) 411M->121M(512M) 14.799ms
[2023-12-03T12:44:19.806+0000][74][info ][gc,cpu      ] GC(26) User=0.08s Sys=0.00s Real=0.01s
[2023-12-03T12:44:19.806+0000][74][info ][safepoint   ] Safepoint "G1CollectForAllocation", Time since last: 959715358 ns, Reaching safepoint: 34702 ns, Cleanup: 72694 ns, At safepoint: 14902960 ns, Total: 15010356 ns
[2023-12-03T12:44:20.863+0000][74][info ][safepoint   ] Safepoint "Cleanup", Time since last: 1057636845 ns, Reaching safepoint: 20415 ns, Cleanup: 31859 ns, At safepoint: 9305 ns, Total: 61579 ns
[2023-12-03T12:44:21.880+0000][74][info ][safepoint   ] Safepoint "Cleanup", Time since last: 1016500271 ns, Reaching safepoint: 34110 ns, Cleanup: 38912 ns, At safepoint: 12053 ns, Total: 85075 ns
[2023-12-03T12:44:22.881+0000][74][info ][safepoint   ] Safepoint "Cleanup", Time since last: 1000658869 ns, Reaching safepoint: 78530 ns, Cleanup: 31010 ns, At safepoint: 23304 ns, Total: 132844 ns
[2023-12-03T12:44:23.914+0000][74][info ][safepoint   ] Safepoint "Cleanup", Time since last: 1032622302 ns, Reaching safepoint: 34193 ns, Cleanup: 45174 ns, At safepoint: 11833 ns, Total: 91200 ns
[2023-12-03T12:44:25.534+0000][74][info ][safepoint   ] Safepoint "Cleanup", Time since last: 1620875760 ns, Reaching safepoint: 17659 ns, Cleanup: 58775 ns, At safepoint: 7780 ns, Total: 84214 ns
[2023-12-03T12:44:26.943+0000][74][info ][safepoint   ] Safepoint "Cleanup", Time since last: 1408180498 ns, Reaching safepoint: 38502 ns, Cleanup: 54604 ns, At safepoint: 10641 ns, Total: 103747 ns
[2023-12-03T12:44:27.943+0000][74][info ][safepoint   ] Safepoint "Cleanup", Time since last: 1000267615 ns, Reaching safepoint: 93475 ns, Cleanup: 34118 ns, At safepoint: 24454 ns, Total: 152047 ns
[2023-12-03T12:44:28.995+0000][74][info ][safepoint   ] Safepoint "Cleanup", Time since last: 1051628264 ns, Reaching safepoint: 23541 ns, Cleanup: 176493 ns, At safepoint: 13716 ns, Total: 213750 ns
[2023-12-03T12:44:30.009+0000][74][info ][safepoint   ] Safepoint "Cleanup", Time since last: 1014102886 ns, Reaching safepoint: 34678 ns, Cleanup: 22735 ns, At safepoint: 11591 ns, Total: 69004 ns
[2023-12-03T12:44:31.010+0000][74][info ][safepoint   ] Safepoint "Cleanup", Time since last: 1000735902 ns, Reaching safepoint: 36583 ns, Cleanup: 71615 ns, At safepoint: 11753 ns, Total: 119951 ns
[2023-12-03T12:44:32.011+0000][74][info ][safepoint   ] Safepoint "Cleanup", Time since last: 1000408333 ns, Reaching safepoint: 36497 ns, Cleanup: 44899 ns, At safepoint: 12142 ns, Total: 93538 ns
[2023-12-03T12:44:33.045+0000][74][info ][safepoint   ] Safepoint "Cleanup", Time since last: 1033861305 ns, Reaching safepoint: 88887 ns, Cleanup: 32726 ns, At safepoint: 23488 ns, Total: 145101 ns
[2023-12-03T12:44:34.064+0000][74][info ][safepoint   ] Safepoint "Cleanup", Time since last: 1019326306 ns, Reaching safepoint: 39203 ns, Cleanup: 41763 ns, At safepoint: 15824 ns, Total: 96790 ns
[2023-12-03T12:44:35.064+0000][74][info ][safepoint   ] Safepoint "Cleanup", Time since last: 1000286117 ns, Reaching safepoint: 37121 ns, Cleanup: 44662 ns, At safepoint: 15209 ns, Total: 96992 ns
[2023-12-03T12:44:36.089+0000][74][info ][safepoint   ] Safepoint "Cleanup", Time since last: 1024193500 ns, Reaching safepoint: 36761 ns, Cleanup: 57343 ns, At safepoint: 11619 ns, Total: 105723 ns
[2023-12-03T12:44:37.705+0000][74][info ][safepoint   ] Safepoint "Cleanup", Time since last: 1616751381 ns, Reaching safepoint: 17946 ns, Cleanup: 69412 ns, At safepoint: 10322 ns, Total: 97680 ns
[2023-12-03T12:44:39.120+0000][74][info ][safepoint   ] Safepoint "Cleanup", Time since last: 1414819594 ns, Reaching safepoint: 80754 ns, Cleanup: 77069 ns, At safepoint: 12361 ns, Total: 170184 ns
[2023-12-03T12:44:40.121+0000][74][info ][safepoint   ] Safepoint "Cleanup", Time since last: 1000246643 ns, Reaching safepoint: 40266 ns, Cleanup: 93973 ns, At safepoint: 13224 ns, Total: 147463 ns
[2023-12-03T12:44:41.121+0000][74][info ][safepoint   ] Safepoint "Cleanup", Time since last: 1000245192 ns, Reaching safepoint: 34192 ns, Cleanup: 102960 ns, At safepoint: 9580 ns, Total: 146732 ns
[2023-12-03T12:44:42.147+0000][74][info ][safepoint   ] Safepoint "Cleanup", Time since last: 1025969273 ns, Reaching safepoint: 19672 ns, Cleanup: 50376 ns, At safepoint: 11387 ns, Total: 81435 ns
[2023-12-03T12:44:43.185+0000][74][info ][safepoint   ] Safepoint "Cleanup", Time since last: 1037807683 ns, Reaching safepoint: 34730 ns, Cleanup: 17687 ns, At safepoint: 11354 ns, Total: 63771 ns
[2023-12-03T12:44:44.186+0000][74][info ][safepoint   ] Safepoint "Cleanup", Time since last: 1000213068 ns, Reaching safepoint: 36786 ns, Cleanup: 85572 ns, At safepoint: 8579 ns, Total: 130937 ns
[2023-12-03T12:44:45.441+0000][74][info ][safepoint   ] Safepoint "Cleanup", Time since last: 1255158321 ns, Reaching safepoint: 38435 ns, Cleanup: 151730 ns, At safepoint: 13861 ns, Total: 204026 ns
[2023-12-03T12:44:46.454+0000][74][info ][safepoint   ] Safepoint "Cleanup", Time since last: 1012620046 ns, Reaching safepoint: 39148 ns, Cleanup: 40734 ns, At safepoint: 12232 ns, Total: 92114 ns
[2023-12-03T12:44:47.454+0000][74][info ][safepoint   ] Safepoint "Cleanup", Time since last: 1000226648 ns, Reaching safepoint: 38979 ns, Cleanup: 27931 ns, At safepoint: 12153 ns, Total: 79063 ns
[2023-12-03T12:44:49.455+0000][74][info ][safepoint   ] Safepoint "Cleanup", Time since last: 2000786718 ns, Reaching safepoint: 74307 ns, Cleanup: 32167 ns, At safepoint: 12662 ns, Total: 119136 ns
[2023-12-03T12:44:50.455+0000][74][info ][safepoint   ] Safepoint "Cleanup", Time since last: 1000195362 ns, Reaching safepoint: 25120 ns, Cleanup: 32622 ns, At safepoint: 6593 ns, Total: 64335 ns
[2023-12-03T12:44:51.467+0000][74][info ][safepoint   ] Safepoint "Cleanup", Time since last: 1012255137 ns, Reaching safepoint: 39186 ns, Cleanup: 55896 ns, At safepoint: 12744 ns, Total: 107826 ns
[2023-12-03T12:44:52.734+0000][74][info ][safepoint   ] Safepoint "Cleanup", Time since last: 1266624775 ns, Reaching safepoint: 41750 ns, Cleanup: 39300 ns, At safepoint: 12381 ns, Total: 93431 ns
[2023-12-03T12:44:53.772+0000][74][info ][safepoint   ] Safepoint "Cleanup", Time since last: 1037341223 ns, Reaching safepoint: 106447 ns, Cleanup: 24482 ns, At safepoint: 30803 ns, Total: 161732 ns
[2023-12-03T12:44:54.772+0000][74][info ][safepoint   ] Safepoint "Cleanup", Time since last: 1000251814 ns, Reaching safepoint: 38094 ns, Cleanup: 17862 ns, At safepoint: 11241 ns, Total: 67197 ns
[2023-12-03T12:44:55.772+0000][74][info ][safepoint   ] Safepoint "Cleanup", Time since last: 1000352344 ns, Reaching safepoint: 37887 ns, Cleanup: 23298 ns, At safepoint: 11813 ns, Total: 72998 ns
[2023-12-03T12:44:56.799+0000][74][info ][safepoint   ] Safepoint "Cleanup", Time since last: 1026696109 ns, Reaching safepoint: 17589 ns, Cleanup: 16060 ns, At safepoint: 3869 ns, Total: 37518 ns
[2023-12-03T12:44:58.800+0000][74][info ][safepoint   ] Safepoint "Cleanup", Time since last: 2000668905 ns, Reaching safepoint: 85643 ns, Cleanup: 75186 ns, At safepoint: 13095 ns, Total: 173924 ns
[2023-12-03T12:45:00.381+0000][74][info ][safepoint   ] Safepoint "Cleanup", Time since last: 1581372229 ns, Reaching safepoint: 22840 ns, Cleanup: 68965 ns, At safepoint: 13102 ns, Total: 104907 ns
[2023-12-03T12:45:01.395+0000][74][info ][safepoint   ] Safepoint "Cleanup", Time since last: 1012999143 ns, Reaching safepoint: 30565 ns, Cleanup: 31161 ns, At safepoint: 7515 ns, Total: 69241 ns
[2023-12-03T12:45:02.395+0000][74][info ][safepoint   ] Safepoint "Cleanup", Time since last: 1000169165 ns, Reaching safepoint: 36244 ns, Cleanup: 60143 ns, At safepoint: 16417 ns, Total: 112804 ns
[2023-12-03T12:45:03.426+0000][74][info ][safepoint   ] Safepoint "Cleanup", Time since last: 1031437587 ns, Reaching safepoint: 37716 ns, Cleanup: 37950 ns, At safepoint: 10153 ns, Total: 85819 ns
[2023-12-03T12:45:04.457+0000][74][info ][safepoint   ] Safepoint "Cleanup", Time since last: 1030779241 ns, Reaching safepoint: 96406 ns, Cleanup: 48721 ns, At safepoint: 14306 ns, Total: 159433 ns
[2023-12-03T12:45:05.490+0000][74][info ][safepoint   ] Safepoint "Cleanup", Time since last: 1032863892 ns, Reaching safepoint: 46230 ns, Cleanup: 40313 ns, At safepoint: 13890 ns, Total: 100433 ns
[2023-12-03T12:45:06.491+0000][74][info ][safepoint   ] Safepoint "Cleanup", Time since last: 1000261853 ns, Reaching safepoint: 34635 ns, Cleanup: 43926 ns, At safepoint: 11014 ns, Total: 89575 ns
[2023-12-03T12:45:07.491+0000][74][info ][safepoint   ] Safepoint "Cleanup", Time since last: 1000155617 ns, Reaching safepoint: 16472 ns, Cleanup: 37998 ns, At safepoint: 2962 ns, Total: 57432 ns
[2023-12-03T12:45:08.507+0000][74][info ][safepoint   ] Safepoint "Cleanup", Time since last: 1016249340 ns, Reaching safepoint: 21969 ns, Cleanup: 58723 ns, At safepoint: 11141 ns, Total: 91833 ns
[2023-12-03T12:45:08.586+0000][74][info ][safepoint   ] Safepoint "G1CollectForAllocation", Time since last: 78791679 ns, Reaching safepoint: 94909 ns, Cleanup: 14516 ns, At safepoint: 10015 ns, Total: 119440 ns
[2023-12-03T12:45:08.586+0000][74][info ][gc,start    ] GC(27) Pause Young (Mixed) (GCLocker Initiated GC)
[2023-12-03T12:45:08.586+0000][74][info ][gc,task     ] GC(27) Using 10 workers of 10 for evacuation
[2023-12-03T12:45:08.586+0000][74][debug][gc,age      ] GC(27) Desired survivor size 20971520 bytes, new threshold 15 (max threshold 15)
[2023-12-03T12:45:08.603+0000][74][info ][gc,phases   ] GC(27)   Pre Evacuate Collection Set: 0.1ms
[2023-12-03T12:45:08.603+0000][74][info ][gc,phases   ] GC(27)   Merge Heap Roots: 0.2ms
[2023-12-03T12:45:08.603+0000][74][info ][gc,phases   ] GC(27)   Evacuate Collection Set: 15.1ms
[2023-12-03T12:45:08.603+0000][74][info ][gc,phases   ] GC(27)   Post Evacuate Collection Set: 0.9ms
[2023-12-03T12:45:08.603+0000][74][info ][gc,phases   ] GC(27)   Other: 0.1ms
[2023-12-03T12:45:08.603+0000][74][trace][gc,age      ] GC(27) Age table with threshold 15 (max threshold 15)
[2023-12-03T12:45:08.603+0000][74][trace][gc,age      ] GC(27) - age   1:    4908960 bytes,    4908960 total
[2023-12-03T12:45:08.603+0000][74][trace][gc,age      ] GC(27) - age   2:    2301984 bytes,    7210944 total
[2023-12-03T12:45:08.603+0000][74][trace][gc,age      ] GC(27) - age   3:     243920 bytes,    7454864 total
[2023-12-03T12:45:08.603+0000][74][trace][gc,age      ] GC(27) - age   4:    2864104 bytes,   10318968 total
[2023-12-03T12:45:08.603+0000][74][trace][gc,age      ] GC(27) - age   5:    6015408 bytes,   16334376 total
[2023-12-03T12:45:08.603+0000][74][info ][gc,heap     ] GC(27) Eden regions: 72->0(71)
[2023-12-03T12:45:08.603+0000][74][info ][gc,heap     ] GC(27) Survivor regions: 4->5(10)
[2023-12-03T12:45:08.603+0000][74][info ][gc,heap     ] GC(27) Old regions: 26->25
[2023-12-03T12:45:08.603+0000][74][info ][gc,heap     ] GC(27) Humongous regions: 2->2
[2023-12-03T12:45:08.603+0000][74][info ][gc,metaspace] GC(27) Metaspace: 147065K(150528K)->147065K(150528K) NonClass: 127427K(128896K)->127427K(128896K) Class: 19637K(21632K)->19637K(21632K)
[2023-12-03T12:45:08.603+0000][74][info ][gc          ] GC(27) Pause Young (Mixed) (GCLocker Initiated GC) 409M->124M(512M) 16.592ms
[2023-12-03T12:45:08.603+0000][74][info ][gc,cpu      ] GC(27) User=0.09s Sys=0.01s Real=0.02s
[2023-12-03T12:45:08.603+0000][74][info ][safepoint   ] Safepoint "G1CollectForAllocation", Time since last: 160821 ns, Reaching safepoint: 11934 ns, Cleanup: 1360 ns, At safepoint: 16683283 ns, Total: 16696577 ns
[2023-12-03T12:45:09.157+0000][74][info ][safepoint   ] Safepoint "ICBufferFull", Time since last: 553452807 ns, Reaching safepoint: 35186 ns, Cleanup: 134780 ns, At safepoint: 10891 ns, Total: 180857 ns
[2023-12-03T12:45:10.281+0000][74][info ][safepoint   ] Safepoint "Cleanup", Time since last: 1124838155 ns, Reaching safepoint: 15183 ns, Cleanup: 47231 ns, At safepoint: 7483 ns, Total: 69897 ns
[2023-12-03T12:45:12.123+0000][74][info ][safepoint   ] Safepoint "Cleanup", Time since last: 1841073550 ns, Reaching safepoint: 31022 ns, Cleanup: 50345 ns, At safepoint: 10108 ns, Total: 91475 ns
[2023-12-03T12:45:13.123+0000][74][info ][safepoint   ] Safepoint "Cleanup", Time since last: 1000211411 ns, Reaching safepoint: 20418 ns, Cleanup: 10997 ns, At safepoint: 3451 ns, Total: 34866 ns
[2023-12-03T12:45:14.236+0000][74][info ][safepoint   ] Safepoint "Cleanup", Time since last: 1112868439 ns, Reaching safepoint: 7827 ns, Cleanup: 35739 ns, At safepoint: 3474 ns, Total: 47040 ns
[2023-12-03T12:45:15.718+0000][74][info ][safepoint   ] Safepoint "Cleanup", Time since last: 1482010399 ns, Reaching safepoint: 25853 ns, Cleanup: 49540 ns, At safepoint: 5129 ns, Total: 80522 ns
[2023-12-03T12:45:16.718+0000][74][info ][safepoint   ] Safepoint "Cleanup", Time since last: 1000133421 ns, Reaching safepoint: 50305 ns, Cleanup: 40279 ns, At safepoint: 4994 ns, Total: 95578 ns
[2023-12-03T12:45:17.718+0000][74][info ][safepoint   ] Safepoint "Cleanup", Time since last: 1000151949 ns, Reaching safepoint: 40477 ns, Cleanup: 32369 ns, At safepoint: 3619 ns, Total: 76465 ns
[2023-12-03T12:45:18.719+0000][74][info ][safepoint   ] Safepoint "Cleanup", Time since last: 1000553691 ns, Reaching safepoint: 86063 ns, Cleanup: 32310 ns, At safepoint: 13184 ns, Total: 131557 ns
[2023-12-03T12:45:19.719+0000][74][info ][safepoint   ] Safepoint "Cleanup", Time since last: 1000167883 ns, Reaching safepoint: 23330 ns, Cleanup: 25512 ns, At safepoint: 4328 ns, Total: 53170 ns
[2023-12-03T12:45:20.736+0000][74][info ][safepoint   ] Safepoint "Cleanup", Time since last: 1017006489 ns, Reaching safepoint: 26142 ns, Cleanup: 24342 ns, At safepoint: 9835 ns, Total: 60319 ns
[2023-12-03T12:45:21.753+0000][74][info ][safepoint   ] Safepoint "Cleanup", Time since last: 1016458626 ns, Reaching safepoint: 15483 ns, Cleanup: 17066 ns, At safepoint: 3085 ns, Total: 35634 ns
[2023-12-03T12:45:22.774+0000][74][info ][safepoint   ] Safepoint "Cleanup", Time since last: 1021016622 ns, Reaching safepoint: 35880 ns, Cleanup: 42005 ns, At safepoint: 12971 ns, Total: 90856 ns
[2023-12-03T12:45:23.774+0000][74][info ][safepoint   ] Safepoint "Cleanup", Time since last: 1000229362 ns, Reaching safepoint: 31705 ns, Cleanup: 15690 ns, At safepoint: 4166 ns, Total: 51561 ns
[2023-12-03T12:45:24.774+0000][74][info ][safepoint   ] Safepoint "Cleanup", Time since last: 1000146438 ns, Reaching safepoint: 75997 ns, Cleanup: 40060 ns, At safepoint: 20871 ns, Total: 136928 ns
[2023-12-03T12:45:25.775+0000][74][info ][safepoint   ] Safepoint "Cleanup", Time since last: 1000209524 ns, Reaching safepoint: 35695 ns, Cleanup: 16737 ns, At safepoint: 10590 ns, Total: 63022 ns
[2023-12-03T12:45:26.798+0000][74][info ][safepoint   ] Safepoint "Cleanup", Time since last: 1023010567 ns, Reaching safepoint: 20022 ns, Cleanup: 20845 ns, At safepoint: 6303 ns, Total: 47170 ns
[2023-12-03T12:45:27.798+0000][74][info ][safepoint   ] Safepoint "Cleanup", Time since last: 1000149210 ns, Reaching safepoint: 36600 ns, Cleanup: 42762 ns, At safepoint: 12337 ns, Total: 91699 ns
[2023-12-03T12:45:27.882+0000][74][info ][gc,start    ] GC(28) Pause Young (Normal) (G1 Evacuation Pause)
[2023-12-03T12:45:27.882+0000][74][info ][gc,task     ] GC(28) Using 10 workers of 10 for evacuation
[2023-12-03T12:45:27.882+0000][74][debug][gc,age      ] GC(28) Desired survivor size 20971520 bytes, new threshold 15 (max threshold 15)
[2023-12-03T12:45:27.914+0000][74][info ][gc,phases   ] GC(28)   Pre Evacuate Collection Set: 0.4ms
[2023-12-03T12:45:27.914+0000][74][info ][gc,phases   ] GC(28)   Merge Heap Roots: 0.2ms
[2023-12-03T12:45:27.914+0000][74][info ][gc,phases   ] GC(28)   Evacuate Collection Set: 30.5ms
[2023-12-03T12:45:27.914+0000][74][info ][gc,phases   ] GC(28)   Post Evacuate Collection Set: 1.1ms
[2023-12-03T12:45:27.914+0000][74][info ][gc,phases   ] GC(28)   Other: 0.1ms
[2023-12-03T12:45:27.914+0000][74][trace][gc,age      ] GC(28) Age table with threshold 15 (max threshold 15)
[2023-12-03T12:45:27.914+0000][74][trace][gc,age      ] GC(28) - age   1:    3930592 bytes,    3930592 total
[2023-12-03T12:45:27.914+0000][74][trace][gc,age      ] GC(28) - age   2:    2666048 bytes,    6596640 total
[2023-12-03T12:45:27.914+0000][74][trace][gc,age      ] GC(28) - age   3:    2204624 bytes,    8801264 total
[2023-12-03T12:45:27.914+0000][74][trace][gc,age      ] GC(28) - age   4:     241640 bytes,    9042904 total
[2023-12-03T12:45:27.914+0000][74][trace][gc,age      ] GC(28) - age   5:    2765280 bytes,   11808184 total
[2023-12-03T12:45:27.914+0000][74][trace][gc,age      ] GC(28) - age   6:    6015080 bytes,   17823264 total
[2023-12-03T12:45:27.914+0000][74][info ][gc,heap     ] GC(28) Eden regions: 71->0(71)
[2023-12-03T12:45:27.914+0000][74][info ][gc,heap     ] GC(28) Survivor regions: 5->5(10)
[2023-12-03T12:45:27.914+0000][74][info ][gc,heap     ] GC(28) Old regions: 25->25
[2023-12-03T12:45:27.914+0000][74][info ][gc,heap     ] GC(28) Humongous regions: 2->2
[2023-12-03T12:45:27.914+0000][74][info ][gc,metaspace] GC(28) Metaspace: 147883K(151296K)->147883K(151296K) NonClass: 128185K(129664K)->128185K(129664K) Class: 19697K(21632K)->19697K(21632K)
[2023-12-03T12:45:27.915+0000][74][info ][gc          ] GC(28) Pause Young (Normal) (G1 Evacuation Pause) 408M->125M(512M) 32.750ms
[2023-12-03T12:45:27.915+0000][74][info ][gc,cpu      ] GC(28) User=0.15s Sys=0.01s Real=0.03s
[2023-12-03T12:45:27.915+0000][74][info ][safepoint   ] Safepoint "G1CollectForAllocation", Time since last: 83600053 ns, Reaching safepoint: 34778 ns, Cleanup: 25160 ns, At safepoint: 32880738 ns, Total: 32940676 ns
[2023-12-03T12:45:29.882+0000][74][info ][safepoint   ] Safepoint "Cleanup", Time since last: 1967403411 ns, Reaching safepoint: 70432 ns, Cleanup: 49694 ns, At safepoint: 21857 ns, Total: 141983 ns
[2023-12-03T12:45:31.020+0000][74][info ][safepoint   ] Safepoint "Cleanup", Time since last: 1138259170 ns, Reaching safepoint: 30509 ns, Cleanup: 48224 ns, At safepoint: 9385 ns, Total: 88118 ns
[2023-12-03T12:45:32.021+0000][74][info ][safepoint   ] Safepoint "Cleanup", Time since last: 1000215772 ns, Reaching safepoint: 36483 ns, Cleanup: 35177 ns, At safepoint: 12211 ns, Total: 83871 ns
[2023-12-03T12:45:33.036+0000][74][info ][safepoint   ] Safepoint "Cleanup", Time since last: 1014924821 ns, Reaching safepoint: 21324 ns, Cleanup: 75807 ns, At safepoint: 12812 ns, Total: 109943 ns
[2023-12-03T12:45:34.047+0000][74][info ][safepoint   ] Safepoint "Cleanup", Time since last: 1011457221 ns, Reaching safepoint: 34209 ns, Cleanup: 17333 ns, At safepoint: 10070 ns, Total: 61612 ns
[2023-12-03T12:45:35.048+0000][74][info ][safepoint   ] Safepoint "Cleanup", Time since last: 1000137408 ns, Reaching safepoint: 43775 ns, Cleanup: 27030 ns, At safepoint: 4988 ns, Total: 75793 ns
[2023-12-03T12:45:36.807+0000][74][info ][safepoint   ] Safepoint "Cleanup", Time since last: 1759139662 ns, Reaching safepoint: 6809 ns, Cleanup: 10399 ns, At safepoint: 2416 ns, Total: 19624 ns
[2023-12-03T12:45:38.360+0000][74][info ][safepoint   ] Safepoint "Cleanup", Time since last: 1553642103 ns, Reaching safepoint: 20571 ns, Cleanup: 18570 ns, At safepoint: 9415 ns, Total: 48556 ns
[2023-12-03T12:45:40.066+0000][74][info ][safepoint   ] Safepoint "Cleanup", Time since last: 1705495608 ns, Reaching safepoint: 88126 ns, Cleanup: 91147 ns, At safepoint: 13725 ns, Total: 192998 ns
[2023-12-03T12:45:41.066+0000][74][info ][safepoint   ] Safepoint "Cleanup", Time since last: 1000213001 ns, Reaching safepoint: 13077 ns, Cleanup: 8663 ns, At safepoint: 3577 ns, Total: 25317 ns
[2023-12-03T12:45:42.067+0000][74][info ][safepoint   ] Safepoint "Cleanup", Time since last: 1000180815 ns, Reaching safepoint: 36141 ns, Cleanup: 16206 ns, At safepoint: 12017 ns, Total: 64364 ns
[2023-12-03T12:45:45.068+0000][74][info ][safepoint   ] Safepoint "Cleanup", Time since last: 3000876358 ns, Reaching safepoint: 90757 ns, Cleanup: 124851 ns, At safepoint: 26929 ns, Total: 242537 ns
[2023-12-03T12:45:46.351+0000][74][info ][safepoint   ] Safepoint "Cleanup", Time since last: 1283450629 ns, Reaching safepoint: 38184 ns, Cleanup: 31939 ns, At safepoint: 12239 ns, Total: 82362 ns
[2023-12-03T12:45:47.352+0000][74][info ][safepoint   ] Safepoint "Cleanup", Time since last: 1000613788 ns, Reaching safepoint: 38964 ns, Cleanup: 25065 ns, At safepoint: 12540 ns, Total: 76569 ns
[2023-12-03T12:45:48.948+0000][74][info ][safepoint   ] Safepoint "Cleanup", Time since last: 1596207047 ns, Reaching safepoint: 38823 ns, Cleanup: 135116 ns, At safepoint: 13278 ns, Total: 187217 ns
[2023-12-03T12:45:50.194+0000][74][info ][safepoint   ] Safepoint "Cleanup", Time since last: 1245384991 ns, Reaching safepoint: 168510 ns, Cleanup: 28560 ns, At safepoint: 30383 ns, Total: 227453 ns
[2023-12-03T12:45:51.194+0000][74][info ][safepoint   ] Safepoint "Cleanup", Time since last: 1000142380 ns, Reaching safepoint: 15426 ns, Cleanup: 16569 ns, At safepoint: 2440 ns, Total: 34435 ns
[2023-12-03T12:45:52.209+0000][74][info ][safepoint   ] Safepoint "Cleanup", Time since last: 1014714927 ns, Reaching safepoint: 22868 ns, Cleanup: 83280 ns, At safepoint: 12541 ns, Total: 118689 ns
[2023-12-03T12:45:53.214+0000][74][info ][safepoint   ] Safepoint "Cleanup", Time since last: 1004958863 ns, Reaching safepoint: 39473 ns, Cleanup: 27667 ns, At safepoint: 12096 ns, Total: 79236 ns
[2023-12-03T12:45:54.226+0000][74][info ][safepoint   ] Safepoint "Cleanup", Time since last: 1012346074 ns, Reaching safepoint: 38055 ns, Cleanup: 104333 ns, At safepoint: 12978 ns, Total: 155366 ns
[2023-12-03T12:45:55.880+0000][74][info ][safepoint   ] Safepoint "Cleanup", Time since last: 1653752058 ns, Reaching safepoint: 90796 ns, Cleanup: 85928 ns, At safepoint: 25635 ns, Total: 202359 ns
[2023-12-03T12:45:56.881+0000][74][info ][safepoint   ] Safepoint "Cleanup", Time since last: 1000246815 ns, Reaching safepoint: 37794 ns, Cleanup: 76523 ns, At safepoint: 13077 ns, Total: 127394 ns
[2023-12-03T12:45:58.243+0000][74][info ][safepoint   ] Safepoint "Cleanup", Time since last: 1361703751 ns, Reaching safepoint: 38962 ns, Cleanup: 73422 ns, At safepoint: 12664 ns, Total: 125048 ns
[2023-12-03T12:45:59.312+0000][74][info ][safepoint   ] Safepoint "Cleanup", Time since last: 1068871954 ns, Reaching safepoint: 41876 ns, Cleanup: 43667 ns, At safepoint: 12354 ns, Total: 97897 ns
[2023-12-03T12:46:00.557+0000][74][info ][safepoint   ] Safepoint "Cleanup", Time since last: 1244772235 ns, Reaching safepoint: 84311 ns, Cleanup: 28234 ns, At safepoint: 25130 ns, Total: 137675 ns
[2023-12-03T12:46:01.557+0000][74][info ][safepoint   ] Safepoint "Cleanup", Time since last: 1000230182 ns, Reaching safepoint: 37862 ns, Cleanup: 21963 ns, At safepoint: 11799 ns, Total: 71624 ns
[2023-12-03T12:46:02.557+0000][74][info ][safepoint   ] Safepoint "Cleanup", Time since last: 1000246228 ns, Reaching safepoint: 38264 ns, Cleanup: 28490 ns, At safepoint: 12125 ns, Total: 78879 ns
[2023-12-03T12:46:04.580+0000][74][info ][safepoint   ] Safepoint "Cleanup", Time since last: 2022846105 ns, Reaching safepoint: 23118 ns, Cleanup: 15780 ns, At safepoint: 3787 ns, Total: 42685 ns
[2023-12-03T12:46:05.601+0000][74][info ][safepoint   ] Safepoint "Cleanup", Time since last: 1020923803 ns, Reaching safepoint: 87922 ns, Cleanup: 31169 ns, At safepoint: 14113 ns, Total: 133204 ns
[2023-12-03T12:46:06.602+0000][74][info ][safepoint   ] Safepoint "Cleanup", Time since last: 1000733263 ns, Reaching safepoint: 38502 ns, Cleanup: 37959 ns, At safepoint: 12245 ns, Total: 88706 ns
[2023-12-03T12:46:07.617+0000][74][info ][safepoint   ] Safepoint "Cleanup", Time since last: 1015269299 ns, Reaching safepoint: 39603 ns, Cleanup: 68782 ns, At safepoint: 12796 ns, Total: 121181 ns
[2023-12-03T12:46:09.037+0000][74][info ][gc,start    ] GC(29) Pause Young (Concurrent Start) (G1 Evacuation Pause)
[2023-12-03T12:46:09.040+0000][74][info ][gc,task     ] GC(29) Using 10 workers of 10 for evacuation
[2023-12-03T12:46:09.040+0000][74][debug][gc,age      ] GC(29) Desired survivor size 20971520 bytes, new threshold 15 (max threshold 15)
[2023-12-03T12:46:09.072+0000][74][info ][gc,phases   ] GC(29)   Pre Evacuate Collection Set: 0.3ms
[2023-12-03T12:46:09.072+0000][74][info ][gc,phases   ] GC(29)   Merge Heap Roots: 0.1ms
[2023-12-03T12:46:09.072+0000][74][info ][gc,phases   ] GC(29)   Evacuate Collection Set: 29.4ms
[2023-12-03T12:46:09.072+0000][74][info ][gc,phases   ] GC(29)   Post Evacuate Collection Set: 1.2ms
[2023-12-03T12:46:09.072+0000][74][info ][gc,phases   ] GC(29)   Other: 0.2ms
[2023-12-03T12:46:09.072+0000][74][trace][gc,age      ] GC(29) Age table with threshold 15 (max threshold 15)
[2023-12-03T12:46:09.072+0000][74][trace][gc,age      ] GC(29) - age   1:    7380512 bytes,    7380512 total
[2023-12-03T12:46:09.072+0000][74][trace][gc,age      ] GC(29) - age   2:    2059184 bytes,    9439696 total
[2023-12-03T12:46:09.072+0000][74][trace][gc,age      ] GC(29) - age   3:    2298608 bytes,   11738304 total
[2023-12-03T12:46:09.072+0000][74][trace][gc,age      ] GC(29) - age   4:    2170224 bytes,   13908528 total
[2023-12-03T12:46:09.072+0000][74][trace][gc,age      ] GC(29) - age   5:     241312 bytes,   14149840 total
[2023-12-03T12:46:09.072+0000][74][trace][gc,age      ] GC(29) - age   6:    2764928 bytes,   16914768 total
[2023-12-03T12:46:09.072+0000][74][trace][gc,age      ] GC(29) - age   7:    6014776 bytes,   22929544 total
[2023-12-03T12:46:09.072+0000][74][info ][gc,heap     ] GC(29) Eden regions: 71->0(69)
[2023-12-03T12:46:09.072+0000][74][info ][gc,heap     ] GC(29) Survivor regions: 5->7(10)
[2023-12-03T12:46:09.072+0000][74][info ][gc,heap     ] GC(29) Old regions: 25->25
[2023-12-03T12:46:09.072+0000][74][info ][gc,heap     ] GC(29) Humongous regions: 2->2
[2023-12-03T12:46:09.072+0000][74][info ][gc,metaspace] GC(29) Metaspace: 149097K(152448K)->149097K(152448K) NonClass: 129256K(130752K)->129256K(130752K) Class: 19840K(21696K)->19840K(21696K)
[2023-12-03T12:46:09.072+0000][74][info ][gc          ] GC(29) Pause Young (Concurrent Start) (G1 Evacuation Pause) 409M->132M(512M) 35.143ms
[2023-12-03T12:46:09.072+0000][74][info ][gc,cpu      ] GC(29) User=0.14s Sys=0.01s Real=0.04s
[2023-12-03T12:46:09.072+0000][74][info ][gc          ] GC(30) Concurrent Mark Cycle
[2023-12-03T12:46:09.072+0000][74][info ][gc,marking  ] GC(30) Concurrent Scan Root Regions
[2023-12-03T12:46:09.072+0000][74][info ][safepoint   ] Safepoint "G1CollectForAllocation", Time since last: 1419397986 ns, Reaching safepoint: 28120 ns, Cleanup: 15127 ns, At safepoint: 35316374 ns, Total: 35359621 ns
[2023-12-03T12:46:09.080+0000][74][info ][gc,marking  ] GC(30) Concurrent Scan Root Regions 8.068ms
[2023-12-03T12:46:09.080+0000][74][info ][gc,marking  ] GC(30) Concurrent Mark
[2023-12-03T12:46:09.080+0000][74][info ][gc,marking  ] GC(30) Concurrent Mark From Roots
[2023-12-03T12:46:09.080+0000][74][info ][gc,task     ] GC(30) Using 3 workers of 3 for marking
[2023-12-03T12:46:09.119+0000][74][info ][gc,marking  ] GC(30) Concurrent Mark From Roots 38.522ms
[2023-12-03T12:46:09.119+0000][74][info ][gc,marking  ] GC(30) Concurrent Preclean
[2023-12-03T12:46:09.119+0000][74][info ][gc,marking  ] GC(30) Concurrent Preclean 0.403ms
[2023-12-03T12:46:09.119+0000][74][info ][gc,start    ] GC(30) Pause Remark
[2023-12-03T12:46:09.163+0000][74][info ][gc          ] GC(30) Pause Remark 133M->133M(512M) 43.381ms
[2023-12-03T12:46:09.163+0000][74][info ][gc,cpu      ] GC(30) User=0.14s Sys=0.00s Real=0.04s
[2023-12-03T12:46:09.163+0000][74][info ][safepoint   ] Safepoint "G1PauseRemark", Time since last: 47097756 ns, Reaching safepoint: 19501 ns, Cleanup: 9258 ns, At safepoint: 43469417 ns, Total: 43498176 ns
[2023-12-03T12:46:09.163+0000][74][info ][gc,marking  ] GC(30) Concurrent Mark 82.509ms
[2023-12-03T12:46:09.163+0000][74][info ][gc,marking  ] GC(30) Concurrent Rebuild Remembered Sets and Scrub Regions
[2023-12-03T12:46:09.180+0000][74][info ][gc,marking  ] GC(30) Concurrent Rebuild Remembered Sets and Scrub Regions 17.662ms
[2023-12-03T12:46:09.181+0000][74][info ][gc,start    ] GC(30) Pause Cleanup
[2023-12-03T12:46:09.181+0000][74][info ][gc          ] GC(30) Pause Cleanup 133M->133M(512M) 0.107ms
[2023-12-03T12:46:09.181+0000][74][info ][gc,cpu      ] GC(30) User=0.00s Sys=0.00s Real=0.00s
[2023-12-03T12:46:09.181+0000][74][info ][safepoint   ] Safepoint "G1PauseCleanup", Time since last: 17805189 ns, Reaching safepoint: 12957 ns, Cleanup: 34013 ns, At safepoint: 183918 ns, Total: 230888 ns
[2023-12-03T12:46:09.181+0000][74][info ][gc,marking  ] GC(30) Concurrent Clear Claimed Marks
[2023-12-03T12:46:09.181+0000][74][info ][gc,marking  ] GC(30) Concurrent Clear Claimed Marks 0.118ms
[2023-12-03T12:46:09.181+0000][74][info ][gc,marking  ] GC(30) Concurrent Cleanup for Next Mark
[2023-12-03T12:46:09.181+0000][74][info ][gc,marking  ] GC(30) Concurrent Cleanup for Next Mark 0.150ms
[2023-12-03T12:46:09.181+0000][74][info ][gc          ] GC(30) Concurrent Mark Cycle 108.999ms
[2023-12-03T12:46:10.637+0000][74][info ][safepoint   ] Safepoint "Cleanup", Time since last: 1455822038 ns, Reaching safepoint: 24740 ns, Cleanup: 57664 ns, At safepoint: 6964 ns, Total: 89368 ns
[2023-12-03T12:46:11.646+0000][74][info ][safepoint   ] Safepoint "Cleanup", Time since last: 1009558206 ns, Reaching safepoint: 15627 ns, Cleanup: 19636 ns, At safepoint: 3560 ns, Total: 38823 ns
[2023-12-03T12:46:12.657+0000][74][info ][safepoint   ] Safepoint "Cleanup", Time since last: 1010777011 ns, Reaching safepoint: 38354 ns, Cleanup: 20019 ns, At safepoint: 12071 ns, Total: 70444 ns
[2023-12-03T12:46:14.658+0000][74][info ][safepoint   ] Safepoint "Cleanup", Time since last: 2000340267 ns, Reaching safepoint: 37957 ns, Cleanup: 113801 ns, At safepoint: 9755 ns, Total: 161513 ns
[2023-12-03T12:46:16.682+0000][74][info ][safepoint   ] Safepoint "Cleanup", Time since last: 2024217165 ns, Reaching safepoint: 48427 ns, Cleanup: 15509 ns, At safepoint: 6315 ns, Total: 70251 ns
[2023-12-03T12:46:17.682+0000][74][info ][safepoint   ] Safepoint "Cleanup", Time since last: 1000209089 ns, Reaching safepoint: 39283 ns, Cleanup: 30363 ns, At safepoint: 12278 ns, Total: 81924 ns
[2023-12-03T12:46:18.703+0000][74][info ][safepoint   ] Safepoint "Cleanup", Time since last: 1020519969 ns, Reaching safepoint: 40551 ns, Cleanup: 35459 ns, At safepoint: 12820 ns, Total: 88830 ns
[2023-12-03T12:46:19.703+0000][74][info ][safepoint   ] Safepoint "Cleanup", Time since last: 1000273001 ns, Reaching safepoint: 87982 ns, Cleanup: 20602 ns, At safepoint: 12990 ns, Total: 121574 ns
[2023-12-03T12:46:21.704+0000][74][info ][safepoint   ] Safepoint "Cleanup", Time since last: 2000303330 ns, Reaching safepoint: 37382 ns, Cleanup: 38817 ns, At safepoint: 11897 ns, Total: 88096 ns
[2023-12-03T12:46:22.745+0000][74][info ][safepoint   ] Safepoint "Cleanup", Time since last: 1041414571 ns, Reaching safepoint: 20184 ns, Cleanup: 27636 ns, At safepoint: 13128 ns, Total: 60948 ns
[2023-12-03T12:46:23.750+0000][74][info ][safepoint   ] Safepoint "Cleanup", Time since last: 1005028830 ns, Reaching safepoint: 38784 ns, Cleanup: 21729 ns, At safepoint: 11603 ns, Total: 72116 ns
[2023-12-03T12:46:24.775+0000][74][info ][safepoint   ] Safepoint "Cleanup", Time since last: 1024868707 ns, Reaching safepoint: 59550 ns, Cleanup: 58864 ns, At safepoint: 13545 ns, Total: 131959 ns
[2023-12-03T12:46:25.775+0000][74][info ][safepoint   ] Safepoint "Cleanup", Time since last: 1000187606 ns, Reaching safepoint: 35284 ns, Cleanup: 11694 ns, At safepoint: 2675 ns, Total: 49653 ns
[2023-12-03T12:46:26.776+0000][74][info ][safepoint   ] Safepoint "Cleanup", Time since last: 1000149670 ns, Reaching safepoint: 36837 ns, Cleanup: 28081 ns, At safepoint: 12071 ns, Total: 76989 ns
[2023-12-03T12:46:27.794+0000][74][info ][safepoint   ] Safepoint "Cleanup", Time since last: 1018447975 ns, Reaching safepoint: 27477 ns, Cleanup: 80165 ns, At safepoint: 15040 ns, Total: 122682 ns
[2023-12-03T12:46:28.804+0000][74][info ][safepoint   ] Safepoint "Cleanup", Time since last: 1010210823 ns, Reaching safepoint: 7845 ns, Cleanup: 16189 ns, At safepoint: 2302 ns, Total: 26336 ns
[2023-12-03T12:46:29.814+0000][74][info ][safepoint   ] Safepoint "Cleanup", Time since last: 1009619417 ns, Reaching safepoint: 87786 ns, Cleanup: 34687 ns, At safepoint: 13155 ns, Total: 135628 ns
[2023-12-03T12:46:30.814+0000][74][info ][safepoint   ] Safepoint "Cleanup", Time since last: 1000244341 ns, Reaching safepoint: 39663 ns, Cleanup: 18503 ns, At safepoint: 11968 ns, Total: 70134 ns
[2023-12-03T12:46:31.815+0000][74][info ][safepoint   ] Safepoint "Cleanup", Time since last: 1000243605 ns, Reaching safepoint: 16814 ns, Cleanup: 28170 ns, At safepoint: 2980 ns, Total: 47964 ns
[2023-12-03T12:46:33.822+0000][74][info ][safepoint   ] Safepoint "Cleanup", Time since last: 2007153903 ns, Reaching safepoint: 21740 ns, Cleanup: 11461 ns, At safepoint: 9765 ns, Total: 42966 ns
[2023-12-03T12:46:34.832+0000][74][info ][safepoint   ] Safepoint "Cleanup", Time since last: 1009611663 ns, Reaching safepoint: 38764 ns, Cleanup: 35509 ns, At safepoint: 12307 ns, Total: 86580 ns
[2023-12-03T12:46:35.846+0000][74][info ][safepoint   ] Safepoint "Cleanup", Time since last: 1014727021 ns, Reaching safepoint: 38604 ns, Cleanup: 28180 ns, At safepoint: 11929 ns, Total: 78713 ns
[2023-12-03T12:46:36.863+0000][74][info ][safepoint   ] Safepoint "Cleanup", Time since last: 1016584619 ns, Reaching safepoint: 21213 ns, Cleanup: 57862 ns, At safepoint: 13160 ns, Total: 92235 ns
[2023-12-03T12:46:38.196+0000][74][info ][safepoint   ] Safepoint "Cleanup", Time since last: 1332400333 ns, Reaching safepoint: 31230 ns, Cleanup: 77745 ns, At safepoint: 13326 ns, Total: 122301 ns
[2023-12-03T12:46:39.689+0000][74][info ][safepoint   ] Safepoint "Cleanup", Time since last: 1492876628 ns, Reaching safepoint: 80519 ns, Cleanup: 139396 ns, At safepoint: 23237 ns, Total: 243152 ns
[2023-12-03T12:46:40.921+0000][74][info ][safepoint   ] Safepoint "Cleanup", Time since last: 1232459407 ns, Reaching safepoint: 20295 ns, Cleanup: 147862 ns, At safepoint: 13715 ns, Total: 181872 ns
[2023-12-03T12:46:41.935+0000][74][info ][safepoint   ] Safepoint "Cleanup", Time since last: 1013252473 ns, Reaching safepoint: 27707 ns, Cleanup: 21266 ns, At safepoint: 6865 ns, Total: 55838 ns
[2023-12-03T12:46:42.946+0000][74][info ][safepoint   ] Safepoint "Cleanup", Time since last: 1011136642 ns, Reaching safepoint: 13737 ns, Cleanup: 55045 ns, At safepoint: 4539 ns, Total: 73321 ns
[2023-12-03T12:46:43.950+0000][74][info ][safepoint   ] Safepoint "Cleanup", Time since last: 1003909281 ns, Reaching safepoint: 26133 ns, Cleanup: 19899 ns, At safepoint: 6151 ns, Total: 52183 ns
[2023-12-03T12:46:44.950+0000][74][info ][safepoint   ] Safepoint "Cleanup", Time since last: 1000209128 ns, Reaching safepoint: 90751 ns, Cleanup: 31121 ns, At safepoint: 24939 ns, Total: 146811 ns
[2023-12-03T12:46:45.950+0000][74][info ][safepoint   ] Safepoint "Cleanup", Time since last: 1000190404 ns, Reaching safepoint: 45077 ns, Cleanup: 27080 ns, At safepoint: 12187 ns, Total: 84344 ns
[2023-12-03T12:46:47.215+0000][74][info ][safepoint   ] Safepoint "Cleanup", Time since last: 1264794798 ns, Reaching safepoint: 18465 ns, Cleanup: 15406 ns, At safepoint: 3305 ns, Total: 37176 ns
[2023-12-03T12:46:48.216+0000][74][info ][safepoint   ] Safepoint "Cleanup", Time since last: 1000135844 ns, Reaching safepoint: 41526 ns, Cleanup: 35863 ns, At safepoint: 11620 ns, Total: 89009 ns
[2023-12-03T12:46:49.284+0000][74][info ][safepoint   ] Safepoint "Cleanup", Time since last: 1068215912 ns, Reaching safepoint: 38184 ns, Cleanup: 47992 ns, At safepoint: 9328 ns, Total: 95504 ns
[2023-12-03T12:46:50.386+0000][74][info ][safepoint   ] Safepoint "Cleanup", Time since last: 1102080144 ns, Reaching safepoint: 43234 ns, Cleanup: 23426 ns, At safepoint: 65609 ns, Total: 132269 ns
[2023-12-03T12:46:51.386+0000][74][info ][safepoint   ] Safepoint "Cleanup", Time since last: 1000166671 ns, Reaching safepoint: 16807 ns, Cleanup: 14660 ns, At safepoint: 3204 ns, Total: 34671 ns
[2023-12-03T12:46:52.395+0000][74][info ][safepoint   ] Safepoint "Cleanup", Time since last: 1008581663 ns, Reaching safepoint: 19277 ns, Cleanup: 27647 ns, At safepoint: 8835 ns, Total: 55759 ns
[2023-12-03T12:46:55.439+0000][74][info ][safepoint   ] Safepoint "Cleanup", Time since last: 3043916361 ns, Reaching safepoint: 39996 ns, Cleanup: 38067 ns, At safepoint: 12229 ns, Total: 90292 ns
[2023-12-03T12:46:56.439+0000][74][info ][safepoint   ] Safepoint "Cleanup", Time since last: 1000214610 ns, Reaching safepoint: 40221 ns, Cleanup: 42812 ns, At safepoint: 12841 ns, Total: 95874 ns
[2023-12-03T12:46:57.440+0000][74][info ][safepoint   ] Safepoint "Cleanup", Time since last: 1000287480 ns, Reaching safepoint: 18205 ns, Cleanup: 13271 ns, At safepoint: 3213 ns, Total: 34689 ns
[2023-12-03T12:46:58.440+0000][74][info ][safepoint   ] Safepoint "Cleanup", Time since last: 1000139644 ns, Reaching safepoint: 23041 ns, Cleanup: 13886 ns, At safepoint: 4450 ns, Total: 41377 ns
[2023-12-03T12:46:59.591+0000][74][info ][safepoint   ] Safepoint "Cleanup", Time since last: 1150946836 ns, Reaching safepoint: 15005 ns, Cleanup: 47337 ns, At safepoint: 7232 ns, Total: 69574 ns
[2023-12-03T12:47:00.601+0000][74][info ][safepoint   ] Safepoint "Cleanup", Time since last: 1010554774 ns, Reaching safepoint: 40828 ns, Cleanup: 9276 ns, At safepoint: 7437 ns, Total: 57541 ns
[2023-12-03T12:47:01.602+0000][74][info ][safepoint   ] Safepoint "Cleanup", Time since last: 1000143463 ns, Reaching safepoint: 40505 ns, Cleanup: 33874 ns, At safepoint: 10857 ns, Total: 85236 ns
[2023-12-03T12:47:04.627+0000][74][info ][safepoint   ] Safepoint "Cleanup", Time since last: 3025604930 ns, Reaching safepoint: 19382 ns, Cleanup: 7595 ns, At safepoint: 3365 ns, Total: 30342 ns
[2023-12-03T12:47:05.727+0000][74][info ][gc,start    ] GC(31) Pause Young (Prepare Mixed) (G1 Evacuation Pause)
[2023-12-03T12:47:05.727+0000][74][info ][gc,task     ] GC(31) Using 10 workers of 10 for evacuation
[2023-12-03T12:47:05.727+0000][74][debug][gc,age      ] GC(31) Desired survivor size 20971520 bytes, new threshold 7 (max threshold 15)
[2023-12-03T12:47:05.758+0000][74][info ][gc,phases   ] GC(31)   Pre Evacuate Collection Set: 0.4ms
[2023-12-03T12:47:05.758+0000][74][info ][gc,phases   ] GC(31)   Merge Heap Roots: 0.2ms
[2023-12-03T12:47:05.758+0000][74][info ][gc,phases   ] GC(31)   Evacuate Collection Set: 29.1ms
[2023-12-03T12:47:05.758+0000][74][info ][gc,phases   ] GC(31)   Post Evacuate Collection Set: 1.1ms
[2023-12-03T12:47:05.758+0000][74][info ][gc,phases   ] GC(31)   Other: 0.1ms
[2023-12-03T12:47:05.758+0000][74][trace][gc,age      ] GC(31) Age table with threshold 7 (max threshold 15)
[2023-12-03T12:47:05.758+0000][74][trace][gc,age      ] GC(31) - age   1:    3434384 bytes,    3434384 total
[2023-12-03T12:47:05.758+0000][74][trace][gc,age      ] GC(31) - age   2:    5347064 bytes,    8781448 total
[2023-12-03T12:47:05.758+0000][74][trace][gc,age      ] GC(31) - age   3:    1936544 bytes,   10717992 total
[2023-12-03T12:47:05.758+0000][74][trace][gc,age      ] GC(31) - age   4:    2276336 bytes,   12994328 total
[2023-12-03T12:47:05.758+0000][74][trace][gc,age      ] GC(31) - age   5:    2129280 bytes,   15123608 total
[2023-12-03T12:47:05.758+0000][74][trace][gc,age      ] GC(31) - age   6:     239560 bytes,   15363168 total
[2023-12-03T12:47:05.758+0000][74][trace][gc,age      ] GC(31) - age   7:    2748080 bytes,   18111248 total
[2023-12-03T12:47:05.758+0000][74][info ][gc,heap     ] GC(31) Eden regions: 69->0(71)
[2023-12-03T12:47:05.758+0000][74][info ][gc,heap     ] GC(31) Survivor regions: 7->5(10)
[2023-12-03T12:47:05.758+0000][74][info ][gc,heap     ] GC(31) Old regions: 25->27
[2023-12-03T12:47:05.758+0000][74][info ][gc,heap     ] GC(31) Humongous regions: 2->2
[2023-12-03T12:47:05.758+0000][74][info ][gc,metaspace] GC(31) Metaspace: 150561K(153792K)->150561K(153792K) NonClass: 130555K(132096K)->130555K(132096K) Class: 20005K(21696K)->20005K(21696K)
[2023-12-03T12:47:05.758+0000][74][info ][gc          ] GC(31) Pause Young (Prepare Mixed) (G1 Evacuation Pause) 408M->132M(512M) 31.310ms
[2023-12-03T12:47:05.759+0000][74][info ][gc,cpu      ] GC(31) User=0.17s Sys=0.01s Real=0.04s
[2023-12-03T12:47:05.759+0000][74][info ][safepoint   ] Safepoint "G1CollectForAllocation", Time since last: 1099869524 ns, Reaching safepoint: 33685 ns, Cleanup: 6639 ns, At safepoint: 31503572 ns, Total: 31543896 ns
[2023-12-03T12:47:06.759+0000][74][info ][safepoint   ] Safepoint "Cleanup", Time since last: 1000102412 ns, Reaching safepoint: 20338 ns, Cleanup: 22091 ns, At safepoint: 2697 ns, Total: 45126 ns
[2023-12-03T12:47:07.819+0000][74][info ][safepoint   ] Safepoint "Cleanup", Time since last: 1059807715 ns, Reaching safepoint: 18234 ns, Cleanup: 14978 ns, At safepoint: 3237 ns, Total: 36449 ns
[2023-12-03T12:47:09.828+0000][74][info ][safepoint   ] Safepoint "Cleanup", Time since last: 2009278367 ns, Reaching safepoint: 28806 ns, Cleanup: 10501 ns, At safepoint: 3578 ns, Total: 42885 ns
[2023-12-03T12:47:10.833+0000][74][info ][safepoint   ] Safepoint "Cleanup", Time since last: 1005391011 ns, Reaching safepoint: 7870 ns, Cleanup: 42436 ns, At safepoint: 2149 ns, Total: 52455 ns
[2023-12-03T12:47:11.838+0000][74][info ][safepoint   ] Safepoint "Cleanup", Time since last: 1004374750 ns, Reaching safepoint: 40338 ns, Cleanup: 57820 ns, At safepoint: 7629 ns, Total: 105787 ns
[2023-12-03T12:47:13.854+0000][74][info ][safepoint   ] Safepoint "Cleanup", Time since last: 2015739070 ns, Reaching safepoint: 28430 ns, Cleanup: 16981 ns, At safepoint: 6001 ns, Total: 51412 ns
[2023-12-03T12:47:14.854+0000][74][info ][safepoint   ] Safepoint "Cleanup", Time since last: 1000188578 ns, Reaching safepoint: 49200 ns, Cleanup: 43385 ns, At safepoint: 17746 ns, Total: 110331 ns
[2023-12-03T12:47:16.522+0000][74][info ][safepoint   ] Safepoint "Cleanup", Time since last: 1667668740 ns, Reaching safepoint: 37634 ns, Cleanup: 89931 ns, At safepoint: 15372 ns, Total: 142937 ns
[2023-12-03T12:47:17.882+0000][74][info ][safepoint   ] Safepoint "Cleanup", Time since last: 1360323382 ns, Reaching safepoint: 16697 ns, Cleanup: 28483 ns, At safepoint: 3157 ns, Total: 48337 ns
[2023-12-03T12:47:18.910+0000][74][info ][safepoint   ] Safepoint "Cleanup", Time since last: 1027974251 ns, Reaching safepoint: 12101 ns, Cleanup: 20524 ns, At safepoint: 5095 ns, Total: 37720 ns
[2023-12-03T12:47:19.914+0000][74][info ][safepoint   ] Safepoint "Cleanup", Time since last: 1004113221 ns, Reaching safepoint: 40391 ns, Cleanup: 13005 ns, At safepoint: 3883 ns, Total: 57279 ns
[2023-12-03T12:47:20.924+0000][74][info ][safepoint   ] Safepoint "Cleanup", Time since last: 1009667305 ns, Reaching safepoint: 39403 ns, Cleanup: 17826 ns, At safepoint: 11884 ns, Total: 69113 ns
[2023-12-03T12:47:21.933+0000][74][info ][safepoint   ] Safepoint "Cleanup", Time since last: 1008977881 ns, Reaching safepoint: 39115 ns, Cleanup: 36301 ns, At safepoint: 7811 ns, Total: 83227 ns
[2023-12-03T12:47:22.939+0000][74][info ][safepoint   ] Safepoint "Cleanup", Time since last: 1006015075 ns, Reaching safepoint: 15819 ns, Cleanup: 48916 ns, At safepoint: 8238 ns, Total: 72973 ns
[2023-12-03T12:47:23.948+0000][74][info ][safepoint   ] Safepoint "Cleanup", Time since last: 1008228460 ns, Reaching safepoint: 48509 ns, Cleanup: 23592 ns, At safepoint: 14788 ns, Total: 86889 ns
[2023-12-03T12:47:24.977+0000][74][info ][safepoint   ] Safepoint "Cleanup", Time since last: 1029342032 ns, Reaching safepoint: 60836 ns, Cleanup: 14395 ns, At safepoint: 4653 ns, Total: 79884 ns
[2023-12-03T12:47:25.977+0000][74][info ][safepoint   ] Safepoint "Cleanup", Time since last: 1000209531 ns, Reaching safepoint: 45153 ns, Cleanup: 34829 ns, At safepoint: 11566 ns, Total: 91548 ns
[2023-12-03T12:47:28.978+0000][74][info ][safepoint   ] Safepoint "Cleanup", Time since last: 3000374282 ns, Reaching safepoint: 27422 ns, Cleanup: 12644 ns, At safepoint: 4457 ns, Total: 44523 ns
[2023-12-03T12:47:29.993+0000][74][info ][safepoint   ] Safepoint "Cleanup", Time since last: 1015043779 ns, Reaching safepoint: 44087 ns, Cleanup: 14592 ns, At safepoint: 2824 ns, Total: 61503 ns
[2023-12-03T12:47:31.004+0000][74][info ][safepoint   ] Safepoint "Cleanup", Time since last: 1011096408 ns, Reaching safepoint: 39276 ns, Cleanup: 18495 ns, At safepoint: 3792 ns, Total: 61563 ns
[2023-12-03T12:47:32.004+0000][74][info ][safepoint   ] Safepoint "Cleanup", Time since last: 1000129050 ns, Reaching safepoint: 27534 ns, Cleanup: 9777 ns, At safepoint: 3835 ns, Total: 41146 ns
[2023-12-03T12:47:33.015+0000][74][info ][safepoint   ] Safepoint "Cleanup", Time since last: 1010515395 ns, Reaching safepoint: 112330 ns, Cleanup: 25590 ns, At safepoint: 15356 ns, Total: 153276 ns
[2023-12-03T12:47:34.672+0000][74][info ][safepoint   ] Safepoint "Cleanup", Time since last: 1656508984 ns, Reaching safepoint: 87140 ns, Cleanup: 163360 ns, At safepoint: 26240 ns, Total: 276740 ns
[2023-12-03T12:47:35.672+0000][74][info ][safepoint   ] Safepoint "Cleanup", Time since last: 1000180800 ns, Reaching safepoint: 25952 ns, Cleanup: 18386 ns, At safepoint: 5313 ns, Total: 49651 ns
[2023-12-03T12:47:36.713+0000][74][info ][safepoint   ] Safepoint "Cleanup", Time since last: 1040741828 ns, Reaching safepoint: 21825 ns, Cleanup: 51190 ns, At safepoint: 10403 ns, Total: 83418 ns
[2023-12-03T12:47:38.156+0000][74][info ][safepoint   ] Safepoint "Cleanup", Time since last: 1442900749 ns, Reaching safepoint: 35569 ns, Cleanup: 46451 ns, At safepoint: 11727 ns, Total: 93747 ns
[2023-12-03T12:47:39.178+0000][74][info ][safepoint   ] Safepoint "Cleanup", Time since last: 1022705192 ns, Reaching safepoint: 33887 ns, Cleanup: 100591 ns, At safepoint: 11625 ns, Total: 146103 ns
[2023-12-03T12:47:40.179+0000][74][info ][safepoint   ] Safepoint "Cleanup", Time since last: 1000252145 ns, Reaching safepoint: 96546 ns, Cleanup: 21110 ns, At safepoint: 16042 ns, Total: 133698 ns
[2023-12-03T12:47:41.179+0000][74][info ][safepoint   ] Safepoint "Cleanup", Time since last: 1000230026 ns, Reaching safepoint: 36838 ns, Cleanup: 33444 ns, At safepoint: 10317 ns, Total: 80599 ns
[2023-12-03T12:47:42.179+0000][74][info ][safepoint   ] Safepoint "Cleanup", Time since last: 1000224961 ns, Reaching safepoint: 51628 ns, Cleanup: 34068 ns, At safepoint: 10951 ns, Total: 96647 ns
[2023-12-03T12:47:43.210+0000][74][info ][safepoint   ] Safepoint "Cleanup", Time since last: 1030677718 ns, Reaching safepoint: 40689 ns, Cleanup: 20457 ns, At safepoint: 11997 ns, Total: 73143 ns
[2023-12-03T12:47:44.377+0000][74][info ][safepoint   ] Safepoint "Cleanup", Time since last: 1166415255 ns, Reaching safepoint: 40155 ns, Cleanup: 53882 ns, At safepoint: 12200 ns, Total: 106237 ns
[2023-12-03T12:47:45.378+0000][74][info ][safepoint   ] Safepoint "Cleanup", Time since last: 1000681254 ns, Reaching safepoint: 37104 ns, Cleanup: 21062 ns, At safepoint: 61103 ns, Total: 119269 ns
[2023-12-03T12:47:46.574+0000][74][info ][safepoint   ] Safepoint "Cleanup", Time since last: 1196830873 ns, Reaching safepoint: 10969 ns, Cleanup: 32887 ns, At safepoint: 3891 ns, Total: 47747 ns
[2023-12-03T12:47:47.579+0000][74][info ][safepoint   ] Safepoint "Cleanup", Time since last: 1004841216 ns, Reaching safepoint: 40519 ns, Cleanup: 36574 ns, At safepoint: 13068 ns, Total: 90161 ns
[2023-12-03T12:47:47.901+0000][74][info ][gc,start    ] GC(32) Pause Young (Mixed) (G1 Evacuation Pause)
[2023-12-03T12:47:47.902+0000][74][info ][gc,task     ] GC(32) Using 10 workers of 10 for evacuation
[2023-12-03T12:47:47.902+0000][74][debug][gc,age      ] GC(32) Desired survivor size 20971520 bytes, new threshold 15 (max threshold 15)
[2023-12-03T12:47:47.921+0000][74][info ][gc,phases   ] GC(32)   Pre Evacuate Collection Set: 0.1ms
[2023-12-03T12:47:47.921+0000][74][info ][gc,phases   ] GC(32)   Merge Heap Roots: 0.1ms
[2023-12-03T12:47:47.921+0000][74][info ][gc,phases   ] GC(32)   Evacuate Collection Set: 17.7ms
[2023-12-03T12:47:47.921+0000][74][info ][gc,phases   ] GC(32)   Post Evacuate Collection Set: 1.3ms
[2023-12-03T12:47:47.921+0000][74][info ][gc,phases   ] GC(32)   Other: 0.1ms
[2023-12-03T12:47:47.921+0000][74][trace][gc,age      ] GC(32) Age table with threshold 15 (max threshold 15)
[2023-12-03T12:47:47.921+0000][74][trace][gc,age      ] GC(32) - age   1:    3675584 bytes,    3675584 total
[2023-12-03T12:47:47.921+0000][74][trace][gc,age      ] GC(32) - age   2:    2107744 bytes,    5783328 total
[2023-12-03T12:47:47.921+0000][74][trace][gc,age      ] GC(32) - age   3:    5253976 bytes,   11037304 total
[2023-12-03T12:47:47.921+0000][74][trace][gc,age      ] GC(32) - age   4:    1865112 bytes,   12902416 total
[2023-12-03T12:47:47.921+0000][74][trace][gc,age      ] GC(32) - age   5:    2263520 bytes,   15165936 total
[2023-12-03T12:47:47.921+0000][74][trace][gc,age      ] GC(32) - age   6:    2127384 bytes,   17293320 total
[2023-12-03T12:47:47.921+0000][74][trace][gc,age      ] GC(32) - age   7:     239560 bytes,   17532880 total
[2023-12-03T12:47:47.921+0000][74][trace][gc,age      ] GC(32) - age   8:    2745680 bytes,   20278560 total
[2023-12-03T12:47:47.921+0000][74][info ][gc,heap     ] GC(32) Eden regions: 71->0(70)
[2023-12-03T12:47:47.921+0000][74][info ][gc,heap     ] GC(32) Survivor regions: 5->6(10)
[2023-12-03T12:47:47.921+0000][74][info ][gc,heap     ] GC(32) Old regions: 27->27
[2023-12-03T12:47:47.921+0000][74][info ][gc,heap     ] GC(32) Humongous regions: 2->2
[2023-12-03T12:47:47.921+0000][74][info ][gc,metaspace] GC(32) Metaspace: 151659K(154752K)->151659K(154752K) NonClass: 131533K(133056K)->131533K(133056K) Class: 20126K(21696K)->20126K(21696K)
[2023-12-03T12:47:47.921+0000][74][info ][gc          ] GC(32) Pause Young (Mixed) (G1 Evacuation Pause) 416M->134M(512M) 19.550ms
[2023-12-03T12:47:47.921+0000][74][info ][gc,cpu      ] GC(32) User=0.10s Sys=0.00s Real=0.02s
[2023-12-03T12:47:47.921+0000][74][info ][safepoint   ] Safepoint "G1CollectForAllocation", Time since last: 322066140 ns, Reaching safepoint: 18466 ns, Cleanup: 17838 ns, At safepoint: 19672419 ns, Total: 19708723 ns
[2023-12-03T12:47:49.632+0000][74][info ][safepoint   ] Safepoint "Cleanup", Time since last: 1710258194 ns, Reaching safepoint: 23677 ns, Cleanup: 87557 ns, At safepoint: 11418 ns, Total: 122652 ns
[2023-12-03T12:47:50.652+0000][74][info ][safepoint   ] Safepoint "Cleanup", Time since last: 1020589229 ns, Reaching safepoint: 39629 ns, Cleanup: 27877 ns, At safepoint: 11485 ns, Total: 78991 ns
[2023-12-03T12:47:51.652+0000][74][info ][safepoint   ] Safepoint "Cleanup", Time since last: 1000225454 ns, Reaching safepoint: 39305 ns, Cleanup: 31230 ns, At safepoint: 11224 ns, Total: 81759 ns
[2023-12-03T12:47:54.653+0000][74][info ][safepoint   ] Safepoint "Cleanup", Time since last: 3000770497 ns, Reaching safepoint: 64477 ns, Cleanup: 40982 ns, At safepoint: 13984 ns, Total: 119443 ns
[2023-12-03T12:47:56.654+0000][74][info ][safepoint   ] Safepoint "Cleanup", Time since last: 2000246665 ns, Reaching safepoint: 60351 ns, Cleanup: 19481 ns, At safepoint: 5599 ns, Total: 85431 ns
[2023-12-03T12:47:58.142+0000][74][info ][safepoint   ] Safepoint "Cleanup", Time since last: 1488010679 ns, Reaching safepoint: 21279 ns, Cleanup: 8896 ns, At safepoint: 3272 ns, Total: 33447 ns
[2023-12-03T12:47:59.759+0000][74][info ][safepoint   ] Safepoint "Cleanup", Time since last: 1616958546 ns, Reaching safepoint: 15335 ns, Cleanup: 20870 ns, At safepoint: 2821 ns, Total: 39026 ns
[2023-12-03T12:48:01.041+0000][74][info ][safepoint   ] Safepoint "Cleanup", Time since last: 1281716571 ns, Reaching safepoint: 23397 ns, Cleanup: 40899 ns, At safepoint: 10880 ns, Total: 75176 ns
[2023-12-03T12:48:02.049+0000][74][info ][safepoint   ] Safepoint "Cleanup", Time since last: 1008581100 ns, Reaching safepoint: 39208 ns, Cleanup: 87422 ns, At safepoint: 12147 ns, Total: 138777 ns
[2023-12-03T12:48:04.056+0000][74][info ][safepoint   ] Safepoint "Cleanup", Time since last: 2006945957 ns, Reaching safepoint: 82959 ns, Cleanup: 24840 ns, At safepoint: 22774 ns, Total: 130573 ns
[2023-12-03T12:48:05.057+0000][74][info ][safepoint   ] Safepoint "Cleanup", Time since last: 1000187456 ns, Reaching safepoint: 49187 ns, Cleanup: 21170 ns, At safepoint: 13911 ns, Total: 84268 ns
[2023-12-03T12:48:06.598+0000][74][info ][safepoint   ] Safepoint "Cleanup", Time since last: 1541168485 ns, Reaching safepoint: 37317 ns, Cleanup: 44057 ns, At safepoint: 11496 ns, Total: 92870 ns
[2023-12-03T12:48:07.076+0000][74][info ][safepoint   ] Safepoint "ICBufferFull", Time since last: 475576076 ns, Reaching safepoint: 2146605 ns, Cleanup: 111960 ns, At safepoint: 26999 ns, Total: 2285564 ns
[2023-12-03T12:48:07.079+0000][74][info ][safepoint   ] Safepoint "ICBufferFull", Time since last: 3019784 ns, Reaching safepoint: 25745 ns, Cleanup: 11414 ns, At safepoint: 8114 ns, Total: 45273 ns
[2023-12-03T12:48:07.203+0000][74][info ][safepoint   ] Safepoint "ICBufferFull", Time since last: 123587491 ns, Reaching safepoint: 19948 ns, Cleanup: 93466 ns, At safepoint: 4914 ns, Total: 118328 ns
[2023-12-03T12:48:08.403+0000][74][info ][safepoint   ] Safepoint "Cleanup", Time since last: 1200521874 ns, Reaching safepoint: 19831 ns, Cleanup: 169738 ns, At safepoint: 12196 ns, Total: 201765 ns
[2023-12-03T12:48:09.668+0000][74][info ][safepoint   ] Safepoint "Cleanup", Time since last: 1264349895 ns, Reaching safepoint: 41500 ns, Cleanup: 120611 ns, At safepoint: 9296 ns, Total: 171407 ns
[2023-12-03T12:48:10.807+0000][74][info ][safepoint   ] Safepoint "Cleanup", Time since last: 1139702250 ns, Reaching safepoint: 12272 ns, Cleanup: 15337 ns, At safepoint: 3883 ns, Total: 31492 ns
[2023-12-03T12:48:12.418+0000][74][info ][safepoint   ] Safepoint "Cleanup", Time since last: 1610055480 ns, Reaching safepoint: 21675 ns, Cleanup: 156150 ns, At safepoint: 12565 ns, Total: 190390 ns
[2023-12-03T12:48:14.112+0000][74][info ][safepoint   ] Safepoint "Cleanup", Time since last: 1693561790 ns, Reaching safepoint: 37420 ns, Cleanup: 317948 ns, At safepoint: 15153 ns, Total: 370521 ns
[2023-12-03T12:48:15.736+0000][74][info ][safepoint   ] Safepoint "Cleanup", Time since last: 1624061573 ns, Reaching safepoint: 20571 ns, Cleanup: 84546 ns, At safepoint: 10354 ns, Total: 115471 ns
[2023-12-03T12:48:16.745+0000][74][info ][safepoint   ] Safepoint "Cleanup", Time since last: 1009239788 ns, Reaching safepoint: 15516 ns, Cleanup: 11093 ns, At safepoint: 3051 ns, Total: 29660 ns
[2023-12-03T12:48:16.888+0000][74][info ][gc,start    ] GC(33) Pause Young (Concurrent Start) (G1 Evacuation Pause)
[2023-12-03T12:48:16.888+0000][74][info ][gc,task     ] GC(33) Using 10 workers of 10 for evacuation
[2023-12-03T12:48:16.888+0000][74][debug][gc,age      ] GC(33) Desired survivor size 20971520 bytes, new threshold 15 (max threshold 15)
[2023-12-03T12:48:16.902+0000][74][info ][gc,phases   ] GC(33)   Pre Evacuate Collection Set: 0.2ms
[2023-12-03T12:48:16.902+0000][74][info ][gc,phases   ] GC(33)   Merge Heap Roots: 0.1ms
[2023-12-03T12:48:16.902+0000][74][info ][gc,phases   ] GC(33)   Evacuate Collection Set: 13.3ms
[2023-12-03T12:48:16.902+0000][74][info ][gc,phases   ] GC(33)   Post Evacuate Collection Set: 1.0ms
[2023-12-03T12:48:16.902+0000][74][info ][gc,phases   ] GC(33)   Other: 0.1ms
[2023-12-03T12:48:16.902+0000][74][trace][gc,age      ] GC(33) Age table with threshold 15 (max threshold 15)
[2023-12-03T12:48:16.902+0000][74][trace][gc,age      ] GC(33) - age   1:    5198408 bytes,    5198408 total
[2023-12-03T12:48:16.902+0000][74][trace][gc,age      ] GC(33) - age   2:    1633608 bytes,    6832016 total
[2023-12-03T12:48:16.902+0000][74][trace][gc,age      ] GC(33) - age   3:    2055352 bytes,    8887368 total
[2023-12-03T12:48:16.902+0000][74][trace][gc,age      ] GC(33) - age   4:    5194032 bytes,   14081400 total
[2023-12-03T12:48:16.902+0000][74][trace][gc,age      ] GC(33) - age   5:    1394648 bytes,   15476048 total
[2023-12-03T12:48:16.902+0000][74][trace][gc,age      ] GC(33) - age   6:    2225008 bytes,   17701056 total
[2023-12-03T12:48:16.902+0000][74][trace][gc,age      ] GC(33) - age   7:    1860808 bytes,   19561864 total
[2023-12-03T12:48:16.902+0000][74][trace][gc,age      ] GC(33) - age   8:     239368 bytes,   19801232 total
[2023-12-03T12:48:16.902+0000][74][trace][gc,age      ] GC(33) - age   9:    2332072 bytes,   22133304 total
[2023-12-03T12:48:16.903+0000][74][info ][gc,heap     ] GC(33) Eden regions: 70->0(70)
[2023-12-03T12:48:16.903+0000][74][info ][gc,heap     ] GC(33) Survivor regions: 6->6(10)
[2023-12-03T12:48:16.903+0000][74][info ][gc,heap     ] GC(33) Old regions: 27->27
[2023-12-03T12:48:16.903+0000][74][info ][gc,heap     ] GC(33) Humongous regions: 2->2
[2023-12-03T12:48:16.903+0000][74][info ][gc,metaspace] GC(33) Metaspace: 154272K(157056K)->154272K(157056K) NonClass: 133659K(135168K)->133659K(135168K) Class: 20612K(21888K)->20612K(21888K)
[2023-12-03T12:48:16.903+0000][74][info ][gc          ] GC(33) Pause Young (Concurrent Start) (G1 Evacuation Pause) 414M->135M(512M) 15.055ms
[2023-12-03T12:48:16.903+0000][74][info ][gc          ] GC(34) Concurrent Mark Cycle
[2023-12-03T12:48:16.903+0000][74][info ][gc,marking  ] GC(34) Concurrent Scan Root Regions
[2023-12-03T12:48:16.903+0000][74][info ][gc,cpu      ] GC(33) User=0.07s Sys=0.00s Real=0.02s
[2023-12-03T12:48:16.903+0000][74][info ][safepoint   ] Safepoint "G1CollectForAllocation", Time since last: 142351194 ns, Reaching safepoint: 19370 ns, Cleanup: 14073 ns, At safepoint: 15188540 ns, Total: 15221983 ns
[2023-12-03T12:48:16.908+0000][74][info ][gc,marking  ] GC(34) Concurrent Scan Root Regions 4.873ms
[2023-12-03T12:48:16.908+0000][74][info ][gc,marking  ] GC(34) Concurrent Mark
[2023-12-03T12:48:16.908+0000][74][info ][gc,marking  ] GC(34) Concurrent Mark From Roots
[2023-12-03T12:48:16.908+0000][74][info ][gc,task     ] GC(34) Using 3 workers of 3 for marking
[2023-12-03T12:48:16.948+0000][74][info ][gc,marking  ] GC(34) Concurrent Mark From Roots 40.381ms
[2023-12-03T12:48:16.948+0000][74][info ][gc,marking  ] GC(34) Concurrent Preclean
[2023-12-03T12:48:16.949+0000][74][info ][gc,marking  ] GC(34) Concurrent Preclean 0.580ms
[2023-12-03T12:48:16.949+0000][74][info ][gc,start    ] GC(34) Pause Remark
[2023-12-03T12:48:16.972+0000][74][info ][gc          ] GC(34) Pause Remark 138M->138M(512M) 22.937ms
[2023-12-03T12:48:16.972+0000][74][info ][gc,cpu      ] GC(34) User=0.08s Sys=0.00s Real=0.03s
[2023-12-03T12:48:16.972+0000][74][info ][safepoint   ] Safepoint "G1PauseRemark", Time since last: 45911277 ns, Reaching safepoint: 15967 ns, Cleanup: 27951 ns, At safepoint: 23028947 ns, Total: 23072865 ns
[2023-12-03T12:48:16.972+0000][74][info ][gc,marking  ] GC(34) Concurrent Mark 64.177ms
[2023-12-03T12:48:16.972+0000][74][info ][gc,marking  ] GC(34) Concurrent Rebuild Remembered Sets and Scrub Regions
[2023-12-03T12:48:16.990+0000][74][info ][gc,marking  ] GC(34) Concurrent Rebuild Remembered Sets and Scrub Regions 17.993ms
[2023-12-03T12:48:16.990+0000][74][info ][gc,start    ] GC(34) Pause Cleanup
[2023-12-03T12:48:16.990+0000][74][info ][gc          ] GC(34) Pause Cleanup 139M->139M(512M) 0.075ms
[2023-12-03T12:48:16.990+0000][74][info ][gc,cpu      ] GC(34) User=0.00s Sys=0.00s Real=0.00s
[2023-12-03T12:48:16.990+0000][74][info ][safepoint   ] Safepoint "G1PauseCleanup", Time since last: 18183013 ns, Reaching safepoint: 13893 ns, Cleanup: 29725 ns, At safepoint: 170719 ns, Total: 214337 ns
[2023-12-03T12:48:16.990+0000][74][info ][gc,marking  ] GC(34) Concurrent Clear Claimed Marks
[2023-12-03T12:48:16.990+0000][74][info ][gc,marking  ] GC(34) Concurrent Clear Claimed Marks 0.140ms
[2023-12-03T12:48:16.990+0000][74][info ][gc,marking  ] GC(34) Concurrent Cleanup for Next Mark
[2023-12-03T12:48:16.990+0000][74][info ][gc,marking  ] GC(34) Concurrent Cleanup for Next Mark 0.157ms
[2023-12-03T12:48:16.990+0000][74][info ][gc          ] GC(34) Concurrent Mark Cycle 87.820ms
[2023-12-03T12:48:18.778+0000][74][info ][safepoint   ] Safepoint "Cleanup", Time since last: 1787502924 ns, Reaching safepoint: 59428 ns, Cleanup: 44325 ns, At safepoint: 15987 ns, Total: 119740 ns
[2023-12-03T12:48:20.778+0000][74][info ][safepoint   ] Safepoint "Cleanup", Time since last: 2000413025 ns, Reaching safepoint: 20633 ns, Cleanup: 13694 ns, At safepoint: 26347 ns, Total: 60674 ns
[2023-12-03T12:48:22.481+0000][74][info ][safepoint   ] Safepoint "Cleanup", Time since last: 1703117244 ns, Reaching safepoint: 80271 ns, Cleanup: 73449 ns, At safepoint: 13305 ns, Total: 167025 ns
[2023-12-03T12:48:23.482+0000][74][info ][safepoint   ] Safepoint "Cleanup", Time since last: 1000162898 ns, Reaching safepoint: 19431 ns, Cleanup: 17676 ns, At safepoint: 3300 ns, Total: 40407 ns
[2023-12-03T12:48:24.770+0000][74][info ][safepoint   ] Safepoint "Cleanup", Time since last: 1288032564 ns, Reaching safepoint: 40035 ns, Cleanup: 82305 ns, At safepoint: 12921 ns, Total: 135261 ns
[2023-12-03T12:48:25.811+0000][74][info ][safepoint   ] Safepoint "Cleanup", Time since last: 1041193885 ns, Reaching safepoint: 81049 ns, Cleanup: 37035 ns, At safepoint: 13304 ns, Total: 131388 ns
[2023-12-03T12:48:26.834+0000][74][info ][safepoint   ] Safepoint "Cleanup", Time since last: 1022999883 ns, Reaching safepoint: 44126 ns, Cleanup: 51436 ns, At safepoint: 11773 ns, Total: 107335 ns
[2023-12-03T12:48:28.835+0000][74][info ][safepoint   ] Safepoint "Cleanup", Time since last: 2000928279 ns, Reaching safepoint: 18298 ns, Cleanup: 11790 ns, At safepoint: 4033 ns, Total: 34121 ns
[2023-12-03T12:48:29.871+0000][74][info ][safepoint   ] Safepoint "Cleanup", Time since last: 1035977231 ns, Reaching safepoint: 24565 ns, Cleanup: 43405 ns, At safepoint: 16089 ns, Total: 84059 ns
[2023-12-03T12:48:31.880+0000][74][info ][safepoint   ] Safepoint "Cleanup", Time since last: 2008108247 ns, Reaching safepoint: 86041 ns, Cleanup: 38211 ns, At safepoint: 13142 ns, Total: 137394 ns
[2023-12-03T12:48:34.880+0000][74][info ][safepoint   ] Safepoint "Cleanup", Time since last: 3000443001 ns, Reaching safepoint: 61867 ns, Cleanup: 30000 ns, At safepoint: 15902 ns, Total: 107769 ns
[2023-12-03T12:48:35.915+0000][74][info ][safepoint   ] Safepoint "Cleanup", Time since last: 1034628991 ns, Reaching safepoint: 34650 ns, Cleanup: 9063 ns, At safepoint: 5638 ns, Total: 49351 ns
[2023-12-03T12:48:36.922+0000][74][info ][safepoint   ] Safepoint "Cleanup", Time since last: 1007138540 ns, Reaching safepoint: 18828 ns, Cleanup: 13922 ns, At safepoint: 4208 ns, Total: 36958 ns
[2023-12-03T12:48:37.933+0000][74][info ][safepoint   ] Safepoint "Cleanup", Time since last: 1010742934 ns, Reaching safepoint: 63324 ns, Cleanup: 17988 ns, At safepoint: 11180 ns, Total: 92492 ns
[2023-12-03T12:48:39.934+0000][74][info ][safepoint   ] Safepoint "Cleanup", Time since last: 2000752939 ns, Reaching safepoint: 34769 ns, Cleanup: 25772 ns, At safepoint: 11667 ns, Total: 72208 ns
[2023-12-03T12:48:40.934+0000][74][info ][safepoint   ] Safepoint "Cleanup", Time since last: 1000232869 ns, Reaching safepoint: 83736 ns, Cleanup: 19341 ns, At safepoint: 13010 ns, Total: 116087 ns
[2023-12-03T12:48:41.957+0000][74][info ][safepoint   ] Safepoint "Cleanup", Time since last: 1022863565 ns, Reaching safepoint: 41479 ns, Cleanup: 34975 ns, At safepoint: 23275 ns, Total: 99729 ns
[2023-12-03T12:48:42.987+0000][74][info ][safepoint   ] Safepoint "Cleanup", Time since last: 1030263150 ns, Reaching safepoint: 46100 ns, Cleanup: 10575 ns, At safepoint: 3718 ns, Total: 60393 ns
[2023-12-03T12:48:44.381+0000][74][info ][safepoint   ] Safepoint "Cleanup", Time since last: 1394188589 ns, Reaching safepoint: 40953 ns, Cleanup: 30936 ns, At safepoint: 12160 ns, Total: 84049 ns
[2023-12-03T12:48:45.382+0000][74][info ][safepoint   ] Safepoint "Cleanup", Time since last: 1000746915 ns, Reaching safepoint: 41426 ns, Cleanup: 25122 ns, At safepoint: 12283 ns, Total: 78831 ns
[2023-12-03T12:48:46.383+0000][74][info ][safepoint   ] Safepoint "Cleanup", Time since last: 1000492455 ns, Reaching safepoint: 89445 ns, Cleanup: 26076 ns, At safepoint: 13378 ns, Total: 128899 ns
[2023-12-03T12:48:47.383+0000][74][info ][safepoint   ] Safepoint "Cleanup", Time since last: 1000233793 ns, Reaching safepoint: 41265 ns, Cleanup: 49465 ns, At safepoint: 12625 ns, Total: 103355 ns
[2023-12-03T12:48:48.413+0000][74][info ][safepoint   ] Safepoint "Cleanup", Time since last: 1030102993 ns, Reaching safepoint: 39162 ns, Cleanup: 26982 ns, At safepoint: 10746 ns, Total: 76890 ns
[2023-12-03T12:48:49.546+0000][74][info ][safepoint   ] Safepoint "Cleanup", Time since last: 1132915448 ns, Reaching safepoint: 20011 ns, Cleanup: 40493 ns, At safepoint: 9960 ns, Total: 70464 ns
[2023-12-03T12:48:50.560+0000][74][info ][safepoint   ] Safepoint "Cleanup", Time since last: 1013307287 ns, Reaching safepoint: 41391 ns, Cleanup: 28667 ns, At safepoint: 11871 ns, Total: 81929 ns
[2023-12-03T12:48:54.580+0000][74][info ][safepoint   ] Safepoint "Cleanup", Time since last: 4019589339 ns, Reaching safepoint: 78913 ns, Cleanup: 18710 ns, At safepoint: 9070 ns, Total: 106693 ns
[2023-12-03T12:48:59.602+0000][74][info ][safepoint   ] Safepoint "Cleanup", Time since last: 5022486024 ns, Reaching safepoint: 41292 ns, Cleanup: 61308 ns, At safepoint: 13158 ns, Total: 115758 ns
[2023-12-03T12:49:01.988+0000][74][info ][safepoint   ] Safepoint "Cleanup", Time since last: 2385634211 ns, Reaching safepoint: 41778 ns, Cleanup: 19268 ns, At safepoint: 12762 ns, Total: 73808 ns
[2023-12-03T12:49:03.383+0000][74][info ][safepoint   ] Safepoint "Cleanup", Time since last: 1395154362 ns, Reaching safepoint: 23079 ns, Cleanup: 14454 ns, At safepoint: 10015 ns, Total: 47548 ns
[2023-12-03T12:49:04.514+0000][74][info ][safepoint   ] Safepoint "Cleanup", Time since last: 1131129634 ns, Reaching safepoint: 42311 ns, Cleanup: 20963 ns, At safepoint: 12812 ns, Total: 76086 ns
[2023-12-03T12:49:06.515+0000][74][info ][safepoint   ] Safepoint "Cleanup", Time since last: 2000238429 ns, Reaching safepoint: 37551 ns, Cleanup: 22611 ns, At safepoint: 3882 ns, Total: 64044 ns
[2023-12-03T12:49:07.540+0000][74][info ][safepoint   ] Safepoint "Cleanup", Time since last: 1025687601 ns, Reaching safepoint: 24298 ns, Cleanup: 118171 ns, At safepoint: 14547 ns, Total: 157016 ns
[2023-12-03T12:49:08.556+0000][74][info ][safepoint   ] Safepoint "Cleanup", Time since last: 1015092942 ns, Reaching safepoint: 23974 ns, Cleanup: 27297 ns, At safepoint: 12424 ns, Total: 63695 ns
[2023-12-03T12:49:09.558+0000][74][info ][safepoint   ] Safepoint "Cleanup", Time since last: 1002361416 ns, Reaching safepoint: 44798 ns, Cleanup: 27056 ns, At safepoint: 12234 ns, Total: 84088 ns
[2023-12-03T12:49:11.559+0000][74][info ][safepoint   ] Safepoint "Cleanup", Time since last: 2000581277 ns, Reaching safepoint: 94743 ns, Cleanup: 23425 ns, At safepoint: 24492 ns, Total: 142660 ns
[2023-12-03T12:49:13.569+0000][74][info ][safepoint   ] Safepoint "Cleanup", Time since last: 2009744014 ns, Reaching safepoint: 53128 ns, Cleanup: 22723 ns, At safepoint: 17834 ns, Total: 93685 ns
[2023-12-03T12:49:16.600+0000][74][info ][safepoint   ] Safepoint "Cleanup", Time since last: 3031538316 ns, Reaching safepoint: 42228 ns, Cleanup: 18776 ns, At safepoint: 12610 ns, Total: 73614 ns
[2023-12-03T12:49:19.622+0000][74][info ][safepoint   ] Safepoint "Cleanup", Time since last: 3021619698 ns, Reaching safepoint: 42126 ns, Cleanup: 20045 ns, At safepoint: 12480 ns, Total: 74651 ns
[2023-12-03T12:49:20.650+0000][74][info ][safepoint   ] Safepoint "Cleanup", Time since last: 1027930748 ns, Reaching safepoint: 77048 ns, Cleanup: 17238 ns, At safepoint: 24677 ns, Total: 118963 ns
[2023-12-03T12:49:21.650+0000][74][info ][safepoint   ] Safepoint "Cleanup", Time since last: 1000241120 ns, Reaching safepoint: 87516 ns, Cleanup: 45297 ns, At safepoint: 13348 ns, Total: 146161 ns
[2023-12-03T12:49:23.674+0000][74][info ][safepoint   ] Safepoint "Cleanup", Time since last: 2023125046 ns, Reaching safepoint: 41158 ns, Cleanup: 18630 ns, At safepoint: 12688 ns, Total: 72476 ns
[2023-12-03T12:49:24.680+0000][74][info ][safepoint   ] Safepoint "Cleanup", Time since last: 1006749338 ns, Reaching safepoint: 24323 ns, Cleanup: 39199 ns, At safepoint: 11125 ns, Total: 74647 ns
[2023-12-03T12:49:26.696+0000][74][info ][safepoint   ] Safepoint "Cleanup", Time since last: 2015943744 ns, Reaching safepoint: 99317 ns, Cleanup: 25681 ns, At safepoint: 12408 ns, Total: 137406 ns
[2023-12-03T12:49:27.697+0000][74][info ][safepoint   ] Safepoint "Cleanup", Time since last: 1000340994 ns, Reaching safepoint: 42200 ns, Cleanup: 46255 ns, At safepoint: 12753 ns, Total: 101208 ns
[2023-12-03T12:49:28.746+0000][74][info ][safepoint   ] Safepoint "Cleanup", Time since last: 1049254709 ns, Reaching safepoint: 22471 ns, Cleanup: 34859 ns, At safepoint: 10586 ns, Total: 67916 ns
[2023-12-03T12:49:29.760+0000][74][info ][safepoint   ] Safepoint "Cleanup", Time since last: 1014054422 ns, Reaching safepoint: 23523 ns, Cleanup: 21598 ns, At safepoint: 12167 ns, Total: 57288 ns
[2023-12-03T12:49:30.774+0000][74][info ][safepoint   ] Safepoint "Cleanup", Time since last: 1013143113 ns, Reaching safepoint: 41749 ns, Cleanup: 23345 ns, At safepoint: 12381 ns, Total: 77475 ns
[2023-12-03T12:49:31.798+0000][74][info ][safepoint   ] Safepoint "Cleanup", Time since last: 1024745578 ns, Reaching safepoint: 31850 ns, Cleanup: 11829 ns, At safepoint: 16164 ns, Total: 59843 ns
[2023-12-03T12:49:34.812+0000][74][info ][safepoint   ] Safepoint "Cleanup", Time since last: 3013722039 ns, Reaching safepoint: 41944 ns, Cleanup: 22136 ns, At safepoint: 12806 ns, Total: 76886 ns
[2023-12-03T12:49:36.498+0000][74][info ][safepoint   ] Safepoint "Cleanup", Time since last: 1685471310 ns, Reaching safepoint: 146752 ns, Cleanup: 19088 ns, At safepoint: 15949 ns, Total: 181789 ns
[2023-12-03T12:49:37.997+0000][74][info ][safepoint   ] Safepoint "Cleanup", Time since last: 1499078407 ns, Reaching safepoint: 43081 ns, Cleanup: 58454 ns, At safepoint: 13135 ns, Total: 114670 ns
[2023-12-03T12:49:38.997+0000][74][info ][safepoint   ] Safepoint "Cleanup", Time since last: 1000270872 ns, Reaching safepoint: 42096 ns, Cleanup: 59309 ns, At safepoint: 14516 ns, Total: 115921 ns
[2023-12-03T12:49:40.594+0000][74][info ][safepoint   ] Safepoint "Cleanup", Time since last: 1596380669 ns, Reaching safepoint: 41737 ns, Cleanup: 50027 ns, At safepoint: 13137 ns, Total: 104901 ns
[2023-12-03T12:49:40.974+0000][74][info ][gc,start    ] GC(35) Pause Young (Prepare Mixed) (G1 Evacuation Pause)
[2023-12-03T12:49:40.974+0000][74][info ][gc,task     ] GC(35) Using 10 workers of 10 for evacuation
[2023-12-03T12:49:40.974+0000][74][debug][gc,age      ] GC(35) Desired survivor size 20971520 bytes, new threshold 9 (max threshold 15)
[2023-12-03T12:49:40.988+0000][74][info ][gc,phases   ] GC(35)   Pre Evacuate Collection Set: 0.2ms
[2023-12-03T12:49:40.988+0000][74][info ][gc,phases   ] GC(35)   Merge Heap Roots: 0.1ms
[2023-12-03T12:49:40.988+0000][74][info ][gc,phases   ] GC(35)   Evacuate Collection Set: 12.8ms
[2023-12-03T12:49:40.988+0000][74][info ][gc,phases   ] GC(35)   Post Evacuate Collection Set: 0.6ms
[2023-12-03T12:49:40.988+0000][74][info ][gc,phases   ] GC(35)   Other: 0.1ms
[2023-12-03T12:49:40.988+0000][74][trace][gc,age      ] GC(35) Age table with threshold 9 (max threshold 15)
[2023-12-03T12:49:40.988+0000][74][trace][gc,age      ] GC(35) - age   1:    1785440 bytes,    1785440 total
[2023-12-03T12:49:40.988+0000][74][trace][gc,age      ] GC(35) - age   2:    3261080 bytes,    5046520 total
[2023-12-03T12:49:40.988+0000][74][trace][gc,age      ] GC(35) - age   3:    1458160 bytes,    6504680 total
[2023-12-03T12:49:40.988+0000][74][trace][gc,age      ] GC(35) - age   4:    2052912 bytes,    8557592 total
[2023-12-03T12:49:40.988+0000][74][trace][gc,age      ] GC(35) - age   5:    5187992 bytes,   13745584 total
[2023-12-03T12:49:40.988+0000][74][trace][gc,age      ] GC(35) - age   6:    1392912 bytes,   15138496 total
[2023-12-03T12:49:40.988+0000][74][trace][gc,age      ] GC(35) - age   7:    2201200 bytes,   17339696 total
[2023-12-03T12:49:40.988+0000][74][trace][gc,age      ] GC(35) - age   8:    1831648 bytes,   19171344 total
[2023-12-03T12:49:40.988+0000][74][trace][gc,age      ] GC(35) - age   9:     239096 bytes,   19410440 total
[2023-12-03T12:49:40.988+0000][74][info ][gc,heap     ] GC(35) Eden regions: 70->0(70)
[2023-12-03T12:49:40.988+0000][74][info ][gc,heap     ] GC(35) Survivor regions: 6->6(10)
[2023-12-03T12:49:40.988+0000][74][info ][gc,heap     ] GC(35) Old regions: 27->27
[2023-12-03T12:49:40.988+0000][74][info ][gc,heap     ] GC(35) Humongous regions: 2->2
[2023-12-03T12:49:40.988+0000][74][info ][gc,metaspace] GC(35) Metaspace: 154689K(157504K)->154689K(157504K) NonClass: 134054K(135616K)->134054K(135616K) Class: 20634K(21888K)->20634K(21888K)
[2023-12-03T12:49:40.988+0000][74][info ][gc          ] GC(35) Pause Young (Prepare Mixed) (G1 Evacuation Pause) 415M->135M(512M) 14.139ms
[2023-12-03T12:49:40.988+0000][74][info ][gc,cpu      ] GC(35) User=0.07s Sys=0.00s Real=0.01s
[2023-12-03T12:49:40.988+0000][74][info ][safepoint   ] Safepoint "G1CollectForAllocation", Time since last: 380408208 ns, Reaching safepoint: 20565 ns, Cleanup: 1709 ns, At safepoint: 14236451 ns, Total: 14258725 ns
[2023-12-03T12:49:42.145+0000][74][info ][safepoint   ] Safepoint "Cleanup", Time since last: 1156716059 ns, Reaching safepoint: 20309 ns, Cleanup: 22391 ns, At safepoint: 3100 ns, Total: 45800 ns
[2023-12-03T12:49:43.852+0000][74][info ][safepoint   ] Safepoint "Cleanup", Time since last: 1706804158 ns, Reaching safepoint: 41469 ns, Cleanup: 33985 ns, At safepoint: 18744 ns, Total: 94198 ns
[2023-12-03T12:49:45.894+0000][74][info ][safepoint   ] Safepoint "Cleanup", Time since last: 2041602653 ns, Reaching safepoint: 40908 ns, Cleanup: 26351 ns, At safepoint: 12083 ns, Total: 79342 ns
[2023-12-03T12:49:46.894+0000][74][info ][safepoint   ] Safepoint "Cleanup", Time since last: 1000462934 ns, Reaching safepoint: 85423 ns, Cleanup: 22019 ns, At safepoint: 13247 ns, Total: 120689 ns
[2023-12-03T12:49:47.895+0000][74][info ][safepoint   ] Safepoint "Cleanup", Time since last: 1000432799 ns, Reaching safepoint: 39130 ns, Cleanup: 18955 ns, At safepoint: 12448 ns, Total: 70533 ns
[2023-12-03T12:49:48.895+0000][74][info ][safepoint   ] Safepoint "Cleanup", Time since last: 1000262708 ns, Reaching safepoint: 39914 ns, Cleanup: 21750 ns, At safepoint: 12360 ns, Total: 74024 ns
[2023-12-03T12:49:49.907+0000][74][info ][safepoint   ] Safepoint "Cleanup", Time since last: 1011799605 ns, Reaching safepoint: 39234 ns, Cleanup: 25160 ns, At safepoint: 12379 ns, Total: 76773 ns
[2023-12-03T12:49:50.938+0000][74][info ][safepoint   ] Safepoint "Cleanup", Time since last: 1030598972 ns, Reaching safepoint: 26238 ns, Cleanup: 33113 ns, At safepoint: 9515 ns, Total: 68866 ns
[2023-12-03T12:49:51.966+0000][74][info ][safepoint   ] Safepoint "Cleanup", Time since last: 1028376590 ns, Reaching safepoint: 27402 ns, Cleanup: 20295 ns, At safepoint: 7449 ns, Total: 55146 ns
[2023-12-03T12:49:58.080+0000][74][info ][safepoint   ] Safepoint "Cleanup", Time since last: 6113821818 ns, Reaching safepoint: 107852 ns, Cleanup: 28722 ns, At safepoint: 21670 ns, Total: 158244 ns
[2023-12-03T12:49:59.482+0000][74][info ][safepoint   ] Safepoint "Cleanup", Time since last: 1401910955 ns, Reaching safepoint: 13713 ns, Cleanup: 15748 ns, At safepoint: 3685 ns, Total: 33146 ns
[2023-12-03T12:50:00.489+0000][74][info ][safepoint   ] Safepoint "Cleanup", Time since last: 1007237776 ns, Reaching safepoint: 17691 ns, Cleanup: 7648 ns, At safepoint: 2920 ns, Total: 28259 ns
[2023-12-03T12:50:01.861+0000][74][info ][safepoint   ] Safepoint "Cleanup", Time since last: 1371005894 ns, Reaching safepoint: 21869 ns, Cleanup: 96741 ns, At safepoint: 3946 ns, Total: 122556 ns
[2023-12-03T12:50:03.866+0000][74][info ][gc,start    ] GC(36) Pause Young (Mixed) (G1 Evacuation Pause)
[2023-12-03T12:50:03.866+0000][74][info ][gc,task     ] GC(36) Using 10 workers of 10 for evacuation
[2023-12-03T12:50:03.866+0000][74][debug][gc,age      ] GC(36) Desired survivor size 20971520 bytes, new threshold 15 (max threshold 15)
[2023-12-03T12:50:03.900+0000][74][info ][gc,phases   ] GC(36)   Pre Evacuate Collection Set: 0.3ms
[2023-12-03T12:50:03.900+0000][74][info ][gc,phases   ] GC(36)   Merge Heap Roots: 0.2ms
[2023-12-03T12:50:03.900+0000][74][info ][gc,phases   ] GC(36)   Evacuate Collection Set: 33.2ms
[2023-12-03T12:50:03.900+0000][74][info ][gc,phases   ] GC(36)   Post Evacuate Collection Set: 0.9ms
[2023-12-03T12:50:03.900+0000][74][info ][gc,phases   ] GC(36)   Other: 0.1ms
[2023-12-03T12:50:03.901+0000][74][trace][gc,age      ] GC(36) Age table with threshold 15 (max threshold 15)
[2023-12-03T12:50:03.901+0000][74][trace][gc,age      ] GC(36) - age   1:    3685872 bytes,    3685872 total
[2023-12-03T12:50:03.901+0000][74][trace][gc,age      ] GC(36) - age   2:     429384 bytes,    4115256 total
[2023-12-03T12:50:03.901+0000][74][trace][gc,age      ] GC(36) - age   3:    2668640 bytes,    6783896 total
[2023-12-03T12:50:03.901+0000][74][trace][gc,age      ] GC(36) - age   4:    1452040 bytes,    8235936 total
[2023-12-03T12:50:03.901+0000][74][trace][gc,age      ] GC(36) - age   5:    2049216 bytes,   10285152 total
[2023-12-03T12:50:03.901+0000][74][trace][gc,age      ] GC(36) - age   6:    5187264 bytes,   15472416 total
[2023-12-03T12:50:03.901+0000][74][trace][gc,age      ] GC(36) - age   7:    1392192 bytes,   16864608 total
[2023-12-03T12:50:03.901+0000][74][trace][gc,age      ] GC(36) - age   8:    2177768 bytes,   19042376 total
[2023-12-03T12:50:03.901+0000][74][trace][gc,age      ] GC(36) - age   9:    1815384 bytes,   20857760 total
[2023-12-03T12:50:03.901+0000][74][trace][gc,age      ] GC(36) - age  10:     238736 bytes,   21096496 total
[2023-12-03T12:50:03.901+0000][74][info ][gc,heap     ] GC(36) Eden regions: 70->0(70)
[2023-12-03T12:50:03.901+0000][74][info ][gc,heap     ] GC(36) Survivor regions: 6->6(10)
[2023-12-03T12:50:03.901+0000][74][info ][gc,heap     ] GC(36) Old regions: 27->27
[2023-12-03T12:50:03.901+0000][74][info ][gc,heap     ] GC(36) Humongous regions: 2->2
[2023-12-03T12:50:03.901+0000][74][info ][gc,metaspace] GC(36) Metaspace: 154885K(157696K)->154885K(157696K) NonClass: 134243K(135808K)->134243K(135808K) Class: 20642K(21888K)->20642K(21888K)
[2023-12-03T12:50:03.901+0000][74][info ][gc          ] GC(36) Pause Young (Mixed) (G1 Evacuation Pause) 415M->136M(512M) 34.980ms
[2023-12-03T12:50:03.901+0000][74][info ][gc,cpu      ] GC(36) User=0.17s Sys=0.01s Real=0.04s
[2023-12-03T12:50:03.901+0000][74][info ][safepoint   ] Safepoint "G1CollectForAllocation", Time since last: 2005073179 ns, Reaching safepoint: 28158 ns, Cleanup: 4204 ns, At safepoint: 35093209 ns, Total: 35125571 ns
[2023-12-03T12:50:04.901+0000][74][info ][safepoint   ] Safepoint "Cleanup", Time since last: 1000179981 ns, Reaching safepoint: 58019 ns, Cleanup: 98971 ns, At safepoint: 14310 ns, Total: 171300 ns
[2023-12-03T12:50:06.902+0000][74][info ][safepoint   ] Safepoint "Cleanup", Time since last: 2000367924 ns, Reaching safepoint: 36212 ns, Cleanup: 41655 ns, At safepoint: 12646 ns, Total: 90513 ns
[2023-12-03T12:50:08.227+0000][74][info ][safepoint   ] Safepoint "Cleanup", Time since last: 1325214064 ns, Reaching safepoint: 40118 ns, Cleanup: 37929 ns, At safepoint: 13480 ns, Total: 91527 ns
[2023-12-03T12:50:09.906+0000][74][info ][safepoint   ] Safepoint "Cleanup", Time since last: 1678796155 ns, Reaching safepoint: 23127 ns, Cleanup: 12829 ns, At safepoint: 9400 ns, Total: 45356 ns
[2023-12-03T12:50:11.921+0000][74][info ][safepoint   ] Safepoint "Cleanup", Time since last: 2015063287 ns, Reaching safepoint: 81672 ns, Cleanup: 40322 ns, At safepoint: 18774 ns, Total: 140768 ns
[2023-12-03T12:50:12.969+0000][74][info ][safepoint   ] Safepoint "Cleanup", Time since last: 1047525558 ns, Reaching safepoint: 31922 ns, Cleanup: 14078 ns, At safepoint: 13772 ns, Total: 59772 ns
[2023-12-03T12:50:13.969+0000][74][info ][safepoint   ] Safepoint "Cleanup", Time since last: 1000271071 ns, Reaching safepoint: 22062 ns, Cleanup: 13189 ns, At safepoint: 8202 ns, Total: 43453 ns
[2023-12-03T12:50:15.977+0000][74][info ][safepoint   ] Safepoint "Cleanup", Time since last: 2007780676 ns, Reaching safepoint: 25450 ns, Cleanup: 12787 ns, At safepoint: 6753 ns, Total: 44990 ns
[2023-12-03T12:50:17.977+0000][74][info ][safepoint   ] Safepoint "Cleanup", Time since last: 2000320072 ns, Reaching safepoint: 101173 ns, Cleanup: 47242 ns, At safepoint: 16617 ns, Total: 165032 ns
[2023-12-03T12:50:18.978+0000][74][info ][safepoint   ] Safepoint "Cleanup", Time since last: 1000308822 ns, Reaching safepoint: 40948 ns, Cleanup: 18686 ns, At safepoint: 12504 ns, Total: 72138 ns
[2023-12-03T12:50:20.014+0000][74][info ][safepoint   ] Safepoint "Cleanup", Time since last: 1036708552 ns, Reaching safepoint: 23204 ns, Cleanup: 18138 ns, At safepoint: 10426 ns, Total: 51768 ns
[2023-12-03T12:50:21.031+0000][74][info ][safepoint   ] Safepoint "Cleanup", Time since last: 1016524910 ns, Reaching safepoint: 42212 ns, Cleanup: 22368 ns, At safepoint: 12964 ns, Total: 77544 ns
[2023-12-03T12:50:22.032+0000][74][info ][safepoint   ] Safepoint "Cleanup", Time since last: 1000249510 ns, Reaching safepoint: 385880 ns, Cleanup: 35485 ns, At safepoint: 13878 ns, Total: 435243 ns
[2023-12-03T12:50:27.052+0000][74][info ][safepoint   ] Safepoint "Cleanup", Time since last: 5020027946 ns, Reaching safepoint: 38476 ns, Cleanup: 18014 ns, At safepoint: 11251 ns, Total: 67741 ns
[2023-12-03T12:50:28.052+0000][74][info ][safepoint   ] Safepoint "Cleanup", Time since last: 1000265464 ns, Reaching safepoint: 86896 ns, Cleanup: 18286 ns, At safepoint: 12929 ns, Total: 118111 ns
[2023-12-03T12:50:31.027+0000][74][info ][safepoint   ] Safepoint "Cleanup", Time since last: 2974449547 ns, Reaching safepoint: 24039 ns, Cleanup: 17134 ns, At safepoint: 10366 ns, Total: 51539 ns
[2023-12-03T12:50:32.037+0000][74][info ][safepoint   ] Safepoint "Cleanup", Time since last: 1010829848 ns, Reaching safepoint: 41726 ns, Cleanup: 28569 ns, At safepoint: 13056 ns, Total: 83351 ns
[2023-12-03T12:50:34.077+0000][74][info ][safepoint   ] Safepoint "Cleanup", Time since last: 2039421590 ns, Reaching safepoint: 42165 ns, Cleanup: 19172 ns, At safepoint: 60806 ns, Total: 122143 ns
[2023-12-03T12:50:36.077+0000][74][info ][safepoint   ] Safepoint "Cleanup", Time since last: 2000409858 ns, Reaching safepoint: 42930 ns, Cleanup: 19426 ns, At safepoint: 13005 ns, Total: 75361 ns
[2023-12-03T12:50:38.040+0000][74][info ][safepoint   ] Safepoint "Cleanup", Time since last: 1962302382 ns, Reaching safepoint: 56759 ns, Cleanup: 16189 ns, At safepoint: 12478 ns, Total: 85426 ns
[2023-12-03T12:50:39.105+0000][74][info ][safepoint   ] Safepoint "Cleanup", Time since last: 1064983114 ns, Reaching safepoint: 50893 ns, Cleanup: 20071 ns, At safepoint: 13376 ns, Total: 84340 ns
[2023-12-03T12:50:40.105+0000][74][info ][safepoint   ] Safepoint "Cleanup", Time since last: 1000476109 ns, Reaching safepoint: 40782 ns, Cleanup: 22880 ns, At safepoint: 12382 ns, Total: 76044 ns
[2023-12-03T12:50:43.081+0000][74][info ][safepoint   ] Safepoint "Cleanup", Time since last: 2975655664 ns, Reaching safepoint: 11515 ns, Cleanup: 15071 ns, At safepoint: 4419 ns, Total: 31005 ns
[2023-12-03T12:50:44.133+0000][74][info ][safepoint   ] Safepoint "Cleanup", Time since last: 1051625614 ns, Reaching safepoint: 57612 ns, Cleanup: 22331 ns, At safepoint: 15259 ns, Total: 95202 ns
[2023-12-03T12:50:45.171+0000][74][info ][safepoint   ] Safepoint "Cleanup", Time since last: 1038226268 ns, Reaching safepoint: 41692 ns, Cleanup: 24400 ns, At safepoint: 12431 ns, Total: 78523 ns
[2023-12-03T12:50:46.172+0000][74][info ][safepoint   ] Safepoint "Cleanup", Time since last: 1000252049 ns, Reaching safepoint: 42331 ns, Cleanup: 19508 ns, At safepoint: 12289 ns, Total: 74128 ns
[2023-12-03T12:50:48.172+0000][74][info ][safepoint   ] Safepoint "Cleanup", Time since last: 2000324758 ns, Reaching safepoint: 25195 ns, Cleanup: 19177 ns, At safepoint: 5715 ns, Total: 50087 ns
[2023-12-03T12:50:49.187+0000][74][info ][safepoint   ] Safepoint "Cleanup", Time since last: 1014486534 ns, Reaching safepoint: 274871 ns, Cleanup: 24107 ns, At safepoint: 26429 ns, Total: 325407 ns
[2023-12-03T12:50:54.203+0000][74][info ][safepoint   ] Safepoint "Cleanup", Time since last: 5015854221 ns, Reaching safepoint: 34550 ns, Cleanup: 7239 ns, At safepoint: 3578 ns, Total: 45367 ns
[2023-12-03T12:50:55.214+0000][74][info ][safepoint   ] Safepoint "Cleanup", Time since last: 1011550113 ns, Reaching safepoint: 25075 ns, Cleanup: 26086 ns, At safepoint: 12933 ns, Total: 64094 ns
[2023-12-03T12:50:57.067+0000][74][info ][safepoint   ] Safepoint "Cleanup", Time since last: 1853043358 ns, Reaching safepoint: 22508 ns, Cleanup: 48590 ns, At safepoint: 14832 ns, Total: 85930 ns
[2023-12-03T12:51:00.129+0000][74][info ][safepoint   ] Safepoint "Cleanup", Time since last: 3061471981 ns, Reaching safepoint: 30316 ns, Cleanup: 7436 ns, At safepoint: 3062 ns, Total: 40814 ns
[2023-12-03T12:51:01.129+0000][74][info ][safepoint   ] Safepoint "Cleanup", Time since last: 1000152247 ns, Reaching safepoint: 22470 ns, Cleanup: 11288 ns, At safepoint: 3881 ns, Total: 37639 ns
[2023-12-03T12:51:02.258+0000][74][info ][safepoint   ] Safepoint "Cleanup", Time since last: 1129048583 ns, Reaching safepoint: 18452 ns, Cleanup: 19050 ns, At safepoint: 7833 ns, Total: 45335 ns
[2023-12-03T12:51:05.362+0000][74][info ][safepoint   ] Safepoint "Cleanup", Time since last: 3104005120 ns, Reaching safepoint: 52710 ns, Cleanup: 13004 ns, At safepoint: 4281 ns, Total: 69995 ns
[2023-12-03T12:51:06.362+0000][74][info ][safepoint   ] Safepoint "Cleanup", Time since last: 1000142968 ns, Reaching safepoint: 44176 ns, Cleanup: 22806 ns, At safepoint: 8764 ns, Total: 75746 ns
[2023-12-03T12:51:07.363+0000][74][info ][safepoint   ] Safepoint "Cleanup", Time since last: 1000203764 ns, Reaching safepoint: 20049 ns, Cleanup: 27630 ns, At safepoint: 2778 ns, Total: 50457 ns
[2023-12-03T12:51:08.380+0000][74][info ][safepoint   ] Safepoint "Cleanup", Time since last: 1017463068 ns, Reaching safepoint: 24533 ns, Cleanup: 26743 ns, At safepoint: 10225 ns, Total: 61501 ns
[2023-12-03T12:51:10.394+0000][74][info ][safepoint   ] Safepoint "Cleanup", Time since last: 2013950302 ns, Reaching safepoint: 37155 ns, Cleanup: 14456 ns, At safepoint: 7196 ns, Total: 58807 ns
[2023-12-03T12:51:15.395+0000][74][info ][safepoint   ] Safepoint "Cleanup", Time since last: 5000783780 ns, Reaching safepoint: 45993 ns, Cleanup: 36725 ns, At safepoint: 12884 ns, Total: 95602 ns
[2023-12-03T12:51:17.152+0000][74][info ][safepoint   ] Safepoint "Cleanup", Time since last: 1756514961 ns, Reaching safepoint: 47339 ns, Cleanup: 33550 ns, At safepoint: 12899 ns, Total: 93788 ns
[2023-12-03T12:51:19.167+0000][74][info ][safepoint   ] Safepoint "Cleanup", Time since last: 2015410979 ns, Reaching safepoint: 35461 ns, Cleanup: 10767 ns, At safepoint: 7256 ns, Total: 53484 ns
[2023-12-03T12:51:19.179+0000][74][info ][gc,start    ] GC(37) Pause Young (Concurrent Start) (G1 Evacuation Pause)
[2023-12-03T12:51:19.179+0000][74][info ][gc,task     ] GC(37) Using 10 workers of 10 for evacuation
[2023-12-03T12:51:19.179+0000][74][debug][gc,age      ] GC(37) Desired survivor size 20971520 bytes, new threshold 10 (max threshold 15)
[2023-12-03T12:51:19.193+0000][74][info ][gc,phases   ] GC(37)   Pre Evacuate Collection Set: 0.2ms
[2023-12-03T12:51:19.193+0000][74][info ][gc,phases   ] GC(37)   Merge Heap Roots: 0.1ms
[2023-12-03T12:51:19.193+0000][74][info ][gc,phases   ] GC(37)   Evacuate Collection Set: 13.2ms
[2023-12-03T12:51:19.193+0000][74][info ][gc,phases   ] GC(37)   Post Evacuate Collection Set: 0.6ms
[2023-12-03T12:51:19.193+0000][74][info ][gc,phases   ] GC(37)   Other: 0.1ms
[2023-12-03T12:51:19.193+0000][74][trace][gc,age      ] GC(37) Age table with threshold 10 (max threshold 15)
[2023-12-03T12:51:19.193+0000][74][trace][gc,age      ] GC(37) - age   1:    1865976 bytes,    1865976 total
[2023-12-03T12:51:19.193+0000][74][trace][gc,age      ] GC(37) - age   2:    2055968 bytes,    3921944 total
[2023-12-03T12:51:19.193+0000][74][trace][gc,age      ] GC(37) - age   3:     127264 bytes,    4049208 total
[2023-12-03T12:51:19.193+0000][74][trace][gc,age      ] GC(37) - age   4:    2642304 bytes,    6691512 total
[2023-12-03T12:51:19.193+0000][74][trace][gc,age      ] GC(37) - age   5:    1451528 bytes,    8143040 total
[2023-12-03T12:51:19.193+0000][74][trace][gc,age      ] GC(37) - age   6:    2027392 bytes,   10170432 total
[2023-12-03T12:51:19.193+0000][74][trace][gc,age      ] GC(37) - age   7:    5170344 bytes,   15340776 total
[2023-12-03T12:51:19.193+0000][74][trace][gc,age      ] GC(37) - age   8:    1386640 bytes,   16727416 total
[2023-12-03T12:51:19.193+0000][74][trace][gc,age      ] GC(37) - age   9:    2177704 bytes,   18905120 total
[2023-12-03T12:51:19.193+0000][74][trace][gc,age      ] GC(37) - age  10:    1814968 bytes,   20720088 total
[2023-12-03T12:51:19.193+0000][74][info ][gc,heap     ] GC(37) Eden regions: 70->0(70)
[2023-12-03T12:51:19.194+0000][74][info ][gc,heap     ] GC(37) Survivor regions: 6->6(10)
[2023-12-03T12:51:19.194+0000][74][info ][gc,heap     ] GC(37) Old regions: 27->27
[2023-12-03T12:51:19.194+0000][74][info ][gc,heap     ] GC(37) Humongous regions: 2->2
[2023-12-03T12:51:19.194+0000][74][info ][gc,metaspace] GC(37) Metaspace: 155096K(157952K)->155096K(157952K) NonClass: 134447K(136000K)->134447K(136000K) Class: 20649K(21952K)->20649K(21952K)
[2023-12-03T12:51:19.194+0000][74][info ][gc          ] GC(37) Pause Young (Concurrent Start) (G1 Evacuation Pause) 416M->136M(512M) 14.305ms
[2023-12-03T12:51:19.194+0000][74][info ][gc          ] GC(38) Concurrent Mark Cycle
[2023-12-03T12:51:19.194+0000][74][info ][gc,cpu      ] GC(37) User=0.07s Sys=0.00s Real=0.01s
[2023-12-03T12:51:19.194+0000][74][info ][gc,marking  ] GC(38) Concurrent Scan Root Regions
[2023-12-03T12:51:19.194+0000][74][info ][safepoint   ] Safepoint "G1CollectForAllocation", Time since last: 12015868 ns, Reaching safepoint: 15748 ns, Cleanup: 2304 ns, At safepoint: 14419585 ns, Total: 14437637 ns
[2023-12-03T12:51:19.199+0000][74][info ][gc,marking  ] GC(38) Concurrent Scan Root Regions 5.358ms
[2023-12-03T12:51:19.199+0000][74][info ][gc,marking  ] GC(38) Concurrent Mark
[2023-12-03T12:51:19.199+0000][74][info ][gc,marking  ] GC(38) Concurrent Mark From Roots
[2023-12-03T12:51:19.199+0000][74][info ][gc,task     ] GC(38) Using 3 workers of 3 for marking
[2023-12-03T12:51:19.242+0000][74][info ][gc,marking  ] GC(38) Concurrent Mark From Roots 42.518ms
[2023-12-03T12:51:19.242+0000][74][info ][gc,marking  ] GC(38) Concurrent Preclean
[2023-12-03T12:51:19.242+0000][74][info ][gc,marking  ] GC(38) Concurrent Preclean 0.672ms
[2023-12-03T12:51:19.242+0000][74][info ][gc,start    ] GC(38) Pause Remark
[2023-12-03T12:51:19.287+0000][74][info ][gc          ] GC(38) Pause Remark 137M->137M(512M) 44.789ms
[2023-12-03T12:51:19.404+0000][74][info ][gc,cpu      ] GC(38) User=0.15s Sys=0.00s Real=0.16s
[2023-12-03T12:51:19.404+0000][74][info ][safepoint   ] Safepoint "G1PauseRemark", Time since last: 48636424 ns, Reaching safepoint: 20412 ns, Cleanup: 2401 ns, At safepoint: 161726271 ns, Total: 161749084 ns
[2023-12-03T12:51:19.404+0000][74][info ][gc,marking  ] GC(38) Concurrent Mark 205.104ms
[2023-12-03T12:51:19.404+0000][74][info ][gc,marking  ] GC(38) Concurrent Rebuild Remembered Sets and Scrub Regions
[2023-12-03T12:51:19.426+0000][74][info ][gc,marking  ] GC(38) Concurrent Rebuild Remembered Sets and Scrub Regions 22.201ms
[2023-12-03T12:51:19.427+0000][74][info ][gc,start    ] GC(38) Pause Cleanup
[2023-12-03T12:51:19.427+0000][74][info ][gc          ] GC(38) Pause Cleanup 138M->138M(512M) 0.097ms
[2023-12-03T12:51:19.427+0000][74][info ][gc,cpu      ] GC(38) User=0.00s Sys=0.00s Real=0.00s
[2023-12-03T12:51:19.427+0000][74][info ][safepoint   ] Safepoint "G1PauseCleanup", Time since last: 22395709 ns, Reaching safepoint: 26376 ns, Cleanup: 32069 ns, At safepoint: 156789 ns, Total: 215234 ns
[2023-12-03T12:51:19.427+0000][74][info ][gc,marking  ] GC(38) Concurrent Clear Claimed Marks
[2023-12-03T12:51:19.427+0000][74][info ][gc,marking  ] GC(38) Concurrent Clear Claimed Marks 0.175ms
[2023-12-03T12:51:19.427+0000][74][info ][gc,marking  ] GC(38) Concurrent Cleanup for Next Mark
[2023-12-03T12:51:19.427+0000][74][info ][gc,marking  ] GC(38) Concurrent Cleanup for Next Mark 0.302ms
[2023-12-03T12:51:19.427+0000][74][info ][gc          ] GC(38) Concurrent Mark Cycle 233.603ms
[2023-12-03T12:51:20.427+0000][74][info ][safepoint   ] Safepoint "Cleanup", Time since last: 1000096322 ns, Reaching safepoint: 22047 ns, Cleanup: 9489 ns, At safepoint: 2657 ns, Total: 34193 ns
[2023-12-03T12:51:21.427+0000][74][info ][safepoint   ] Safepoint "Cleanup", Time since last: 1000112444 ns, Reaching safepoint: 30561 ns, Cleanup: 17774 ns, At safepoint: 3685 ns, Total: 52020 ns
[2023-12-03T12:51:22.740+0000][74][info ][safepoint   ] Safepoint "Cleanup", Time since last: 1313418870 ns, Reaching safepoint: 27018 ns, Cleanup: 9206 ns, At safepoint: 2486 ns, Total: 38710 ns
[2023-12-03T12:51:26.758+0000][74][info ][safepoint   ] Safepoint "Cleanup", Time since last: 4017475212 ns, Reaching safepoint: 68381 ns, Cleanup: 17018 ns, At safepoint: 4295 ns, Total: 89694 ns
[2023-12-03T12:51:27.766+0000][74][info ][safepoint   ] Safepoint "Cleanup", Time since last: 1008406738 ns, Reaching safepoint: 51978 ns, Cleanup: 20285 ns, At safepoint: 6981 ns, Total: 79244 ns
[2023-12-03T12:51:28.767+0000][74][info ][safepoint   ] Safepoint "Cleanup", Time since last: 1000241134 ns, Reaching safepoint: 69591 ns, Cleanup: 29614 ns, At safepoint: 9243 ns, Total: 108448 ns
[2023-12-03T12:51:29.780+0000][74][info ][safepoint   ] Safepoint "Cleanup", Time since last: 1013660772 ns, Reaching safepoint: 25489 ns, Cleanup: 10413 ns, At safepoint: 3797 ns, Total: 39699 ns
[2023-12-03T12:51:31.781+0000][74][info ][safepoint   ] Safepoint "Cleanup", Time since last: 2000178932 ns, Reaching safepoint: 25955 ns, Cleanup: 14825 ns, At safepoint: 3921 ns, Total: 44701 ns
[2023-12-03T12:51:36.820+0000][74][info ][safepoint   ] Safepoint "Cleanup", Time since last: 5039541871 ns, Reaching safepoint: 25715 ns, Cleanup: 7716 ns, At safepoint: 3250 ns, Total: 36681 ns
[2023-12-03T12:51:39.831+0000][74][info ][safepoint   ] Safepoint "Cleanup", Time since last: 3010699873 ns, Reaching safepoint: 19838 ns, Cleanup: 11819 ns, At safepoint: 3172 ns, Total: 34829 ns
[2023-12-03T12:51:41.869+0000][74][info ][safepoint   ] Safepoint "Cleanup", Time since last: 2037558127 ns, Reaching safepoint: 19092 ns, Cleanup: 9234 ns, At safepoint: 3349 ns, Total: 31675 ns
[2023-12-03T12:51:42.882+0000][74][info ][safepoint   ] Safepoint "Cleanup", Time since last: 1013634331 ns, Reaching safepoint: 10163 ns, Cleanup: 5433 ns, At safepoint: 2297 ns, Total: 17893 ns
[2023-12-03T12:51:44.886+0000][74][info ][safepoint   ] Safepoint "Cleanup", Time since last: 2003860572 ns, Reaching safepoint: 43243 ns, Cleanup: 13710 ns, At safepoint: 3172 ns, Total: 60125 ns
[2023-12-03T12:51:45.902+0000][74][info ][safepoint   ] Safepoint "Cleanup", Time since last: 1015657737 ns, Reaching safepoint: 42798 ns, Cleanup: 26304 ns, At safepoint: 13576 ns, Total: 82678 ns
[2023-12-03T12:51:46.902+0000][74][info ][safepoint   ] Safepoint "Cleanup", Time since last: 1000393175 ns, Reaching safepoint: 55085 ns, Cleanup: 25325 ns, At safepoint: 12511 ns, Total: 92921 ns
[2023-12-03T12:51:53.313+0000][74][info ][safepoint   ] Safepoint "Cleanup", Time since last: 6410764644 ns, Reaching safepoint: 22275 ns, Cleanup: 7121 ns, At safepoint: 2849 ns, Total: 32245 ns
[2023-12-03T12:51:55.328+0000][74][info ][safepoint   ] Safepoint "Cleanup", Time since last: 2014417952 ns, Reaching safepoint: 50561 ns, Cleanup: 11074 ns, At safepoint: 4405 ns, Total: 66040 ns
[2023-12-03T12:51:56.335+0000][74][info ][safepoint   ] Safepoint "Cleanup", Time since last: 1007575124 ns, Reaching safepoint: 20667 ns, Cleanup: 10300 ns, At safepoint: 3859 ns, Total: 34826 ns
[2023-12-03T12:51:57.335+0000][74][info ][safepoint   ] Safepoint "Cleanup", Time since last: 1000149457 ns, Reaching safepoint: 18371 ns, Cleanup: 8698 ns, At safepoint: 3270 ns, Total: 30339 ns
[2023-12-03T12:52:00.344+0000][74][info ][safepoint   ] Safepoint "Cleanup", Time since last: 3008433528 ns, Reaching safepoint: 41640 ns, Cleanup: 11145 ns, At safepoint: 3116 ns, Total: 55901 ns
[2023-12-03T12:52:01.352+0000][74][info ][safepoint   ] Safepoint "Cleanup", Time since last: 1008083901 ns, Reaching safepoint: 17727 ns, Cleanup: 7987 ns, At safepoint: 2519 ns, Total: 28233 ns
[2023-12-03T12:52:04.369+0000][74][info ][safepoint   ] Safepoint "Cleanup", Time since last: 3017102602 ns, Reaching safepoint: 90003 ns, Cleanup: 50954 ns, At safepoint: 16119 ns, Total: 157076 ns
[2023-12-03T12:52:05.390+0000][74][info ][safepoint   ] Safepoint "Cleanup", Time since last: 1020757394 ns, Reaching safepoint: 21062 ns, Cleanup: 10860 ns, At safepoint: 4710 ns, Total: 36632 ns
[2023-12-03T12:52:06.390+0000][74][info ][safepoint   ] Safepoint "Cleanup", Time since last: 1000193229 ns, Reaching safepoint: 41803 ns, Cleanup: 19938 ns, At safepoint: 13162 ns, Total: 74903 ns
[2023-12-03T12:52:07.419+0000][74][info ][safepoint   ] Safepoint "Cleanup", Time since last: 1028622682 ns, Reaching safepoint: 28648 ns, Cleanup: 20656 ns, At safepoint: 7903 ns, Total: 57207 ns
[2023-12-03T12:52:10.420+0000][74][info ][safepoint   ] Safepoint "Cleanup", Time since last: 3000520362 ns, Reaching safepoint: 90654 ns, Cleanup: 18828 ns, At safepoint: 12940 ns, Total: 122422 ns
[2023-12-03T12:52:12.178+0000][74][info ][safepoint   ] Safepoint "Cleanup", Time since last: 1757892579 ns, Reaching safepoint: 24711 ns, Cleanup: 17034 ns, At safepoint: 5813 ns, Total: 47558 ns
[2023-12-03T12:52:13.600+0000][74][info ][safepoint   ] Safepoint "Cleanup", Time since last: 1421918317 ns, Reaching safepoint: 17856 ns, Cleanup: 9695 ns, At safepoint: 3010 ns, Total: 30561 ns
[2023-12-03T12:52:16.610+0000][74][info ][safepoint   ] Safepoint "Cleanup", Time since last: 3010650603 ns, Reaching safepoint: 19056 ns, Cleanup: 10668 ns, At safepoint: 4114 ns, Total: 33838 ns
[2023-12-03T12:52:25.952+0000][74][info ][safepoint   ] Safepoint "Cleanup", Time since last: 9341400716 ns, Reaching safepoint: 16512 ns, Cleanup: 7746 ns, At safepoint: 2382 ns, Total: 26640 ns
[2023-12-03T12:52:29.842+0000][74][info ][safepoint   ] Safepoint "Cleanup", Time since last: 3890618373 ns, Reaching safepoint: 13023 ns, Cleanup: 7222 ns, At safepoint: 2717 ns, Total: 22962 ns
[2023-12-03T12:52:31.842+0000][74][info ][safepoint   ] Safepoint "Cleanup", Time since last: 1999135888 ns, Reaching safepoint: 19686 ns, Cleanup: 7736 ns, At safepoint: 2811 ns, Total: 30233 ns
[2023-12-03T12:52:32.907+0000][74][info ][safepoint   ] Safepoint "Cleanup", Time since last: 1065290669 ns, Reaching safepoint: 18799 ns, Cleanup: 8411 ns, At safepoint: 3059 ns, Total: 30269 ns
[2023-12-03T12:52:33.929+0000][74][info ][safepoint   ] Safepoint "Cleanup", Time since last: 1022227552 ns, Reaching safepoint: 44073 ns, Cleanup: 14586 ns, At safepoint: 6150 ns, Total: 64809 ns
[2023-12-03T12:52:34.929+0000][74][info ][safepoint   ] Safepoint "Cleanup", Time since last: 1000159121 ns, Reaching safepoint: 26227 ns, Cleanup: 14188 ns, At safepoint: 4008 ns, Total: 44423 ns
[2023-12-03T12:52:36.938+0000][74][info ][safepoint   ] Safepoint "Cleanup", Time since last: 2008802406 ns, Reaching safepoint: 19435 ns, Cleanup: 15406 ns, At safepoint: 4877 ns, Total: 39718 ns
[2023-12-03T12:52:37.943+0000][74][info ][safepoint   ] Safepoint "Cleanup", Time since last: 1004371673 ns, Reaching safepoint: 21652 ns, Cleanup: 14197 ns, At safepoint: 2944 ns, Total: 38793 ns
[2023-12-03T12:52:39.947+0000][74][info ][safepoint   ] Safepoint "Cleanup", Time since last: 2004116526 ns, Reaching safepoint: 36703 ns, Cleanup: 11490 ns, At safepoint: 3017 ns, Total: 51210 ns
[2023-12-03T12:52:41.956+0000][74][info ][safepoint   ] Safepoint "Cleanup", Time since last: 2008751231 ns, Reaching safepoint: 28268 ns, Cleanup: 14724 ns, At safepoint: 3600 ns, Total: 46592 ns
[2023-12-03T12:52:42.956+0000][74][info ][safepoint   ] Safepoint "Cleanup", Time since last: 1000119986 ns, Reaching safepoint: 27801 ns, Cleanup: 17014 ns, At safepoint: 3279 ns, Total: 48094 ns
[2023-12-03T12:52:44.323+0000][74][info ][safepoint   ] Safepoint "Cleanup", Time since last: 1367116392 ns, Reaching safepoint: 41029 ns, Cleanup: 13864 ns, At safepoint: 2857 ns, Total: 57750 ns
[2023-12-03T12:52:46.325+0000][74][info ][safepoint   ] Safepoint "Cleanup", Time since last: 2001975715 ns, Reaching safepoint: 20839 ns, Cleanup: 9422 ns, At safepoint: 25183 ns, Total: 55444 ns
[2023-12-03T12:52:47.332+0000][74][info ][safepoint   ] Safepoint "Cleanup", Time since last: 1006524909 ns, Reaching safepoint: 27092 ns, Cleanup: 15415 ns, At safepoint: 4055 ns, Total: 46562 ns
[2023-12-03T12:52:49.487+0000][74][info ][safepoint   ] Safepoint "Cleanup", Time since last: 2155469166 ns, Reaching safepoint: 20015 ns, Cleanup: 9286 ns, At safepoint: 3146 ns, Total: 32447 ns
[2023-12-03T12:52:51.487+0000][74][info ][safepoint   ] Safepoint "Cleanup", Time since last: 2000207536 ns, Reaching safepoint: 20363 ns, Cleanup: 7857 ns, At safepoint: 2998 ns, Total: 31218 ns
[2023-12-03T12:52:51.865+0000][74][info ][gc,start    ] GC(39) Pause Young (Prepare Mixed) (G1 Evacuation Pause)
[2023-12-03T12:52:51.865+0000][74][info ][gc,task     ] GC(39) Using 10 workers of 10 for evacuation
[2023-12-03T12:52:51.865+0000][74][debug][gc,age      ] GC(39) Desired survivor size 20971520 bytes, new threshold 15 (max threshold 15)
[2023-12-03T12:52:51.880+0000][74][info ][gc,phases   ] GC(39)   Pre Evacuate Collection Set: 0.1ms
[2023-12-03T12:52:51.880+0000][74][info ][gc,phases   ] GC(39)   Merge Heap Roots: 0.1ms
[2023-12-03T12:52:51.880+0000][74][info ][gc,phases   ] GC(39)   Evacuate Collection Set: 14.0ms
[2023-12-03T12:52:51.880+0000][74][info ][gc,phases   ] GC(39)   Post Evacuate Collection Set: 0.6ms
[2023-12-03T12:52:51.880+0000][74][info ][gc,phases   ] GC(39)   Other: 0.1ms
[2023-12-03T12:52:51.880+0000][74][trace][gc,age      ] GC(39) Age table with threshold 15 (max threshold 15)
[2023-12-03T12:52:51.880+0000][74][trace][gc,age      ] GC(39) - age   1:    1266448 bytes,    1266448 total
[2023-12-03T12:52:51.880+0000][74][trace][gc,age      ] GC(39) - age   2:     866752 bytes,    2133200 total
[2023-12-03T12:52:51.880+0000][74][trace][gc,age      ] GC(39) - age   3:    1972472 bytes,    4105672 total
[2023-12-03T12:52:51.880+0000][74][trace][gc,age      ] GC(39) - age   4:     120224 bytes,    4225896 total
[2023-12-03T12:52:51.880+0000][74][trace][gc,age      ] GC(39) - age   5:    2611960 bytes,    6837856 total
[2023-12-03T12:52:51.880+0000][74][trace][gc,age      ] GC(39) - age   6:    1240504 bytes,    8078360 total
[2023-12-03T12:52:51.880+0000][74][trace][gc,age      ] GC(39) - age   7:    2008952 bytes,   10087312 total
[2023-12-03T12:52:51.880+0000][74][trace][gc,age      ] GC(39) - age   8:    5170344 bytes,   15257656 total
[2023-12-03T12:52:51.880+0000][74][trace][gc,age      ] GC(39) - age   9:    1378184 bytes,   16635840 total
[2023-12-03T12:52:51.880+0000][74][trace][gc,age      ] GC(39) - age  10:    2034368 bytes,   18670208 total
[2023-12-03T12:52:51.880+0000][74][trace][gc,age      ] GC(39) - age  11:    1813744 bytes,   20483952 total
[2023-12-03T12:52:51.880+0000][74][info ][gc,heap     ] GC(39) Eden regions: 70->0(70)
[2023-12-03T12:52:51.880+0000][74][info ][gc,heap     ] GC(39) Survivor regions: 6->6(10)
[2023-12-03T12:52:51.880+0000][74][info ][gc,heap     ] GC(39) Old regions: 27->27
[2023-12-03T12:52:51.880+0000][74][info ][gc,heap     ] GC(39) Humongous regions: 2->2
[2023-12-03T12:52:51.880+0000][74][info ][gc,metaspace] GC(39) Metaspace: 155158K(158016K)->155158K(158016K) NonClass: 134537K(136064K)->134537K(136064K) Class: 20621K(21952K)->20621K(21952K)
[2023-12-03T12:52:51.880+0000][74][info ][gc          ] GC(39) Pause Young (Prepare Mixed) (G1 Evacuation Pause) 416M->136M(512M) 15.118ms
[2023-12-03T12:52:51.880+0000][74][info ][gc,cpu      ] GC(39) User=0.07s Sys=0.01s Real=0.02s
[2023-12-03T12:52:51.880+0000][74][info ][safepoint   ] Safepoint "G1CollectForAllocation", Time since last: 377962286 ns, Reaching safepoint: 10489 ns, Cleanup: 5498 ns, At safepoint: 15216457 ns, Total: 15232444 ns
[2023-12-03T12:52:53.497+0000][74][info ][safepoint   ] Safepoint "Cleanup", Time since last: 1616004937 ns, Reaching safepoint: 44048 ns, Cleanup: 18164 ns, At safepoint: 5566 ns, Total: 67778 ns
[2023-12-03T12:52:57.505+0000][74][info ][safepoint   ] Safepoint "Cleanup", Time since last: 4008072685 ns, Reaching safepoint: 23508 ns, Cleanup: 10285 ns, At safepoint: 3708 ns, Total: 37501 ns
[2023-12-03T12:52:59.514+0000][74][info ][safepoint   ] Safepoint "Cleanup", Time since last: 2009060343 ns, Reaching safepoint: 36779 ns, Cleanup: 8756 ns, At safepoint: 3391 ns, Total: 48926 ns
[2023-12-03T12:53:04.534+0000][74][info ][safepoint   ] Safepoint "Cleanup", Time since last: 5020021886 ns, Reaching safepoint: 12102 ns, Cleanup: 5568 ns, At safepoint: 2757 ns, Total: 20427 ns
[2023-12-03T12:53:05.534+0000][74][info ][safepoint   ] Safepoint "Cleanup", Time since last: 1000028223 ns, Reaching safepoint: 7220 ns, Cleanup: 9665 ns, At safepoint: 2143 ns, Total: 19028 ns
[2023-12-03T12:53:07.540+0000][74][info ][safepoint   ] Safepoint "Cleanup", Time since last: 2006089870 ns, Reaching safepoint: 43870 ns, Cleanup: 26354 ns, At safepoint: 9919 ns, Total: 80143 ns
[2023-12-03T12:53:09.819+0000][74][info ][safepoint   ] Safepoint "Cleanup", Time since last: 2278759325 ns, Reaching safepoint: 21078 ns, Cleanup: 8188 ns, At safepoint: 3013 ns, Total: 32279 ns
[2023-12-03T12:53:11.549+0000][74][info ][safepoint   ] Safepoint "Cleanup", Time since last: 1730225783 ns, Reaching safepoint: 19996 ns, Cleanup: 8465 ns, At safepoint: 3191 ns, Total: 31652 ns
[2023-12-03T12:53:13.549+0000][74][info ][safepoint   ] Safepoint "Cleanup", Time since last: 2000265664 ns, Reaching safepoint: 19864 ns, Cleanup: 9188 ns, At safepoint: 3386 ns, Total: 32438 ns
[2023-12-03T12:53:16.550+0000][74][info ][safepoint   ] Safepoint "Cleanup", Time since last: 3000260336 ns, Reaching safepoint: 80764 ns, Cleanup: 29654 ns, At safepoint: 12084 ns, Total: 122502 ns
[2023-12-03T12:53:17.593+0000][74][info ][safepoint   ] Safepoint "Cleanup", Time since last: 1042870912 ns, Reaching safepoint: 73371 ns, Cleanup: 4905 ns, At safepoint: 4130 ns, Total: 82406 ns
[2023-12-03T12:53:18.593+0000][74][info ][safepoint   ] Safepoint "Cleanup", Time since last: 1000411118 ns, Reaching safepoint: 43325 ns, Cleanup: 23611 ns, At safepoint: 13087 ns, Total: 80023 ns
[2023-12-03T12:53:19.619+0000][74][info ][safepoint   ] Safepoint "Cleanup", Time since last: 1025393436 ns, Reaching safepoint: 17615 ns, Cleanup: 12258 ns, At safepoint: 8322 ns, Total: 38195 ns
[2023-12-03T12:53:20.778+0000][74][info ][safepoint   ] Safepoint "Cleanup", Time since last: 1159684062 ns, Reaching safepoint: 44198 ns, Cleanup: 22673 ns, At safepoint: 11859 ns, Total: 78730 ns
[2023-12-03T12:53:21.779+0000][74][info ][safepoint   ] Safepoint "Cleanup", Time since last: 1000172323 ns, Reaching safepoint: 45560 ns, Cleanup: 24707 ns, At safepoint: 6133 ns, Total: 76400 ns
[2023-12-03T12:53:22.915+0000][74][info ][safepoint   ] Safepoint "Cleanup", Time since last: 1136457308 ns, Reaching safepoint: 31352 ns, Cleanup: 38434 ns, At safepoint: 15590 ns, Total: 85376 ns
[2023-12-03T12:53:24.694+0000][74][info ][safepoint   ] Safepoint "Cleanup", Time since last: 1778459481 ns, Reaching safepoint: 54280 ns, Cleanup: 9902 ns, At safepoint: 19598 ns, Total: 83780 ns
[2023-12-03T12:53:29.719+0000][74][info ][safepoint   ] Safepoint "Cleanup", Time since last: 5025108557 ns, Reaching safepoint: 57530 ns, Cleanup: 29657 ns, At safepoint: 16392 ns, Total: 103579 ns
[2023-12-03T12:53:30.719+0000][74][info ][safepoint   ] Safepoint "Cleanup", Time since last: 1000232170 ns, Reaching safepoint: 40063 ns, Cleanup: 87246 ns, At safepoint: 8912 ns, Total: 136221 ns
[2023-12-03T12:53:31.720+0000][74][info ][safepoint   ] Safepoint "Cleanup", Time since last: 1000249559 ns, Reaching safepoint: 41238 ns, Cleanup: 45951 ns, At safepoint: 11625 ns, Total: 98814 ns
[2023-12-03T12:53:32.743+0000][74][info ][safepoint   ] Safepoint "Cleanup", Time since last: 1023493005 ns, Reaching safepoint: 24906 ns, Cleanup: 10428 ns, At safepoint: 4132 ns, Total: 39466 ns
[2023-12-03T12:53:33.919+0000][74][info ][safepoint   ] Safepoint "Cleanup", Time since last: 1175961856 ns, Reaching safepoint: 25616 ns, Cleanup: 12503 ns, At safepoint: 13516 ns, Total: 51635 ns
[2023-12-03T12:53:34.925+0000][74][info ][safepoint   ] Safepoint "Cleanup", Time since last: 1006079083 ns, Reaching safepoint: 26159 ns, Cleanup: 47754 ns, At safepoint: 7523 ns, Total: 81436 ns
[2023-12-03T12:53:38.800+0000][74][info ][safepoint   ] Safepoint "Cleanup", Time since last: 3874435649 ns, Reaching safepoint: 52569 ns, Cleanup: 34807 ns, At safepoint: 12868 ns, Total: 100244 ns
[2023-12-03T12:53:39.817+0000][74][info ][safepoint   ] Safepoint "Cleanup", Time since last: 1016501984 ns, Reaching safepoint: 86986 ns, Cleanup: 18783 ns, At safepoint: 13512 ns, Total: 119281 ns
[2023-12-03T12:53:43.649+0000][74][info ][safepoint   ] Safepoint "Cleanup", Time since last: 3832084983 ns, Reaching safepoint: 18318 ns, Cleanup: 13603 ns, At safepoint: 7071 ns, Total: 38992 ns
[2023-12-03T12:53:44.866+0000][74][info ][safepoint   ] Safepoint "Cleanup", Time since last: 1217465591 ns, Reaching safepoint: 86306 ns, Cleanup: 35825 ns, At safepoint: 13545 ns, Total: 135676 ns
[2023-12-03T12:53:46.874+0000][74][info ][safepoint   ] Safepoint "Cleanup", Time since last: 2007849639 ns, Reaching safepoint: 42830 ns, Cleanup: 29047 ns, At safepoint: 12672 ns, Total: 84549 ns
[2023-12-03T12:53:47.950+0000][74][info ][safepoint   ] Safepoint "Cleanup", Time since last: 1075731478 ns, Reaching safepoint: 44423 ns, Cleanup: 26666 ns, At safepoint: 13708 ns, Total: 84797 ns
[2023-12-03T12:53:50.991+0000][74][info ][safepoint   ] Safepoint "Cleanup", Time since last: 3040683353 ns, Reaching safepoint: 81999 ns, Cleanup: 29386 ns, At safepoint: 13432 ns, Total: 124817 ns
[2023-12-03T12:53:51.993+0000][74][info ][safepoint   ] Safepoint "Cleanup", Time since last: 1001679942 ns, Reaching safepoint: 19152 ns, Cleanup: 26645 ns, At safepoint: 8081 ns, Total: 53878 ns
[2023-12-03T12:53:55.023+0000][74][info ][safepoint   ] Safepoint "Cleanup", Time since last: 3030733593 ns, Reaching safepoint: 25803 ns, Cleanup: 7174 ns, At safepoint: 2720 ns, Total: 35697 ns
[2023-12-03T12:53:56.034+0000][74][info ][safepoint   ] Safepoint "Cleanup", Time since last: 1010352630 ns, Reaching safepoint: 40140 ns, Cleanup: 18234 ns, At safepoint: 13213 ns, Total: 71587 ns
[2023-12-03T12:53:57.056+0000][74][info ][safepoint   ] Safepoint "Cleanup", Time since last: 1022024461 ns, Reaching safepoint: 44778 ns, Cleanup: 24262 ns, At safepoint: 15898 ns, Total: 84938 ns
[2023-12-03T12:53:58.056+0000][74][info ][safepoint   ] Safepoint "Cleanup", Time since last: 1000259123 ns, Reaching safepoint: 38881 ns, Cleanup: 19820 ns, At safepoint: 11808 ns, Total: 70509 ns
[2023-12-03T12:54:00.018+0000][74][info ][safepoint   ] Safepoint "Cleanup", Time since last: 1962202341 ns, Reaching safepoint: 31056 ns, Cleanup: 13991 ns, At safepoint: 5489 ns, Total: 50536 ns
[2023-12-03T12:54:01.019+0000][74][info ][safepoint   ] Safepoint "Cleanup", Time since last: 1000100738 ns, Reaching safepoint: 24062 ns, Cleanup: 8888 ns, At safepoint: 4150 ns, Total: 37100 ns
[2023-12-03T12:54:01.072+0000][74][info ][gc,start    ] GC(40) Pause Young (Mixed) (G1 Evacuation Pause)
[2023-12-03T12:54:01.072+0000][74][info ][gc,task     ] GC(40) Using 10 workers of 10 for evacuation
[2023-12-03T12:54:01.072+0000][74][debug][gc,age      ] GC(40) Desired survivor size 20971520 bytes, new threshold 15 (max threshold 15)
[2023-12-03T12:54:01.089+0000][74][info ][gc,phases   ] GC(40)   Pre Evacuate Collection Set: 0.2ms
[2023-12-03T12:54:01.089+0000][74][info ][gc,phases   ] GC(40)   Merge Heap Roots: 0.1ms
[2023-12-03T12:54:01.089+0000][74][info ][gc,phases   ] GC(40)   Evacuate Collection Set: 16.0ms
[2023-12-03T12:54:01.089+0000][74][info ][gc,phases   ] GC(40)   Post Evacuate Collection Set: 0.6ms
[2023-12-03T12:54:01.089+0000][74][info ][gc,phases   ] GC(40)   Other: 0.0ms
[2023-12-03T12:54:01.089+0000][74][trace][gc,age      ] GC(40) Age table with threshold 15 (max threshold 15)
[2023-12-03T12:54:01.089+0000][74][trace][gc,age      ] GC(40) - age   1:    2654872 bytes,    2654872 total
[2023-12-03T12:54:01.089+0000][74][trace][gc,age      ] GC(40) - age   2:      84520 bytes,    2739392 total
[2023-12-03T12:54:01.089+0000][74][trace][gc,age      ] GC(40) - age   3:     258944 bytes,    2998336 total
[2023-12-03T12:54:01.089+0000][74][trace][gc,age      ] GC(40) - age   4:    1970224 bytes,    4968560 total
[2023-12-03T12:54:01.089+0000][74][trace][gc,age      ] GC(40) - age   5:     119152 bytes,    5087712 total
[2023-12-03T12:54:01.089+0000][74][trace][gc,age      ] GC(40) - age   6:    2364224 bytes,    7451936 total
[2023-12-03T12:54:01.089+0000][74][trace][gc,age      ] GC(40) - age   7:    1197152 bytes,    8649088 total
[2023-12-03T12:54:01.089+0000][74][trace][gc,age      ] GC(40) - age   8:    1927144 bytes,   10576232 total
[2023-12-03T12:54:01.089+0000][74][trace][gc,age      ] GC(40) - age   9:    5167648 bytes,   15743880 total
[2023-12-03T12:54:01.089+0000][74][trace][gc,age      ] GC(40) - age  10:    1359592 bytes,   17103472 total
[2023-12-03T12:54:01.089+0000][74][trace][gc,age      ] GC(40) - age  11:    2034064 bytes,   19137536 total
[2023-12-03T12:54:01.089+0000][74][trace][gc,age      ] GC(40) - age  12:    1809720 bytes,   20947256 total
[2023-12-03T12:54:01.089+0000][74][info ][gc,heap     ] GC(40) Eden regions: 70->0(70)
[2023-12-03T12:54:01.089+0000][74][info ][gc,heap     ] GC(40) Survivor regions: 6->6(10)
[2023-12-03T12:54:01.089+0000][74][info ][gc,heap     ] GC(40) Old regions: 27->27
[2023-12-03T12:54:01.089+0000][74][info ][gc,heap     ] GC(40) Humongous regions: 2->2
[2023-12-03T12:54:01.089+0000][74][info ][gc,metaspace] GC(40) Metaspace: 155371K(158208K)->155371K(158208K) NonClass: 134742K(136256K)->134742K(136256K) Class: 20629K(21952K)->20629K(21952K)
[2023-12-03T12:54:01.089+0000][74][info ][gc          ] GC(40) Pause Young (Mixed) (G1 Evacuation Pause) 416M->135M(512M) 17.280ms
[2023-12-03T12:54:01.089+0000][74][info ][gc,cpu      ] GC(40) User=0.09s Sys=0.00s Real=0.01s
[2023-12-03T12:54:01.089+0000][74][info ][safepoint   ] Safepoint "G1CollectForAllocation", Time since last: 53231136 ns, Reaching safepoint: 8657 ns, Cleanup: 3302 ns, At safepoint: 17361397 ns, Total: 17373356 ns
[2023-12-03T12:54:02.419+0000][74][info ][safepoint   ] Safepoint "Cleanup", Time since last: 1329966495 ns, Reaching safepoint: 18212 ns, Cleanup: 8683 ns, At safepoint: 6256 ns, Total: 33151 ns
[2023-12-03T12:54:04.129+0000][74][info ][safepoint   ] Safepoint "Cleanup", Time since last: 1709399559 ns, Reaching safepoint: 56472 ns, Cleanup: 35709 ns, At safepoint: 17413 ns, Total: 109594 ns
[2023-12-03T12:54:05.130+0000][74][info ][safepoint   ] Safepoint "Cleanup", Time since last: 1000710565 ns, Reaching safepoint: 87039 ns, Cleanup: 32334 ns, At safepoint: 25677 ns, Total: 145050 ns
[2023-12-03T12:54:06.157+0000][74][info ][safepoint   ] Safepoint "Cleanup", Time since last: 1027283949 ns, Reaching safepoint: 23616 ns, Cleanup: 23739 ns, At safepoint: 10493 ns, Total: 57848 ns
[2023-12-03T12:54:07.170+0000][74][info ][safepoint   ] Safepoint "Cleanup", Time since last: 1012984762 ns, Reaching safepoint: 41679 ns, Cleanup: 37026 ns, At safepoint: 10972 ns, Total: 89677 ns
[2023-12-03T12:54:08.170+0000][74][info ][safepoint   ] Safepoint "Cleanup", Time since last: 1000209221 ns, Reaching safepoint: 54505 ns, Cleanup: 41868 ns, At safepoint: 13769 ns, Total: 110142 ns
[2023-12-03T12:54:09.203+0000][74][info ][safepoint   ] Safepoint "Cleanup", Time since last: 1032859535 ns, Reaching safepoint: 47011 ns, Cleanup: 31829 ns, At safepoint: 14080 ns, Total: 92920 ns
[2023-12-03T12:54:11.429+0000][74][info ][safepoint   ] Safepoint "Cleanup", Time since last: 2225588011 ns, Reaching safepoint: 82916 ns, Cleanup: 30715 ns, At safepoint: 12877 ns, Total: 126508 ns
[2023-12-03T12:54:12.429+0000][74][info ][safepoint   ] Safepoint "Cleanup", Time since last: 1000247524 ns, Reaching safepoint: 45840 ns, Cleanup: 18320 ns, At safepoint: 12843 ns, Total: 77003 ns
[2023-12-03T12:54:14.384+0000][74][info ][safepoint   ] Safepoint "Cleanup", Time since last: 1955004817 ns, Reaching safepoint: 15459 ns, Cleanup: 12973 ns, At safepoint: 5762 ns, Total: 34194 ns
[2023-12-03T12:54:15.390+0000][74][info ][safepoint   ] Safepoint "Cleanup", Time since last: 1005821869 ns, Reaching safepoint: 92274 ns, Cleanup: 38207 ns, At safepoint: 24710 ns, Total: 155191 ns
[2023-12-03T12:54:17.462+0000][74][info ][safepoint   ] Safepoint "Cleanup", Time since last: 2071980247 ns, Reaching safepoint: 25771 ns, Cleanup: 10985 ns, At safepoint: 6117 ns, Total: 42873 ns
[2023-12-03T12:54:21.491+0000][74][info ][safepoint   ] Safepoint "Cleanup", Time since last: 4028505747 ns, Reaching safepoint: 76499 ns, Cleanup: 30023 ns, At safepoint: 22033 ns, Total: 128555 ns
[2023-12-03T12:54:23.507+0000][74][info ][safepoint   ] Safepoint "Cleanup", Time since last: 2015907624 ns, Reaching safepoint: 22824 ns, Cleanup: 33844 ns, At safepoint: 4141 ns, Total: 60809 ns
[2023-12-03T12:54:24.507+0000][74][info ][safepoint   ] Safepoint "Cleanup", Time since last: 1000498437 ns, Reaching safepoint: 59377 ns, Cleanup: 14688 ns, At safepoint: 6832 ns, Total: 80897 ns
[2023-12-03T12:54:25.508+0000][74][info ][safepoint   ] Safepoint "Cleanup", Time since last: 1000501009 ns, Reaching safepoint: 44425 ns, Cleanup: 21918 ns, At safepoint: 12370 ns, Total: 78713 ns
[2023-12-03T12:54:26.525+0000][74][info ][safepoint   ] Safepoint "Cleanup", Time since last: 1016800682 ns, Reaching safepoint: 39960 ns, Cleanup: 17757 ns, At safepoint: 12542 ns, Total: 70259 ns
[2023-12-03T12:54:27.538+0000][74][info ][safepoint   ] Safepoint "Cleanup", Time since last: 1013139327 ns, Reaching safepoint: 30892 ns, Cleanup: 3833 ns, At safepoint: 4463 ns, Total: 39188 ns
[2023-12-03T12:54:32.599+0000][74][info ][safepoint   ] Safepoint "Cleanup", Time since last: 5060987099 ns, Reaching safepoint: 38109 ns, Cleanup: 46402 ns, At safepoint: 2957 ns, Total: 87468 ns
[2023-12-03T12:54:33.608+0000][74][info ][safepoint   ] Safepoint "Cleanup", Time since last: 1008318806 ns, Reaching safepoint: 29005 ns, Cleanup: 44824 ns, At safepoint: 14535 ns, Total: 88364 ns
[2023-12-03T12:54:34.626+0000][74][info ][safepoint   ] Safepoint "Cleanup", Time since last: 1018501128 ns, Reaching safepoint: 56035 ns, Cleanup: 21937 ns, At safepoint: 16671 ns, Total: 94643 ns
[2023-12-03T12:54:35.658+0000][74][info ][safepoint   ] Safepoint "Cleanup", Time since last: 1031552984 ns, Reaching safepoint: 44520 ns, Cleanup: 19765 ns, At safepoint: 12290 ns, Total: 76575 ns
[2023-12-03T12:54:36.658+0000][74][info ][safepoint   ] Safepoint "Cleanup", Time since last: 1000247524 ns, Reaching safepoint: 41014 ns, Cleanup: 41744 ns, At safepoint: 12562 ns, Total: 95320 ns
[2023-12-03T12:54:38.093+0000][74][info ][safepoint   ] Safepoint "Cleanup", Time since last: 1434606010 ns, Reaching safepoint: 16578 ns, Cleanup: 22701 ns, At safepoint: 4240 ns, Total: 43519 ns
[2023-12-03T12:54:39.687+0000][74][info ][safepoint   ] Safepoint "Cleanup", Time since last: 1594422069 ns, Reaching safepoint: 45128 ns, Cleanup: 28738 ns, At safepoint: 13302 ns, Total: 87168 ns
[2023-12-03T12:54:40.967+0000][74][info ][safepoint   ] Safepoint "Cleanup", Time since last: 1279835253 ns, Reaching safepoint: 23845 ns, Cleanup: 45142 ns, At safepoint: 13633 ns, Total: 82620 ns
[2023-12-03T12:54:42.552+0000][74][info ][safepoint   ] Safepoint "Cleanup", Time since last: 1584801659 ns, Reaching safepoint: 42602 ns, Cleanup: 24108 ns, At safepoint: 11942 ns, Total: 78652 ns
[2023-12-03T12:54:44.501+0000][74][info ][safepoint   ] Safepoint "Cleanup", Time since last: 1948960407 ns, Reaching safepoint: 45659 ns, Cleanup: 39819 ns, At safepoint: 11567 ns, Total: 97045 ns
[2023-12-03T12:54:45.918+0000][74][info ][safepoint   ] Safepoint "Cleanup", Time since last: 1416385886 ns, Reaching safepoint: 21024 ns, Cleanup: 22354 ns, At safepoint: 7522 ns, Total: 50900 ns
[2023-12-03T12:54:46.927+0000][74][info ][safepoint   ] Safepoint "Cleanup", Time since last: 1009059520 ns, Reaching safepoint: 45356 ns, Cleanup: 32759 ns, At safepoint: 12902 ns, Total: 91017 ns
[2023-12-03T12:54:47.984+0000][74][info ][safepoint   ] Safepoint "Cleanup", Time since last: 1057089171 ns, Reaching safepoint: 24477 ns, Cleanup: 29828 ns, At safepoint: 11399 ns, Total: 65704 ns
[2023-12-03T12:54:49.001+0000][74][info ][safepoint   ] Safepoint "Cleanup", Time since last: 1017312265 ns, Reaching safepoint: 55786 ns, Cleanup: 26840 ns, At safepoint: 55497 ns, Total: 138123 ns
[2023-12-03T12:54:51.002+0000][74][info ][safepoint   ] Safepoint "Cleanup", Time since last: 2000299968 ns, Reaching safepoint: 64510 ns, Cleanup: 21007 ns, At safepoint: 11515 ns, Total: 97032 ns
[2023-12-03T12:54:52.023+0000][74][info ][safepoint   ] Safepoint "Cleanup", Time since last: 1020991322 ns, Reaching safepoint: 45311 ns, Cleanup: 26600 ns, At safepoint: 12643 ns, Total: 84554 ns
[2023-12-03T12:54:56.465+0000][74][info ][safepoint   ] Safepoint "Cleanup", Time since last: 4442157756 ns, Reaching safepoint: 37842 ns, Cleanup: 9800 ns, At safepoint: 3643 ns, Total: 51285 ns
[2023-12-03T12:54:58.092+0000][74][info ][safepoint   ] Safepoint "Cleanup", Time since last: 1626562034 ns, Reaching safepoint: 25942 ns, Cleanup: 13881 ns, At safepoint: 3981 ns, Total: 43804 ns
[2023-12-03T12:54:59.101+0000][74][info ][safepoint   ] Safepoint "Cleanup", Time since last: 1009408578 ns, Reaching safepoint: 40774 ns, Cleanup: 9705 ns, At safepoint: 3960 ns, Total: 54439 ns
[2023-12-03T12:55:00.114+0000][74][info ][safepoint   ] Safepoint "Cleanup", Time since last: 1012390030 ns, Reaching safepoint: 72961 ns, Cleanup: 31420 ns, At safepoint: 3428 ns, Total: 107809 ns
[2023-12-03T12:55:01.118+0000][74][info ][safepoint   ] Safepoint "Cleanup", Time since last: 1004076324 ns, Reaching safepoint: 31791 ns, Cleanup: 26570 ns, At safepoint: 8282 ns, Total: 66643 ns
[2023-12-03T12:55:02.554+0000][74][info ][gc,start    ] GC(41) Pause Young (Concurrent Start) (G1 Evacuation Pause)
[2023-12-03T12:55:02.554+0000][74][info ][gc,task     ] GC(41) Using 10 workers of 10 for evacuation
[2023-12-03T12:55:02.554+0000][74][debug][gc,age      ] GC(41) Desired survivor size 20971520 bytes, new threshold 15 (max threshold 15)
[2023-12-03T12:55:02.591+0000][74][info ][gc,phases   ] GC(41)   Pre Evacuate Collection Set: 0.4ms
[2023-12-03T12:55:02.591+0000][74][info ][gc,phases   ] GC(41)   Merge Heap Roots: 0.3ms
[2023-12-03T12:55:02.591+0000][74][info ][gc,phases   ] GC(41)   Evacuate Collection Set: 35.1ms
[2023-12-03T12:55:02.591+0000][74][info ][gc,phases   ] GC(41)   Post Evacuate Collection Set: 1.0ms
[2023-12-03T12:55:02.591+0000][74][info ][gc,phases   ] GC(41)   Other: 0.3ms
[2023-12-03T12:55:02.591+0000][74][trace][gc,age      ] GC(41) Age table with threshold 15 (max threshold 15)
[2023-12-03T12:55:02.591+0000][74][trace][gc,age      ] GC(41) - age   1:    1313888 bytes,    1313888 total
[2023-12-03T12:55:02.591+0000][74][trace][gc,age      ] GC(41) - age   2:     465256 bytes,    1779144 total
[2023-12-03T12:55:02.591+0000][74][trace][gc,age      ] GC(41) - age   3:      81712 bytes,    1860856 total
[2023-12-03T12:55:02.591+0000][74][trace][gc,age      ] GC(41) - age   4:     232232 bytes,    2093088 total
[2023-12-03T12:55:02.592+0000][74][trace][gc,age      ] GC(41) - age   5:    1773528 bytes,    3866616 total
[2023-12-03T12:55:02.592+0000][74][trace][gc,age      ] GC(41) - age   6:     115224 bytes,    3981840 total
[2023-12-03T12:55:02.592+0000][74][trace][gc,age      ] GC(41) - age   7:    2332424 bytes,    6314264 total
[2023-12-03T12:55:02.592+0000][74][trace][gc,age      ] GC(41) - age   8:    1082352 bytes,    7396616 total
[2023-12-03T12:55:02.592+0000][74][trace][gc,age      ] GC(41) - age   9:    1926896 bytes,    9323512 total
[2023-12-03T12:55:02.592+0000][74][trace][gc,age      ] GC(41) - age  10:    5167352 bytes,   14490864 total
[2023-12-03T12:55:02.592+0000][74][trace][gc,age      ] GC(41) - age  11:    1356768 bytes,   15847632 total
[2023-12-03T12:55:02.592+0000][74][trace][gc,age      ] GC(41) - age  12:    2033512 bytes,   17881144 total
[2023-12-03T12:55:02.592+0000][74][trace][gc,age      ] GC(41) - age  13:    1806400 bytes,   19687544 total
[2023-12-03T12:55:02.592+0000][74][info ][gc,heap     ] GC(41) Eden regions: 70->0(70)
[2023-12-03T12:55:02.592+0000][74][info ][gc,heap     ] GC(41) Survivor regions: 6->6(10)
[2023-12-03T12:55:02.592+0000][74][info ][gc,heap     ] GC(41) Old regions: 27->27
[2023-12-03T12:55:02.592+0000][74][info ][gc,heap     ] GC(41) Humongous regions: 2->2
[2023-12-03T12:55:02.592+0000][74][info ][gc,metaspace] GC(41) Metaspace: 155545K(158336K)->155545K(158336K) NonClass: 134906K(136384K)->134906K(136384K) Class: 20639K(21952K)->20639K(21952K)
[2023-12-03T12:55:02.592+0000][74][info ][gc          ] GC(41) Pause Young (Concurrent Start) (G1 Evacuation Pause) 415M->135M(512M) 37.702ms
[2023-12-03T12:55:02.592+0000][74][info ][gc          ] GC(42) Concurrent Mark Cycle
[2023-12-03T12:55:02.592+0000][74][info ][gc,marking  ] GC(42) Concurrent Scan Root Regions
[2023-12-03T12:55:02.592+0000][74][info ][gc,cpu      ] GC(41) User=0.18s Sys=0.01s Real=0.04s
[2023-12-03T12:55:02.592+0000][74][info ][safepoint   ] Safepoint "G1CollectForAllocation", Time since last: 1436163991 ns, Reaching safepoint: 35225 ns, Cleanup: 6061 ns, At safepoint: 37906501 ns, Total: 37947787 ns
[2023-12-03T12:55:02.599+0000][74][info ][gc,marking  ] GC(42) Concurrent Scan Root Regions 7.553ms
[2023-12-03T12:55:02.599+0000][74][info ][gc,marking  ] GC(42) Concurrent Mark
[2023-12-03T12:55:02.599+0000][74][info ][gc,marking  ] GC(42) Concurrent Mark From Roots
[2023-12-03T12:55:02.599+0000][74][info ][gc,task     ] GC(42) Using 3 workers of 3 for marking
[2023-12-03T12:55:02.645+0000][74][info ][gc,marking  ] GC(42) Concurrent Mark From Roots 46.046ms
[2023-12-03T12:55:02.646+0000][74][info ][gc,marking  ] GC(42) Concurrent Preclean
[2023-12-03T12:55:02.646+0000][74][info ][gc,marking  ] GC(42) Concurrent Preclean 0.770ms
[2023-12-03T12:55:02.646+0000][74][info ][gc,start    ] GC(42) Pause Remark
[2023-12-03T12:55:02.670+0000][74][info ][gc          ] GC(42) Pause Remark 136M->136M(512M) 23.933ms
[2023-12-03T12:55:02.677+0000][74][info ][gc,cpu      ] GC(42) User=0.13s Sys=0.00s Real=0.04s
[2023-12-03T12:55:02.678+0000][74][info ][safepoint   ] Safepoint "G1PauseRemark", Time since last: 54470246 ns, Reaching safepoint: 24308 ns, Cleanup: 9532 ns, At safepoint: 31174750 ns, Total: 31208590 ns
[2023-12-03T12:55:02.678+0000][74][info ][gc,marking  ] GC(42) Concurrent Mark 78.207ms
[2023-12-03T12:55:02.678+0000][74][info ][gc,marking  ] GC(42) Concurrent Rebuild Remembered Sets and Scrub Regions
[2023-12-03T12:55:02.699+0000][74][info ][gc,marking  ] GC(42) Concurrent Rebuild Remembered Sets and Scrub Regions 21.760ms
[2023-12-03T12:55:02.699+0000][74][info ][gc,start    ] GC(42) Pause Cleanup
[2023-12-03T12:55:02.700+0000][74][info ][gc          ] GC(42) Pause Cleanup 136M->136M(512M) 0.116ms
[2023-12-03T12:55:02.700+0000][74][info ][gc,cpu      ] GC(42) User=0.00s Sys=0.00s Real=0.00s
[2023-12-03T12:55:02.700+0000][74][info ][safepoint   ] Safepoint "G1PauseCleanup", Time since last: 21911299 ns, Reaching safepoint: 23043 ns, Cleanup: 12880 ns, At safepoint: 193006 ns, Total: 228929 ns
[2023-12-03T12:55:02.700+0000][74][info ][gc,marking  ] GC(42) Concurrent Clear Claimed Marks
[2023-12-03T12:55:02.700+0000][74][info ][gc,marking  ] GC(42) Concurrent Clear Claimed Marks 0.162ms
[2023-12-03T12:55:02.700+0000][74][info ][gc,marking  ] GC(42) Concurrent Cleanup for Next Mark
[2023-12-03T12:55:02.700+0000][74][info ][gc,marking  ] GC(42) Concurrent Cleanup for Next Mark 0.273ms
[2023-12-03T12:55:02.700+0000][74][info ][gc          ] GC(42) Concurrent Mark Cycle 108.401ms
[2023-12-03T12:55:05.159+0000][74][info ][safepoint   ] Safepoint "Cleanup", Time since last: 2459591718 ns, Reaching safepoint: 67659 ns, Cleanup: 40479 ns, At safepoint: 16056 ns, Total: 124194 ns
[2023-12-03T12:55:06.373+0000][74][info ][safepoint   ] Safepoint "Cleanup", Time since last: 1213341094 ns, Reaching safepoint: 18413 ns, Cleanup: 9083 ns, At safepoint: 3448 ns, Total: 30944 ns
[2023-12-03T12:55:07.373+0000][74][info ][safepoint   ] Safepoint "Cleanup", Time since last: 1000112966 ns, Reaching safepoint: 25384 ns, Cleanup: 27655 ns, At safepoint: 6705 ns, Total: 59744 ns
[2023-12-03T12:55:11.139+0000][74][info ][safepoint   ] Safepoint "Cleanup", Time since last: 3765492769 ns, Reaching safepoint: 88547 ns, Cleanup: 28111 ns, At safepoint: 13597 ns, Total: 130255 ns
[2023-12-03T12:55:17.422+0000][74][info ][safepoint   ] Safepoint "Cleanup", Time since last: 6282821497 ns, Reaching safepoint: 88299 ns, Cleanup: 50325 ns, At safepoint: 14747 ns, Total: 153371 ns
[2023-12-03T12:55:18.437+0000][74][info ][safepoint   ] Safepoint "Cleanup", Time since last: 1015506153 ns, Reaching safepoint: 39197 ns, Cleanup: 29610 ns, At safepoint: 12786 ns, Total: 81593 ns
[2023-12-03T12:55:19.437+0000][74][info ][safepoint   ] Safepoint "Cleanup", Time since last: 1000274725 ns, Reaching safepoint: 36502 ns, Cleanup: 17145 ns, At safepoint: 10728 ns, Total: 64375 ns
[2023-12-03T12:55:21.438+0000][74][info ][safepoint   ] Safepoint "Cleanup", Time since last: 2000280542 ns, Reaching safepoint: 71354 ns, Cleanup: 17231 ns, At safepoint: 11353 ns, Total: 99938 ns
[2023-12-03T12:55:22.475+0000][74][info ][safepoint   ] Safepoint "Cleanup", Time since last: 1037190547 ns, Reaching safepoint: 26716 ns, Cleanup: 22442 ns, At safepoint: 11142 ns, Total: 60300 ns
[2023-12-03T12:55:24.520+0000][74][info ][safepoint   ] Safepoint "Cleanup", Time since last: 2045266384 ns, Reaching safepoint: 86998 ns, Cleanup: 21980 ns, At safepoint: 24293 ns, Total: 133271 ns
[2023-12-03T12:55:26.667+0000][74][info ][safepoint   ] Safepoint "Cleanup", Time since last: 2146575437 ns, Reaching safepoint: 16554 ns, Cleanup: 11415 ns, At safepoint: 6544 ns, Total: 34513 ns
[2023-12-03T12:55:28.551+0000][74][info ][safepoint   ] Safepoint "Cleanup", Time since last: 1883599974 ns, Reaching safepoint: 29608 ns, Cleanup: 11484 ns, At safepoint: 4578 ns, Total: 45670 ns
[2023-12-03T12:55:30.551+0000][74][info ][safepoint   ] Safepoint "Cleanup", Time since last: 2000199296 ns, Reaching safepoint: 46568 ns, Cleanup: 10195 ns, At safepoint: 9721 ns, Total: 66484 ns
[2023-12-03T12:55:31.551+0000][74][info ][safepoint   ] Safepoint "Cleanup", Time since last: 1000189393 ns, Reaching safepoint: 56903 ns, Cleanup: 15969 ns, At safepoint: 5189 ns, Total: 78061 ns
[2023-12-03T12:55:33.458+0000][74][info ][safepoint   ] Safepoint "Cleanup", Time since last: 1906791543 ns, Reaching safepoint: 21714 ns, Cleanup: 12729 ns, At safepoint: 9632 ns, Total: 44075 ns
[2023-12-03T12:55:34.584+0000][74][info ][safepoint   ] Safepoint "Cleanup", Time since last: 1126108392 ns, Reaching safepoint: 23397 ns, Cleanup: 8783 ns, At safepoint: 2921 ns, Total: 35101 ns
[2023-12-03T12:55:38.200+0000][74][info ][safepoint   ] Safepoint "Cleanup", Time since last: 3615762404 ns, Reaching safepoint: 41540 ns, Cleanup: 22923 ns, At safepoint: 8943 ns, Total: 73406 ns
[2023-12-03T12:55:39.623+0000][74][info ][safepoint   ] Safepoint "Cleanup", Time since last: 1423234726 ns, Reaching safepoint: 27069 ns, Cleanup: 18891 ns, At safepoint: 5781 ns, Total: 51741 ns
[2023-12-03T12:55:40.654+0000][74][info ][safepoint   ] Safepoint "Cleanup", Time since last: 1030468736 ns, Reaching safepoint: 86305 ns, Cleanup: 18597 ns, At safepoint: 24101 ns, Total: 129003 ns
[2023-12-03T12:55:42.654+0000][74][info ][safepoint   ] Safepoint "Cleanup", Time since last: 2000341246 ns, Reaching safepoint: 29756 ns, Cleanup: 14291 ns, At safepoint: 8194 ns, Total: 52241 ns
[2023-12-03T12:55:45.639+0000][74][info ][safepoint   ] Safepoint "Cleanup", Time since last: 2984562898 ns, Reaching safepoint: 144153 ns, Cleanup: 13023 ns, At safepoint: 16236 ns, Total: 173412 ns
[2023-12-03T12:55:46.786+0000][74][info ][safepoint   ] Safepoint "Cleanup", Time since last: 1146531483 ns, Reaching safepoint: 71455 ns, Cleanup: 8604 ns, At safepoint: 3503 ns, Total: 83562 ns
[2023-12-03T12:55:47.793+0000][74][info ][safepoint   ] Safepoint "Cleanup", Time since last: 1007285151 ns, Reaching safepoint: 37873 ns, Cleanup: 20009 ns, At safepoint: 11056 ns, Total: 68938 ns
[2023-12-03T12:55:48.825+0000][74][info ][safepoint   ] Safepoint "Cleanup", Time since last: 1032171221 ns, Reaching safepoint: 23366 ns, Cleanup: 161111 ns, At safepoint: 14601 ns, Total: 199078 ns
[2023-12-03T12:55:51.156+0000][74][info ][safepoint   ] Safepoint "Cleanup", Time since last: 2330854530 ns, Reaching safepoint: 78774 ns, Cleanup: 17782 ns, At safepoint: 11392 ns, Total: 107948 ns
[2023-12-03T12:55:52.185+0000][74][info ][safepoint   ] Safepoint "Cleanup", Time since last: 1028206018 ns, Reaching safepoint: 21950 ns, Cleanup: 10966 ns, At safepoint: 2474 ns, Total: 35390 ns
[2023-12-03T12:55:53.199+0000][74][info ][safepoint   ] Safepoint "Cleanup", Time since last: 1013980643 ns, Reaching safepoint: 33648 ns, Cleanup: 47185 ns, At safepoint: 10383 ns, Total: 91216 ns
[2023-12-03T12:55:54.199+0000][74][info ][safepoint   ] Safepoint "Cleanup", Time since last: 1000238932 ns, Reaching safepoint: 39495 ns, Cleanup: 17704 ns, At safepoint: 12106 ns, Total: 69305 ns
[2023-12-03T12:55:56.199+0000][74][info ][safepoint   ] Safepoint "Cleanup", Time since last: 2000351366 ns, Reaching safepoint: 80770 ns, Cleanup: 19280 ns, At safepoint: 12099 ns, Total: 112149 ns
[2023-12-03T12:55:58.211+0000][74][info ][safepoint   ] Safepoint "Cleanup", Time since last: 2011071282 ns, Reaching safepoint: 36268 ns, Cleanup: 21281 ns, At safepoint: 10796 ns, Total: 68345 ns
[2023-12-03T12:56:01.236+0000][74][info ][safepoint   ] Safepoint "Cleanup", Time since last: 3025580192 ns, Reaching safepoint: 81386 ns, Cleanup: 18652 ns, At safepoint: 12414 ns, Total: 112452 ns
[2023-12-03T12:56:04.294+0000][74][info ][safepoint   ] Safepoint "Cleanup", Time since last: 3057409266 ns, Reaching safepoint: 14988 ns, Cleanup: 10490 ns, At safepoint: 6561 ns, Total: 32039 ns
[2023-12-03T12:56:06.286+0000][74][info ][safepoint   ] Safepoint "Cleanup", Time since last: 1992602108 ns, Reaching safepoint: 60876 ns, Cleanup: 28573 ns, At safepoint: 8429 ns, Total: 97878 ns
[2023-12-03T12:56:07.298+0000][74][info ][safepoint   ] Safepoint "Cleanup", Time since last: 1010980565 ns, Reaching safepoint: 38726 ns, Cleanup: 32817 ns, At safepoint: 11618 ns, Total: 83161 ns
[2023-12-03T12:56:08.298+0000][74][info ][safepoint   ] Safepoint "Cleanup", Time since last: 1000161221 ns, Reaching safepoint: 18497 ns, Cleanup: 8862 ns, At safepoint: 3191 ns, Total: 30550 ns
[2023-12-03T12:56:10.115+0000][74][info ][safepoint   ] Safepoint "Cleanup", Time since last: 1817343498 ns, Reaching safepoint: 39663 ns, Cleanup: 27584 ns, At safepoint: 11585 ns, Total: 78832 ns
[2023-12-03T12:56:13.244+0000][74][info ][safepoint   ] Safepoint "Cleanup", Time since last: 3128277148 ns, Reaching safepoint: 108503 ns, Cleanup: 23121 ns, At safepoint: 12760 ns, Total: 144384 ns
[2023-12-03T12:56:15.092+0000][74][info ][gc,start    ] GC(43) Pause Young (Prepare Mixed) (G1 Evacuation Pause)
[2023-12-03T12:56:15.092+0000][74][info ][gc,task     ] GC(43) Using 10 workers of 10 for evacuation
[2023-12-03T12:56:15.092+0000][74][debug][gc,age      ] GC(43) Desired survivor size 20971520 bytes, new threshold 15 (max threshold 15)
[2023-12-03T12:56:15.108+0000][74][info ][gc,phases   ] GC(43)   Pre Evacuate Collection Set: 0.3ms
[2023-12-03T12:56:15.108+0000][74][info ][gc,phases   ] GC(43)   Merge Heap Roots: 0.2ms
[2023-12-03T12:56:15.108+0000][74][info ][gc,phases   ] GC(43)   Evacuate Collection Set: 15.0ms
[2023-12-03T12:56:15.108+0000][74][info ][gc,phases   ] GC(43)   Post Evacuate Collection Set: 0.8ms
[2023-12-03T12:56:15.108+0000][74][info ][gc,phases   ] GC(43)   Other: 0.1ms
[2023-12-03T12:56:15.108+0000][74][trace][gc,age      ] GC(43) Age table with threshold 15 (max threshold 15)
[2023-12-03T12:56:15.108+0000][74][trace][gc,age      ] GC(43) - age   1:    2269176 bytes,    2269176 total
[2023-12-03T12:56:15.108+0000][74][trace][gc,age      ] GC(43) - age   2:     482808 bytes,    2751984 total
[2023-12-03T12:56:15.108+0000][74][trace][gc,age      ] GC(43) - age   3:     414856 bytes,    3166840 total
[2023-12-03T12:56:15.108+0000][74][trace][gc,age      ] GC(43) - age   4:      66696 bytes,    3233536 total
[2023-12-03T12:56:15.108+0000][74][trace][gc,age      ] GC(43) - age   5:     210000 bytes,    3443536 total
[2023-12-03T12:56:15.108+0000][74][trace][gc,age      ] GC(43) - age   6:    1772024 bytes,    5215560 total
[2023-12-03T12:56:15.108+0000][74][trace][gc,age      ] GC(43) - age   7:     114696 bytes,    5330256 total
[2023-12-03T12:56:15.108+0000][74][trace][gc,age      ] GC(43) - age   8:    2229408 bytes,    7559664 total
[2023-12-03T12:56:15.108+0000][74][trace][gc,age      ] GC(43) - age   9:    1042200 bytes,    8601864 total
[2023-12-03T12:56:15.108+0000][74][trace][gc,age      ] GC(43) - age  10:    1926600 bytes,   10528464 total
[2023-12-03T12:56:15.108+0000][74][trace][gc,age      ] GC(43) - age  11:    5157944 bytes,   15686408 total
[2023-12-03T12:56:15.108+0000][74][trace][gc,age      ] GC(43) - age  12:    1353120 bytes,   17039528 total
[2023-12-03T12:56:15.108+0000][74][trace][gc,age      ] GC(43) - age  13:    2031992 bytes,   19071520 total
[2023-12-03T12:56:15.108+0000][74][trace][gc,age      ] GC(43) - age  14:    1805696 bytes,   20877216 total
[2023-12-03T12:56:15.108+0000][74][info ][gc,heap     ] GC(43) Eden regions: 70->0(70)
[2023-12-03T12:56:15.108+0000][74][info ][gc,heap     ] GC(43) Survivor regions: 6->6(10)
[2023-12-03T12:56:15.108+0000][74][info ][gc,heap     ] GC(43) Old regions: 27->27
[2023-12-03T12:56:15.108+0000][74][info ][gc,heap     ] GC(43) Humongous regions: 2->2
[2023-12-03T12:56:15.108+0000][74][info ][gc,metaspace] GC(43) Metaspace: 155654K(158464K)->155654K(158464K) NonClass: 135007K(136512K)->135007K(136512K) Class: 20647K(21952K)->20647K(21952K)
[2023-12-03T12:56:15.108+0000][74][info ][gc          ] GC(43) Pause Young (Prepare Mixed) (G1 Evacuation Pause) 415M->136M(512M) 16.672ms
[2023-12-03T12:56:15.109+0000][74][info ][gc,cpu      ] GC(43) User=0.10s Sys=0.00s Real=0.01s
[2023-12-03T12:56:15.109+0000][74][info ][safepoint   ] Safepoint "G1CollectForAllocation", Time since last: 1848186010 ns, Reaching safepoint: 18727 ns, Cleanup: 4220 ns, At safepoint: 16768008 ns, Total: 16790955 ns
[2023-12-03T12:56:16.116+0000][74][info ][safepoint   ] Safepoint "Cleanup", Time since last: 1007032541 ns, Reaching safepoint: 36058 ns, Cleanup: 21969 ns, At safepoint: 10119 ns, Total: 68146 ns
[2023-12-03T12:56:17.855+0000][74][info ][safepoint   ] Safepoint "Cleanup", Time since last: 1738930983 ns, Reaching safepoint: 37252 ns, Cleanup: 40539 ns, At safepoint: 10490 ns, Total: 88281 ns
[2023-12-03T12:56:20.397+0000][74][info ][safepoint   ] Safepoint "Cleanup", Time since last: 2542527868 ns, Reaching safepoint: 17536 ns, Cleanup: 7383 ns, At safepoint: 4141 ns, Total: 29060 ns
[2023-12-03T12:56:21.408+0000][74][info ][safepoint   ] Safepoint "Cleanup", Time since last: 1011096752 ns, Reaching safepoint: 39913 ns, Cleanup: 12183 ns, At safepoint: 5197 ns, Total: 57293 ns
[2023-12-03T12:56:22.409+0000][74][info ][safepoint   ] Safepoint "Cleanup", Time since last: 1000140659 ns, Reaching safepoint: 41124 ns, Cleanup: 18834 ns, At safepoint: 12194 ns, Total: 72152 ns
[2023-12-03T12:56:24.422+0000][74][info ][safepoint   ] Safepoint "Cleanup", Time since last: 2013783109 ns, Reaching safepoint: 7019 ns, Cleanup: 4986 ns, At safepoint: 2182 ns, Total: 14187 ns
[2023-12-03T12:56:25.425+0000][74][info ][safepoint   ] Safepoint "Cleanup", Time since last: 1002905918 ns, Reaching safepoint: 114922 ns, Cleanup: 44919 ns, At safepoint: 15888 ns, Total: 175729 ns
[2023-12-03T12:56:26.441+0000][74][info ][safepoint   ] Safepoint "Cleanup", Time since last: 1015358176 ns, Reaching safepoint: 32329 ns, Cleanup: 16357 ns, At safepoint: 8883 ns, Total: 57569 ns
[2023-12-03T12:56:27.463+0000][74][info ][safepoint   ] Safepoint "Cleanup", Time since last: 1021892075 ns, Reaching safepoint: 40255 ns, Cleanup: 26957 ns, At safepoint: 12693 ns, Total: 79905 ns
[2023-12-03T12:56:30.433+0000][74][info ][safepoint   ] Safepoint "Cleanup", Time since last: 2969964700 ns, Reaching safepoint: 19405 ns, Cleanup: 5600 ns, At safepoint: 3509 ns, Total: 28514 ns
[2023-12-03T12:56:32.482+0000][74][info ][safepoint   ] Safepoint "Cleanup", Time since last: 2048650604 ns, Reaching safepoint: 14116 ns, Cleanup: 7150 ns, At safepoint: 2184 ns, Total: 23450 ns
[2023-12-03T12:56:33.486+0000][74][info ][safepoint   ] Safepoint "Cleanup", Time since last: 1004256617 ns, Reaching safepoint: 36320 ns, Cleanup: 23506 ns, At safepoint: 8728 ns, Total: 68554 ns
[2023-12-03T12:56:37.523+0000][74][info ][safepoint   ] Safepoint "Cleanup", Time since last: 4036589058 ns, Reaching safepoint: 112890 ns, Cleanup: 46832 ns, At safepoint: 17967 ns, Total: 177689 ns
[2023-12-03T12:56:38.540+0000][74][info ][safepoint   ] Safepoint "Cleanup", Time since last: 1017367888 ns, Reaching safepoint: 16337 ns, Cleanup: 9413 ns, At safepoint: 3381 ns, Total: 29131 ns
[2023-12-03T12:56:39.540+0000][74][info ][safepoint   ] Safepoint "Cleanup", Time since last: 1000226585 ns, Reaching safepoint: 23360 ns, Cleanup: 13734 ns, At safepoint: 5999 ns, Total: 43093 ns
[2023-12-03T12:56:42.541+0000][74][info ][safepoint   ] Safepoint "Cleanup", Time since last: 3000648985 ns, Reaching safepoint: 49875 ns, Cleanup: 20056 ns, At safepoint: 12936 ns, Total: 82867 ns
[2023-12-03T12:56:43.548+0000][74][info ][safepoint   ] Safepoint "Cleanup", Time since last: 1006863177 ns, Reaching safepoint: 9555 ns, Cleanup: 6468 ns, At safepoint: 3114 ns, Total: 19137 ns
[2023-12-03T12:56:45.552+0000][74][info ][safepoint   ] Safepoint "Cleanup", Time since last: 2003619580 ns, Reaching safepoint: 58441 ns, Cleanup: 16221 ns, At safepoint: 8256 ns, Total: 82918 ns
[2023-12-03T12:56:48.552+0000][74][info ][safepoint   ] Safepoint "Cleanup", Time since last: 3000508489 ns, Reaching safepoint: 41868 ns, Cleanup: 19480 ns, At safepoint: 13001 ns, Total: 74349 ns
[2023-12-03T12:56:51.615+0000][74][info ][safepoint   ] Safepoint "Cleanup", Time since last: 3063184383 ns, Reaching safepoint: 63397 ns, Cleanup: 18255 ns, At safepoint: 14160 ns, Total: 95812 ns
[2023-12-03T12:56:54.661+0000][74][info ][safepoint   ] Safepoint "Cleanup", Time since last: 3045132354 ns, Reaching safepoint: 19744 ns, Cleanup: 9561 ns, At safepoint: 4558 ns, Total: 33863 ns
[2023-12-03T12:56:55.686+0000][74][info ][safepoint   ] Safepoint "Cleanup", Time since last: 1025455784 ns, Reaching safepoint: 62312 ns, Cleanup: 19563 ns, At safepoint: 13865 ns, Total: 95740 ns
[2023-12-03T12:57:00.502+0000][74][info ][safepoint   ] Safepoint "Cleanup", Time since last: 4815380462 ns, Reaching safepoint: 75406 ns, Cleanup: 15059 ns, At safepoint: 25301 ns, Total: 115766 ns
[2023-12-03T12:57:01.785+0000][74][info ][safepoint   ] Safepoint "Cleanup", Time since last: 1282822423 ns, Reaching safepoint: 19929 ns, Cleanup: 24435 ns, At safepoint: 8540 ns, Total: 52904 ns
[2023-12-03T12:57:04.795+0000][74][info ][safepoint   ] Safepoint "Cleanup", Time since last: 3010118682 ns, Reaching safepoint: 15836 ns, Cleanup: 6441 ns, At safepoint: 3186 ns, Total: 25463 ns
[2023-12-03T12:57:06.452+0000][74][info ][safepoint   ] Safepoint "Cleanup", Time since last: 1657361584 ns, Reaching safepoint: 12250 ns, Cleanup: 5392 ns, At safepoint: 2228 ns, Total: 19870 ns
[2023-12-03T12:57:07.811+0000][74][info ][safepoint   ] Safepoint "Cleanup", Time since last: 1359146069 ns, Reaching safepoint: 39985 ns, Cleanup: 34657 ns, At safepoint: 12518 ns, Total: 87160 ns
[2023-12-03T12:57:11.812+0000][74][info ][safepoint   ] Safepoint "Cleanup", Time since last: 4001078322 ns, Reaching safepoint: 74491 ns, Cleanup: 21391 ns, At safepoint: 5311 ns, Total: 101193 ns
[2023-12-03T12:57:12.817+0000][74][info ][safepoint   ] Safepoint "Cleanup", Time since last: 1004053757 ns, Reaching safepoint: 7439 ns, Cleanup: 4935 ns, At safepoint: 1750 ns, Total: 14124 ns
[2023-12-03T12:57:15.821+0000][74][info ][safepoint   ] Safepoint "Cleanup", Time since last: 3004735716 ns, Reaching safepoint: 61211 ns, Cleanup: 15544 ns, At safepoint: 9404 ns, Total: 86159 ns
[2023-12-03T12:57:19.172+0000][74][info ][safepoint   ] Safepoint "Cleanup", Time since last: 3350609727 ns, Reaching safepoint: 28748 ns, Cleanup: 5855 ns, At safepoint: 3798 ns, Total: 38401 ns
[2023-12-03T12:57:25.954+0000][74][info ][safepoint   ] Safepoint "Cleanup", Time since last: 6782230147 ns, Reaching safepoint: 22038 ns, Cleanup: 13272 ns, At safepoint: 12535 ns, Total: 47845 ns
[2023-12-03T12:57:30.971+0000][74][info ][safepoint   ] Safepoint "Cleanup", Time since last: 5016625147 ns, Reaching safepoint: 71565 ns, Cleanup: 23121 ns, At safepoint: 22664 ns, Total: 117350 ns
[2023-12-03T12:57:33.021+0000][74][info ][safepoint   ] Safepoint "Cleanup", Time since last: 2049607053 ns, Reaching safepoint: 37084 ns, Cleanup: 17398 ns, At safepoint: 10580 ns, Total: 65062 ns
[2023-12-03T12:57:35.049+0000][74][info ][safepoint   ] Safepoint "Cleanup", Time since last: 2028545793 ns, Reaching safepoint: 30923 ns, Cleanup: 36945 ns, At safepoint: 9466 ns, Total: 77334 ns
[2023-12-03T12:57:36.713+0000][74][info ][gc,start    ] GC(44) Pause Young (Mixed) (G1 Evacuation Pause)
[2023-12-03T12:57:36.713+0000][74][info ][gc,task     ] GC(44) Using 10 workers of 10 for evacuation
[2023-12-03T12:57:36.713+0000][74][debug][gc,age      ] GC(44) Desired survivor size 20971520 bytes, new threshold 15 (max threshold 15)
[2023-12-03T12:57:36.750+0000][74][info ][gc,phases   ] GC(44)   Pre Evacuate Collection Set: 0.5ms
[2023-12-03T12:57:36.750+0000][74][info ][gc,phases   ] GC(44)   Merge Heap Roots: 0.3ms
[2023-12-03T12:57:36.750+0000][74][info ][gc,phases   ] GC(44)   Evacuate Collection Set: 35.0ms
[2023-12-03T12:57:36.750+0000][74][info ][gc,phases   ] GC(44)   Post Evacuate Collection Set: 0.9ms
[2023-12-03T12:57:36.750+0000][74][info ][gc,phases   ] GC(44)   Other: 0.2ms
[2023-12-03T12:57:36.750+0000][74][trace][gc,age      ] GC(44) Age table with threshold 15 (max threshold 15)
[2023-12-03T12:57:36.750+0000][74][trace][gc,age      ] GC(44) - age   1:    1625272 bytes,    1625272 total
[2023-12-03T12:57:36.750+0000][74][trace][gc,age      ] GC(44) - age   2:     534968 bytes,    2160240 total
[2023-12-03T12:57:36.750+0000][74][trace][gc,age      ] GC(44) - age   3:     427704 bytes,    2587944 total
[2023-12-03T12:57:36.750+0000][74][trace][gc,age      ] GC(44) - age   4:     397312 bytes,    2985256 total
[2023-12-03T12:57:36.750+0000][74][trace][gc,age      ] GC(44) - age   5:      66696 bytes,    3051952 total
[2023-12-03T12:57:36.750+0000][74][trace][gc,age      ] GC(44) - age   6:     209864 bytes,    3261816 total
[2023-12-03T12:57:36.750+0000][74][trace][gc,age      ] GC(44) - age   7:    1755328 bytes,    5017144 total
[2023-12-03T12:57:36.750+0000][74][trace][gc,age      ] GC(44) - age   8:     106520 bytes,    5123664 total
[2023-12-03T12:57:36.750+0000][74][trace][gc,age      ] GC(44) - age   9:    2229408 bytes,    7353072 total
[2023-12-03T12:57:36.750+0000][74][trace][gc,age      ] GC(44) - age  10:    1025448 bytes,    8378520 total
[2023-12-03T12:57:36.750+0000][74][trace][gc,age      ] GC(44) - age  11:    1925680 bytes,   10304200 total
[2023-12-03T12:57:36.750+0000][74][trace][gc,age      ] GC(44) - age  12:    5157944 bytes,   15462144 total
[2023-12-03T12:57:36.750+0000][74][trace][gc,age      ] GC(44) - age  13:    1353120 bytes,   16815264 total
[2023-12-03T12:57:36.750+0000][74][trace][gc,age      ] GC(44) - age  14:    2031992 bytes,   18847256 total
[2023-12-03T12:57:36.750+0000][74][trace][gc,age      ] GC(44) - age  15:    1805696 bytes,   20652952 total
[2023-12-03T12:57:36.750+0000][74][info ][gc,heap     ] GC(44) Eden regions: 70->0(70)
[2023-12-03T12:57:36.750+0000][74][info ][gc,heap     ] GC(44) Survivor regions: 6->6(10)
[2023-12-03T12:57:36.750+0000][74][info ][gc,heap     ] GC(44) Old regions: 27->27
[2023-12-03T12:57:36.750+0000][74][info ][gc,heap     ] GC(44) Humongous regions: 2->2
[2023-12-03T12:57:36.750+0000][74][info ][gc,metaspace] GC(44) Metaspace: 155766K(158592K)->155766K(158592K) NonClass: 135118K(136640K)->135118K(136640K) Class: 20648K(21952K)->20648K(21952K)
[2023-12-03T12:57:36.750+0000][74][info ][gc          ] GC(44) Pause Young (Mixed) (G1 Evacuation Pause) 416M->135M(512M) 37.301ms
[2023-12-03T12:57:36.750+0000][74][info ][gc,cpu      ] GC(44) User=0.26s Sys=0.00s Real=0.04s
[2023-12-03T12:57:36.750+0000][74][info ][safepoint   ] Safepoint "G1CollectForAllocation", Time since last: 1663076352 ns, Reaching safepoint: 59368 ns, Cleanup: 43885 ns, At safepoint: 37445439 ns, Total: 37548692 ns
[2023-12-03T12:57:39.097+0000][74][info ][safepoint   ] Safepoint "Cleanup", Time since last: 2346804501 ns, Reaching safepoint: 39428 ns, Cleanup: 21950 ns, At safepoint: 12868 ns, Total: 74246 ns
[2023-12-03T12:57:41.125+0000][74][info ][safepoint   ] Safepoint "Cleanup", Time since last: 2028114629 ns, Reaching safepoint: 89057 ns, Cleanup: 19843 ns, At safepoint: 13528 ns, Total: 122428 ns
[2023-12-03T12:57:47.166+0000][74][info ][safepoint   ] Safepoint "Cleanup", Time since last: 6041243946 ns, Reaching safepoint: 50852 ns, Cleanup: 39710 ns, At safepoint: 13932 ns, Total: 104494 ns
[2023-12-03T12:57:49.065+0000][74][info ][safepoint   ] Safepoint "Cleanup", Time since last: 1898131975 ns, Reaching safepoint: 14494 ns, Cleanup: 8138 ns, At safepoint: 4688 ns, Total: 27320 ns
[2023-12-03T12:57:54.649+0000][74][info ][safepoint   ] Safepoint "Cleanup", Time since last: 5584816586 ns, Reaching safepoint: 53769 ns, Cleanup: 14062 ns, At safepoint: 6939 ns, Total: 74770 ns
[2023-12-03T12:57:56.660+0000][74][info ][safepoint   ] Safepoint "Cleanup", Time since last: 2010339463 ns, Reaching safepoint: 71575 ns, Cleanup: 18728 ns, At safepoint: 16175 ns, Total: 106478 ns
[2023-12-03T12:57:57.680+0000][74][info ][safepoint   ] Safepoint "Cleanup", Time since last: 1020384729 ns, Reaching safepoint: 17797 ns, Cleanup: 8339 ns, At safepoint: 3273 ns, Total: 29409 ns
[2023-12-03T12:57:59.060+0000][74][info ][safepoint   ] Safepoint "Cleanup", Time since last: 1379413991 ns, Reaching safepoint: 6086 ns, Cleanup: 6001 ns, At safepoint: 2005 ns, Total: 14092 ns
[2023-12-03T12:58:01.019+0000][74][info ][safepoint   ] Safepoint "Cleanup", Time since last: 1959419259 ns, Reaching safepoint: 25087 ns, Cleanup: 12649 ns, At safepoint: 3026 ns, Total: 40762 ns
[2023-12-03T12:58:02.073+0000][74][info ][safepoint   ] Safepoint "Cleanup", Time since last: 1053259315 ns, Reaching safepoint: 48671 ns, Cleanup: 20525 ns, At safepoint: 6086 ns, Total: 75282 ns
[2023-12-03T12:58:04.073+0000][74][info ][safepoint   ] Safepoint "Cleanup", Time since last: 2000714148 ns, Reaching safepoint: 80471 ns, Cleanup: 20414 ns, At safepoint: 13746 ns, Total: 114631 ns
[2023-12-03T12:58:05.074+0000][74][info ][safepoint   ] Safepoint "Cleanup", Time since last: 1000737884 ns, Reaching safepoint: 39014 ns, Cleanup: 18772 ns, At safepoint: 12599 ns, Total: 70385 ns
[2023-12-03T12:58:07.112+0000][74][info ][safepoint   ] Safepoint "Cleanup", Time since last: 2037952641 ns, Reaching safepoint: 72598 ns, Cleanup: 30433 ns, At safepoint: 13407 ns, Total: 116438 ns
[2023-12-03T12:58:08.144+0000][74][info ][safepoint   ] Safepoint "Cleanup", Time since last: 1031197939 ns, Reaching safepoint: 59583 ns, Cleanup: 24725 ns, At safepoint: 22243 ns, Total: 106551 ns
[2023-12-03T12:58:10.144+0000][74][info ][safepoint   ] Safepoint "Cleanup", Time since last: 2000506634 ns, Reaching safepoint: 39439 ns, Cleanup: 22087 ns, At safepoint: 12677 ns, Total: 74203 ns
[2023-12-03T12:58:11.145+0000][74][info ][safepoint   ] Safepoint "Cleanup", Time since last: 1000745634 ns, Reaching safepoint: 39037 ns, Cleanup: 17953 ns, At safepoint: 13282 ns, Total: 70272 ns
[2023-12-03T12:58:16.188+0000][74][info ][safepoint   ] Safepoint "Cleanup", Time since last: 5043361198 ns, Reaching safepoint: 77682 ns, Cleanup: 23953 ns, At safepoint: 13388 ns, Total: 115023 ns
[2023-12-03T12:58:20.241+0000][74][info ][safepoint   ] Safepoint "Cleanup", Time since last: 4052687161 ns, Reaching safepoint: 67611 ns, Cleanup: 18519 ns, At safepoint: 9172 ns, Total: 95302 ns
[2023-12-03T12:58:21.267+0000][74][info ][safepoint   ] Safepoint "Cleanup", Time since last: 1026085873 ns, Reaching safepoint: 23473 ns, Cleanup: 41626 ns, At safepoint: 11171 ns, Total: 76270 ns
[2023-12-03T12:58:22.283+0000][74][info ][safepoint   ] Safepoint "Cleanup", Time since last: 1015922312 ns, Reaching safepoint: 25212 ns, Cleanup: 7291 ns, At safepoint: 2880 ns, Total: 35383 ns
[2023-12-03T12:58:23.297+0000][74][info ][safepoint   ] Safepoint "Cleanup", Time since last: 1013456006 ns, Reaching safepoint: 57050 ns, Cleanup: 23348 ns, At safepoint: 16738 ns, Total: 97136 ns
[2023-12-03T12:58:24.335+0000][74][info ][safepoint   ] Safepoint "Cleanup", Time since last: 1037845880 ns, Reaching safepoint: 25606 ns, Cleanup: 54036 ns, At safepoint: 22221 ns, Total: 101863 ns
[2023-12-03T12:58:25.364+0000][74][info ][safepoint   ] Safepoint "Cleanup", Time since last: 1029532178 ns, Reaching safepoint: 16477 ns, Cleanup: 12726 ns, At safepoint: 3277 ns, Total: 32480 ns
[2023-12-03T12:58:26.370+0000][74][info ][safepoint   ] Safepoint "Cleanup", Time since last: 1006000993 ns, Reaching safepoint: 38981 ns, Cleanup: 29863 ns, At safepoint: 12094 ns, Total: 80938 ns
[2023-12-03T12:58:29.371+0000][74][info ][safepoint   ] Safepoint "Cleanup", Time since last: 3000521003 ns, Reaching safepoint: 41732 ns, Cleanup: 38511 ns, At safepoint: 12770 ns, Total: 93013 ns
[2023-12-03T12:58:30.409+0000][74][info ][safepoint   ] Safepoint "Cleanup", Time since last: 1037310639 ns, Reaching safepoint: 38021 ns, Cleanup: 31995 ns, At safepoint: 16593 ns, Total: 86609 ns
[2023-12-03T12:58:31.896+0000][74][info ][safepoint   ] Safepoint "Cleanup", Time since last: 1487776968 ns, Reaching safepoint: 74491 ns, Cleanup: 22248 ns, At safepoint: 13198 ns, Total: 109937 ns
[2023-12-03T12:58:34.898+0000][74][info ][safepoint   ] Safepoint "Cleanup", Time since last: 3001494456 ns, Reaching safepoint: 55785 ns, Cleanup: 31160 ns, At safepoint: 18760 ns, Total: 105705 ns
[2023-12-03T12:58:36.454+0000][74][info ][safepoint   ] Safepoint "Cleanup", Time since last: 1555874871 ns, Reaching safepoint: 33907 ns, Cleanup: 27863 ns, At safepoint: 11075 ns, Total: 72845 ns
[2023-12-03T12:58:37.486+0000][74][info ][safepoint   ] Safepoint "Cleanup", Time since last: 1031511670 ns, Reaching safepoint: 23096 ns, Cleanup: 19383 ns, At safepoint: 10639 ns, Total: 53118 ns
[2023-12-03T12:58:41.372+0000][74][info ][safepoint   ] Safepoint "Cleanup", Time since last: 3886812566 ns, Reaching safepoint: 36101 ns, Cleanup: 16562 ns, At safepoint: 10920 ns, Total: 63583 ns
[2023-12-03T12:58:42.539+0000][74][info ][safepoint   ] Safepoint "Cleanup", Time since last: 1166351602 ns, Reaching safepoint: 40408 ns, Cleanup: 20209 ns, At safepoint: 9981 ns, Total: 70598 ns
[2023-12-03T12:58:46.556+0000][74][info ][safepoint   ] Safepoint "Cleanup", Time since last: 4017514495 ns, Reaching safepoint: 88080 ns, Cleanup: 22557 ns, At safepoint: 24909 ns, Total: 135546 ns
[2023-12-03T12:58:47.494+0000][74][info ][gc,start    ] GC(45) Pause Young (Concurrent Start) (G1 Evacuation Pause)
[2023-12-03T12:58:47.494+0000][74][info ][gc,task     ] GC(45) Using 10 workers of 10 for evacuation
[2023-12-03T12:58:47.495+0000][74][debug][gc,age      ] GC(45) Desired survivor size 20971520 bytes, new threshold 15 (max threshold 15)
[2023-12-03T12:58:47.513+0000][74][info ][gc,phases   ] GC(45)   Pre Evacuate Collection Set: 0.3ms
[2023-12-03T12:58:47.513+0000][74][info ][gc,phases   ] GC(45)   Merge Heap Roots: 0.1ms
[2023-12-03T12:58:47.513+0000][74][info ][gc,phases   ] GC(45)   Evacuate Collection Set: 16.6ms
[2023-12-03T12:58:47.513+0000][74][info ][gc,phases   ] GC(45)   Post Evacuate Collection Set: 0.8ms
[2023-12-03T12:58:47.513+0000][74][info ][gc,phases   ] GC(45)   Other: 0.2ms
[2023-12-03T12:58:47.513+0000][74][trace][gc,age      ] GC(45) Age table with threshold 15 (max threshold 15)
[2023-12-03T12:58:47.513+0000][74][trace][gc,age      ] GC(45) - age   1:    1702464 bytes,    1702464 total
[2023-12-03T12:58:47.513+0000][74][trace][gc,age      ] GC(45) - age   2:      41680 bytes,    1744144 total
[2023-12-03T12:58:47.513+0000][74][trace][gc,age      ] GC(45) - age   3:     244424 bytes,    1988568 total
[2023-12-03T12:58:47.513+0000][74][trace][gc,age      ] GC(45) - age   4:     251288 bytes,    2239856 total
[2023-12-03T12:58:47.513+0000][74][trace][gc,age      ] GC(45) - age   5:     381136 bytes,    2620992 total
[2023-12-03T12:58:47.513+0000][74][trace][gc,age      ] GC(45) - age   6:      66536 bytes,    2687528 total
[2023-12-03T12:58:47.513+0000][74][trace][gc,age      ] GC(45) - age   7:     207088 bytes,    2894616 total
[2023-12-03T12:58:47.513+0000][74][trace][gc,age      ] GC(45) - age   8:    1755200 bytes,    4649816 total
[2023-12-03T12:58:47.513+0000][74][trace][gc,age      ] GC(45) - age   9:     106520 bytes,    4756336 total
[2023-12-03T12:58:47.513+0000][74][trace][gc,age      ] GC(45) - age  10:    2229120 bytes,    6985456 total
[2023-12-03T12:58:47.513+0000][74][trace][gc,age      ] GC(45) - age  11:    1023792 bytes,    8009248 total
[2023-12-03T12:58:47.513+0000][74][trace][gc,age      ] GC(45) - age  12:    1925680 bytes,    9934928 total
[2023-12-03T12:58:47.513+0000][74][trace][gc,age      ] GC(45) - age  13:    5157944 bytes,   15092872 total
[2023-12-03T12:58:47.513+0000][74][trace][gc,age      ] GC(45) - age  14:    1353120 bytes,   16445992 total
[2023-12-03T12:58:47.513+0000][74][trace][gc,age      ] GC(45) - age  15:    2031992 bytes,   18477984 total
[2023-12-03T12:58:47.513+0000][74][info ][gc,heap     ] GC(45) Eden regions: 70->0(71)
[2023-12-03T12:58:47.513+0000][74][info ][gc,heap     ] GC(45) Survivor regions: 6->5(10)
[2023-12-03T12:58:47.513+0000][74][info ][gc,heap     ] GC(45) Old regions: 27->27
[2023-12-03T12:58:47.513+0000][74][info ][gc,heap     ] GC(45) Humongous regions: 2->2
[2023-12-03T12:58:47.513+0000][74][info ][gc,metaspace] GC(45) Metaspace: 155816K(158656K)->155816K(158656K) NonClass: 135168K(136704K)->135168K(136704K) Class: 20648K(21952K)->20648K(21952K)
[2023-12-03T12:58:47.513+0000][74][info ][gc          ] GC(45) Pause Young (Concurrent Start) (G1 Evacuation Pause) 415M->134M(512M) 18.375ms
[2023-12-03T12:58:47.513+0000][74][info ][gc          ] GC(46) Concurrent Mark Cycle
[2023-12-03T12:58:47.513+0000][74][info ][gc,marking  ] GC(46) Concurrent Scan Root Regions
[2023-12-03T12:58:47.513+0000][74][info ][gc,cpu      ] GC(45) User=0.12s Sys=0.00s Real=0.02s
[2023-12-03T12:58:47.513+0000][74][info ][safepoint   ] Safepoint "G1CollectForAllocation", Time since last: 937875727 ns, Reaching safepoint: 28802 ns, Cleanup: 4627 ns, At safepoint: 18592149 ns, Total: 18625578 ns
[2023-12-03T12:58:47.520+0000][74][info ][gc,marking  ] GC(46) Concurrent Scan Root Regions 7.055ms
[2023-12-03T12:58:47.520+0000][74][info ][gc,marking  ] GC(46) Concurrent Mark
[2023-12-03T12:58:47.520+0000][74][info ][gc,marking  ] GC(46) Concurrent Mark From Roots
[2023-12-03T12:58:47.520+0000][74][info ][gc,task     ] GC(46) Using 3 workers of 3 for marking
[2023-12-03T12:58:47.567+0000][74][info ][gc,marking  ] GC(46) Concurrent Mark From Roots 47.051ms
[2023-12-03T12:58:47.567+0000][74][info ][gc,marking  ] GC(46) Concurrent Preclean
[2023-12-03T12:58:47.567+0000][74][info ][gc,marking  ] GC(46) Concurrent Preclean 0.404ms
[2023-12-03T12:58:47.568+0000][74][info ][gc,start    ] GC(46) Pause Remark
[2023-12-03T12:58:47.604+0000][74][info ][gc          ] GC(46) Pause Remark 145M->145M(512M) 36.847ms
[2023-12-03T12:58:47.604+0000][74][info ][gc,cpu      ] GC(46) User=0.07s Sys=0.00s Real=0.04s
[2023-12-03T12:58:47.604+0000][74][info ][safepoint   ] Safepoint "G1PauseRemark", Time since last: 54563676 ns, Reaching safepoint: 17719 ns, Cleanup: 6821 ns, At safepoint: 36940044 ns, Total: 36964584 ns
[2023-12-03T12:58:47.605+0000][74][info ][gc,marking  ] GC(46) Concurrent Mark 84.602ms
[2023-12-03T12:58:47.605+0000][74][info ][gc,marking  ] GC(46) Concurrent Rebuild Remembered Sets and Scrub Regions
[2023-12-03T12:58:47.620+0000][74][info ][gc,marking  ] GC(46) Concurrent Rebuild Remembered Sets and Scrub Regions 15.334ms
[2023-12-03T12:58:47.620+0000][74][info ][gc,start    ] GC(46) Pause Cleanup
[2023-12-03T12:58:47.620+0000][74][info ][gc          ] GC(46) Pause Cleanup 145M->145M(512M) 0.069ms
[2023-12-03T12:58:47.620+0000][74][info ][gc,cpu      ] GC(46) User=0.00s Sys=0.00s Real=0.00s
[2023-12-03T12:58:47.620+0000][74][info ][safepoint   ] Safepoint "G1PauseCleanup", Time since last: 15505153 ns, Reaching safepoint: 13706 ns, Cleanup: 26019 ns, At safepoint: 141888 ns, Total: 181613 ns
[2023-12-03T12:58:47.620+0000][74][info ][gc,marking  ] GC(46) Concurrent Clear Claimed Marks
[2023-12-03T12:58:47.620+0000][74][info ][gc,marking  ] GC(46) Concurrent Clear Claimed Marks 0.129ms
[2023-12-03T12:58:47.620+0000][74][info ][gc,marking  ] GC(46) Concurrent Cleanup for Next Mark
[2023-12-03T12:58:47.621+0000][74][info ][gc,marking  ] GC(46) Concurrent Cleanup for Next Mark 0.200ms
[2023-12-03T12:58:47.621+0000][74][info ][gc          ] GC(46) Concurrent Mark Cycle 107.773ms
[2023-12-03T12:58:48.621+0000][74][info ][safepoint   ] Safepoint "Cleanup", Time since last: 1000559139 ns, Reaching safepoint: 41760 ns, Cleanup: 20985 ns, At safepoint: 11959 ns, Total: 74704 ns
[2023-12-03T12:58:49.621+0000][74][info ][safepoint   ] Safepoint "Cleanup", Time since last: 1000314901 ns, Reaching safepoint: 43200 ns, Cleanup: 18638 ns, At safepoint: 12315 ns, Total: 74153 ns
[2023-12-03T12:58:50.622+0000][74][info ][safepoint   ] Safepoint "Cleanup", Time since last: 1000249860 ns, Reaching safepoint: 36311 ns, Cleanup: 24997 ns, At safepoint: 11599 ns, Total: 72907 ns
[2023-12-03T12:58:56.133+0000][74][info ][safepoint   ] Safepoint "Cleanup", Time since last: 5511826513 ns, Reaching safepoint: 22433 ns, Cleanup: 10482 ns, At safepoint: 8535 ns, Total: 41450 ns
[2023-12-03T12:58:59.400+0000][74][info ][safepoint   ] Safepoint "Cleanup", Time since last: 3266881517 ns, Reaching safepoint: 152498 ns, Cleanup: 14727 ns, At safepoint: 15405 ns, Total: 182630 ns
[2023-12-03T12:59:06.476+0000][74][info ][safepoint   ] Safepoint "Cleanup", Time since last: 7075001945 ns, Reaching safepoint: 131008 ns, Cleanup: 36093 ns, At safepoint: 15060 ns, Total: 182161 ns
[2023-12-03T12:59:07.476+0000][74][info ][safepoint   ] Safepoint "Cleanup", Time since last: 1000491455 ns, Reaching safepoint: 88977 ns, Cleanup: 42735 ns, At safepoint: 13047 ns, Total: 144759 ns
[2023-12-03T12:59:11.478+0000][74][info ][safepoint   ] Safepoint "Cleanup", Time since last: 4001575380 ns, Reaching safepoint: 56163 ns, Cleanup: 36678 ns, At safepoint: 16470 ns, Total: 109311 ns
[2023-12-03T12:59:18.621+0000][74][info ][safepoint   ] Safepoint "Cleanup", Time since last: 7142742559 ns, Reaching safepoint: 5791 ns, Cleanup: 4921 ns, At safepoint: 1403 ns, Total: 12115 ns
[2023-12-03T12:59:19.623+0000][74][info ][safepoint   ] Safepoint "Cleanup", Time since last: 1002564628 ns, Reaching safepoint: 30418 ns, Cleanup: 16873 ns, At safepoint: 15589 ns, Total: 62880 ns
[2023-12-03T12:59:25.670+0000][74][info ][safepoint   ] Safepoint "Cleanup", Time since last: 6046336129 ns, Reaching safepoint: 23996 ns, Cleanup: 14692 ns, At safepoint: 6783 ns, Total: 45471 ns
[2023-12-03T12:59:31.775+0000][74][info ][safepoint   ] Safepoint "Cleanup", Time since last: 6104899485 ns, Reaching safepoint: 78835 ns, Cleanup: 19067 ns, At safepoint: 12187 ns, Total: 110089 ns
[2023-12-03T12:59:35.804+0000][74][info ][safepoint   ] Safepoint "Cleanup", Time since last: 4029683694 ns, Reaching safepoint: 38685 ns, Cleanup: 18611 ns, At safepoint: 11821 ns, Total: 69117 ns
[2023-12-03T12:59:36.833+0000][74][info ][safepoint   ] Safepoint "Cleanup", Time since last: 1028865555 ns, Reaching safepoint: 82271 ns, Cleanup: 18728 ns, At safepoint: 12644 ns, Total: 113643 ns
[2023-12-03T12:59:37.876+0000][74][info ][safepoint   ] Safepoint "Cleanup", Time since last: 1042916307 ns, Reaching safepoint: 22341 ns, Cleanup: 27512 ns, At safepoint: 10162 ns, Total: 60015 ns
[2023-12-03T12:59:44.945+0000][74][info ][safepoint   ] Safepoint "Cleanup", Time since last: 7067949642 ns, Reaching safepoint: 92428 ns, Cleanup: 19165 ns, At safepoint: 12518 ns, Total: 124111 ns
[2023-12-03T12:59:46.961+0000][74][info ][safepoint   ] Safepoint "Cleanup", Time since last: 2016432077 ns, Reaching safepoint: 33531 ns, Cleanup: 14363 ns, At safepoint: 12256 ns, Total: 60150 ns
[2023-12-03T12:59:47.977+0000][74][info ][safepoint   ] Safepoint "Cleanup", Time since last: 1015479884 ns, Reaching safepoint: 40523 ns, Cleanup: 23908 ns, At safepoint: 12176 ns, Total: 76607 ns
[2023-12-03T12:59:48.977+0000][74][info ][safepoint   ] Safepoint "Cleanup", Time since last: 1000198216 ns, Reaching safepoint: 15928 ns, Cleanup: 8714 ns, At safepoint: 2844 ns, Total: 27486 ns
[2023-12-03T12:59:49.977+0000][74][info ][safepoint   ] Safepoint "Cleanup", Time since last: 1000185861 ns, Reaching safepoint: 40917 ns, Cleanup: 21359 ns, At safepoint: 12100 ns, Total: 74376 ns
[2023-12-03T12:59:52.978+0000][74][info ][safepoint   ] Safepoint "Cleanup", Time since last: 3000406206 ns, Reaching safepoint: 82451 ns, Cleanup: 21388 ns, At safepoint: 11619 ns, Total: 115458 ns
[2023-12-03T12:59:54.021+0000][74][info ][safepoint   ] Safepoint "Cleanup", Time since last: 1043502961 ns, Reaching safepoint: 32399 ns, Cleanup: 26826 ns, At safepoint: 14508 ns, Total: 73733 ns
[2023-12-03T12:59:55.071+0000][74][info ][safepoint   ] Safepoint "Cleanup", Time since last: 1049549110 ns, Reaching safepoint: 6207 ns, Cleanup: 2795 ns, At safepoint: 2523 ns, Total: 11525 ns
[2023-12-03T13:00:00.086+0000][74][info ][safepoint   ] Safepoint "Cleanup", Time since last: 5014740430 ns, Reaching safepoint: 37212 ns, Cleanup: 20016 ns, At safepoint: 11207 ns, Total: 68435 ns
[2023-12-03T13:00:01.733+0000][74][info ][safepoint   ] Safepoint "Cleanup", Time since last: 1647030113 ns, Reaching safepoint: 22660 ns, Cleanup: 12869 ns, At safepoint: 10062 ns, Total: 45591 ns
[2023-12-03T13:00:03.167+0000][74][info ][safepoint   ] Safepoint "Cleanup", Time since last: 1434218313 ns, Reaching safepoint: 83045 ns, Cleanup: 18398 ns, At safepoint: 12649 ns, Total: 114092 ns
[2023-12-03T13:00:05.168+0000][74][info ][safepoint   ] Safepoint "Cleanup", Time since last: 2001002992 ns, Reaching safepoint: 39956 ns, Cleanup: 21297 ns, At safepoint: 12221 ns, Total: 73474 ns
[2023-12-03T13:00:06.215+0000][74][info ][gc,start    ] GC(47) Pause Young (Prepare Mixed) (G1 Evacuation Pause)
[2023-12-03T13:00:06.215+0000][74][info ][gc,task     ] GC(47) Using 10 workers of 10 for evacuation
[2023-12-03T13:00:06.215+0000][74][debug][gc,age      ] GC(47) Desired survivor size 20971520 bytes, new threshold 15 (max threshold 15)
[2023-12-03T13:00:06.243+0000][74][info ][gc,phases   ] GC(47)   Pre Evacuate Collection Set: 0.5ms
[2023-12-03T13:00:06.243+0000][74][info ][gc,phases   ] GC(47)   Merge Heap Roots: 0.3ms
[2023-12-03T13:00:06.244+0000][74][info ][gc,phases   ] GC(47)   Evacuate Collection Set: 26.1ms
[2023-12-03T13:00:06.244+0000][74][info ][gc,phases   ] GC(47)   Post Evacuate Collection Set: 1.5ms
[2023-12-03T13:00:06.244+0000][74][info ][gc,phases   ] GC(47)   Other: 0.2ms
[2023-12-03T13:00:06.244+0000][74][trace][gc,age      ] GC(47) Age table with threshold 15 (max threshold 15)
[2023-12-03T13:00:06.244+0000][74][trace][gc,age      ] GC(47) - age   1:     801336 bytes,     801336 total
[2023-12-03T13:00:06.244+0000][74][trace][gc,age      ] GC(47) - age   2:     241432 bytes,    1042768 total
[2023-12-03T13:00:06.244+0000][74][trace][gc,age      ] GC(47) - age   3:      39264 bytes,    1082032 total
[2023-12-03T13:00:06.244+0000][74][trace][gc,age      ] GC(47) - age   4:     231992 bytes,    1314024 total
[2023-12-03T13:00:06.244+0000][74][trace][gc,age      ] GC(47) - age   5:     251000 bytes,    1565024 total
[2023-12-03T13:00:06.244+0000][74][trace][gc,age      ] GC(47) - age   6:     381104 bytes,    1946128 total
[2023-12-03T13:00:06.244+0000][74][trace][gc,age      ] GC(47) - age   7:      66408 bytes,    2012536 total
[2023-12-03T13:00:06.244+0000][74][trace][gc,age      ] GC(47) - age   8:     207088 bytes,    2219624 total
[2023-12-03T13:00:06.244+0000][74][trace][gc,age      ] GC(47) - age   9:    1739040 bytes,    3958664 total
[2023-12-03T13:00:06.244+0000][74][trace][gc,age      ] GC(47) - age  10:     106520 bytes,    4065184 total
[2023-12-03T13:00:06.244+0000][74][trace][gc,age      ] GC(47) - age  11:    2218072 bytes,    6283256 total
[2023-12-03T13:00:06.244+0000][74][trace][gc,age      ] GC(47) - age  12:    1015776 bytes,    7299032 total
[2023-12-03T13:00:06.244+0000][74][trace][gc,age      ] GC(47) - age  13:    1925680 bytes,    9224712 total
[2023-12-03T13:00:06.244+0000][74][trace][gc,age      ] GC(47) - age  14:    5149512 bytes,   14374224 total
[2023-12-03T13:00:06.244+0000][74][trace][gc,age      ] GC(47) - age  15:    1353120 bytes,   15727344 total
[2023-12-03T13:00:06.244+0000][74][info ][gc,heap     ] GC(47) Eden regions: 71->0(71)
[2023-12-03T13:00:06.244+0000][74][info ][gc,heap     ] GC(47) Survivor regions: 5->5(10)
[2023-12-03T13:00:06.244+0000][74][info ][gc,heap     ] GC(47) Old regions: 27->28
[2023-12-03T13:00:06.244+0000][74][info ][gc,heap     ] GC(47) Humongous regions: 2->2
[2023-12-03T13:00:06.244+0000][74][info ][gc,metaspace] GC(47) Metaspace: 155870K(158720K)->155870K(158720K) NonClass: 135221K(136768K)->135221K(136768K) Class: 20648K(21952K)->20648K(21952K)
[2023-12-03T13:00:06.244+0000][74][info ][gc          ] GC(47) Pause Young (Prepare Mixed) (G1 Evacuation Pause) 418M->134M(512M) 29.269ms
[2023-12-03T13:00:06.244+0000][74][info ][gc,cpu      ] GC(47) User=0.21s Sys=0.01s Real=0.03s
[2023-12-03T13:00:06.244+0000][74][info ][safepoint   ] Safepoint "G1CollectForAllocation", Time since last: 1046668325 ns, Reaching safepoint: 27944 ns, Cleanup: 5472 ns, At safepoint: 29476592 ns, Total: 29510008 ns
[2023-12-03T13:00:07.245+0000][74][info ][safepoint   ] Safepoint "Cleanup", Time since last: 1000363738 ns, Reaching safepoint: 32519 ns, Cleanup: 14649 ns, At safepoint: 5728 ns, Total: 52896 ns
[2023-12-03T13:00:11.258+0000][74][info ][safepoint   ] Safepoint "Cleanup", Time since last: 4012952656 ns, Reaching safepoint: 18759 ns, Cleanup: 20529 ns, At safepoint: 9078 ns, Total: 48366 ns
[2023-12-03T13:00:12.289+0000][74][info ][safepoint   ] Safepoint "Cleanup", Time since last: 1031340511 ns, Reaching safepoint: 85527 ns, Cleanup: 20113 ns, At safepoint: 23527 ns, Total: 129167 ns
[2023-12-03T13:00:14.289+0000][74][info ][safepoint   ] Safepoint "Cleanup", Time since last: 2000288655 ns, Reaching safepoint: 35579 ns, Cleanup: 18776 ns, At safepoint: 11314 ns, Total: 65669 ns
[2023-12-03T13:00:16.291+0000][74][info ][safepoint   ] Safepoint "Cleanup", Time since last: 2001371981 ns, Reaching safepoint: 40422 ns, Cleanup: 26421 ns, At safepoint: 11817 ns, Total: 78660 ns
[2023-12-03T13:00:17.298+0000][74][info ][safepoint   ] Safepoint "Cleanup", Time since last: 1007073481 ns, Reaching safepoint: 15001 ns, Cleanup: 6679 ns, At safepoint: 6008 ns, Total: 27688 ns
[2023-12-03T13:00:24.346+0000][74][info ][safepoint   ] Safepoint "Cleanup", Time since last: 7048198007 ns, Reaching safepoint: 25991 ns, Cleanup: 6024 ns, At safepoint: 3625 ns, Total: 35640 ns
[2023-12-03T13:00:25.361+0000][74][info ][safepoint   ] Safepoint "Cleanup", Time since last: 1014944230 ns, Reaching safepoint: 38308 ns, Cleanup: 24735 ns, At safepoint: 12133 ns, Total: 75176 ns
[2023-12-03T13:00:26.362+0000][74][info ][safepoint   ] Safepoint "Cleanup", Time since last: 1000241684 ns, Reaching safepoint: 50621 ns, Cleanup: 26909 ns, At safepoint: 14829 ns, Total: 92359 ns
[2023-12-03T13:00:29.366+0000][74][info ][safepoint   ] Safepoint "Cleanup", Time since last: 3003973227 ns, Reaching safepoint: 25301 ns, Cleanup: 6171 ns, At safepoint: 3749 ns, Total: 35221 ns
[2023-12-03T13:00:34.900+0000][74][info ][safepoint   ] Safepoint "Cleanup", Time since last: 5534190330 ns, Reaching safepoint: 301471 ns, Cleanup: 12707 ns, At safepoint: 13467 ns, Total: 327645 ns
[2023-12-03T13:00:36.415+0000][74][info ][safepoint   ] Safepoint "Cleanup", Time since last: 1515343259 ns, Reaching safepoint: 19764 ns, Cleanup: 15773 ns, At safepoint: 9898 ns, Total: 45435 ns
[2023-12-03T13:00:44.484+0000][74][info ][safepoint   ] Safepoint "Cleanup", Time since last: 8068906422 ns, Reaching safepoint: 38751 ns, Cleanup: 24144 ns, At safepoint: 12417 ns, Total: 75312 ns
[2023-12-03T13:00:45.485+0000][74][info ][safepoint   ] Safepoint "Cleanup", Time since last: 1000261604 ns, Reaching safepoint: 38801 ns, Cleanup: 18380 ns, At safepoint: 12002 ns, Total: 69183 ns
[2023-12-03T13:00:46.485+0000][74][info ][safepoint   ] Safepoint "Cleanup", Time since last: 1000246818 ns, Reaching safepoint: 37751 ns, Cleanup: 17340 ns, At safepoint: 10778 ns, Total: 65869 ns
[2023-12-03T13:00:47.501+0000][74][info ][safepoint   ] Safepoint "Cleanup", Time since last: 1015284753 ns, Reaching safepoint: 149039 ns, Cleanup: 16232 ns, At safepoint: 16156 ns, Total: 181427 ns
[2023-12-03T13:00:48.517+0000][74][info ][safepoint   ] Safepoint "Cleanup", Time since last: 1016298010 ns, Reaching safepoint: 38683 ns, Cleanup: 29404 ns, At safepoint: 12607 ns, Total: 80694 ns
[2023-12-03T13:00:49.517+0000][74][info ][safepoint   ] Safepoint "Cleanup", Time since last: 1000214224 ns, Reaching safepoint: 16390 ns, Cleanup: 10596 ns, At safepoint: 3292 ns, Total: 30278 ns
[2023-12-03T13:00:53.534+0000][74][info ][safepoint   ] Safepoint "Cleanup", Time since last: 4016969776 ns, Reaching safepoint: 61687 ns, Cleanup: 14278 ns, At safepoint: 10617 ns, Total: 86582 ns
[2023-12-03T13:00:56.551+0000][74][info ][safepoint   ] Safepoint "Cleanup", Time since last: 3016336337 ns, Reaching safepoint: 39757 ns, Cleanup: 18450 ns, At safepoint: 12608 ns, Total: 70815 ns
[2023-12-03T13:00:59.551+0000][74][info ][safepoint   ] Safepoint "Cleanup", Time since last: 3000653798 ns, Reaching safepoint: 64689 ns, Cleanup: 7963 ns, At safepoint: 2693 ns, Total: 75345 ns
[2023-12-03T13:01:00.577+0000][74][info ][safepoint   ] Safepoint "Cleanup", Time since last: 1025873674 ns, Reaching safepoint: 30615 ns, Cleanup: 64643 ns, At safepoint: 17456 ns, Total: 112714 ns
[2023-12-03T13:01:01.592+0000][74][info ][safepoint   ] Safepoint "Cleanup", Time since last: 1014136555 ns, Reaching safepoint: 38711 ns, Cleanup: 22160 ns, At safepoint: 11857 ns, Total: 72728 ns
[2023-12-03T13:01:05.593+0000][74][info ][safepoint   ] Safepoint "Cleanup", Time since last: 4001053307 ns, Reaching safepoint: 40233 ns, Cleanup: 19615 ns, At safepoint: 12096 ns, Total: 71944 ns
[2023-12-03T13:01:06.692+0000][74][info ][safepoint   ] Safepoint "Cleanup", Time since last: 1099466533 ns, Reaching safepoint: 8739 ns, Cleanup: 11881 ns, At safepoint: 2482 ns, Total: 23102 ns
[2023-12-03T13:01:07.703+0000][74][info ][safepoint   ] Safepoint "Cleanup", Time since last: 1010294111 ns, Reaching safepoint: 86443 ns, Cleanup: 19265 ns, At safepoint: 24265 ns, Total: 129973 ns
[2023-12-03T13:01:11.764+0000][74][info ][safepoint   ] Safepoint "Cleanup", Time since last: 4061127861 ns, Reaching safepoint: 60394 ns, Cleanup: 26615 ns, At safepoint: 18840 ns, Total: 105849 ns
[2023-12-03T13:01:13.835+0000][74][info ][safepoint   ] Safepoint "Cleanup", Time since last: 2071073118 ns, Reaching safepoint: 23646 ns, Cleanup: 12162 ns, At safepoint: 12789 ns, Total: 48597 ns
[2023-12-03T13:01:14.835+0000][74][info ][safepoint   ] Safepoint "Cleanup", Time since last: 1000086879 ns, Reaching safepoint: 30645 ns, Cleanup: 18464 ns, At safepoint: 12343 ns, Total: 61452 ns
[2023-12-03T13:01:16.857+0000][74][info ][safepoint   ] Safepoint "Cleanup", Time since last: 2021866297 ns, Reaching safepoint: 39035 ns, Cleanup: 25431 ns, At safepoint: 11860 ns, Total: 76326 ns
[2023-12-03T13:01:19.670+0000][74][info ][safepoint   ] Safepoint "Cleanup", Time since last: 2813287552 ns, Reaching safepoint: 60434 ns, Cleanup: 17651 ns, At safepoint: 10195 ns, Total: 88280 ns
[2023-12-03T13:01:20.868+0000][74][info ][safepoint   ] Safepoint "Cleanup", Time since last: 1197652782 ns, Reaching safepoint: 37944 ns, Cleanup: 21626 ns, At safepoint: 11937 ns, Total: 71507 ns
[2023-12-03T13:01:24.973+0000][74][info ][safepoint   ] Safepoint "Cleanup", Time since last: 4104590590 ns, Reaching safepoint: 78924 ns, Cleanup: 22240 ns, At safepoint: 12721 ns, Total: 113885 ns
[2023-12-03T13:01:26.306+0000][74][info ][safepoint   ] Safepoint "Cleanup", Time since last: 1333342995 ns, Reaching safepoint: 7669 ns, Cleanup: 6901 ns, At safepoint: 2539 ns, Total: 17109 ns
[2023-12-03T13:01:27.311+0000][74][info ][safepoint   ] Safepoint "Cleanup", Time since last: 1005227783 ns, Reaching safepoint: 34781 ns, Cleanup: 9293 ns, At safepoint: 3229 ns, Total: 47303 ns
[2023-12-03T13:01:32.321+0000][74][info ][safepoint   ] Safepoint "Cleanup", Time since last: 5009839312 ns, Reaching safepoint: 32711 ns, Cleanup: 8303 ns, At safepoint: 6388 ns, Total: 47402 ns
[2023-12-03T13:01:34.359+0000][74][info ][gc,start    ] GC(48) Pause Young (Mixed) (G1 Evacuation Pause)
[2023-12-03T13:01:34.359+0000][74][info ][gc,task     ] GC(48) Using 10 workers of 10 for evacuation
[2023-12-03T13:01:34.359+0000][74][debug][gc,age      ] GC(48) Desired survivor size 20971520 bytes, new threshold 15 (max threshold 15)
[2023-12-03T13:01:34.370+0000][74][info ][gc,phases   ] GC(48)   Pre Evacuate Collection Set: 0.2ms
[2023-12-03T13:01:34.370+0000][74][info ][gc,phases   ] GC(48)   Merge Heap Roots: 0.1ms
[2023-12-03T13:01:34.370+0000][74][info ][gc,phases   ] GC(48)   Evacuate Collection Set: 10.1ms
[2023-12-03T13:01:34.370+0000][74][info ][gc,phases   ] GC(48)   Post Evacuate Collection Set: 0.5ms
[2023-12-03T13:01:34.370+0000][74][info ][gc,phases   ] GC(48)   Other: 0.1ms
[2023-12-03T13:01:34.370+0000][74][trace][gc,age      ] GC(48) Age table with threshold 15 (max threshold 15)
[2023-12-03T13:01:34.370+0000][74][trace][gc,age      ] GC(48) - age   1:    1548704 bytes,    1548704 total
[2023-12-03T13:01:34.370+0000][74][trace][gc,age      ] GC(48) - age   2:     121064 bytes,    1669768 total
[2023-12-03T13:01:34.370+0000][74][trace][gc,age      ] GC(48) - age   3:     214920 bytes,    1884688 total
[2023-12-03T13:01:34.370+0000][74][trace][gc,age      ] GC(48) - age   4:      38720 bytes,    1923408 total
[2023-12-03T13:01:34.370+0000][74][trace][gc,age      ] GC(48) - age   5:     231128 bytes,    2154536 total
[2023-12-03T13:01:34.370+0000][74][trace][gc,age      ] GC(48) - age   6:     242952 bytes,    2397488 total
[2023-12-03T13:01:34.370+0000][74][trace][gc,age      ] GC(48) - age   7:     379440 bytes,    2776928 total
[2023-12-03T13:01:34.370+0000][74][trace][gc,age      ] GC(48) - age   8:      66408 bytes,    2843336 total
[2023-12-03T13:01:34.370+0000][74][trace][gc,age      ] GC(48) - age   9:     206904 bytes,    3050240 total
[2023-12-03T13:01:34.370+0000][74][trace][gc,age      ] GC(48) - age  10:    1739040 bytes,    4789280 total
[2023-12-03T13:01:34.370+0000][74][trace][gc,age      ] GC(48) - age  11:     106520 bytes,    4895800 total
[2023-12-03T13:01:34.370+0000][74][trace][gc,age      ] GC(48) - age  12:    2218072 bytes,    7113872 total
[2023-12-03T13:01:34.370+0000][74][trace][gc,age      ] GC(48) - age  13:     999320 bytes,    8113192 total
[2023-12-03T13:01:34.370+0000][74][trace][gc,age      ] GC(48) - age  14:    1925680 bytes,   10038872 total
[2023-12-03T13:01:34.370+0000][74][trace][gc,age      ] GC(48) - age  15:    5149464 bytes,   15188336 total
[2023-12-03T13:01:34.370+0000][74][info ][gc,heap     ] GC(48) Eden regions: 71->0(71)
[2023-12-03T13:01:34.370+0000][74][info ][gc,heap     ] GC(48) Survivor regions: 5->5(10)
[2023-12-03T13:01:34.370+0000][74][info ][gc,heap     ] GC(48) Old regions: 28->28
[2023-12-03T13:01:34.370+0000][74][info ][gc,heap     ] GC(48) Humongous regions: 2->2
[2023-12-03T13:01:34.370+0000][74][info ][gc,metaspace] GC(48) Metaspace: 155916K(158784K)->155916K(158784K) NonClass: 135267K(136832K)->135267K(136832K) Class: 20648K(21952K)->20648K(21952K)
[2023-12-03T13:01:34.370+0000][74][info ][gc          ] GC(48) Pause Young (Mixed) (G1 Evacuation Pause) 418M->133M(512M) 11.319ms
[2023-12-03T13:01:34.370+0000][74][info ][gc,cpu      ] GC(48) User=0.06s Sys=0.00s Real=0.01s
[2023-12-03T13:01:34.371+0000][74][info ][safepoint   ] Safepoint "G1CollectForAllocation", Time since last: 2037723749 ns, Reaching safepoint: 8816 ns, Cleanup: 1591 ns, At safepoint: 11404909 ns, Total: 11415316 ns
[2023-12-03T13:01:35.377+0000][74][info ][safepoint   ] Safepoint "Cleanup", Time since last: 1006120178 ns, Reaching safepoint: 17179 ns, Cleanup: 8552 ns, At safepoint: 2881 ns, Total: 28612 ns
[2023-12-03T13:01:36.381+0000][74][info ][safepoint   ] Safepoint "Cleanup", Time since last: 1004028268 ns, Reaching safepoint: 40810 ns, Cleanup: 25499 ns, At safepoint: 12040 ns, Total: 78349 ns
[2023-12-03T13:01:37.381+0000][74][info ][safepoint   ] Safepoint "Cleanup", Time since last: 1000165170 ns, Reaching safepoint: 33126 ns, Cleanup: 8094 ns, At safepoint: 3718 ns, Total: 44938 ns
[2023-12-03T13:01:38.386+0000][74][info ][safepoint   ] Safepoint "Cleanup", Time since last: 1004516453 ns, Reaching safepoint: 7451 ns, Cleanup: 3418 ns, At safepoint: 1783 ns, Total: 12652 ns
[2023-12-03T13:01:39.390+0000][74][info ][safepoint   ] Safepoint "Cleanup", Time since last: 1004072358 ns, Reaching safepoint: 28675 ns, Cleanup: 15067 ns, At safepoint: 6098 ns, Total: 49840 ns
[2023-12-03T13:01:47.459+0000][74][info ][safepoint   ] Safepoint "Cleanup", Time since last: 8069044899 ns, Reaching safepoint: 36087 ns, Cleanup: 13838 ns, At safepoint: 6969 ns, Total: 56894 ns
[2023-12-03T13:01:48.667+0000][74][info ][safepoint   ] Safepoint "Cleanup", Time since last: 1208510660 ns, Reaching safepoint: 25952 ns, Cleanup: 12444 ns, At safepoint: 3654 ns, Total: 42050 ns
[2023-12-03T13:01:51.437+0000][74][info ][safepoint   ] Safepoint "Cleanup", Time since last: 2769846032 ns, Reaching safepoint: 25012 ns, Cleanup: 13412 ns, At safepoint: 4735 ns, Total: 43159 ns
[2023-12-03T13:01:52.437+0000][74][info ][safepoint   ] Safepoint "Cleanup", Time since last: 1000171415 ns, Reaching safepoint: 43022 ns, Cleanup: 29371 ns, At safepoint: 5526 ns, Total: 77919 ns
[2023-12-03T13:01:53.446+0000][74][info ][safepoint   ] Safepoint "Cleanup", Time since last: 1008775282 ns, Reaching safepoint: 36417 ns, Cleanup: 11180 ns, At safepoint: 4660 ns, Total: 52257 ns
[2023-12-03T13:01:54.446+0000][74][info ][safepoint   ] Safepoint "Cleanup", Time since last: 1000181032 ns, Reaching safepoint: 29309 ns, Cleanup: 10541 ns, At safepoint: 3861 ns, Total: 43711 ns
[2023-12-03T13:01:57.805+0000][74][info ][safepoint   ] Safepoint "Cleanup", Time since last: 3358433646 ns, Reaching safepoint: 47857 ns, Cleanup: 12834 ns, At safepoint: 6948 ns, Total: 67639 ns
[2023-12-03T13:01:59.836+0000][74][info ][safepoint   ] Safepoint "Cleanup", Time since last: 2031322571 ns, Reaching safepoint: 38666 ns, Cleanup: 17179 ns, At safepoint: 11451 ns, Total: 67296 ns
[2023-12-03T13:02:07.241+0000][74][info ][safepoint   ] Safepoint "Cleanup", Time since last: 7404038410 ns, Reaching safepoint: 39850 ns, Cleanup: 37503 ns, At safepoint: 12586 ns, Total: 89939 ns
[2023-12-03T13:02:10.241+0000][74][info ][safepoint   ] Safepoint "Cleanup", Time since last: 3000530280 ns, Reaching safepoint: 81568 ns, Cleanup: 23885 ns, At safepoint: 13047 ns, Total: 118500 ns
[2023-12-03T13:02:11.604+0000][74][info ][safepoint   ] Safepoint "Cleanup", Time since last: 1363189957 ns, Reaching safepoint: 36044 ns, Cleanup: 20184 ns, At safepoint: 9040 ns, Total: 65268 ns
[2023-12-03T13:02:12.799+0000][74][info ][safepoint   ] Safepoint "Cleanup", Time since last: 1194725875 ns, Reaching safepoint: 48535 ns, Cleanup: 30711 ns, At safepoint: 13606 ns, Total: 92852 ns
[2023-12-03T13:02:13.848+0000][74][info ][safepoint   ] Safepoint "Cleanup", Time since last: 1048225505 ns, Reaching safepoint: 78297 ns, Cleanup: 17256 ns, At safepoint: 14948 ns, Total: 110501 ns
[2023-12-03T13:02:18.530+0000][74][info ][safepoint   ] Safepoint "Cleanup", Time since last: 4682488459 ns, Reaching safepoint: 61525 ns, Cleanup: 12252 ns, At safepoint: 12829 ns, Total: 86606 ns
[2023-12-03T13:02:20.093+0000][74][info ][safepoint   ] Safepoint "Cleanup", Time since last: 1562774554 ns, Reaching safepoint: 41438 ns, Cleanup: 37122 ns, At safepoint: 12023 ns, Total: 90583 ns
[2023-12-03T13:02:31.158+0000][74][info ][safepoint   ] Safepoint "Cleanup", Time since last: 11065317050 ns, Reaching safepoint: 19271 ns, Cleanup: 6253 ns, At safepoint: 2428 ns, Total: 27952 ns
[2023-12-03T13:02:32.162+0000][74][info ][safepoint   ] Safepoint "Cleanup", Time since last: 1003497290 ns, Reaching safepoint: 40317 ns, Cleanup: 23922 ns, At safepoint: 12638 ns, Total: 76877 ns
[2023-12-03T13:02:35.163+0000][74][info ][safepoint   ] Safepoint "Cleanup", Time since last: 3000518190 ns, Reaching safepoint: 91286 ns, Cleanup: 19995 ns, At safepoint: 12918 ns, Total: 124199 ns
[2023-12-03T13:02:39.550+0000][74][info ][safepoint   ] Safepoint "Cleanup", Time since last: 4387704654 ns, Reaching safepoint: 59457 ns, Cleanup: 23376 ns, At safepoint: 11871 ns, Total: 94704 ns
[2023-12-03T13:02:43.236+0000][74][info ][safepoint   ] Safepoint "Cleanup", Time since last: 3685744365 ns, Reaching safepoint: 23282 ns, Cleanup: 21798 ns, At safepoint: 8778 ns, Total: 53858 ns
[2023-12-03T13:02:46.242+0000][74][info ][safepoint   ] Safepoint "Cleanup", Time since last: 3005730229 ns, Reaching safepoint: 48829 ns, Cleanup: 22458 ns, At safepoint: 13738 ns, Total: 85025 ns
[2023-12-03T13:02:48.242+0000][74][info ][safepoint   ] Safepoint "Cleanup", Time since last: 2000388123 ns, Reaching safepoint: 55973 ns, Cleanup: 14529 ns, At safepoint: 13186 ns, Total: 83688 ns
[2023-12-03T13:02:49.250+0000][74][info ][safepoint   ] Safepoint "Cleanup", Time since last: 1007052561 ns, Reaching safepoint: 21035 ns, Cleanup: 29027 ns, At safepoint: 9672 ns, Total: 59734 ns
[2023-12-03T13:02:51.296+0000][74][info ][safepoint   ] Safepoint "Cleanup", Time since last: 2046561012 ns, Reaching safepoint: 52931 ns, Cleanup: 24439 ns, At safepoint: 13125 ns, Total: 90495 ns
[2023-12-03T13:02:52.297+0000][74][info ][safepoint   ] Safepoint "Cleanup", Time since last: 1000262385 ns, Reaching safepoint: 51539 ns, Cleanup: 39858 ns, At safepoint: 17132 ns, Total: 108529 ns
[2023-12-03T13:02:55.311+0000][74][info ][safepoint   ] Safepoint "Cleanup", Time since last: 3014318189 ns, Reaching safepoint: 145628 ns, Cleanup: 15921 ns, At safepoint: 11947 ns, Total: 173496 ns
[2023-12-03T13:02:55.311+0000][74][info ][gc,start    ] GC(49) Pause Young (Concurrent Start) (G1 Evacuation Pause)
[2023-12-03T13:02:55.311+0000][74][info ][gc,task     ] GC(49) Using 10 workers of 10 for evacuation
[2023-12-03T13:02:55.312+0000][74][debug][gc,age      ] GC(49) Desired survivor size 20971520 bytes, new threshold 15 (max threshold 15)
[2023-12-03T13:02:55.334+0000][74][info ][gc,phases   ] GC(49)   Pre Evacuate Collection Set: 0.6ms
[2023-12-03T13:02:55.334+0000][74][info ][gc,phases   ] GC(49)   Merge Heap Roots: 0.2ms
[2023-12-03T13:02:55.334+0000][74][info ][gc,phases   ] GC(49)   Evacuate Collection Set: 20.2ms
[2023-12-03T13:02:55.334+0000][74][info ][gc,phases   ] GC(49)   Post Evacuate Collection Set: 1.2ms
[2023-12-03T13:02:55.334+0000][74][info ][gc,phases   ] GC(49)   Other: 0.3ms
[2023-12-03T13:02:55.334+0000][74][trace][gc,age      ] GC(49) Age table with threshold 15 (max threshold 15)
[2023-12-03T13:02:55.334+0000][74][trace][gc,age      ] GC(49) - age   1:    1254208 bytes,    1254208 total
[2023-12-03T13:02:55.334+0000][74][trace][gc,age      ] GC(49) - age   2:      52520 bytes,    1306728 total
[2023-12-03T13:02:55.334+0000][74][trace][gc,age      ] GC(49) - age   3:      74568 bytes,    1381296 total
[2023-12-03T13:02:55.334+0000][74][trace][gc,age      ] GC(49) - age   4:     206328 bytes,    1587624 total
[2023-12-03T13:02:55.334+0000][74][trace][gc,age      ] GC(49) - age   5:      38656 bytes,    1626280 total
[2023-12-03T13:02:55.334+0000][74][trace][gc,age      ] GC(49) - age   6:     196376 bytes,    1822656 total
[2023-12-03T13:02:55.334+0000][74][trace][gc,age      ] GC(49) - age   7:     242632 bytes,    2065288 total
[2023-12-03T13:02:55.334+0000][74][trace][gc,age      ] GC(49) - age   8:     379440 bytes,    2444728 total
[2023-12-03T13:02:55.334+0000][74][trace][gc,age      ] GC(49) - age   9:      65304 bytes,    2510032 total
[2023-12-03T13:02:55.334+0000][74][trace][gc,age      ] GC(49) - age  10:     206904 bytes,    2716936 total
[2023-12-03T13:02:55.334+0000][74][trace][gc,age      ] GC(49) - age  11:    1738904 bytes,    4455840 total
[2023-12-03T13:02:55.334+0000][74][trace][gc,age      ] GC(49) - age  12:     106520 bytes,    4562360 total
[2023-12-03T13:02:55.334+0000][74][trace][gc,age      ] GC(49) - age  13:    2218072 bytes,    6780432 total
[2023-12-03T13:02:55.334+0000][74][trace][gc,age      ] GC(49) - age  14:     999192 bytes,    7779624 total
[2023-12-03T13:02:55.334+0000][74][trace][gc,age      ] GC(49) - age  15:    1925680 bytes,    9705304 total
[2023-12-03T13:02:55.334+0000][74][info ][gc,heap     ] GC(49) Eden regions: 71->0(73)
[2023-12-03T13:02:55.334+0000][74][info ][gc,heap     ] GC(49) Survivor regions: 5->3(10)
[2023-12-03T13:02:55.334+0000][74][info ][gc,heap     ] GC(49) Old regions: 28->29
[2023-12-03T13:02:55.334+0000][74][info ][gc,heap     ] GC(49) Humongous regions: 2->2
[2023-12-03T13:02:55.334+0000][74][info ][gc,metaspace] GC(49) Metaspace: 155971K(158848K)->155971K(158848K) NonClass: 135323K(136896K)->135323K(136896K) Class: 20648K(21952K)->20648K(21952K)
[2023-12-03T13:02:55.334+0000][74][info ][gc          ] GC(49) Pause Young (Concurrent Start) (G1 Evacuation Pause) 417M->133M(512M) 23.126ms
[2023-12-03T13:02:55.335+0000][74][info ][gc,cpu      ] GC(49) User=0.14s Sys=0.01s Real=0.02s
[2023-12-03T13:02:55.335+0000][74][info ][gc          ] GC(50) Concurrent Mark Cycle
[2023-12-03T13:02:55.335+0000][74][info ][gc,marking  ] GC(50) Concurrent Scan Root Regions
[2023-12-03T13:02:55.335+0000][74][info ][safepoint   ] Safepoint "G1CollectForAllocation", Time since last: 144182 ns, Reaching safepoint: 20289 ns, Cleanup: 4220 ns, At safepoint: 23325391 ns, Total: 23349900 ns
[2023-12-03T13:02:55.342+0000][74][info ][gc,marking  ] GC(50) Concurrent Scan Root Regions 7.731ms
[2023-12-03T13:02:55.342+0000][74][info ][gc,marking  ] GC(50) Concurrent Mark
[2023-12-03T13:02:55.342+0000][74][info ][gc,marking  ] GC(50) Concurrent Mark From Roots
[2023-12-03T13:02:55.342+0000][74][info ][gc,task     ] GC(50) Using 3 workers of 3 for marking
[2023-12-03T13:02:55.383+0000][74][info ][gc,marking  ] GC(50) Concurrent Mark From Roots 40.546ms
[2023-12-03T13:02:55.383+0000][74][info ][gc,marking  ] GC(50) Concurrent Preclean
[2023-12-03T13:02:55.383+0000][74][info ][gc,marking  ] GC(50) Concurrent Preclean 0.442ms
[2023-12-03T13:02:55.384+0000][74][info ][gc,start    ] GC(50) Pause Remark
[2023-12-03T13:02:55.398+0000][74][info ][gc          ] GC(50) Pause Remark 136M->136M(512M) 14.716ms
[2023-12-03T13:02:55.398+0000][74][info ][gc,cpu      ] GC(50) User=0.09s Sys=0.00s Real=0.02s
[2023-12-03T13:02:55.398+0000][74][info ][safepoint   ] Safepoint "G1PauseRemark", Time since last: 48923495 ns, Reaching safepoint: 15145 ns, Cleanup: 2574 ns, At safepoint: 14853550 ns, Total: 14871269 ns
[2023-12-03T13:02:55.398+0000][74][info ][gc,marking  ] GC(50) Concurrent Mark 56.098ms
[2023-12-03T13:02:55.398+0000][74][info ][gc,marking  ] GC(50) Concurrent Rebuild Remembered Sets and Scrub Regions
[2023-12-03T13:02:55.418+0000][74][info ][gc,marking  ] GC(50) Concurrent Rebuild Remembered Sets and Scrub Regions 19.245ms
[2023-12-03T13:02:55.418+0000][74][info ][gc,start    ] GC(50) Pause Cleanup
[2023-12-03T13:02:55.418+0000][74][info ][gc          ] GC(50) Pause Cleanup 137M->137M(512M) 0.089ms
[2023-12-03T13:02:55.418+0000][74][info ][gc,cpu      ] GC(50) User=0.00s Sys=0.00s Real=0.00s
[2023-12-03T13:02:55.418+0000][74][info ][safepoint   ] Safepoint "G1PauseCleanup", Time since last: 19432314 ns, Reaching safepoint: 17741 ns, Cleanup: 6986 ns, At safepoint: 191502 ns, Total: 216229 ns
[2023-12-03T13:02:55.418+0000][74][info ][gc,marking  ] GC(50) Concurrent Clear Claimed Marks
[2023-12-03T13:02:55.418+0000][74][info ][gc,marking  ] GC(50) Concurrent Clear Claimed Marks 0.101ms
[2023-12-03T13:02:55.418+0000][74][info ][gc,marking  ] GC(50) Concurrent Cleanup for Next Mark
[2023-12-03T13:02:55.418+0000][74][info ][gc,marking  ] GC(50) Concurrent Cleanup for Next Mark 0.199ms
[2023-12-03T13:02:55.418+0000][74][info ][gc          ] GC(50) Concurrent Mark Cycle 83.879ms
[2023-12-03T13:02:57.373+0000][74][info ][safepoint   ] Safepoint "Cleanup", Time since last: 1954455256 ns, Reaching safepoint: 39887 ns, Cleanup: 18388 ns, At safepoint: 11898 ns, Total: 70173 ns
[2023-12-03T13:02:58.373+0000][74][info ][safepoint   ] Safepoint "Cleanup", Time since last: 1000245421 ns, Reaching safepoint: 118464 ns, Cleanup: 23999 ns, At safepoint: 40537 ns, Total: 183000 ns
[2023-12-03T13:03:00.491+0000][74][info ][safepoint   ] Safepoint "Cleanup", Time since last: 2117941480 ns, Reaching safepoint: 24812 ns, Cleanup: 13895 ns, At safepoint: 12521 ns, Total: 51228 ns
[2023-12-03T13:03:02.419+0000][74][info ][safepoint   ] Safepoint "Cleanup", Time since last: 1928406091 ns, Reaching safepoint: 26993 ns, Cleanup: 17212 ns, At safepoint: 11616 ns, Total: 55821 ns
[2023-12-03T13:03:04.433+0000][74][info ][safepoint   ] Safepoint "Cleanup", Time since last: 2013658147 ns, Reaching safepoint: 102089 ns, Cleanup: 22515 ns, At safepoint: 14518 ns, Total: 139122 ns
[2023-12-03T13:03:07.466+0000][74][info ][safepoint   ] Safepoint "Cleanup", Time since last: 3032770865 ns, Reaching safepoint: 41205 ns, Cleanup: 26925 ns, At safepoint: 12646 ns, Total: 80776 ns
[2023-12-03T13:03:12.612+0000][74][info ][safepoint   ] Safepoint "Cleanup", Time since last: 5145445408 ns, Reaching safepoint: 107729 ns, Cleanup: 18253 ns, At safepoint: 16415 ns, Total: 142397 ns
[2023-12-03T13:03:18.538+0000][74][info ][safepoint   ] Safepoint "Cleanup", Time since last: 5926097600 ns, Reaching safepoint: 80280 ns, Cleanup: 22054 ns, At safepoint: 21157 ns, Total: 123491 ns
[2023-12-03T13:03:19.581+0000][74][info ][safepoint   ] Safepoint "Cleanup", Time since last: 1043248834 ns, Reaching safepoint: 32604 ns, Cleanup: 21273 ns, At safepoint: 12357 ns, Total: 66234 ns
[2023-12-03T13:03:21.478+0000][74][info ][safepoint   ] Safepoint "Cleanup", Time since last: 1896894072 ns, Reaching safepoint: 6947 ns, Cleanup: 4526 ns, At safepoint: 2386 ns, Total: 13859 ns
[2023-12-03T13:03:22.617+0000][74][info ][safepoint   ] Safepoint "Cleanup", Time since last: 1139272139 ns, Reaching safepoint: 22281 ns, Cleanup: 11809 ns, At safepoint: 3401 ns, Total: 37491 ns
[2023-12-03T13:03:27.400+0000][74][info ][safepoint   ] Safepoint "Cleanup", Time since last: 4782273434 ns, Reaching safepoint: 17486 ns, Cleanup: 9502 ns, At safepoint: 3437 ns, Total: 30425 ns
[2023-12-03T13:03:31.688+0000][74][info ][safepoint   ] Safepoint "Cleanup", Time since last: 4287808715 ns, Reaching safepoint: 10984 ns, Cleanup: 6027 ns, At safepoint: 2340 ns, Total: 19351 ns
[2023-12-03T13:03:32.690+0000][74][info ][safepoint   ] Safepoint "Cleanup", Time since last: 1002037007 ns, Reaching safepoint: 11322 ns, Cleanup: 9091 ns, At safepoint: 2077 ns, Total: 22490 ns
[2023-12-03T13:03:37.579+0000][74][info ][safepoint   ] Safepoint "Cleanup", Time since last: 4889500847 ns, Reaching safepoint: 32911 ns, Cleanup: 9281 ns, At safepoint: 2685 ns, Total: 44877 ns
[2023-12-03T13:03:38.718+0000][74][info ][safepoint   ] Safepoint "Cleanup", Time since last: 1139228825 ns, Reaching safepoint: 71773 ns, Cleanup: 13228 ns, At safepoint: 12675 ns, Total: 97676 ns
[2023-12-03T13:03:42.730+0000][74][info ][safepoint   ] Safepoint "Cleanup", Time since last: 4011562800 ns, Reaching safepoint: 38558 ns, Cleanup: 20402 ns, At safepoint: 13062 ns, Total: 72022 ns
[2023-12-03T13:03:43.753+0000][74][info ][safepoint   ] Safepoint "Cleanup", Time since last: 1022358369 ns, Reaching safepoint: 171638 ns, Cleanup: 8188 ns, At safepoint: 5646 ns, Total: 185472 ns
[2023-12-03T13:03:46.776+0000][74][info ][safepoint   ] Safepoint "Cleanup", Time since last: 3023124150 ns, Reaching safepoint: 46388 ns, Cleanup: 19693 ns, At safepoint: 12300 ns, Total: 78381 ns
[2023-12-03T13:03:48.776+0000][74][info ][safepoint   ] Safepoint "Cleanup", Time since last: 2000323777 ns, Reaching safepoint: 64995 ns, Cleanup: 17079 ns, At safepoint: 9137 ns, Total: 91211 ns
[2023-12-03T13:03:49.788+0000][74][info ][safepoint   ] Safepoint "Cleanup", Time since last: 1011632394 ns, Reaching safepoint: 30943 ns, Cleanup: 18101 ns, At safepoint: 8141 ns, Total: 57185 ns
[2023-12-03T13:03:50.788+0000][74][info ][safepoint   ] Safepoint "Cleanup", Time since last: 1000130387 ns, Reaching safepoint: 17220 ns, Cleanup: 6752 ns, At safepoint: 2869 ns, Total: 26841 ns
[2023-12-03T13:03:51.805+0000][74][info ][safepoint   ] Safepoint "Cleanup", Time since last: 1016941522 ns, Reaching safepoint: 101163 ns, Cleanup: 22417 ns, At safepoint: 11139 ns, Total: 134719 ns
[2023-12-03T13:03:52.838+0000][74][info ][safepoint   ] Safepoint "Cleanup", Time since last: 1033078197 ns, Reaching safepoint: 34538 ns, Cleanup: 28692 ns, At safepoint: 9409 ns, Total: 72639 ns
[2023-12-03T13:03:54.839+0000][74][info ][safepoint   ] Safepoint "Cleanup", Time since last: 2000259272 ns, Reaching safepoint: 69120 ns, Cleanup: 22845 ns, At safepoint: 10538 ns, Total: 102503 ns
[2023-12-03T13:03:56.868+0000][74][info ][safepoint   ] Safepoint "Cleanup", Time since last: 2029614738 ns, Reaching safepoint: 37464 ns, Cleanup: 17734 ns, At safepoint: 11371 ns, Total: 66569 ns
[2023-12-03T13:04:03.143+0000][74][info ][safepoint   ] Safepoint "Cleanup", Time since last: 6274644560 ns, Reaching safepoint: 88256 ns, Cleanup: 27199 ns, At safepoint: 13469 ns, Total: 128924 ns
[2023-12-03T13:04:04.172+0000][74][info ][safepoint   ] Safepoint "Cleanup", Time since last: 1028651217 ns, Reaching safepoint: 25821 ns, Cleanup: 8329 ns, At safepoint: 2999 ns, Total: 37149 ns
[2023-12-03T13:04:08.202+0000][74][info ][safepoint   ] Safepoint "Cleanup", Time since last: 4030076361 ns, Reaching safepoint: 14943 ns, Cleanup: 6204 ns, At safepoint: 2793 ns, Total: 23940 ns
[2023-12-03T13:04:09.254+0000][74][info ][safepoint   ] Safepoint "Cleanup", Time since last: 1051847492 ns, Reaching safepoint: 19018 ns, Cleanup: 11470 ns, At safepoint: 6319 ns, Total: 36807 ns
[2023-12-03T13:04:10.254+0000][74][info ][safepoint   ] Safepoint "Cleanup", Time since last: 1000062385 ns, Reaching safepoint: 7622 ns, Cleanup: 7669 ns, At safepoint: 1940 ns, Total: 17231 ns
[2023-12-03T13:04:11.322+0000][74][info ][safepoint   ] Safepoint "Cleanup", Time since last: 1068461038 ns, Reaching safepoint: 20582 ns, Cleanup: 8951 ns, At safepoint: 3511 ns, Total: 33044 ns
[2023-12-03T13:04:12.542+0000][74][info ][safepoint   ] Safepoint "Cleanup", Time since last: 1219586416 ns, Reaching safepoint: 19886 ns, Cleanup: 7930 ns, At safepoint: 3373 ns, Total: 31189 ns
[2023-12-03T13:04:21.105+0000][74][info ][gc,start    ] GC(51) Pause Young (Prepare Mixed) (G1 Evacuation Pause)
[2023-12-03T13:04:21.105+0000][74][info ][gc,task     ] GC(51) Using 10 workers of 10 for evacuation
[2023-12-03T13:04:21.105+0000][74][debug][gc,age      ] GC(51) Desired survivor size 20971520 bytes, new threshold 15 (max threshold 15)
[2023-12-03T13:04:21.125+0000][74][info ][gc,phases   ] GC(51)   Pre Evacuate Collection Set: 0.4ms
[2023-12-03T13:04:21.125+0000][74][info ][gc,phases   ] GC(51)   Merge Heap Roots: 0.3ms
[2023-12-03T13:04:21.125+0000][74][info ][gc,phases   ] GC(51)   Evacuate Collection Set: 17.9ms
[2023-12-03T13:04:21.125+0000][74][info ][gc,phases   ] GC(51)   Post Evacuate Collection Set: 1.4ms
[2023-12-03T13:04:21.125+0000][74][info ][gc,phases   ] GC(51)   Other: 0.2ms
[2023-12-03T13:04:21.125+0000][74][trace][gc,age      ] GC(51) Age table with threshold 15 (max threshold 15)
[2023-12-03T13:04:21.125+0000][74][trace][gc,age      ] GC(51) - age   1:     967296 bytes,     967296 total
[2023-12-03T13:04:21.125+0000][74][trace][gc,age      ] GC(51) - age   2:     117424 bytes,    1084720 total
[2023-12-03T13:04:21.125+0000][74][trace][gc,age      ] GC(51) - age   3:      37400 bytes,    1122120 total
[2023-12-03T13:04:21.125+0000][74][trace][gc,age      ] GC(51) - age   4:      38832 bytes,    1160952 total
[2023-12-03T13:04:21.125+0000][74][trace][gc,age      ] GC(51) - age   5:     140272 bytes,    1301224 total
[2023-12-03T13:04:21.125+0000][74][trace][gc,age      ] GC(51) - age   6:      28344 bytes,    1329568 total
[2023-12-03T13:04:21.125+0000][74][trace][gc,age      ] GC(51) - age   7:     190560 bytes,    1520128 total
[2023-12-03T13:04:21.126+0000][74][trace][gc,age      ] GC(51) - age   8:     239272 bytes,    1759400 total
[2023-12-03T13:04:21.126+0000][74][trace][gc,age      ] GC(51) - age   9:     378888 bytes,    2138288 total
[2023-12-03T13:04:21.126+0000][74][trace][gc,age      ] GC(51) - age  10:      65304 bytes,    2203592 total
[2023-12-03T13:04:21.126+0000][74][trace][gc,age      ] GC(51) - age  11:     206904 bytes,    2410496 total
[2023-12-03T13:04:21.126+0000][74][trace][gc,age      ] GC(51) - age  12:    1738904 bytes,    4149400 total
[2023-12-03T13:04:21.126+0000][74][trace][gc,age      ] GC(51) - age  13:     106520 bytes,    4255920 total
[2023-12-03T13:04:21.126+0000][74][trace][gc,age      ] GC(51) - age  14:    2218072 bytes,    6473992 total
[2023-12-03T13:04:21.126+0000][74][trace][gc,age      ] GC(51) - age  15:     999192 bytes,    7473184 total
[2023-12-03T13:04:21.126+0000][74][info ][gc,heap     ] GC(51) Eden regions: 73->0(74)
[2023-12-03T13:04:21.126+0000][74][info ][gc,heap     ] GC(51) Survivor regions: 3->2(10)
[2023-12-03T13:04:21.126+0000][74][info ][gc,heap     ] GC(51) Old regions: 29->30
[2023-12-03T13:04:21.126+0000][74][info ][gc,heap     ] GC(51) Humongous regions: 2->2
[2023-12-03T13:04:21.126+0000][74][info ][gc,metaspace] GC(51) Metaspace: 155868K(158848K)->155868K(158848K) NonClass: 135259K(136896K)->135259K(136896K) Class: 20608K(21952K)->20608K(21952K)
[2023-12-03T13:04:21.126+0000][74][info ][gc          ] GC(51) Pause Young (Prepare Mixed) (G1 Evacuation Pause) 425M->132M(512M) 20.805ms
[2023-12-03T13:04:21.126+0000][74][info ][gc,cpu      ] GC(51) User=0.12s Sys=0.00s Real=0.02s
[2023-12-03T13:04:21.126+0000][74][info ][safepoint   ] Safepoint "G1CollectForAllocation", Time since last: 8562772891 ns, Reaching safepoint: 34678 ns, Cleanup: 5905 ns, At safepoint: 20989773 ns, Total: 21030356 ns
[2023-12-03T13:04:23.111+0000][74][info ][safepoint   ] Safepoint "Cleanup", Time since last: 1985492953 ns, Reaching safepoint: 18348 ns, Cleanup: 8455 ns, At safepoint: 2960 ns, Total: 29763 ns
[2023-12-03T13:04:26.143+0000][74][info ][safepoint   ] Safepoint "Cleanup", Time since last: 3031347564 ns, Reaching safepoint: 15741 ns, Cleanup: 6449 ns, At safepoint: 3003 ns, Total: 25193 ns
[2023-12-03T13:04:27.171+0000][74][info ][safepoint   ] Safepoint "Cleanup", Time since last: 1028435099 ns, Reaching safepoint: 8146 ns, Cleanup: 5847 ns, At safepoint: 2205 ns, Total: 16198 ns
[2023-12-03T13:04:30.187+0000][74][info ][safepoint   ] Safepoint "Cleanup", Time since last: 3015468910 ns, Reaching safepoint: 65206 ns, Cleanup: 14350 ns, At safepoint: 4579 ns, Total: 84135 ns
[2023-12-03T13:04:35.205+0000][74][info ][safepoint   ] Safepoint "Cleanup", Time since last: 5018099821 ns, Reaching safepoint: 85530 ns, Cleanup: 20888 ns, At safepoint: 6268 ns, Total: 112686 ns
[2023-12-03T13:04:37.214+0000][74][info ][safepoint   ] Safepoint "Cleanup", Time since last: 2009362413 ns, Reaching safepoint: 17949 ns, Cleanup: 8621 ns, At safepoint: 3737 ns, Total: 30307 ns
[2023-12-03T13:04:38.220+0000][74][info ][safepoint   ] Safepoint "Cleanup", Time since last: 1005405200 ns, Reaching safepoint: 10365 ns, Cleanup: 8777 ns, At safepoint: 3205 ns, Total: 22347 ns
[2023-12-03T13:04:44.195+0000][74][info ][safepoint   ] Safepoint "Cleanup", Time since last: 5975472354 ns, Reaching safepoint: 12265 ns, Cleanup: 5691 ns, At safepoint: 2427 ns, Total: 20383 ns
[2023-12-03T13:04:45.288+0000][74][info ][safepoint   ] Safepoint "Cleanup", Time since last: 1092641326 ns, Reaching safepoint: 31475 ns, Cleanup: 14624 ns, At safepoint: 11077 ns, Total: 57176 ns
[2023-12-03T13:04:47.285+0000][74][info ][safepoint   ] Safepoint "Cleanup", Time since last: 1996889611 ns, Reaching safepoint: 49664 ns, Cleanup: 67345 ns, At safepoint: 26470 ns, Total: 143479 ns
[2023-12-03T13:04:48.285+0000][74][info ][safepoint   ] Safepoint "Cleanup", Time since last: 1000175517 ns, Reaching safepoint: 23343 ns, Cleanup: 8685 ns, At safepoint: 3174 ns, Total: 35202 ns
[2023-12-03T13:04:49.453+0000][74][info ][safepoint   ] Safepoint "Cleanup", Time since last: 1167930864 ns, Reaching safepoint: 43572 ns, Cleanup: 11992 ns, At safepoint: 17977 ns, Total: 73541 ns
[2023-12-03T13:04:51.304+0000][74][info ][safepoint   ] Safepoint "Cleanup", Time since last: 1850767894 ns, Reaching safepoint: 42083 ns, Cleanup: 27128 ns, At safepoint: 11383 ns, Total: 80594 ns
[2023-12-03T13:04:53.305+0000][74][info ][safepoint   ] Safepoint "Cleanup", Time since last: 2000386894 ns, Reaching safepoint: 40062 ns, Cleanup: 24193 ns, At safepoint: 12429 ns, Total: 76684 ns
[2023-12-03T13:04:54.305+0000][74][info ][safepoint   ] Safepoint "Cleanup", Time since last: 1000262269 ns, Reaching safepoint: 84651 ns, Cleanup: 31000 ns, At safepoint: 13019 ns, Total: 128670 ns
[2023-12-03T13:04:56.313+0000][74][info ][safepoint   ] Safepoint "Cleanup", Time since last: 2008058853 ns, Reaching safepoint: 22490 ns, Cleanup: 13168 ns, At safepoint: 9046 ns, Total: 44704 ns
[2023-12-03T13:05:02.343+0000][74][info ][safepoint   ] Safepoint "Cleanup", Time since last: 6029877723 ns, Reaching safepoint: 26993 ns, Cleanup: 7460 ns, At safepoint: 2541 ns, Total: 36994 ns
[2023-12-03T13:05:03.347+0000][74][info ][safepoint   ] Safepoint "Cleanup", Time since last: 1003997681 ns, Reaching safepoint: 18072 ns, Cleanup: 19117 ns, At safepoint: 3824 ns, Total: 41013 ns
[2023-12-03T13:05:07.347+0000][74][info ][safepoint   ] Safepoint "Cleanup", Time since last: 4000398754 ns, Reaching safepoint: 93205 ns, Cleanup: 31310 ns, At safepoint: 10626 ns, Total: 135141 ns
[2023-12-03T13:05:10.368+0000][74][info ][safepoint   ] Safepoint "Cleanup", Time since last: 3020510222 ns, Reaching safepoint: 72186 ns, Cleanup: 4182 ns, At safepoint: 3768 ns, Total: 80136 ns
[2023-12-03T13:05:14.372+0000][74][info ][safepoint   ] Safepoint "Cleanup", Time since last: 4003895747 ns, Reaching safepoint: 101093 ns, Cleanup: 20676 ns, At safepoint: 12383 ns, Total: 134152 ns
[2023-12-03T13:05:18.443+0000][74][info ][safepoint   ] Safepoint "Cleanup", Time since last: 4070786245 ns, Reaching safepoint: 44619 ns, Cleanup: 20069 ns, At safepoint: 12750 ns, Total: 77438 ns
[2023-12-03T13:05:20.469+0000][74][info ][safepoint   ] Safepoint "Cleanup", Time since last: 2025575983 ns, Reaching safepoint: 16161 ns, Cleanup: 7284 ns, At safepoint: 3026 ns, Total: 26471 ns
[2023-12-03T13:05:24.984+0000][74][info ][safepoint   ] Safepoint "Cleanup", Time since last: 4515380971 ns, Reaching safepoint: 33079 ns, Cleanup: 9044 ns, At safepoint: 5834 ns, Total: 47957 ns
[2023-12-03T13:05:25.988+0000][74][info ][safepoint   ] Safepoint "Cleanup", Time since last: 1003851518 ns, Reaching safepoint: 7783 ns, Cleanup: 8318 ns, At safepoint: 2041 ns, Total: 18142 ns
[2023-12-03T13:05:26.991+0000][74][info ][safepoint   ] Safepoint "Cleanup", Time since last: 1003558957 ns, Reaching safepoint: 22058 ns, Cleanup: 29036 ns, At safepoint: 3443 ns, Total: 54537 ns
[2023-12-03T13:05:35.010+0000][74][info ][safepoint   ] Safepoint "Cleanup", Time since last: 8018326202 ns, Reaching safepoint: 33733 ns, Cleanup: 10542 ns, At safepoint: 3366 ns, Total: 47641 ns
[2023-12-03T13:05:36.010+0000][74][info ][safepoint   ] Safepoint "Cleanup", Time since last: 1000094956 ns, Reaching safepoint: 18261 ns, Cleanup: 7244 ns, At safepoint: 2627 ns, Total: 28132 ns
[2023-12-03T13:05:43.539+0000][74][info ][safepoint   ] Safepoint "Cleanup", Time since last: 7529218913 ns, Reaching safepoint: 68779 ns, Cleanup: 16056 ns, At safepoint: 13516 ns, Total: 98351 ns
[2023-12-03T13:05:45.016+0000][74][info ][safepoint   ] Safepoint "Cleanup", Time since last: 1476377030 ns, Reaching safepoint: 41756 ns, Cleanup: 25144 ns, At safepoint: 7609 ns, Total: 74509 ns
[2023-12-03T13:05:46.102+0000][74][info ][gc,start    ] GC(52) Pause Young (Mixed) (G1 Evacuation Pause)
[2023-12-03T13:05:46.102+0000][74][info ][gc,task     ] GC(52) Using 10 workers of 10 for evacuation
[2023-12-03T13:05:46.102+0000][74][debug][gc,age      ] GC(52) Desired survivor size 20971520 bytes, new threshold 15 (max threshold 15)
[2023-12-03T13:05:46.121+0000][74][info ][gc,phases   ] GC(52)   Pre Evacuate Collection Set: 0.3ms
[2023-12-03T13:05:46.121+0000][74][info ][gc,phases   ] GC(52)   Merge Heap Roots: 0.3ms
[2023-12-03T13:05:46.121+0000][74][info ][gc,phases   ] GC(52)   Evacuate Collection Set: 17.1ms
[2023-12-03T13:05:46.121+0000][74][info ][gc,phases   ] GC(52)   Post Evacuate Collection Set: 1.0ms
[2023-12-03T13:05:46.121+0000][74][info ][gc,phases   ] GC(52)   Other: 0.1ms
[2023-12-03T13:05:46.121+0000][74][trace][gc,age      ] GC(52) Age table with threshold 15 (max threshold 15)
[2023-12-03T13:05:46.121+0000][74][trace][gc,age      ] GC(52) - age   1:    1429984 bytes,    1429984 total
[2023-12-03T13:05:46.121+0000][74][trace][gc,age      ] GC(52) - age   2:     215072 bytes,    1645056 total
[2023-12-03T13:05:46.121+0000][74][trace][gc,age      ] GC(52) - age   3:      91896 bytes,    1736952 total
[2023-12-03T13:05:46.121+0000][74][trace][gc,age      ] GC(52) - age   4:      36672 bytes,    1773624 total
[2023-12-03T13:05:46.121+0000][74][trace][gc,age      ] GC(52) - age   5:      30624 bytes,    1804248 total
[2023-12-03T13:05:46.121+0000][74][trace][gc,age      ] GC(52) - age   6:     140064 bytes,    1944312 total
[2023-12-03T13:05:46.121+0000][74][trace][gc,age      ] GC(52) - age   7:      28256 bytes,    1972568 total
[2023-12-03T13:05:46.121+0000][74][trace][gc,age      ] GC(52) - age   8:     175352 bytes,    2147920 total
[2023-12-03T13:05:46.121+0000][74][trace][gc,age      ] GC(52) - age   9:     230624 bytes,    2378544 total
[2023-12-03T13:05:46.121+0000][74][trace][gc,age      ] GC(52) - age  10:     378824 bytes,    2757368 total
[2023-12-03T13:05:46.121+0000][74][trace][gc,age      ] GC(52) - age  11:      65304 bytes,    2822672 total
[2023-12-03T13:05:46.121+0000][74][trace][gc,age      ] GC(52) - age  12:     206552 bytes,    3029224 total
[2023-12-03T13:05:46.121+0000][74][trace][gc,age      ] GC(52) - age  13:    1738904 bytes,    4768128 total
[2023-12-03T13:05:46.121+0000][74][trace][gc,age      ] GC(52) - age  14:     106504 bytes,    4874632 total
[2023-12-03T13:05:46.121+0000][74][trace][gc,age      ] GC(52) - age  15:    2210008 bytes,    7084640 total
[2023-12-03T13:05:46.121+0000][74][info ][gc,heap     ] GC(52) Eden regions: 74->0(74)
[2023-12-03T13:05:46.121+0000][74][info ][gc,heap     ] GC(52) Survivor regions: 2->2(10)
[2023-12-03T13:05:46.121+0000][74][info ][gc,heap     ] GC(52) Old regions: 30->30
[2023-12-03T13:05:46.121+0000][74][info ][gc,heap     ] GC(52) Humongous regions: 2->2
[2023-12-03T13:05:46.121+0000][74][info ][gc,metaspace] GC(52) Metaspace: 155890K(158848K)->155890K(158848K) NonClass: 135281K(136896K)->135281K(136896K) Class: 20609K(21952K)->20609K(21952K)
[2023-12-03T13:05:46.122+0000][74][info ][gc          ] GC(52) Pause Young (Mixed) (G1 Evacuation Pause) 428M->133M(512M) 19.296ms
[2023-12-03T13:05:46.122+0000][74][info ][gc,cpu      ] GC(52) User=0.07s Sys=0.00s Real=0.02s
[2023-12-03T13:05:46.122+0000][74][info ][safepoint   ] Safepoint "G1CollectForAllocation", Time since last: 1086379427 ns, Reaching safepoint: 30831 ns, Cleanup: 4294 ns, At safepoint: 19433690 ns, Total: 19468815 ns
[2023-12-03T13:05:47.122+0000][74][info ][safepoint   ] Safepoint "Cleanup", Time since last: 1000176091 ns, Reaching safepoint: 41236 ns, Cleanup: 25685 ns, At safepoint: 11287 ns, Total: 78208 ns
[2023-12-03T13:05:48.122+0000][74][info ][safepoint   ] Safepoint "Cleanup", Time since last: 1000211436 ns, Reaching safepoint: 39784 ns, Cleanup: 18583 ns, At safepoint: 9998 ns, Total: 68365 ns
[2023-12-03T13:05:50.072+0000][74][info ][safepoint   ] Safepoint "Cleanup", Time since last: 1950045521 ns, Reaching safepoint: 22372 ns, Cleanup: 14216 ns, At safepoint: 9319 ns, Total: 45907 ns
[2023-12-03T13:05:51.137+0000][74][info ][safepoint   ] Safepoint "Cleanup", Time since last: 1064200019 ns, Reaching safepoint: 74717 ns, Cleanup: 15087 ns, At safepoint: 12966 ns, Total: 102770 ns
[2023-12-03T13:05:52.137+0000][74][info ][safepoint   ] Safepoint "Cleanup", Time since last: 1000708670 ns, Reaching safepoint: 14728 ns, Cleanup: 99031 ns, At safepoint: 7214 ns, Total: 120973 ns
[2023-12-03T13:05:53.149+0000][74][info ][safepoint   ] Safepoint "Cleanup", Time since last: 1011648997 ns, Reaching safepoint: 43013 ns, Cleanup: 18140 ns, At safepoint: 12764 ns, Total: 73917 ns
[2023-12-03T13:05:56.361+0000][74][info ][safepoint   ] Safepoint "Cleanup", Time since last: 3211459780 ns, Reaching safepoint: 57048 ns, Cleanup: 23305 ns, At safepoint: 12817 ns, Total: 93170 ns
[2023-12-03T13:06:07.395+0000][74][info ][safepoint   ] Safepoint "Cleanup", Time since last: 11034516783 ns, Reaching safepoint: 160261 ns, Cleanup: 28125 ns, At safepoint: 12753 ns, Total: 201139 ns
[2023-12-03T13:06:09.440+0000][74][info ][safepoint   ] Safepoint "Cleanup", Time since last: 2044295272 ns, Reaching safepoint: 14470 ns, Cleanup: 3110 ns, At safepoint: 2105 ns, Total: 19685 ns
[2023-12-03T13:06:10.478+0000][74][info ][safepoint   ] Safepoint "Cleanup", Time since last: 1038083090 ns, Reaching safepoint: 13832 ns, Cleanup: 11793 ns, At safepoint: 3756 ns, Total: 29381 ns
[2023-12-03T13:06:11.479+0000][74][info ][safepoint   ] Safepoint "Cleanup", Time since last: 1000665631 ns, Reaching safepoint: 34261 ns, Cleanup: 23396 ns, At safepoint: 19593 ns, Total: 77250 ns
[2023-12-03T13:06:12.485+0000][74][info ][safepoint   ] Safepoint "Cleanup", Time since last: 1006602585 ns, Reaching safepoint: 37806 ns, Cleanup: 24481 ns, At safepoint: 12580 ns, Total: 74867 ns
[2023-12-03T13:06:13.501+0000][74][info ][safepoint   ] Safepoint "Cleanup", Time since last: 1015846981 ns, Reaching safepoint: 21761 ns, Cleanup: 37305 ns, At safepoint: 9521 ns, Total: 68587 ns
[2023-12-03T13:06:15.538+0000][74][info ][safepoint   ] Safepoint "Cleanup", Time since last: 2036411834 ns, Reaching safepoint: 96920 ns, Cleanup: 46393 ns, At safepoint: 12767 ns, Total: 156080 ns
[2023-12-03T13:06:16.538+0000][74][info ][safepoint   ] Safepoint "Cleanup", Time since last: 1000221288 ns, Reaching safepoint: 36923 ns, Cleanup: 18379 ns, At safepoint: 12497 ns, Total: 67799 ns
[2023-12-03T13:06:21.575+0000][74][info ][safepoint   ] Safepoint "Cleanup", Time since last: 5036816063 ns, Reaching safepoint: 96421 ns, Cleanup: 21872 ns, At safepoint: 14591 ns, Total: 132884 ns
[2023-12-03T13:06:27.261+0000][74][info ][safepoint   ] Safepoint "Cleanup", Time since last: 5686301848 ns, Reaching safepoint: 24489 ns, Cleanup: 13545 ns, At safepoint: 11046 ns, Total: 49080 ns
[2023-12-03T13:06:31.278+0000][74][info ][safepoint   ] Safepoint "Cleanup", Time since last: 4016127058 ns, Reaching safepoint: 75477 ns, Cleanup: 18972 ns, At safepoint: 12283 ns, Total: 106732 ns
[2023-12-03T13:06:32.949+0000][74][info ][safepoint   ] Safepoint "Cleanup", Time since last: 1671111784 ns, Reaching safepoint: 29074 ns, Cleanup: 12928 ns, At safepoint: 9605 ns, Total: 51607 ns
[2023-12-03T13:06:34.511+0000][74][info ][safepoint   ] Safepoint "Cleanup", Time since last: 1561846579 ns, Reaching safepoint: 98007 ns, Cleanup: 21847 ns, At safepoint: 14280 ns, Total: 134134 ns
[2023-12-03T13:06:38.728+0000][74][info ][safepoint   ] Safepoint "Cleanup", Time since last: 4217090603 ns, Reaching safepoint: 40619 ns, Cleanup: 18214 ns, At safepoint: 12709 ns, Total: 71542 ns
[2023-12-03T13:06:44.798+0000][74][info ][safepoint   ] Safepoint "Cleanup", Time since last: 6070058646 ns, Reaching safepoint: 43974 ns, Cleanup: 20230 ns, At safepoint: 13050 ns, Total: 77254 ns
[2023-12-03T13:06:48.857+0000][74][info ][safepoint   ] Safepoint "Cleanup", Time since last: 4058936000 ns, Reaching safepoint: 49705 ns, Cleanup: 30694 ns, At safepoint: 17822 ns, Total: 98221 ns
[2023-12-03T13:06:55.926+0000][74][info ][safepoint   ] Safepoint "Cleanup", Time since last: 7068980261 ns, Reaching safepoint: 88390 ns, Cleanup: 19302 ns, At safepoint: 13281 ns, Total: 120973 ns
[2023-12-03T13:06:56.955+0000][74][info ][safepoint   ] Safepoint "Cleanup", Time since last: 1029182699 ns, Reaching safepoint: 40132 ns, Cleanup: 19600 ns, At safepoint: 12891 ns, Total: 72623 ns
[2023-12-03T13:06:57.541+0000][74][info ][gc,start    ] GC(53) Pause Young (Concurrent Start) (G1 Evacuation Pause)
[2023-12-03T13:06:57.541+0000][74][info ][gc,task     ] GC(53) Using 10 workers of 10 for evacuation
[2023-12-03T13:06:57.541+0000][74][debug][gc,age      ] GC(53) Desired survivor size 20971520 bytes, new threshold 15 (max threshold 15)
[2023-12-03T13:06:57.550+0000][74][info ][gc,phases   ] GC(53)   Pre Evacuate Collection Set: 0.3ms
[2023-12-03T13:06:57.550+0000][74][info ][gc,phases   ] GC(53)   Merge Heap Roots: 0.1ms
[2023-12-03T13:06:57.550+0000][74][info ][gc,phases   ] GC(53)   Evacuate Collection Set: 7.8ms
[2023-12-03T13:06:57.550+0000][74][info ][gc,phases   ] GC(53)   Post Evacuate Collection Set: 0.6ms
[2023-12-03T13:06:57.550+0000][74][info ][gc,phases   ] GC(53)   Other: 0.2ms
[2023-12-03T13:06:57.550+0000][74][trace][gc,age      ] GC(53) Age table with threshold 15 (max threshold 15)
[2023-12-03T13:06:57.550+0000][74][trace][gc,age      ] GC(53) - age   1:    2525216 bytes,    2525216 total
[2023-12-03T13:06:57.550+0000][74][trace][gc,age      ] GC(53) - age   2:      76760 bytes,    2601976 total
[2023-12-03T13:06:57.550+0000][74][trace][gc,age      ] GC(53) - age   3:      23608 bytes,    2625584 total
[2023-12-03T13:06:57.550+0000][74][trace][gc,age      ] GC(53) - age   4:      91600 bytes,    2717184 total
[2023-12-03T13:06:57.550+0000][74][trace][gc,age      ] GC(53) - age   5:      27936 bytes,    2745120 total
[2023-12-03T13:06:57.550+0000][74][trace][gc,age      ] GC(53) - age   6:      30312 bytes,    2775432 total
[2023-12-03T13:06:57.550+0000][74][trace][gc,age      ] GC(53) - age   7:      48240 bytes,    2823672 total
[2023-12-03T13:06:57.550+0000][74][trace][gc,age      ] GC(53) - age   8:      19288 bytes,    2842960 total
[2023-12-03T13:06:57.550+0000][74][trace][gc,age      ] GC(53) - age   9:     173712 bytes,    3016672 total
[2023-12-03T13:06:57.550+0000][74][trace][gc,age      ] GC(53) - age  10:     230624 bytes,    3247296 total
[2023-12-03T13:06:57.550+0000][74][trace][gc,age      ] GC(53) - age  11:     377800 bytes,    3625096 total
[2023-12-03T13:06:57.550+0000][74][trace][gc,age      ] GC(53) - age  12:      65304 bytes,    3690400 total
[2023-12-03T13:06:57.551+0000][74][trace][gc,age      ] GC(53) - age  13:     206352 bytes,    3896752 total
[2023-12-03T13:06:57.551+0000][74][trace][gc,age      ] GC(53) - age  14:    1738904 bytes,    5635656 total
[2023-12-03T13:06:57.551+0000][74][trace][gc,age      ] GC(53) - age  15:     106504 bytes,    5742160 total
[2023-12-03T13:06:57.551+0000][74][info ][gc,heap     ] GC(53) Eden regions: 74->0(74)
[2023-12-03T13:06:57.551+0000][74][info ][gc,heap     ] GC(53) Survivor regions: 2->2(10)
[2023-12-03T13:06:57.551+0000][74][info ][gc,heap     ] GC(53) Old regions: 30->30
[2023-12-03T13:06:57.551+0000][74][info ][gc,heap     ] GC(53) Humongous regions: 2->2
[2023-12-03T13:06:57.551+0000][74][info ][gc,metaspace] GC(53) Metaspace: 155976K(158912K)->155976K(158912K) NonClass: 135366K(136960K)->135366K(136960K) Class: 20610K(21952K)->20610K(21952K)
[2023-12-03T13:06:57.551+0000][74][info ][gc          ] GC(53) Pause Young (Concurrent Start) (G1 Evacuation Pause) 429M->134M(512M) 9.261ms
[2023-12-03T13:06:57.551+0000][74][info ][gc          ] GC(54) Concurrent Mark Cycle
[2023-12-03T13:06:57.551+0000][74][info ][gc,cpu      ] GC(53) User=0.05s Sys=0.00s Real=0.01s
[2023-12-03T13:06:57.551+0000][74][info ][gc,marking  ] GC(54) Concurrent Scan Root Regions
[2023-12-03T13:06:57.551+0000][74][info ][safepoint   ] Safepoint "G1CollectForAllocation", Time since last: 585888119 ns, Reaching safepoint: 28611 ns, Cleanup: 14096 ns, At safepoint: 9376370 ns, Total: 9419077 ns
[2023-12-03T13:06:57.554+0000][74][info ][gc,marking  ] GC(54) Concurrent Scan Root Regions 3.367ms
[2023-12-03T13:06:57.554+0000][74][info ][gc,marking  ] GC(54) Concurrent Mark
[2023-12-03T13:06:57.554+0000][74][info ][gc,marking  ] GC(54) Concurrent Mark From Roots
[2023-12-03T13:06:57.554+0000][74][info ][gc,task     ] GC(54) Using 3 workers of 3 for marking
[2023-12-03T13:06:57.623+0000][74][info ][gc,marking  ] GC(54) Concurrent Mark From Roots 69.356ms
[2023-12-03T13:06:57.623+0000][74][info ][gc,marking  ] GC(54) Concurrent Preclean
[2023-12-03T13:06:57.624+0000][74][info ][gc,marking  ] GC(54) Concurrent Preclean 0.828ms
[2023-12-03T13:06:57.625+0000][74][info ][gc,start    ] GC(54) Pause Remark
[2023-12-03T13:06:57.659+0000][74][info ][gc          ] GC(54) Pause Remark 136M->136M(512M) 34.315ms
[2023-12-03T13:06:57.659+0000][74][info ][gc,cpu      ] GC(54) User=0.14s Sys=0.00s Real=0.04s
[2023-12-03T13:06:57.659+0000][74][info ][safepoint   ] Safepoint "G1PauseRemark", Time since last: 73840422 ns, Reaching safepoint: 138338 ns, Cleanup: 29866 ns, At safepoint: 34454276 ns, Total: 34622480 ns
[2023-12-03T13:06:57.659+0000][74][info ][gc,marking  ] GC(54) Concurrent Mark 105.138ms
[2023-12-03T13:06:57.659+0000][74][info ][gc,marking  ] GC(54) Concurrent Rebuild Remembered Sets and Scrub Regions
[2023-12-03T13:06:57.684+0000][74][info ][gc,marking  ] GC(54) Concurrent Rebuild Remembered Sets and Scrub Regions 24.565ms
[2023-12-03T13:06:57.684+0000][74][info ][gc,start    ] GC(54) Pause Cleanup
[2023-12-03T13:06:57.684+0000][74][info ][gc          ] GC(54) Pause Cleanup 138M->138M(512M) 0.080ms
[2023-12-03T13:06:57.684+0000][74][info ][gc,cpu      ] GC(54) User=0.00s Sys=0.00s Real=0.00s
[2023-12-03T13:06:57.684+0000][74][info ][safepoint   ] Safepoint "G1PauseCleanup", Time since last: 24690598 ns, Reaching safepoint: 20267 ns, Cleanup: 14747 ns, At safepoint: 135561 ns, Total: 170575 ns
[2023-12-03T13:06:57.684+0000][74][info ][gc,marking  ] GC(54) Concurrent Clear Claimed Marks
[2023-12-03T13:06:57.684+0000][74][info ][gc,marking  ] GC(54) Concurrent Clear Claimed Marks 0.230ms
[2023-12-03T13:06:57.684+0000][74][info ][gc,marking  ] GC(54) Concurrent Cleanup for Next Mark
[2023-12-03T13:06:57.685+0000][74][info ][gc,marking  ] GC(54) Concurrent Cleanup for Next Mark 0.301ms
[2023-12-03T13:06:57.685+0000][74][info ][gc          ] GC(54) Concurrent Mark Cycle 133.981ms
[2023-12-03T13:07:02.018+0000][74][info ][safepoint   ] Safepoint "Cleanup", Time since last: 4333678839 ns, Reaching safepoint: 64092 ns, Cleanup: 17706 ns, At safepoint: 11947 ns, Total: 93745 ns
[2023-12-03T13:07:07.034+0000][74][info ][safepoint   ] Safepoint "Cleanup", Time since last: 5016249756 ns, Reaching safepoint: 43644 ns, Cleanup: 12440 ns, At safepoint: 3846 ns, Total: 59930 ns
[2023-12-03T13:07:10.093+0000][74][info ][safepoint   ] Safepoint "Cleanup", Time since last: 3058561789 ns, Reaching safepoint: 66677 ns, Cleanup: 14325 ns, At safepoint: 8604 ns, Total: 89606 ns
[2023-12-03T13:07:20.186+0000][74][info ][safepoint   ] Safepoint "Cleanup", Time since last: 10093116933 ns, Reaching safepoint: 85046 ns, Cleanup: 18986 ns, At safepoint: 24331 ns, Total: 128363 ns
[2023-12-03T13:07:31.629+0000][74][info ][safepoint   ] Safepoint "Cleanup", Time since last: 11442768664 ns, Reaching safepoint: 36559 ns, Cleanup: 18346 ns, At safepoint: 10446 ns, Total: 65351 ns
[2023-12-03T13:07:32.684+0000][74][info ][safepoint   ] Safepoint "Cleanup", Time since last: 1055320062 ns, Reaching safepoint: 23533 ns, Cleanup: 14078 ns, At safepoint: 10828 ns, Total: 48439 ns
[2023-12-03T13:07:33.700+0000][74][info ][safepoint   ] Safepoint "Cleanup", Time since last: 1015636343 ns, Reaching safepoint: 84918 ns, Cleanup: 29722 ns, At safepoint: 8179 ns, Total: 122819 ns
[2023-12-03T13:07:38.317+0000][74][info ][safepoint   ] Safepoint "Cleanup", Time since last: 4617079042 ns, Reaching safepoint: 10895 ns, Cleanup: 5068 ns, At safepoint: 4095 ns, Total: 20058 ns
[2023-12-03T13:07:43.688+0000][74][info ][safepoint   ] Safepoint "Cleanup", Time since last: 5370498366 ns, Reaching safepoint: 112915 ns, Cleanup: 27869 ns, At safepoint: 15759 ns, Total: 156543 ns
[2023-12-03T13:07:44.816+0000][74][info ][safepoint   ] Safepoint "Cleanup", Time since last: 1127817359 ns, Reaching safepoint: 23747 ns, Cleanup: 34341 ns, At safepoint: 10751 ns, Total: 68839 ns
[2023-12-03T13:07:46.456+0000][74][info ][safepoint   ] Safepoint "Cleanup", Time since last: 1640074187 ns, Reaching safepoint: 40701 ns, Cleanup: 18582 ns, At safepoint: 11675 ns, Total: 70958 ns
[2023-12-03T13:07:48.497+0000][74][info ][safepoint   ] Safepoint "Cleanup", Time since last: 2041689284 ns, Reaching safepoint: 45122 ns, Cleanup: 16015 ns, At safepoint: 7123 ns, Total: 68260 ns
[2023-12-03T13:07:51.881+0000][74][info ][safepoint   ] Safepoint "Cleanup", Time since last: 3383114629 ns, Reaching safepoint: 56930 ns, Cleanup: 15797 ns, At safepoint: 7166 ns, Total: 79893 ns
[2023-12-03T13:07:55.597+0000][74][info ][safepoint   ] Safepoint "Cleanup", Time since last: 3716528970 ns, Reaching safepoint: 17366 ns, Cleanup: 3725 ns, At safepoint: 2426 ns, Total: 23517 ns
[2023-12-03T13:07:56.910+0000][74][info ][safepoint   ] Safepoint "Cleanup", Time since last: 1313024598 ns, Reaching safepoint: 6866 ns, Cleanup: 9218 ns, At safepoint: 2237 ns, Total: 18321 ns
[2023-12-03T13:08:06.923+0000][74][info ][safepoint   ] Safepoint "Cleanup", Time since last: 10012594526 ns, Reaching safepoint: 38729 ns, Cleanup: 9614 ns, At safepoint: 4103 ns, Total: 52446 ns
[2023-12-03T13:08:08.310+0000][74][info ][gc,start    ] GC(55) Pause Young (Prepare Mixed) (G1 Evacuation Pause)
[2023-12-03T13:08:08.310+0000][74][info ][gc,task     ] GC(55) Using 10 workers of 10 for evacuation
[2023-12-03T13:08:08.311+0000][74][debug][gc,age      ] GC(55) Desired survivor size 20971520 bytes, new threshold 15 (max threshold 15)
[2023-12-03T13:08:08.316+0000][74][info ][gc,phases   ] GC(55)   Pre Evacuate Collection Set: 0.2ms
[2023-12-03T13:08:08.316+0000][74][info ][gc,phases   ] GC(55)   Merge Heap Roots: 0.1ms
[2023-12-03T13:08:08.316+0000][74][info ][gc,phases   ] GC(55)   Evacuate Collection Set: 4.8ms
[2023-12-03T13:08:08.316+0000][74][info ][gc,phases   ] GC(55)   Post Evacuate Collection Set: 0.5ms
[2023-12-03T13:08:08.316+0000][74][info ][gc,phases   ] GC(55)   Other: 0.1ms
[2023-12-03T13:08:08.316+0000][74][trace][gc,age      ] GC(55) Age table with threshold 15 (max threshold 15)
[2023-12-03T13:08:08.316+0000][74][trace][gc,age      ] GC(55) - age   1:    1813888 bytes,    1813888 total
[2023-12-03T13:08:08.316+0000][74][trace][gc,age      ] GC(55) - age   2:     224696 bytes,    2038584 total
[2023-12-03T13:08:08.316+0000][74][trace][gc,age      ] GC(55) - age   3:      43464 bytes,    2082048 total
[2023-12-03T13:08:08.316+0000][74][trace][gc,age      ] GC(55) - age   4:      20488 bytes,    2102536 total
[2023-12-03T13:08:08.316+0000][74][trace][gc,age      ] GC(55) - age   5:      83024 bytes,    2185560 total
[2023-12-03T13:08:08.316+0000][74][trace][gc,age      ] GC(55) - age   6:      27872 bytes,    2213432 total
[2023-12-03T13:08:08.316+0000][74][trace][gc,age      ] GC(55) - age   7:      30312 bytes,    2243744 total
[2023-12-03T13:08:08.316+0000][74][trace][gc,age      ] GC(55) - age   8:      46840 bytes,    2290584 total
[2023-12-03T13:08:08.316+0000][74][trace][gc,age      ] GC(55) - age   9:      19040 bytes,    2309624 total
[2023-12-03T13:08:08.316+0000][74][trace][gc,age      ] GC(55) - age  10:     173648 bytes,    2483272 total
[2023-12-03T13:08:08.316+0000][74][trace][gc,age      ] GC(55) - age  11:     230560 bytes,    2713832 total
[2023-12-03T13:08:08.316+0000][74][trace][gc,age      ] GC(55) - age  12:     377800 bytes,    3091632 total
[2023-12-03T13:08:08.316+0000][74][trace][gc,age      ] GC(55) - age  13:      65240 bytes,    3156872 total
[2023-12-03T13:08:08.316+0000][74][trace][gc,age      ] GC(55) - age  14:     206352 bytes,    3363224 total
[2023-12-03T13:08:08.316+0000][74][trace][gc,age      ] GC(55) - age  15:    1738704 bytes,    5101928 total
[2023-12-03T13:08:08.316+0000][74][info ][gc,heap     ] GC(55) Eden regions: 74->0(74)
[2023-12-03T13:08:08.316+0000][74][info ][gc,heap     ] GC(55) Survivor regions: 2->2(10)
[2023-12-03T13:08:08.316+0000][74][info ][gc,heap     ] GC(55) Old regions: 30->31
[2023-12-03T13:08:08.316+0000][74][info ][gc,heap     ] GC(55) Humongous regions: 2->2
[2023-12-03T13:08:08.316+0000][74][info ][gc,metaspace] GC(55) Metaspace: 156003K(158912K)->156003K(158912K) NonClass: 135403K(136960K)->135403K(136960K) Class: 20600K(21952K)->20600K(21952K)
[2023-12-03T13:08:08.316+0000][74][info ][gc          ] GC(55) Pause Young (Prepare Mixed) (G1 Evacuation Pause) 430M->133M(512M) 6.034ms
[2023-12-03T13:08:08.316+0000][74][info ][gc,cpu      ] GC(55) User=0.04s Sys=0.00s Real=0.00s
[2023-12-03T13:08:08.317+0000][74][info ][safepoint   ] Safepoint "G1CollectForAllocation", Time since last: 1387473061 ns, Reaching safepoint: 19834 ns, Cleanup: 3303 ns, At safepoint: 6132966 ns, Total: 6156103 ns
[2023-12-03T13:08:13.951+0000][74][info ][safepoint   ] Safepoint "Cleanup", Time since last: 5634051040 ns, Reaching safepoint: 61575 ns, Cleanup: 15942 ns, At safepoint: 4601 ns, Total: 82118 ns
[2023-12-03T13:08:16.969+0000][74][info ][safepoint   ] Safepoint "Cleanup", Time since last: 3017934755 ns, Reaching safepoint: 100800 ns, Cleanup: 35916 ns, At safepoint: 14197 ns, Total: 150913 ns
[2023-12-03T13:08:20.977+0000][74][info ][safepoint   ] Safepoint "Cleanup", Time since last: 4008087229 ns, Reaching safepoint: 46189 ns, Cleanup: 13315 ns, At safepoint: 5438 ns, Total: 64942 ns
[2023-12-03T13:08:21.977+0000][74][info ][safepoint   ] Safepoint "Cleanup", Time since last: 1000141531 ns, Reaching safepoint: 22680 ns, Cleanup: 12816 ns, At safepoint: 2583 ns, Total: 38079 ns
[2023-12-03T13:08:22.982+0000][74][info ][safepoint   ] Safepoint "Cleanup", Time since last: 1004905140 ns, Reaching safepoint: 8889 ns, Cleanup: 8255 ns, At safepoint: 2460 ns, Total: 19604 ns
[2023-12-03T13:08:23.996+0000][74][info ][safepoint   ] Safepoint "Cleanup", Time since last: 1013489924 ns, Reaching safepoint: 35002 ns, Cleanup: 18745 ns, At safepoint: 9657 ns, Total: 63404 ns
[2023-12-03T13:08:36.061+0000][74][info ][safepoint   ] Safepoint "Cleanup", Time since last: 12065766996 ns, Reaching safepoint: 35390 ns, Cleanup: 8121 ns, At safepoint: 2660 ns, Total: 46171 ns
[2023-12-03T13:08:37.062+0000][74][info ][safepoint   ] Safepoint "Cleanup", Time since last: 1000106713 ns, Reaching safepoint: 21281 ns, Cleanup: 9544 ns, At safepoint: 3651 ns, Total: 34476 ns
[2023-12-03T13:08:38.065+0000][74][info ][safepoint   ] Safepoint "Cleanup", Time since last: 1003585631 ns, Reaching safepoint: 15700 ns, Cleanup: 9031 ns, At safepoint: 2331 ns, Total: 27062 ns
[2023-12-03T13:08:39.074+0000][74][info ][safepoint   ] Safepoint "Cleanup", Time since last: 1008829972 ns, Reaching safepoint: 8664 ns, Cleanup: 6233 ns, At safepoint: 2439 ns, Total: 17336 ns
[2023-12-03T13:08:47.106+0000][74][info ][safepoint   ] Safepoint "Cleanup", Time since last: 8032225666 ns, Reaching safepoint: 54035 ns, Cleanup: 11423 ns, At safepoint: 2896 ns, Total: 68354 ns
[2023-12-03T13:08:56.116+0000][74][info ][safepoint   ] Safepoint "Cleanup", Time since last: 9009474075 ns, Reaching safepoint: 38002 ns, Cleanup: 11748 ns, At safepoint: 6319 ns, Total: 56069 ns
[2023-12-03T13:09:01.682+0000][74][info ][safepoint   ] Safepoint "Cleanup", Time since last: 5566550702 ns, Reaching safepoint: 8546 ns, Cleanup: 4827 ns, At safepoint: 2090 ns, Total: 15463 ns
[2023-12-03T13:09:03.170+0000][74][info ][safepoint   ] Safepoint "Cleanup", Time since last: 1487139294 ns, Reaching safepoint: 21617 ns, Cleanup: 8402 ns, At safepoint: 3520 ns, Total: 33539 ns
[2023-12-03T13:09:14.186+0000][74][info ][safepoint   ] Safepoint "Cleanup", Time since last: 11016898636 ns, Reaching safepoint: 22502 ns, Cleanup: 5394 ns, At safepoint: 2529 ns, Total: 30425 ns
[2023-12-03T13:09:15.189+0000][74][info ][safepoint   ] Safepoint "Cleanup", Time since last: 1002192564 ns, Reaching safepoint: 26514 ns, Cleanup: 16885 ns, At safepoint: 3448 ns, Total: 46847 ns
[2023-12-03T13:09:26.200+0000][74][info ][safepoint   ] Safepoint "Cleanup", Time since last: 11011124288 ns, Reaching safepoint: 89958 ns, Cleanup: 20661 ns, At safepoint: 23329 ns, Total: 133948 ns
[2023-12-03T13:09:27.319+0000][74][info ][safepoint   ] Safepoint "Cleanup", Time since last: 1119481154 ns, Reaching safepoint: 12102 ns, Cleanup: 8502 ns, At safepoint: 3978 ns, Total: 24582 ns
[2023-12-03T13:09:36.107+0000][74][info ][gc,start    ] GC(56) Pause Young (Mixed) (G1 Evacuation Pause)
[2023-12-03T13:09:36.108+0000][74][info ][gc,task     ] GC(56) Using 10 workers of 10 for evacuation
[2023-12-03T13:09:36.108+0000][74][debug][gc,age      ] GC(56) Desired survivor size 20971520 bytes, new threshold 15 (max threshold 15)
[2023-12-03T13:09:36.133+0000][74][info ][gc,phases   ] GC(56)   Pre Evacuate Collection Set: 0.4ms
[2023-12-03T13:09:36.133+0000][74][info ][gc,phases   ] GC(56)   Merge Heap Roots: 0.4ms
[2023-12-03T13:09:36.133+0000][74][info ][gc,phases   ] GC(56)   Evacuate Collection Set: 22.8ms
[2023-12-03T13:09:36.133+0000][74][info ][gc,phases   ] GC(56)   Post Evacuate Collection Set: 1.3ms
[2023-12-03T13:09:36.133+0000][74][info ][gc,phases   ] GC(56)   Other: 0.2ms
[2023-12-03T13:09:36.133+0000][74][trace][gc,age      ] GC(56) Age table with threshold 15 (max threshold 15)
[2023-12-03T13:09:36.133+0000][74][trace][gc,age      ] GC(56) - age   1:    1374064 bytes,    1374064 total
[2023-12-03T13:09:36.133+0000][74][trace][gc,age      ] GC(56) - age   2:     479016 bytes,    1853080 total
[2023-12-03T13:09:36.133+0000][74][trace][gc,age      ] GC(56) - age   3:     163216 bytes,    2016296 total
[2023-12-03T13:09:36.133+0000][74][trace][gc,age      ] GC(56) - age   4:      42608 bytes,    2058904 total
[2023-12-03T13:09:36.133+0000][74][trace][gc,age      ] GC(56) - age   5:       8464 bytes,    2067368 total
[2023-12-03T13:09:36.133+0000][74][trace][gc,age      ] GC(56) - age   6:      62704 bytes,    2130072 total
[2023-12-03T13:09:36.133+0000][74][trace][gc,age      ] GC(56) - age   7:      27872 bytes,    2157944 total
[2023-12-03T13:09:36.133+0000][74][trace][gc,age      ] GC(56) - age   8:      30312 bytes,    2188256 total
[2023-12-03T13:09:36.133+0000][74][trace][gc,age      ] GC(56) - age   9:      46840 bytes,    2235096 total
[2023-12-03T13:09:36.133+0000][74][trace][gc,age      ] GC(56) - age  10:      18976 bytes,    2254072 total
[2023-12-03T13:09:36.133+0000][74][trace][gc,age      ] GC(56) - age  11:     173520 bytes,    2427592 total
[2023-12-03T13:09:36.133+0000][74][trace][gc,age      ] GC(56) - age  12:     230560 bytes,    2658152 total
[2023-12-03T13:09:36.133+0000][74][trace][gc,age      ] GC(56) - age  13:     369720 bytes,    3027872 total
[2023-12-03T13:09:36.133+0000][74][trace][gc,age      ] GC(56) - age  14:      65240 bytes,    3093112 total
[2023-12-03T13:09:36.133+0000][74][trace][gc,age      ] GC(56) - age  15:     206272 bytes,    3299384 total
[2023-12-03T13:09:36.133+0000][74][info ][gc,heap     ] GC(56) Eden regions: 74->0(75)
[2023-12-03T13:09:36.133+0000][74][info ][gc,heap     ] GC(56) Survivor regions: 2->1(10)
[2023-12-03T13:09:36.133+0000][74][info ][gc,heap     ] GC(56) Old regions: 31->31
[2023-12-03T13:09:36.133+0000][74][info ][gc,heap     ] GC(56) Humongous regions: 2->2
[2023-12-03T13:09:36.133+0000][74][info ][gc,metaspace] GC(56) Metaspace: 156038K(158976K)->156038K(158976K) NonClass: 135438K(137024K)->135438K(137024K) Class: 20600K(21952K)->20600K(21952K)
[2023-12-03T13:09:36.133+0000][74][info ][gc          ] GC(56) Pause Young (Mixed) (G1 Evacuation Pause) 429M->132M(512M) 25.579ms
[2023-12-03T13:09:36.133+0000][74][info ][gc,cpu      ] GC(56) User=0.13s Sys=0.00s Real=0.03s
[2023-12-03T13:09:36.133+0000][74][info ][safepoint   ] Safepoint "G1CollectForAllocation", Time since last: 8787823507 ns, Reaching safepoint: 81245 ns, Cleanup: 6912 ns, At safepoint: 25745146 ns, Total: 25833303 ns
[2023-12-03T13:09:37.641+0000][74][info ][safepoint   ] Safepoint "Cleanup", Time since last: 1507939530 ns, Reaching safepoint: 33246 ns, Cleanup: 6831 ns, At safepoint: 3283 ns, Total: 43360 ns
[2023-12-03T13:09:53.152+0000][74][info ][safepoint   ] Safepoint "Cleanup", Time since last: 15510541997 ns, Reaching safepoint: 40883 ns, Cleanup: 19901 ns, At safepoint: 12713 ns, Total: 73497 ns
[2023-12-03T13:10:01.857+0000][74][info ][safepoint   ] Safepoint "Cleanup", Time since last: 8704882968 ns, Reaching safepoint: 20559 ns, Cleanup: 5990 ns, At safepoint: 2954 ns, Total: 29503 ns
[2023-12-03T13:10:03.217+0000][74][info ][safepoint   ] Safepoint "Cleanup", Time since last: 1360777257 ns, Reaching safepoint: 39149 ns, Cleanup: 19944 ns, At safepoint: 12896 ns, Total: 71989 ns
[2023-12-03T13:10:14.240+0000][74][info ][safepoint   ] Safepoint "Cleanup", Time since last: 11022117161 ns, Reaching safepoint: 83037 ns, Cleanup: 17662 ns, At safepoint: 12053 ns, Total: 112752 ns
[2023-12-03T13:10:15.272+0000][74][info ][safepoint   ] Safepoint "Cleanup", Time since last: 1032043459 ns, Reaching safepoint: 18335 ns, Cleanup: 17996 ns, At safepoint: 7566 ns, Total: 43897 ns
[2023-12-03T13:10:37.908+0000][74][info ][safepoint   ] Safepoint "Cleanup", Time since last: 22636527018 ns, Reaching safepoint: 21027 ns, Cleanup: 11361 ns, At safepoint: 9596 ns, Total: 41984 ns
[2023-12-03T13:10:39.496+0000][74][info ][safepoint   ] Safepoint "Cleanup", Time since last: 1587619408 ns, Reaching safepoint: 40265 ns, Cleanup: 24860 ns, At safepoint: 12924 ns, Total: 78049 ns
[2023-12-03T13:10:47.515+0000][74][info ][safepoint   ] Safepoint "Cleanup", Time since last: 8018858708 ns, Reaching safepoint: 42167 ns, Cleanup: 20709 ns, At safepoint: 13361 ns, Total: 76237 ns
[2023-12-03T13:10:50.530+0000][74][info ][safepoint   ] Safepoint "Cleanup", Time since last: 3014947102 ns, Reaching safepoint: 20454 ns, Cleanup: 13099 ns, At safepoint: 8608 ns, Total: 42161 ns
[2023-12-03T13:10:56.564+0000][74][info ][safepoint   ] Safepoint "Cleanup", Time since last: 6033632986 ns, Reaching safepoint: 57716 ns, Cleanup: 14105 ns, At safepoint: 10430 ns, Total: 82251 ns
[2023-12-03T13:10:57.580+0000][74][info ][safepoint   ] Safepoint "Cleanup", Time since last: 1016072348 ns, Reaching safepoint: 45239 ns, Cleanup: 19474 ns, At safepoint: 13012 ns, Total: 77725 ns
[2023-12-03T13:10:59.580+0000][74][info ][safepoint   ] Safepoint "Cleanup", Time since last: 2000386611 ns, Reaching safepoint: 41461 ns, Cleanup: 19178 ns, At safepoint: 12422 ns, Total: 73061 ns
[2023-12-03T13:11:03.604+0000][74][info ][safepoint   ] Safepoint "Cleanup", Time since last: 4023675212 ns, Reaching safepoint: 88842 ns, Cleanup: 14350 ns, At safepoint: 13087 ns, Total: 116279 ns
[2023-12-03T13:11:05.617+0000][74][info ][safepoint   ] Safepoint "Cleanup", Time since last: 2012996229 ns, Reaching safepoint: 41142 ns, Cleanup: 21945 ns, At safepoint: 9262 ns, Total: 72349 ns
[2023-12-03T13:11:07.618+0000][74][info ][safepoint   ] Safepoint "Cleanup", Time since last: 2000259916 ns, Reaching safepoint: 82868 ns, Cleanup: 22705 ns, At safepoint: 12957 ns, Total: 118530 ns
[2023-12-03T13:11:08.656+0000][74][info ][safepoint   ] Safepoint "Cleanup", Time since last: 1038559887 ns, Reaching safepoint: 22402 ns, Cleanup: 11422 ns, At safepoint: 10725 ns, Total: 44549 ns
[2023-12-03T13:11:14.118+0000][74][info ][gc,start    ] GC(57) Pause Young (Concurrent Start) (G1 Evacuation Pause)
[2023-12-03T13:11:14.118+0000][74][info ][gc,task     ] GC(57) Using 10 workers of 10 for evacuation
[2023-12-03T13:11:14.118+0000][74][debug][gc,age      ] GC(57) Desired survivor size 20971520 bytes, new threshold 15 (max threshold 15)
[2023-12-03T13:11:14.126+0000][74][info ][gc,phases   ] GC(57)   Pre Evacuate Collection Set: 0.5ms
[2023-12-03T13:11:14.126+0000][74][info ][gc,phases   ] GC(57)   Merge Heap Roots: 0.2ms
[2023-12-03T13:11:14.126+0000][74][info ][gc,phases   ] GC(57)   Evacuate Collection Set: 6.4ms
[2023-12-03T13:11:14.126+0000][74][info ][gc,phases   ] GC(57)   Post Evacuate Collection Set: 0.7ms
[2023-12-03T13:11:14.126+0000][74][info ][gc,phases   ] GC(57)   Other: 0.3ms
[2023-12-03T13:11:14.126+0000][74][trace][gc,age      ] GC(57) Age table with threshold 15 (max threshold 15)
[2023-12-03T13:11:14.126+0000][74][trace][gc,age      ] GC(57) - age   1:     978272 bytes,     978272 total
[2023-12-03T13:11:14.126+0000][74][trace][gc,age      ] GC(57) - age   2:     298968 bytes,    1277240 total
[2023-12-03T13:11:14.126+0000][74][trace][gc,age      ] GC(57) - age   3:     478136 bytes,    1755376 total
[2023-12-03T13:11:14.126+0000][74][trace][gc,age      ] GC(57) - age   4:     162208 bytes,    1917584 total
[2023-12-03T13:11:14.126+0000][74][trace][gc,age      ] GC(57) - age   5:      42392 bytes,    1959976 total
[2023-12-03T13:11:14.126+0000][74][trace][gc,age      ] GC(57) - age   6:       8336 bytes,    1968312 total
[2023-12-03T13:11:14.126+0000][74][trace][gc,age      ] GC(57) - age   7:      62640 bytes,    2030952 total
[2023-12-03T13:11:14.126+0000][74][trace][gc,age      ] GC(57) - age   8:      27872 bytes,    2058824 total
[2023-12-03T13:11:14.126+0000][74][trace][gc,age      ] GC(57) - age   9:      30312 bytes,    2089136 total
[2023-12-03T13:11:14.126+0000][74][trace][gc,age      ] GC(57) - age  10:      46672 bytes,    2135808 total
[2023-12-03T13:11:14.126+0000][74][trace][gc,age      ] GC(57) - age  11:      18976 bytes,    2154784 total
[2023-12-03T13:11:14.126+0000][74][trace][gc,age      ] GC(57) - age  12:     173520 bytes,    2328304 total
[2023-12-03T13:11:14.126+0000][74][trace][gc,age      ] GC(57) - age  13:     230560 bytes,    2558864 total
[2023-12-03T13:11:14.126+0000][74][trace][gc,age      ] GC(57) - age  14:     369720 bytes,    2928584 total
[2023-12-03T13:11:14.126+0000][74][trace][gc,age      ] GC(57) - age  15:      65240 bytes,    2993824 total
[2023-12-03T13:11:14.126+0000][74][info ][gc,heap     ] GC(57) Eden regions: 75->0(75)
[2023-12-03T13:11:14.126+0000][74][info ][gc,heap     ] GC(57) Survivor regions: 1->1(10)
[2023-12-03T13:11:14.126+0000][74][info ][gc,heap     ] GC(57) Old regions: 31->31
[2023-12-03T13:11:14.126+0000][74][info ][gc,heap     ] GC(57) Humongous regions: 2->2
[2023-12-03T13:11:14.126+0000][74][info ][gc,metaspace] GC(57) Metaspace: 156082K(158976K)->156082K(158976K) NonClass: 135480K(137024K)->135480K(137024K) Class: 20601K(21952K)->20601K(21952K)
[2023-12-03T13:11:14.126+0000][74][info ][gc          ] GC(57) Pause Young (Concurrent Start) (G1 Evacuation Pause) 432M->133M(512M) 8.536ms
[2023-12-03T13:11:14.126+0000][74][info ][gc,cpu      ] GC(57) User=0.05s Sys=0.01s Real=0.00s
[2023-12-03T13:11:14.126+0000][74][info ][gc          ] GC(58) Concurrent Mark Cycle
[2023-12-03T13:11:14.126+0000][74][info ][gc,marking  ] GC(58) Concurrent Scan Root Regions
[2023-12-03T13:11:14.126+0000][74][info ][safepoint   ] Safepoint "G1CollectForAllocation", Time since last: 5461372969 ns, Reaching safepoint: 75098 ns, Cleanup: 6035 ns, At safepoint: 8667814 ns, Total: 8748947 ns
[2023-12-03T13:11:14.128+0000][74][info ][gc,marking  ] GC(58) Concurrent Scan Root Regions 1.958ms
[2023-12-03T13:11:14.128+0000][74][info ][gc,marking  ] GC(58) Concurrent Mark
[2023-12-03T13:11:14.128+0000][74][info ][gc,marking  ] GC(58) Concurrent Mark From Roots
[2023-12-03T13:11:14.128+0000][74][info ][gc,task     ] GC(58) Using 3 workers of 3 for marking
[2023-12-03T13:11:14.176+0000][74][info ][gc,marking  ] GC(58) Concurrent Mark From Roots 47.958ms
[2023-12-03T13:11:14.176+0000][74][info ][gc,marking  ] GC(58) Concurrent Preclean
[2023-12-03T13:11:14.177+0000][74][info ][gc,marking  ] GC(58) Concurrent Preclean 0.467ms
[2023-12-03T13:11:14.177+0000][74][info ][gc,start    ] GC(58) Pause Remark
[2023-12-03T13:11:14.189+0000][74][info ][gc          ] GC(58) Pause Remark 134M->134M(512M) 11.908ms
[2023-12-03T13:11:14.189+0000][74][info ][gc,cpu      ] GC(58) User=0.09s Sys=0.00s Real=0.01s
[2023-12-03T13:11:14.189+0000][74][info ][safepoint   ] Safepoint "G1PauseRemark", Time since last: 50540378 ns, Reaching safepoint: 36260 ns, Cleanup: 2195 ns, At safepoint: 12062371 ns, Total: 12100826 ns
[2023-12-03T13:11:14.189+0000][74][info ][gc,marking  ] GC(58) Concurrent Mark 60.683ms
[2023-12-03T13:11:14.189+0000][74][info ][gc,marking  ] GC(58) Concurrent Rebuild Remembered Sets and Scrub Regions
[2023-12-03T13:11:14.211+0000][74][info ][gc,marking  ] GC(58) Concurrent Rebuild Remembered Sets and Scrub Regions 22.032ms
[2023-12-03T13:11:14.211+0000][74][info ][gc,start    ] GC(58) Pause Cleanup
[2023-12-03T13:11:14.211+0000][74][info ][gc          ] GC(58) Pause Cleanup 134M->134M(512M) 0.200ms
[2023-12-03T13:11:14.211+0000][74][info ][gc,cpu      ] GC(58) User=0.00s Sys=0.00s Real=0.00s
[2023-12-03T13:11:14.211+0000][74][info ][safepoint   ] Safepoint "G1PauseCleanup", Time since last: 22191843 ns, Reaching safepoint: 18260 ns, Cleanup: 4049 ns, At safepoint: 259607 ns, Total: 281916 ns
[2023-12-03T13:11:14.211+0000][74][info ][gc,marking  ] GC(58) Concurrent Clear Claimed Marks
[2023-12-03T13:11:14.212+0000][74][info ][gc,marking  ] GC(58) Concurrent Clear Claimed Marks 0.101ms
[2023-12-03T13:11:14.212+0000][74][info ][gc,marking  ] GC(58) Concurrent Cleanup for Next Mark
[2023-12-03T13:11:14.212+0000][74][info ][gc,marking  ] GC(58) Concurrent Cleanup for Next Mark 0.276ms
[2023-12-03T13:11:14.212+0000][74][info ][gc          ] GC(58) Concurrent Mark Cycle 85.600ms
[2023-12-03T13:11:26.886+0000][74][info ][safepoint   ] Safepoint "Cleanup", Time since last: 12674360923 ns, Reaching safepoint: 75835 ns, Cleanup: 17725 ns, At safepoint: 16420 ns, Total: 109980 ns
[2023-12-03T13:11:31.869+0000][74][info ][safepoint   ] Safepoint "Cleanup", Time since last: 4983196386 ns, Reaching safepoint: 148916 ns, Cleanup: 16332 ns, At safepoint: 16682 ns, Total: 181930 ns
[2023-12-03T13:11:32.889+0000][74][info ][safepoint   ] Safepoint "Cleanup", Time since last: 1019483258 ns, Reaching safepoint: 40958 ns, Cleanup: 18493 ns, At safepoint: 12253 ns, Total: 71704 ns
[2023-12-03T13:11:42.058+0000][74][info ][safepoint   ] Safepoint "Cleanup", Time since last: 9169128344 ns, Reaching safepoint: 58674 ns, Cleanup: 16519 ns, At safepoint: 11587 ns, Total: 86780 ns
[2023-12-03T13:11:43.944+0000][74][info ][safepoint   ] Safepoint "Cleanup", Time since last: 1886350570 ns, Reaching safepoint: 13031 ns, Cleanup: 7927 ns, At safepoint: 4865 ns, Total: 25823 ns
[2023-12-03T13:11:45.086+0000][74][info ][safepoint   ] Safepoint "Cleanup", Time since last: 1141759116 ns, Reaching safepoint: 30194 ns, Cleanup: 13779 ns, At safepoint: 8024 ns, Total: 51997 ns
[2023-12-03T13:11:47.102+0000][74][info ][safepoint   ] Safepoint "Cleanup", Time since last: 2015401989 ns, Reaching safepoint: 85289 ns, Cleanup: 24582 ns, At safepoint: 13421 ns, Total: 123292 ns
[2023-12-03T13:11:49.959+0000][74][info ][safepoint   ] Safepoint "Cleanup", Time since last: 2856870400 ns, Reaching safepoint: 34006 ns, Cleanup: 16942 ns, At safepoint: 13518 ns, Total: 64466 ns
[2023-12-03T13:11:51.126+0000][74][info ][safepoint   ] Safepoint "Cleanup", Time since last: 1166933721 ns, Reaching safepoint: 23287 ns, Cleanup: 10111 ns, At safepoint: 6116 ns, Total: 39514 ns
[2023-12-03T13:11:53.161+0000][74][info ][safepoint   ] Safepoint "Cleanup", Time since last: 2035364375 ns, Reaching safepoint: 82324 ns, Cleanup: 18508 ns, At safepoint: 12791 ns, Total: 113623 ns
[2023-12-03T13:12:01.182+0000][74][info ][safepoint   ] Safepoint "Cleanup", Time since last: 8020991611 ns, Reaching safepoint: 69573 ns, Cleanup: 15132 ns, At safepoint: 9060 ns, Total: 93765 ns
[2023-12-03T13:12:11.274+0000][74][info ][safepoint   ] Safepoint "Cleanup", Time since last: 10091615644 ns, Reaching safepoint: 85163 ns, Cleanup: 26673 ns, At safepoint: 12631 ns, Total: 124467 ns
[2023-12-03T13:12:20.134+0000][74][info ][safepoint   ] Safepoint "Cleanup", Time since last: 8860252657 ns, Reaching safepoint: 54073 ns, Cleanup: 13138 ns, At safepoint: 9494 ns, Total: 76705 ns
[2023-12-03T13:12:31.955+0000][74][info ][safepoint   ] Safepoint "Cleanup", Time since last: 11820587108 ns, Reaching safepoint: 17239 ns, Cleanup: 5397 ns, At safepoint: 2641 ns, Total: 25277 ns
[2023-12-03T13:12:33.388+0000][74][info ][safepoint   ] Safepoint "Cleanup", Time since last: 1432775099 ns, Reaching safepoint: 40226 ns, Cleanup: 18307 ns, At safepoint: 12407 ns, Total: 70940 ns
[2023-12-03T13:12:34.388+0000][74][info ][safepoint   ] Safepoint "Cleanup", Time since last: 1000628324 ns, Reaching safepoint: 16620 ns, Cleanup: 8196 ns, At safepoint: 3369 ns, Total: 28185 ns
[2023-12-03T13:12:35.389+0000][74][info ][safepoint   ] Safepoint "Cleanup", Time since last: 1000149962 ns, Reaching safepoint: 25721 ns, Cleanup: 15355 ns, At safepoint: 6818 ns, Total: 47894 ns
[2023-12-03T13:12:36.389+0000][74][info ][safepoint   ] Safepoint "Cleanup", Time since last: 1000391946 ns, Reaching safepoint: 41998 ns, Cleanup: 23552 ns, At safepoint: 12109 ns, Total: 77659 ns
[2023-12-03T13:12:37.390+0000][74][info ][safepoint   ] Safepoint "Cleanup", Time since last: 1000744146 ns, Reaching safepoint: 88033 ns, Cleanup: 35940 ns, At safepoint: 12984 ns, Total: 136957 ns
[2023-12-03T13:12:39.256+0000][74][info ][safepoint   ] Safepoint "Cleanup", Time since last: 1865729891 ns, Reaching safepoint: 33390 ns, Cleanup: 12684 ns, At safepoint: 7761 ns, Total: 53835 ns
[2023-12-03T13:12:41.256+0000][74][info ][safepoint   ] Safepoint "Cleanup", Time since last: 2000403929 ns, Reaching safepoint: 26135 ns, Cleanup: 10783 ns, At safepoint: 6195 ns, Total: 43113 ns
[2023-12-03T13:12:43.966+0000][74][info ][safepoint   ] Safepoint "Cleanup", Time since last: 2710288734 ns, Reaching safepoint: 11878 ns, Cleanup: 10568 ns, At safepoint: 19714 ns, Total: 42160 ns
[2023-12-03T13:12:43.974+0000][74][info ][gc,start    ] GC(59) Pause Young (Prepare Mixed) (G1 Evacuation Pause)
[2023-12-03T13:12:43.974+0000][74][info ][gc,task     ] GC(59) Using 10 workers of 10 for evacuation
[2023-12-03T13:12:43.974+0000][74][debug][gc,age      ] GC(59) Desired survivor size 20971520 bytes, new threshold 15 (max threshold 15)
[2023-12-03T13:12:43.977+0000][74][info ][gc,phases   ] GC(59)   Pre Evacuate Collection Set: 0.2ms
[2023-12-03T13:12:43.977+0000][74][info ][gc,phases   ] GC(59)   Merge Heap Roots: 0.1ms
[2023-12-03T13:12:43.977+0000][74][info ][gc,phases   ] GC(59)   Evacuate Collection Set: 2.6ms
[2023-12-03T13:12:43.977+0000][74][info ][gc,phases   ] GC(59)   Post Evacuate Collection Set: 0.4ms
[2023-12-03T13:12:43.977+0000][74][info ][gc,phases   ] GC(59)   Other: 0.0ms
[2023-12-03T13:12:43.977+0000][74][trace][gc,age      ] GC(59) Age table with threshold 15 (max threshold 15)
[2023-12-03T13:12:43.977+0000][74][trace][gc,age      ] GC(59) - age   1:     657808 bytes,     657808 total
[2023-12-03T13:12:43.977+0000][74][trace][gc,age      ] GC(59) - age   2:      10160 bytes,     667968 total
[2023-12-03T13:12:43.977+0000][74][trace][gc,age      ] GC(59) - age   3:     298712 bytes,     966680 total
[2023-12-03T13:12:43.977+0000][74][trace][gc,age      ] GC(59) - age   4:     476984 bytes,    1443664 total
[2023-12-03T13:12:43.977+0000][74][trace][gc,age      ] GC(59) - age   5:     162112 bytes,    1605776 total
[2023-12-03T13:12:43.977+0000][74][trace][gc,age      ] GC(59) - age   6:      42296 bytes,    1648072 total
[2023-12-03T13:12:43.977+0000][74][trace][gc,age      ] GC(59) - age   7:       8336 bytes,    1656408 total
[2023-12-03T13:12:43.977+0000][74][trace][gc,age      ] GC(59) - age   8:      62088 bytes,    1718496 total
[2023-12-03T13:12:43.977+0000][74][trace][gc,age      ] GC(59) - age   9:      27688 bytes,    1746184 total
[2023-12-03T13:12:43.977+0000][74][trace][gc,age      ] GC(59) - age  10:      30312 bytes,    1776496 total
[2023-12-03T13:12:43.977+0000][74][trace][gc,age      ] GC(59) - age  11:      46672 bytes,    1823168 total
[2023-12-03T13:12:43.977+0000][74][trace][gc,age      ] GC(59) - age  12:      18976 bytes,    1842144 total
[2023-12-03T13:12:43.977+0000][74][trace][gc,age      ] GC(59) - age  13:     173520 bytes,    2015664 total
[2023-12-03T13:12:43.977+0000][74][trace][gc,age      ] GC(59) - age  14:     230560 bytes,    2246224 total
[2023-12-03T13:12:43.977+0000][74][trace][gc,age      ] GC(59) - age  15:     369720 bytes,    2615944 total
[2023-12-03T13:12:43.977+0000][74][info ][gc,heap     ] GC(59) Eden regions: 75->0(75)
[2023-12-03T13:12:43.977+0000][74][info ][gc,heap     ] GC(59) Survivor regions: 1->1(10)
[2023-12-03T13:12:43.977+0000][74][info ][gc,heap     ] GC(59) Old regions: 31->31
[2023-12-03T13:12:43.977+0000][74][info ][gc,heap     ] GC(59) Humongous regions: 2->2
[2023-12-03T13:12:43.977+0000][74][info ][gc,metaspace] GC(59) Metaspace: 156092K(158976K)->156092K(158976K) NonClass: 135491K(137024K)->135491K(137024K) Class: 20600K(21952K)->20600K(21952K)
[2023-12-03T13:12:43.977+0000][74][info ][gc          ] GC(59) Pause Young (Prepare Mixed) (G1 Evacuation Pause) 433M->133M(512M) 3.460ms
[2023-12-03T13:12:43.977+0000][74][info ][gc,cpu      ] GC(59) User=0.01s Sys=0.00s Real=0.00s
[2023-12-03T13:12:43.977+0000][74][info ][safepoint   ] Safepoint "G1CollectForAllocation", Time since last: 7202715 ns, Reaching safepoint: 15702 ns, Cleanup: 2412 ns, At safepoint: 3530180 ns, Total: 3548294 ns
[2023-12-03T13:12:45.429+0000][74][info ][safepoint   ] Safepoint "Cleanup", Time since last: 1451227510 ns, Reaching safepoint: 39841 ns, Cleanup: 26898 ns, At safepoint: 12358 ns, Total: 79097 ns
[2023-12-03T13:12:46.429+0000][74][info ][safepoint   ] Safepoint "Cleanup", Time since last: 1000656570 ns, Reaching safepoint: 38912 ns, Cleanup: 38503 ns, At safepoint: 42631 ns, Total: 120046 ns
[2023-12-03T13:12:47.430+0000][74][info ][safepoint   ] Safepoint "Cleanup", Time since last: 1000190790 ns, Reaching safepoint: 71609 ns, Cleanup: 25768 ns, At safepoint: 9455 ns, Total: 106832 ns
[2023-12-03T13:12:51.452+0000][74][info ][safepoint   ] Safepoint "Cleanup", Time since last: 4022006400 ns, Reaching safepoint: 18939 ns, Cleanup: 14019 ns, At safepoint: 8412 ns, Total: 41370 ns
[2023-12-03T13:12:52.470+0000][74][info ][safepoint   ] Safepoint "Cleanup", Time since last: 1018086913 ns, Reaching safepoint: 35213 ns, Cleanup: 9449 ns, At safepoint: 3616 ns, Total: 48278 ns
[2023-12-03T13:12:56.513+0000][74][info ][safepoint   ] Safepoint "Cleanup", Time since last: 4042707386 ns, Reaching safepoint: 23534 ns, Cleanup: 13056 ns, At safepoint: 10453 ns, Total: 47043 ns
[2023-12-03T13:12:57.526+0000][74][info ][safepoint   ] Safepoint "Cleanup", Time since last: 1013245681 ns, Reaching safepoint: 41216 ns, Cleanup: 9613 ns, At safepoint: 8555 ns, Total: 59384 ns
[2023-12-03T13:13:07.552+0000][74][info ][safepoint   ] Safepoint "Cleanup", Time since last: 10026218473 ns, Reaching safepoint: 85510 ns, Cleanup: 22044 ns, At safepoint: 29621 ns, Total: 137175 ns
[2023-12-03T13:13:08.558+0000][74][info ][safepoint   ] Safepoint "Cleanup", Time since last: 1005631718 ns, Reaching safepoint: 23424 ns, Cleanup: 19372 ns, At safepoint: 9890 ns, Total: 52686 ns
[2023-12-03T13:13:09.572+0000][74][info ][safepoint   ] Safepoint "Cleanup", Time since last: 1013698186 ns, Reaching safepoint: 23164 ns, Cleanup: 52039 ns, At safepoint: 13912 ns, Total: 89115 ns
[2023-12-03T13:13:24.685+0000][74][info ][safepoint   ] Safepoint "Cleanup", Time since last: 15112943749 ns, Reaching safepoint: 93206 ns, Cleanup: 21838 ns, At safepoint: 12637 ns, Total: 127681 ns
[2023-12-03T13:13:26.707+0000][74][info ][safepoint   ] Safepoint "Cleanup", Time since last: 2022310302 ns, Reaching safepoint: 22981 ns, Cleanup: 19523 ns, At safepoint: 10269 ns, Total: 52773 ns
[2023-12-03T13:13:30.042+0000][74][info ][safepoint   ] Safepoint "Cleanup", Time since last: 3334665372 ns, Reaching safepoint: 94746 ns, Cleanup: 18598 ns, At safepoint: 12401 ns, Total: 125745 ns
[2023-12-03T13:13:31.962+0000][74][info ][safepoint   ] Safepoint "Cleanup", Time since last: 1919967365 ns, Reaching safepoint: 64537 ns, Cleanup: 21289 ns, At safepoint: 10126 ns, Total: 95952 ns
[2023-12-03T13:13:35.740+0000][74][info ][safepoint   ] Safepoint "Cleanup", Time since last: 3777906210 ns, Reaching safepoint: 38437 ns, Cleanup: 18536 ns, At safepoint: 12012 ns, Total: 68985 ns
[2023-12-03T13:13:36.740+0000][74][info ][safepoint   ] Safepoint "Cleanup", Time since last: 1000221850 ns, Reaching safepoint: 34964 ns, Cleanup: 21367 ns, At safepoint: 11589 ns, Total: 67920 ns
[2023-12-03T13:13:37.741+0000][74][info ][safepoint   ] Safepoint "Cleanup", Time since last: 1000428666 ns, Reaching safepoint: 86648 ns, Cleanup: 18822 ns, At safepoint: 12899 ns, Total: 118369 ns
[2023-12-03T13:13:38.755+0000][74][info ][safepoint   ] Safepoint "Cleanup", Time since last: 1014413821 ns, Reaching safepoint: 22897 ns, Cleanup: 14128 ns, At safepoint: 9860 ns, Total: 46885 ns
[2023-12-03T13:13:45.043+0000][74][info ][safepoint   ] Safepoint "Cleanup", Time since last: 6287327794 ns, Reaching safepoint: 23502 ns, Cleanup: 13075 ns, At safepoint: 10612 ns, Total: 47189 ns
[2023-12-03T13:13:46.920+0000][74][info ][safepoint   ] Safepoint "Cleanup", Time since last: 1877047168 ns, Reaching safepoint: 4838 ns, Cleanup: 3297 ns, At safepoint: 2106 ns, Total: 10241 ns
[2023-12-03T13:13:50.896+0000][74][info ][safepoint   ] Safepoint "Cleanup", Time since last: 3976300906 ns, Reaching safepoint: 63690 ns, Cleanup: 14590 ns, At safepoint: 14247 ns, Total: 92527 ns
[2023-12-03T13:14:07.011+0000][74][info ][safepoint   ] Safepoint "Cleanup", Time since last: 16115210731 ns, Reaching safepoint: 82915 ns, Cleanup: 36901 ns, At safepoint: 12077 ns, Total: 131893 ns
[2023-12-03T13:14:10.079+0000][74][info ][gc,start    ] GC(60) Pause Young (Mixed) (G1 Evacuation Pause)
[2023-12-03T13:14:10.079+0000][74][info ][gc,task     ] GC(60) Using 10 workers of 10 for evacuation
[2023-12-03T13:14:10.079+0000][74][debug][gc,age      ] GC(60) Desired survivor size 20971520 bytes, new threshold 15 (max threshold 15)
[2023-12-03T13:14:10.087+0000][74][info ][gc,phases   ] GC(60)   Pre Evacuate Collection Set: 0.1ms
[2023-12-03T13:14:10.087+0000][74][info ][gc,phases   ] GC(60)   Merge Heap Roots: 0.1ms
[2023-12-03T13:14:10.087+0000][74][info ][gc,phases   ] GC(60)   Evacuate Collection Set: 7.0ms
[2023-12-03T13:14:10.087+0000][74][info ][gc,phases   ] GC(60)   Post Evacuate Collection Set: 0.4ms
[2023-12-03T13:14:10.087+0000][74][info ][gc,phases   ] GC(60)   Other: 0.0ms
[2023-12-03T13:14:10.087+0000][74][trace][gc,age      ] GC(60) Age table with threshold 15 (max threshold 15)
[2023-12-03T13:14:10.087+0000][74][trace][gc,age      ] GC(60) - age   1:    1720664 bytes,    1720664 total
[2023-12-03T13:14:10.087+0000][74][trace][gc,age      ] GC(60) - age   2:       8424 bytes,    1729088 total
[2023-12-03T13:14:10.087+0000][74][trace][gc,age      ] GC(60) - age   3:       6744 bytes,    1735832 total
[2023-12-03T13:14:10.087+0000][74][trace][gc,age      ] GC(60) - age   4:     179520 bytes,    1915352 total
[2023-12-03T13:14:10.087+0000][74][trace][gc,age      ] GC(60) - age   5:     416656 bytes,    2332008 total
[2023-12-03T13:14:10.087+0000][74][trace][gc,age      ] GC(60) - age   6:     144592 bytes,    2476600 total
[2023-12-03T13:14:10.087+0000][74][trace][gc,age      ] GC(60) - age   7:      42296 bytes,    2518896 total
[2023-12-03T13:14:10.087+0000][74][trace][gc,age      ] GC(60) - age   8:       7416 bytes,    2526312 total
[2023-12-03T13:14:10.087+0000][74][trace][gc,age      ] GC(60) - age   9:      61536 bytes,    2587848 total
[2023-12-03T13:14:10.087+0000][74][trace][gc,age      ] GC(60) - age  10:      27688 bytes,    2615536 total
[2023-12-03T13:14:10.087+0000][74][trace][gc,age      ] GC(60) - age  11:      30312 bytes,    2645848 total
[2023-12-03T13:14:10.087+0000][74][trace][gc,age      ] GC(60) - age  12:      46672 bytes,    2692520 total
[2023-12-03T13:14:10.087+0000][74][trace][gc,age      ] GC(60) - age  13:      18976 bytes,    2711496 total
[2023-12-03T13:14:10.087+0000][74][trace][gc,age      ] GC(60) - age  14:     173520 bytes,    2885016 total
[2023-12-03T13:14:10.087+0000][74][trace][gc,age      ] GC(60) - age  15:     230560 bytes,    3115576 total
[2023-12-03T13:14:10.087+0000][74][info ][gc,heap     ] GC(60) Eden regions: 75->0(75)
[2023-12-03T13:14:10.087+0000][74][info ][gc,heap     ] GC(60) Survivor regions: 1->1(10)
[2023-12-03T13:14:10.087+0000][74][info ][gc,heap     ] GC(60) Old regions: 31->31
[2023-12-03T13:14:10.087+0000][74][info ][gc,heap     ] GC(60) Humongous regions: 2->2
[2023-12-03T13:14:10.087+0000][74][info ][gc,metaspace] GC(60) Metaspace: 156114K(158976K)->156114K(158976K) NonClass: 135513K(137024K)->135513K(137024K) Class: 20600K(21952K)->20600K(21952K)
[2023-12-03T13:14:10.087+0000][74][info ][gc          ] GC(60) Pause Young (Mixed) (G1 Evacuation Pause) 433M->133M(512M) 7.974ms
[2023-12-03T13:14:10.087+0000][74][info ][gc,cpu      ] GC(60) User=0.04s Sys=0.00s Real=0.00s
[2023-12-03T13:14:10.087+0000][74][info ][safepoint   ] Safepoint "G1CollectForAllocation", Time since last: 3067949490 ns, Reaching safepoint: 6092 ns, Cleanup: 1616 ns, At safepoint: 8063061 ns, Total: 8070769 ns
[2023-12-03T13:14:12.093+0000][74][info ][safepoint   ] Safepoint "Cleanup", Time since last: 2005043064 ns, Reaching safepoint: 38231 ns, Cleanup: 23755 ns, At safepoint: 12440 ns, Total: 74426 ns
[2023-12-03T13:14:14.199+0000][74][info ][safepoint   ] Safepoint "Cleanup", Time since last: 2105823751 ns, Reaching safepoint: 80009 ns, Cleanup: 23054 ns, At safepoint: 18382 ns, Total: 121445 ns
[2023-12-03T13:14:20.217+0000][74][info ][safepoint   ] Safepoint "Cleanup", Time since last: 6018464338 ns, Reaching safepoint: 44270 ns, Cleanup: 11028 ns, At safepoint: 5695 ns, Total: 60993 ns
[2023-12-03T13:14:22.728+0000][74][info ][safepoint   ] Safepoint "Cleanup", Time since last: 2510623115 ns, Reaching safepoint: 34138 ns, Cleanup: 17192 ns, At safepoint: 10326 ns, Total: 61656 ns
[2023-12-03T13:14:26.767+0000][74][info ][safepoint   ] Safepoint "Cleanup", Time since last: 4039238898 ns, Reaching safepoint: 47897 ns, Cleanup: 11321 ns, At safepoint: 6247 ns, Total: 65465 ns
[2023-12-03T13:14:27.777+0000][74][info ][safepoint   ] Safepoint "Cleanup", Time since last: 1009697154 ns, Reaching safepoint: 36475 ns, Cleanup: 24788 ns, At safepoint: 11498 ns, Total: 72761 ns
[2023-12-03T13:14:28.777+0000][74][info ][safepoint   ] Safepoint "Cleanup", Time since last: 1000267137 ns, Reaching safepoint: 90418 ns, Cleanup: 25806 ns, At safepoint: 24839 ns, Total: 141063 ns
[2023-12-03T13:14:32.692+0000][74][info ][safepoint   ] Safepoint "Cleanup", Time since last: 3914910316 ns, Reaching safepoint: 39440 ns, Cleanup: 8850 ns, At safepoint: 2467 ns, Total: 50757 ns
[2023-12-03T13:14:33.796+0000][74][info ][safepoint   ] Safepoint "Cleanup", Time since last: 1103741444 ns, Reaching safepoint: 34218 ns, Cleanup: 37213 ns, At safepoint: 10879 ns, Total: 82310 ns
[2023-12-03T13:14:37.818+0000][74][info ][safepoint   ] Safepoint "Cleanup", Time since last: 4021602018 ns, Reaching safepoint: 106398 ns, Cleanup: 19751 ns, At safepoint: 32099 ns, Total: 158248 ns
[2023-12-03T13:14:44.918+0000][74][info ][safepoint   ] Safepoint "Cleanup", Time since last: 7100483783 ns, Reaching safepoint: 82714 ns, Cleanup: 27101 ns, At safepoint: 13413 ns, Total: 123228 ns
[2023-12-03T13:14:51.194+0000][74][info ][safepoint   ] Safepoint "Cleanup", Time since last: 6275160837 ns, Reaching safepoint: 19683 ns, Cleanup: 23187 ns, At safepoint: 9358 ns, Total: 52228 ns
[2023-12-03T13:14:54.210+0000][74][info ][safepoint   ] Safepoint "Cleanup", Time since last: 3016184156 ns, Reaching safepoint: 85268 ns, Cleanup: 22450 ns, At safepoint: 13198 ns, Total: 120916 ns
[2023-12-03T13:14:59.266+0000][74][info ][safepoint   ] Safepoint "Cleanup", Time since last: 5055497081 ns, Reaching safepoint: 84648 ns, Cleanup: 32060 ns, At safepoint: 23254 ns, Total: 139962 ns
[2023-12-03T13:15:01.266+0000][74][info ][safepoint   ] Safepoint "Cleanup", Time since last: 2000347945 ns, Reaching safepoint: 44961 ns, Cleanup: 20377 ns, At safepoint: 14327 ns, Total: 79665 ns
[2023-12-03T13:15:03.316+0000][74][info ][safepoint   ] Safepoint "Cleanup", Time since last: 2049970340 ns, Reaching safepoint: 13540 ns, Cleanup: 4599 ns, At safepoint: 2236 ns, Total: 20375 ns
[2023-12-03T13:15:07.340+0000][74][info ][safepoint   ] Safepoint "Cleanup", Time since last: 4023991202 ns, Reaching safepoint: 38825 ns, Cleanup: 42673 ns, At safepoint: 13151 ns, Total: 94649 ns
[2023-12-03T13:15:15.708+0000][74][info ][safepoint   ] Safepoint "Cleanup", Time since last: 8368231827 ns, Reaching safepoint: 27612 ns, Cleanup: 15977 ns, At safepoint: 10867 ns, Total: 54456 ns
[2023-12-03T13:15:24.804+0000][74][info ][safepoint   ] Safepoint "Cleanup", Time since last: 9095492017 ns, Reaching safepoint: 87509 ns, Cleanup: 21441 ns, At safepoint: 12923 ns, Total: 121873 ns
[2023-12-03T13:15:26.480+0000][74][info ][safepoint   ] Safepoint "Cleanup", Time since last: 1675967085 ns, Reaching safepoint: 23191 ns, Cleanup: 13120 ns, At safepoint: 10157 ns, Total: 46468 ns
[2023-12-03T13:15:31.880+0000][74][info ][safepoint   ] Safepoint "Cleanup", Time since last: 5399955366 ns, Reaching safepoint: 6107 ns, Cleanup: 3563 ns, At safepoint: 2422 ns, Total: 12092 ns
[2023-12-03T13:15:43.936+0000][74][info ][gc,start    ] GC(61) Pause Young (Concurrent Start) (G1 Evacuation Pause)
[2023-12-03T13:15:43.936+0000][74][info ][gc,task     ] GC(61) Using 10 workers of 10 for evacuation
[2023-12-03T13:15:43.936+0000][74][debug][gc,age      ] GC(61) Desired survivor size 20971520 bytes, new threshold 15 (max threshold 15)
[2023-12-03T13:15:43.946+0000][74][info ][gc,phases   ] GC(61)   Pre Evacuate Collection Set: 0.5ms
[2023-12-03T13:15:43.946+0000][74][info ][gc,phases   ] GC(61)   Merge Heap Roots: 0.2ms
[2023-12-03T13:15:43.946+0000][74][info ][gc,phases   ] GC(61)   Evacuate Collection Set: 6.8ms
[2023-12-03T13:15:43.946+0000][74][info ][gc,phases   ] GC(61)   Post Evacuate Collection Set: 1.4ms
[2023-12-03T13:15:43.946+0000][74][info ][gc,phases   ] GC(61)   Other: 0.3ms
[2023-12-03T13:15:43.946+0000][74][trace][gc,age      ] GC(61) Age table with threshold 15 (max threshold 15)
[2023-12-03T13:15:43.946+0000][74][trace][gc,age      ] GC(61) - age   1:    1063168 bytes,    1063168 total
[2023-12-03T13:15:43.946+0000][74][trace][gc,age      ] GC(61) - age   2:     322704 bytes,    1385872 total
[2023-12-03T13:15:43.946+0000][74][trace][gc,age      ] GC(61) - age   3:       8360 bytes,    1394232 total
[2023-12-03T13:15:43.946+0000][74][trace][gc,age      ] GC(61) - age   4:       6168 bytes,    1400400 total
[2023-12-03T13:15:43.946+0000][74][trace][gc,age      ] GC(61) - age   5:     179488 bytes,    1579888 total
[2023-12-03T13:15:43.946+0000][74][trace][gc,age      ] GC(61) - age   6:     400376 bytes,    1980264 total
[2023-12-03T13:15:43.946+0000][74][trace][gc,age      ] GC(61) - age   7:     144456 bytes,    2124720 total
[2023-12-03T13:15:43.946+0000][74][trace][gc,age      ] GC(61) - age   8:      41008 bytes,    2165728 total
[2023-12-03T13:15:43.946+0000][74][trace][gc,age      ] GC(61) - age   9:       7232 bytes,    2172960 total
[2023-12-03T13:15:43.946+0000][74][trace][gc,age      ] GC(61) - age  10:      61536 bytes,    2234496 total
[2023-12-03T13:15:43.946+0000][74][trace][gc,age      ] GC(61) - age  11:      27688 bytes,    2262184 total
[2023-12-03T13:15:43.946+0000][74][trace][gc,age      ] GC(61) - age  12:      30248 bytes,    2292432 total
[2023-12-03T13:15:43.946+0000][74][trace][gc,age      ] GC(61) - age  13:      46672 bytes,    2339104 total
[2023-12-03T13:15:43.946+0000][74][trace][gc,age      ] GC(61) - age  14:      18912 bytes,    2358016 total
[2023-12-03T13:15:43.946+0000][74][trace][gc,age      ] GC(61) - age  15:     173456 bytes,    2531472 total
[2023-12-03T13:15:43.946+0000][74][info ][gc,heap     ] GC(61) Eden regions: 75->0(75)
[2023-12-03T13:15:43.946+0000][74][info ][gc,heap     ] GC(61) Survivor regions: 1->1(10)
[2023-12-03T13:15:43.946+0000][74][info ][gc,heap     ] GC(61) Old regions: 31->31
[2023-12-03T13:15:43.946+0000][74][info ][gc,heap     ] GC(61) Humongous regions: 2->2
[2023-12-03T13:15:43.946+0000][74][info ][gc,metaspace] GC(61) Metaspace: 156141K(158976K)->156141K(158976K) NonClass: 135540K(137024K)->135540K(137024K) Class: 20600K(21952K)->20600K(21952K)
[2023-12-03T13:15:43.946+0000][74][info ][gc          ] GC(61) Pause Young (Concurrent Start) (G1 Evacuation Pause) 433M->133M(512M) 10.031ms
[2023-12-03T13:15:43.946+0000][74][info ][gc,cpu      ] GC(61) User=0.05s Sys=0.01s Real=0.01s
[2023-12-03T13:15:43.946+0000][74][info ][gc          ] GC(62) Concurrent Mark Cycle
[2023-12-03T13:15:43.947+0000][74][info ][gc,marking  ] GC(62) Concurrent Scan Root Regions
[2023-12-03T13:15:43.947+0000][74][info ][safepoint   ] Safepoint "G1CollectForAllocation", Time since last: 12056290184 ns, Reaching safepoint: 79565 ns, Cleanup: 6098 ns, At safepoint: 10247066 ns, Total: 10332729 ns
[2023-12-03T13:15:43.952+0000][74][info ][gc,marking  ] GC(62) Concurrent Scan Root Regions 5.868ms
[2023-12-03T13:15:43.952+0000][74][info ][gc,marking  ] GC(62) Concurrent Mark
[2023-12-03T13:15:43.952+0000][74][info ][gc,marking  ] GC(62) Concurrent Mark From Roots
[2023-12-03T13:15:43.952+0000][74][info ][gc,task     ] GC(62) Using 3 workers of 3 for marking
[2023-12-03T13:15:44.000+0000][74][info ][gc,marking  ] GC(62) Concurrent Mark From Roots 47.569ms
[2023-12-03T13:15:44.000+0000][74][info ][gc,marking  ] GC(62) Concurrent Preclean
[2023-12-03T13:15:44.000+0000][74][info ][gc,marking  ] GC(62) Concurrent Preclean 0.396ms
[2023-12-03T13:15:44.001+0000][74][info ][gc,start    ] GC(62) Pause Remark
[2023-12-03T13:15:44.023+0000][74][info ][gc          ] GC(62) Pause Remark 135M->135M(512M) 22.505ms
[2023-12-03T13:15:44.023+0000][74][info ][gc,cpu      ] GC(62) User=0.10s Sys=0.00s Real=0.02s
[2023-12-03T13:15:44.023+0000][74][info ][safepoint   ] Safepoint "G1PauseRemark", Time since last: 54040730 ns, Reaching safepoint: 15084 ns, Cleanup: 2563 ns, At safepoint: 22656537 ns, Total: 22674184 ns
[2023-12-03T13:15:44.023+0000][74][info ][gc,marking  ] GC(62) Concurrent Mark 70.827ms
[2023-12-03T13:15:44.023+0000][74][info ][gc,marking  ] GC(62) Concurrent Rebuild Remembered Sets and Scrub Regions
[2023-12-03T13:15:44.041+0000][74][info ][gc,marking  ] GC(62) Concurrent Rebuild Remembered Sets and Scrub Regions 18.076ms
[2023-12-03T13:15:44.042+0000][74][info ][gc,start    ] GC(62) Pause Cleanup
[2023-12-03T13:15:44.042+0000][74][info ][gc          ] GC(62) Pause Cleanup 136M->136M(512M) 0.096ms
[2023-12-03T13:15:44.042+0000][74][info ][gc,cpu      ] GC(62) User=0.00s Sys=0.00s Real=0.00s
[2023-12-03T13:15:44.042+0000][74][info ][safepoint   ] Safepoint "G1PauseCleanup", Time since last: 18248240 ns, Reaching safepoint: 12918 ns, Cleanup: 19134 ns, At safepoint: 186606 ns, Total: 218658 ns
[2023-12-03T13:15:44.042+0000][74][info ][gc,marking  ] GC(62) Concurrent Clear Claimed Marks
[2023-12-03T13:15:44.042+0000][74][info ][gc,marking  ] GC(62) Concurrent Clear Claimed Marks 0.098ms
[2023-12-03T13:15:44.042+0000][74][info ][gc,marking  ] GC(62) Concurrent Cleanup for Next Mark
[2023-12-03T13:15:44.042+0000][74][info ][gc,marking  ] GC(62) Concurrent Cleanup for Next Mark 0.222ms
[2023-12-03T13:15:44.042+0000][74][info ][gc          ] GC(62) Concurrent Mark Cycle 95.610ms
[2023-12-03T13:15:47.945+0000][74][info ][safepoint   ] Safepoint "Cleanup", Time since last: 3903197817 ns, Reaching safepoint: 88039 ns, Cleanup: 22417 ns, At safepoint: 23576 ns, Total: 134032 ns
[2023-12-03T13:15:50.979+0000][74][info ][safepoint   ] Safepoint "Cleanup", Time since last: 3033891440 ns, Reaching safepoint: 5210 ns, Cleanup: 4021 ns, At safepoint: 1795 ns, Total: 11026 ns
[2023-12-03T13:15:51.980+0000][74][info ][safepoint   ] Safepoint "Cleanup", Time since last: 1001359409 ns, Reaching safepoint: 23268 ns, Cleanup: 11604 ns, At safepoint: 9647 ns, Total: 44519 ns
[2023-12-03T13:16:07.890+0000][74][info ][safepoint   ] Safepoint "Cleanup", Time since last: 15909161671 ns, Reaching safepoint: 27311 ns, Cleanup: 5554 ns, At safepoint: 4248 ns, Total: 37113 ns
[2023-12-03T13:16:11.175+0000][74][info ][safepoint   ] Safepoint "Cleanup", Time since last: 3285762658 ns, Reaching safepoint: 56609 ns, Cleanup: 17561 ns, At safepoint: 7518 ns, Total: 81688 ns
[2023-12-03T13:16:16.205+0000][74][info ][safepoint   ] Safepoint "Cleanup", Time since last: 5029978672 ns, Reaching safepoint: 86250 ns, Cleanup: 22686 ns, At safepoint: 12908 ns, Total: 121844 ns
[2023-12-03T13:16:27.289+0000][74][info ][safepoint   ] Safepoint "Cleanup", Time since last: 11082972092 ns, Reaching safepoint: 85985 ns, Cleanup: 19191 ns, At safepoint: 12399 ns, Total: 117575 ns
[2023-12-03T13:16:36.342+0000][74][info ][safepoint   ] Safepoint "Cleanup", Time since last: 9053251291 ns, Reaching safepoint: 40088 ns, Cleanup: 18533 ns, At safepoint: 12029 ns, Total: 70650 ns
[2023-12-03T13:16:41.370+0000][74][info ][safepoint   ] Safepoint "Cleanup", Time since last: 5027933437 ns, Reaching safepoint: 39914 ns, Cleanup: 22868 ns, At safepoint: 12147 ns, Total: 74929 ns
[2023-12-03T13:16:47.402+0000][74][info ][safepoint   ] Safepoint "Cleanup", Time since last: 6031780537 ns, Reaching safepoint: 83804 ns, Cleanup: 19195 ns, At safepoint: 12923 ns, Total: 115922 ns
[2023-12-03T13:16:48.402+0000][74][info ][safepoint   ] Safepoint "Cleanup", Time since last: 1000249185 ns, Reaching safepoint: 82311 ns, Cleanup: 30213 ns, At safepoint: 23828 ns, Total: 136352 ns
[2023-12-03T13:16:59.483+0000][74][info ][safepoint   ] Safepoint "Cleanup", Time since last: 11081196975 ns, Reaching safepoint: 88288 ns, Cleanup: 19000 ns, At safepoint: 12553 ns, Total: 119841 ns
[2023-12-03T13:17:01.999+0000][74][info ][safepoint   ] Safepoint "Cleanup", Time since last: 2515893536 ns, Reaching safepoint: 6668 ns, Cleanup: 6873 ns, At safepoint: 2191 ns, Total: 15732 ns
[2023-12-03T13:17:07.502+0000][74][info ][safepoint   ] Safepoint "Cleanup", Time since last: 5502709211 ns, Reaching safepoint: 92012 ns, Cleanup: 20816 ns, At safepoint: 12791 ns, Total: 125619 ns
[2023-12-03T13:17:11.510+0000][74][info ][safepoint   ] Safepoint "Cleanup", Time since last: 4008054199 ns, Reaching safepoint: 83196 ns, Cleanup: 19463 ns, At safepoint: 12647 ns, Total: 115306 ns
[2023-12-03T13:17:14.293+0000][74][info ][gc,start    ] GC(63) Pause Young (Prepare Mixed) (G1 Evacuation Pause)
[2023-12-03T13:17:14.293+0000][74][info ][gc,task     ] GC(63) Using 10 workers of 10 for evacuation
[2023-12-03T13:17:14.293+0000][74][debug][gc,age      ] GC(63) Desired survivor size 20971520 bytes, new threshold 15 (max threshold 15)
[2023-12-03T13:17:14.295+0000][74][info ][gc,phases   ] GC(63)   Pre Evacuate Collection Set: 0.1ms
[2023-12-03T13:17:14.295+0000][74][info ][gc,phases   ] GC(63)   Merge Heap Roots: 0.1ms
[2023-12-03T13:17:14.295+0000][74][info ][gc,phases   ] GC(63)   Evacuate Collection Set: 1.9ms
[2023-12-03T13:17:14.295+0000][74][info ][gc,phases   ] GC(63)   Post Evacuate Collection Set: 0.3ms
[2023-12-03T13:17:14.295+0000][74][info ][gc,phases   ] GC(63)   Other: 0.0ms
[2023-12-03T13:17:14.295+0000][74][trace][gc,age      ] GC(63) Age table with threshold 15 (max threshold 15)
[2023-12-03T13:17:14.295+0000][74][trace][gc,age      ] GC(63) - age   1:     507464 bytes,     507464 total
[2023-12-03T13:17:14.295+0000][74][trace][gc,age      ] GC(63) - age   2:      50592 bytes,     558056 total
[2023-12-03T13:17:14.295+0000][74][trace][gc,age      ] GC(63) - age   3:     320680 bytes,     878736 total
[2023-12-03T13:17:14.295+0000][74][trace][gc,age      ] GC(63) - age   4:       7240 bytes,     885976 total
[2023-12-03T13:17:14.295+0000][74][trace][gc,age      ] GC(63) - age   5:       5224 bytes,     891200 total
[2023-12-03T13:17:14.295+0000][74][trace][gc,age      ] GC(63) - age   6:     179296 bytes,    1070496 total
[2023-12-03T13:17:14.295+0000][74][trace][gc,age      ] GC(63) - age   7:     376144 bytes,    1446640 total
[2023-12-03T13:17:14.295+0000][74][trace][gc,age      ] GC(63) - age   8:     118416 bytes,    1565056 total
[2023-12-03T13:17:14.295+0000][74][trace][gc,age      ] GC(63) - age   9:      32424 bytes,    1597480 total
[2023-12-03T13:17:14.295+0000][74][trace][gc,age      ] GC(63) - age  10:       7232 bytes,    1604712 total
[2023-12-03T13:17:14.295+0000][74][trace][gc,age      ] GC(63) - age  11:      61536 bytes,    1666248 total
[2023-12-03T13:17:14.295+0000][74][trace][gc,age      ] GC(63) - age  12:      27688 bytes,    1693936 total
[2023-12-03T13:17:14.295+0000][74][trace][gc,age      ] GC(63) - age  13:      30248 bytes,    1724184 total
[2023-12-03T13:17:14.295+0000][74][trace][gc,age      ] GC(63) - age  14:      46672 bytes,    1770856 total
[2023-12-03T13:17:14.295+0000][74][trace][gc,age      ] GC(63) - age  15:      18912 bytes,    1789768 total
[2023-12-03T13:17:14.295+0000][74][info ][gc,heap     ] GC(63) Eden regions: 75->0(75)
[2023-12-03T13:17:14.295+0000][74][info ][gc,heap     ] GC(63) Survivor regions: 1->1(10)
[2023-12-03T13:17:14.295+0000][74][info ][gc,heap     ] GC(63) Old regions: 31->31
[2023-12-03T13:17:14.295+0000][74][info ][gc,heap     ] GC(63) Humongous regions: 2->2
[2023-12-03T13:17:14.295+0000][74][info ][gc,metaspace] GC(63) Metaspace: 156161K(159040K)->156161K(159040K) NonClass: 135561K(137088K)->135561K(137088K) Class: 20600K(21952K)->20600K(21952K)
[2023-12-03T13:17:14.295+0000][74][info ][gc          ] GC(63) Pause Young (Prepare Mixed) (G1 Evacuation Pause) 433M->132M(512M) 2.655ms
[2023-12-03T13:17:14.295+0000][74][info ][gc,cpu      ] GC(63) User=0.02s Sys=0.00s Real=0.00s
[2023-12-03T13:17:14.295+0000][74][info ][safepoint   ] Safepoint "G1CollectForAllocation", Time since last: 2782271634 ns, Reaching safepoint: 14497 ns, Cleanup: 1507 ns, At safepoint: 2719450 ns, Total: 2735454 ns
[2023-12-03T13:17:21.547+0000][74][info ][safepoint   ] Safepoint "Cleanup", Time since last: 7251270357 ns, Reaching safepoint: 172118 ns, Cleanup: 19712 ns, At safepoint: 20194 ns, Total: 212024 ns
[2023-12-03T13:17:31.912+0000][74][info ][safepoint   ] Safepoint "Cleanup", Time since last: 10364964061 ns, Reaching safepoint: 149204 ns, Cleanup: 16167 ns, At safepoint: 16418 ns, Total: 181789 ns
[2023-12-03T13:17:33.585+0000][74][info ][safepoint   ] Safepoint "Cleanup", Time since last: 1673066437 ns, Reaching safepoint: 21453 ns, Cleanup: 3308 ns, At safepoint: 2270 ns, Total: 27031 ns
[2023-12-03T13:17:42.618+0000][74][info ][safepoint   ] Safepoint "Cleanup", Time since last: 9033037357 ns, Reaching safepoint: 39979 ns, Cleanup: 18421 ns, At safepoint: 12100 ns, Total: 70500 ns
[2023-12-03T13:17:48.635+0000][74][info ][safepoint   ] Safepoint "Cleanup", Time since last: 6016769260 ns, Reaching safepoint: 92500 ns, Cleanup: 20564 ns, At safepoint: 23907 ns, Total: 136971 ns
[2023-12-03T13:17:49.904+0000][74][info ][safepoint   ] Safepoint "Cleanup", Time since last: 1268953310 ns, Reaching safepoint: 22800 ns, Cleanup: 14504 ns, At safepoint: 9201 ns, Total: 46505 ns
[2023-12-03T13:17:55.915+0000][74][info ][safepoint   ] Safepoint "Cleanup", Time since last: 6010725074 ns, Reaching safepoint: 68121 ns, Cleanup: 16248 ns, At safepoint: 12802 ns, Total: 97171 ns
[2023-12-03T13:18:06.723+0000][74][info ][safepoint   ] Safepoint "Cleanup", Time since last: 10808327356 ns, Reaching safepoint: 26116 ns, Cleanup: 7215 ns, At safepoint: 2719 ns, Total: 36050 ns
[2023-12-03T13:18:08.677+0000][74][info ][safepoint   ] Safepoint "Cleanup", Time since last: 1953156349 ns, Reaching safepoint: 23206 ns, Cleanup: 22115 ns, At safepoint: 10219 ns, Total: 55540 ns
[2023-12-03T13:18:11.742+0000][74][info ][safepoint   ] Safepoint "Cleanup", Time since last: 3065170216 ns, Reaching safepoint: 33417 ns, Cleanup: 11328 ns, At safepoint: 3671 ns, Total: 48416 ns
[2023-12-03T13:18:26.037+0000][74][info ][safepoint   ] Safepoint "Cleanup", Time since last: 14295277290 ns, Reaching safepoint: 148808 ns, Cleanup: 14131 ns, At safepoint: 16643 ns, Total: 179582 ns
[2023-12-03T13:18:29.684+0000][74][info ][safepoint   ] Safepoint "Cleanup", Time since last: 3646235454 ns, Reaching safepoint: 33980 ns, Cleanup: 14737 ns, At safepoint: 10703 ns, Total: 59420 ns
[2023-12-03T13:18:49.992+0000][74][info ][gc,start    ] GC(64) Pause Young (Mixed) (G1 Evacuation Pause)
[2023-12-03T13:18:49.992+0000][74][info ][gc,task     ] GC(64) Using 10 workers of 10 for evacuation
[2023-12-03T13:18:49.992+0000][74][debug][gc,age      ] GC(64) Desired survivor size 20971520 bytes, new threshold 15 (max threshold 15)
[2023-12-03T13:18:50.002+0000][74][info ][gc,phases   ] GC(64)   Pre Evacuate Collection Set: 0.4ms
[2023-12-03T13:18:50.002+0000][74][info ][gc,phases   ] GC(64)   Merge Heap Roots: 0.2ms
[2023-12-03T13:18:50.002+0000][74][info ][gc,phases   ] GC(64)   Evacuate Collection Set: 8.7ms
[2023-12-03T13:18:50.002+0000][74][info ][gc,phases   ] GC(64)   Post Evacuate Collection Set: 0.5ms
[2023-12-03T13:18:50.002+0000][74][info ][gc,phases   ] GC(64)   Other: 0.2ms
[2023-12-03T13:18:50.002+0000][74][trace][gc,age      ] GC(64) Age table with threshold 15 (max threshold 15)
[2023-12-03T13:18:50.002+0000][74][trace][gc,age      ] GC(64) - age   1:    1192880 bytes,    1192880 total
[2023-12-03T13:18:50.002+0000][74][trace][gc,age      ] GC(64) - age   2:       8792 bytes,    1201672 total
[2023-12-03T13:18:50.002+0000][74][trace][gc,age      ] GC(64) - age   3:       5232 bytes,    1206904 total
[2023-12-03T13:18:50.002+0000][74][trace][gc,age      ] GC(64) - age   4:      12648 bytes,    1219552 total
[2023-12-03T13:18:50.002+0000][74][trace][gc,age      ] GC(64) - age   5:       6832 bytes,    1226384 total
[2023-12-03T13:18:50.002+0000][74][trace][gc,age      ] GC(64) - age   6:       5160 bytes,    1231544 total
[2023-12-03T13:18:50.002+0000][74][trace][gc,age      ] GC(64) - age   7:      24632 bytes,    1256176 total
[2023-12-03T13:18:50.002+0000][74][trace][gc,age      ] GC(64) - age   8:     376144 bytes,    1632320 total
[2023-12-03T13:18:50.002+0000][74][trace][gc,age      ] GC(64) - age   9:     118288 bytes,    1750608 total
[2023-12-03T13:18:50.002+0000][74][trace][gc,age      ] GC(64) - age  10:      32424 bytes,    1783032 total
[2023-12-03T13:18:50.002+0000][74][trace][gc,age      ] GC(64) - age  11:       7232 bytes,    1790264 total
[2023-12-03T13:18:50.002+0000][74][trace][gc,age      ] GC(64) - age  12:      61536 bytes,    1851800 total
[2023-12-03T13:18:50.002+0000][74][trace][gc,age      ] GC(64) - age  13:      27688 bytes,    1879488 total
[2023-12-03T13:18:50.002+0000][74][trace][gc,age      ] GC(64) - age  14:      30248 bytes,    1909736 total
[2023-12-03T13:18:50.002+0000][74][trace][gc,age      ] GC(64) - age  15:      46672 bytes,    1956408 total
[2023-12-03T13:18:50.002+0000][74][info ][gc,heap     ] GC(64) Eden regions: 75->0(75)
[2023-12-03T13:18:50.002+0000][74][info ][gc,heap     ] GC(64) Survivor regions: 1->1(10)
[2023-12-03T13:18:50.002+0000][74][info ][gc,heap     ] GC(64) Old regions: 31->31
[2023-12-03T13:18:50.002+0000][74][info ][gc,heap     ] GC(64) Humongous regions: 2->2
[2023-12-03T13:18:50.002+0000][74][info ][gc,metaspace] GC(64) Metaspace: 156187K(159040K)->156187K(159040K) NonClass: 135587K(137088K)->135587K(137088K) Class: 20600K(21952K)->20600K(21952K)
[2023-12-03T13:18:50.002+0000][74][info ][gc          ] GC(64) Pause Young (Mixed) (G1 Evacuation Pause) 432M->132M(512M) 10.339ms
[2023-12-03T13:18:50.002+0000][74][info ][gc,cpu      ] GC(64) User=0.07s Sys=0.00s Real=0.01s
[2023-12-03T13:18:50.002+0000][74][info ][safepoint   ] Safepoint "G1CollectForAllocation", Time since last: 20307982387 ns, Reaching safepoint: 46931 ns, Cleanup: 5470 ns, At safepoint: 10445847 ns, Total: 10498248 ns
[2023-12-03T13:18:57.053+0000][74][info ][safepoint   ] Safepoint "Cleanup", Time since last: 7051092070 ns, Reaching safepoint: 8131 ns, Cleanup: 6924 ns, At safepoint: 2312 ns, Total: 17367 ns
[2023-12-03T13:18:58.053+0000][74][info ][safepoint   ] Safepoint "Cleanup", Time since last: 1000087971 ns, Reaching safepoint: 22370 ns, Cleanup: 12234 ns, At safepoint: 10174 ns, Total: 44778 ns
[2023-12-03T13:19:02.576+0000][74][info ][safepoint   ] Safepoint "Cleanup", Time since last: 4522461900 ns, Reaching safepoint: 6678 ns, Cleanup: 3863 ns, At safepoint: 2325 ns, Total: 12866 ns
[2023-12-03T13:19:07.122+0000][74][info ][safepoint   ] Safepoint "Cleanup", Time since last: 4545868502 ns, Reaching safepoint: 114645 ns, Cleanup: 22970 ns, At safepoint: 17065 ns, Total: 154680 ns
[2023-12-03T13:19:08.124+0000][74][info ][safepoint   ] Safepoint "Cleanup", Time since last: 1001744746 ns, Reaching safepoint: 30303 ns, Cleanup: 29055 ns, At safepoint: 16399 ns, Total: 75757 ns
[2023-12-03T13:19:44.318+0000][74][info ][safepoint   ] Safepoint "Cleanup", Time since last: 36194282536 ns, Reaching safepoint: 33518 ns, Cleanup: 14365 ns, At safepoint: 9441 ns, Total: 57324 ns
[2023-12-03T13:19:55.921+0000][74][info ][safepoint   ] Safepoint "Cleanup", Time since last: 11603066692 ns, Reaching safepoint: 23083 ns, Cleanup: 12044 ns, At safepoint: 10663 ns, Total: 45790 ns
[2023-12-03T13:19:59.425+0000][74][info ][safepoint   ] Safepoint "Cleanup", Time since last: 3503757363 ns, Reaching safepoint: 22053 ns, Cleanup: 9625 ns, At safepoint: 5694 ns, Total: 37372 ns
[2023-12-03T13:20:02.020+0000][74][info ][safepoint   ] Safepoint "Cleanup", Time since last: 2594850105 ns, Reaching safepoint: 150389 ns, Cleanup: 15164 ns, At safepoint: 16006 ns, Total: 181559 ns
[2023-12-03T13:20:03.438+0000][74][info ][safepoint   ] Safepoint "Cleanup", Time since last: 1417781596 ns, Reaching safepoint: 20365 ns, Cleanup: 14511 ns, At safepoint: 3106 ns, Total: 37982 ns
[2023-12-03T13:20:04.941+0000][74][info ][safepoint   ] Safepoint "Cleanup", Time since last: 1503509756 ns, Reaching safepoint: 21470 ns, Cleanup: 5223 ns, At safepoint: 3384 ns, Total: 30077 ns
[2023-12-03T13:20:06.453+0000][74][info ][safepoint   ] Safepoint "Cleanup", Time since last: 1511820744 ns, Reaching safepoint: 16625 ns, Cleanup: 9291 ns, At safepoint: 4635 ns, Total: 30551 ns
[2023-12-03T13:20:08.458+0000][74][info ][safepoint   ] Safepoint "Cleanup", Time since last: 2004460591 ns, Reaching safepoint: 19266 ns, Cleanup: 13069 ns, At safepoint: 9002 ns, Total: 41337 ns
[2023-12-03T13:20:14.475+0000][74][info ][safepoint   ] Safepoint "Cleanup", Time since last: 6017382407 ns, Reaching safepoint: 149454 ns, Cleanup: 22623 ns, At safepoint: 16507 ns, Total: 188584 ns
[2023-12-03T13:20:20.018+0000][74][info ][safepoint   ] Safepoint "Cleanup", Time since last: 5543050492 ns, Reaching safepoint: 147617 ns, Cleanup: 13640 ns, At safepoint: 16274 ns, Total: 177531 ns
[2023-12-03T13:20:20.494+0000][74][info ][gc,start    ] GC(65) Pause Young (Concurrent Start) (G1 Evacuation Pause)
[2023-12-03T13:20:20.494+0000][74][info ][gc,task     ] GC(65) Using 10 workers of 10 for evacuation
[2023-12-03T13:20:20.494+0000][74][debug][gc,age      ] GC(65) Desired survivor size 20971520 bytes, new threshold 15 (max threshold 15)
[2023-12-03T13:20:20.498+0000][74][info ][gc,phases   ] GC(65)   Pre Evacuate Collection Set: 0.3ms
[2023-12-03T13:20:20.498+0000][74][info ][gc,phases   ] GC(65)   Merge Heap Roots: 0.1ms
[2023-12-03T13:20:20.498+0000][74][info ][gc,phases   ] GC(65)   Evacuate Collection Set: 2.2ms
[2023-12-03T13:20:20.498+0000][74][info ][gc,phases   ] GC(65)   Post Evacuate Collection Set: 0.3ms
[2023-12-03T13:20:20.498+0000][74][info ][gc,phases   ] GC(65)   Other: 0.2ms
[2023-12-03T13:20:20.498+0000][74][trace][gc,age      ] GC(65) Age table with threshold 15 (max threshold 15)
[2023-12-03T13:20:20.498+0000][74][trace][gc,age      ] GC(65) - age   1:    1004600 bytes,    1004600 total
[2023-12-03T13:20:20.498+0000][74][trace][gc,age      ] GC(65) - age   2:     246664 bytes,    1251264 total
[2023-12-03T13:20:20.498+0000][74][trace][gc,age      ] GC(65) - age   3:       6184 bytes,    1257448 total
[2023-12-03T13:20:20.498+0000][74][trace][gc,age      ] GC(65) - age   4:       3928 bytes,    1261376 total
[2023-12-03T13:20:20.498+0000][74][trace][gc,age      ] GC(65) - age   5:      12448 bytes,    1273824 total
[2023-12-03T13:20:20.498+0000][74][trace][gc,age      ] GC(65) - age   6:       6832 bytes,    1280656 total
[2023-12-03T13:20:20.498+0000][74][trace][gc,age      ] GC(65) - age   7:       5160 bytes,    1285816 total
[2023-12-03T13:20:20.498+0000][74][trace][gc,age      ] GC(65) - age   8:      24632 bytes,    1310448 total
[2023-12-03T13:20:20.498+0000][74][trace][gc,age      ] GC(65) - age   9:     373544 bytes,    1683992 total
[2023-12-03T13:20:20.498+0000][74][trace][gc,age      ] GC(65) - age  10:     118288 bytes,    1802280 total
[2023-12-03T13:20:20.498+0000][74][trace][gc,age      ] GC(65) - age  11:      32424 bytes,    1834704 total
[2023-12-03T13:20:20.498+0000][74][trace][gc,age      ] GC(65) - age  12:       7232 bytes,    1841936 total
[2023-12-03T13:20:20.498+0000][74][trace][gc,age      ] GC(65) - age  13:      61536 bytes,    1903472 total
[2023-12-03T13:20:20.498+0000][74][trace][gc,age      ] GC(65) - age  14:      27688 bytes,    1931160 total
[2023-12-03T13:20:20.498+0000][74][trace][gc,age      ] GC(65) - age  15:      30248 bytes,    1961408 total
[2023-12-03T13:20:20.498+0000][74][info ][gc,heap     ] GC(65) Eden regions: 75->0(75)
[2023-12-03T13:20:20.498+0000][74][info ][gc,heap     ] GC(65) Survivor regions: 1->1(10)
[2023-12-03T13:20:20.498+0000][74][info ][gc,heap     ] GC(65) Old regions: 31->31
[2023-12-03T13:20:20.498+0000][74][info ][gc,heap     ] GC(65) Humongous regions: 2->2
[2023-12-03T13:20:20.498+0000][74][info ][gc,metaspace] GC(65) Metaspace: 156207K(159040K)->156207K(159040K) NonClass: 135607K(137088K)->135607K(137088K) Class: 20600K(21952K)->20600K(21952K)
[2023-12-03T13:20:20.498+0000][74][info ][gc          ] GC(65) Pause Young (Concurrent Start) (G1 Evacuation Pause) 432M->132M(512M) 3.507ms
[2023-12-03T13:20:20.498+0000][74][info ][gc          ] GC(66) Concurrent Mark Cycle
[2023-12-03T13:20:20.498+0000][74][info ][gc,marking  ] GC(66) Concurrent Scan Root Regions
[2023-12-03T13:20:20.498+0000][74][info ][gc,cpu      ] GC(65) User=0.02s Sys=0.00s Real=0.01s
[2023-12-03T13:20:20.498+0000][74][info ][safepoint   ] Safepoint "G1CollectForAllocation", Time since last: 476011485 ns, Reaching safepoint: 13555 ns, Cleanup: 1796 ns, At safepoint: 3631361 ns, Total: 3646712 ns
[2023-12-03T13:20:20.501+0000][74][info ][gc,marking  ] GC(66) Concurrent Scan Root Regions 2.552ms
[2023-12-03T13:20:20.501+0000][74][info ][gc,marking  ] GC(66) Concurrent Mark
[2023-12-03T13:20:20.501+0000][74][info ][gc,marking  ] GC(66) Concurrent Mark From Roots
[2023-12-03T13:20:20.501+0000][74][info ][gc,task     ] GC(66) Using 3 workers of 3 for marking
[2023-12-03T13:20:20.538+0000][74][info ][gc,marking  ] GC(66) Concurrent Mark From Roots 36.955ms
[2023-12-03T13:20:20.538+0000][74][info ][gc,marking  ] GC(66) Concurrent Preclean
[2023-12-03T13:20:20.538+0000][74][info ][gc,marking  ] GC(66) Concurrent Preclean 0.479ms
[2023-12-03T13:20:20.538+0000][74][info ][gc,start    ] GC(66) Pause Remark
[2023-12-03T13:20:20.550+0000][74][info ][gc          ] GC(66) Pause Remark 134M->134M(512M) 12.005ms
[2023-12-03T13:20:20.550+0000][74][info ][gc,cpu      ] GC(66) User=0.09s Sys=0.00s Real=0.01s
[2023-12-03T13:20:20.550+0000][74][info ][safepoint   ] Safepoint "G1PauseRemark", Time since last: 40054155 ns, Reaching safepoint: 31486 ns, Cleanup: 2230 ns, At safepoint: 12099601 ns, Total: 12133317 ns
[2023-12-03T13:20:20.550+0000][74][info ][gc,marking  ] GC(66) Concurrent Mark 49.727ms
[2023-12-03T13:20:20.550+0000][74][info ][gc,marking  ] GC(66) Concurrent Rebuild Remembered Sets and Scrub Regions
[2023-12-03T13:20:20.569+0000][74][info ][gc,marking  ] GC(66) Concurrent Rebuild Remembered Sets and Scrub Regions 18.544ms
[2023-12-03T13:20:20.569+0000][74][info ][gc,start    ] GC(66) Pause Cleanup
[2023-12-03T13:20:20.569+0000][74][info ][gc          ] GC(66) Pause Cleanup 134M->134M(512M) 0.202ms
[2023-12-03T13:20:20.569+0000][74][info ][gc,cpu      ] GC(66) User=0.00s Sys=0.00s Real=0.00s
[2023-12-03T13:20:20.569+0000][74][info ][safepoint   ] Safepoint "G1PauseCleanup", Time since last: 18710520 ns, Reaching safepoint: 18662 ns, Cleanup: 5364 ns, At safepoint: 267903 ns, Total: 291929 ns
[2023-12-03T13:20:20.569+0000][74][info ][gc,marking  ] GC(66) Concurrent Clear Claimed Marks
[2023-12-03T13:20:20.569+0000][74][info ][gc,marking  ] GC(66) Concurrent Clear Claimed Marks 0.116ms
[2023-12-03T13:20:20.569+0000][74][info ][gc,marking  ] GC(66) Concurrent Cleanup for Next Mark
[2023-12-03T13:20:20.570+0000][74][info ][gc,marking  ] GC(66) Concurrent Cleanup for Next Mark 0.211ms
[2023-12-03T13:20:20.570+0000][74][info ][gc          ] GC(66) Concurrent Mark Cycle 71.697ms
[2023-12-03T13:20:22.516+0000][74][info ][safepoint   ] Safepoint "Cleanup", Time since last: 1947156019 ns, Reaching safepoint: 41638 ns, Cleanup: 26584 ns, At safepoint: 12252 ns, Total: 80474 ns
[2023-12-03T13:20:25.916+0000][74][info ][safepoint   ] Safepoint "Cleanup", Time since last: 3399518733 ns, Reaching safepoint: 34850 ns, Cleanup: 13826 ns, At safepoint: 8086 ns, Total: 56762 ns
[2023-12-03T13:20:27.538+0000][74][info ][safepoint   ] Safepoint "Cleanup", Time since last: 1621608876 ns, Reaching safepoint: 41097 ns, Cleanup: 24583 ns, At safepoint: 12080 ns, Total: 77760 ns
[2023-12-03T13:20:32.556+0000][74][info ][safepoint   ] Safepoint "Cleanup", Time since last: 5018062452 ns, Reaching safepoint: 62185 ns, Cleanup: 13041 ns, At safepoint: 12904 ns, Total: 88130 ns
[2023-12-03T13:20:33.568+0000][74][info ][safepoint   ] Safepoint "Cleanup", Time since last: 1011713413 ns, Reaching safepoint: 23111 ns, Cleanup: 14550 ns, At safepoint: 9988 ns, Total: 47649 ns
[2023-12-03T13:20:48.633+0000][74][info ][safepoint   ] Safepoint "Cleanup", Time since last: 15065427424 ns, Reaching safepoint: 41174 ns, Cleanup: 19136 ns, At safepoint: 12184 ns, Total: 72494 ns
[2023-12-03T13:21:01.972+0000][74][info ][safepoint   ] Safepoint "Cleanup", Time since last: 13338416282 ns, Reaching safepoint: 111049 ns, Cleanup: 13110 ns, At safepoint: 15724 ns, Total: 139883 ns
[2023-12-03T13:21:09.937+0000][74][info ][safepoint   ] Safepoint "Cleanup", Time since last: 7965231060 ns, Reaching safepoint: 139755 ns, Cleanup: 16587 ns, At safepoint: 18495 ns, Total: 174837 ns
[2023-12-03T13:21:14.952+0000][74][info ][safepoint   ] Safepoint "Cleanup", Time since last: 5014701259 ns, Reaching safepoint: 68226 ns, Cleanup: 14333 ns, At safepoint: 12554 ns, Total: 95113 ns
[2023-12-03T13:21:19.969+0000][74][info ][safepoint   ] Safepoint "Cleanup", Time since last: 5016930839 ns, Reaching safepoint: 59687 ns, Cleanup: 13344 ns, At safepoint: 7833 ns, Total: 80864 ns
[2023-12-03T13:21:21.004+0000][74][info ][safepoint   ] Safepoint "Cleanup", Time since last: 1035008899 ns, Reaching safepoint: 44312 ns, Cleanup: 18204 ns, At safepoint: 10741 ns, Total: 73257 ns
[2023-12-03T13:21:26.016+0000][74][info ][safepoint   ] Safepoint "Cleanup", Time since last: 5011657929 ns, Reaching safepoint: 87614 ns, Cleanup: 19005 ns, At safepoint: 31397 ns, Total: 138016 ns
[2023-12-03T13:21:27.049+0000][74][info ][safepoint   ] Safepoint "Cleanup", Time since last: 1033156709 ns, Reaching safepoint: 23371 ns, Cleanup: 12833 ns, At safepoint: 9997 ns, Total: 46201 ns
[2023-12-03T13:21:32.055+0000][74][info ][safepoint   ] Safepoint "Cleanup", Time since last: 5005967710 ns, Reaching safepoint: 58853 ns, Cleanup: 14234 ns, At safepoint: 14060 ns, Total: 87147 ns
[2023-12-03T13:21:45.856+0000][74][info ][safepoint   ] Safepoint "Cleanup", Time since last: 13800895921 ns, Reaching safepoint: 87996 ns, Cleanup: 23299 ns, At safepoint: 23882 ns, Total: 135177 ns
[2023-12-03T13:21:47.847+0000][74][info ][safepoint   ] Safepoint "Cleanup", Time since last: 1990446168 ns, Reaching safepoint: 23594 ns, Cleanup: 31940 ns, At safepoint: 10755 ns, Total: 66289 ns
[2023-12-03T13:21:48.854+0000][74][info ][safepoint   ] Safepoint "Cleanup", Time since last: 1007302222 ns, Reaching safepoint: 39777 ns, Cleanup: 18862 ns, At safepoint: 12131 ns, Total: 70770 ns
[2023-12-03T13:21:55.932+0000][74][info ][gc,start    ] GC(67) Pause Young (Prepare Mixed) (G1 Evacuation Pause)
[2023-12-03T13:21:55.932+0000][74][info ][gc,task     ] GC(67) Using 10 workers of 10 for evacuation
[2023-12-03T13:21:55.933+0000][74][debug][gc,age      ] GC(67) Desired survivor size 20971520 bytes, new threshold 15 (max threshold 15)
[2023-12-03T13:21:55.940+0000][74][info ][gc,phases   ] GC(67)   Pre Evacuate Collection Set: 0.5ms
[2023-12-03T13:21:55.940+0000][74][info ][gc,phases   ] GC(67)   Merge Heap Roots: 0.3ms
[2023-12-03T13:21:55.940+0000][74][info ][gc,phases   ] GC(67)   Evacuate Collection Set: 6.0ms
[2023-12-03T13:21:55.940+0000][74][info ][gc,phases   ] GC(67)   Post Evacuate Collection Set: 0.4ms
[2023-12-03T13:21:55.940+0000][74][info ][gc,phases   ] GC(67)   Other: 0.2ms
[2023-12-03T13:21:55.940+0000][74][trace][gc,age      ] GC(67) Age table with threshold 15 (max threshold 15)
[2023-12-03T13:21:55.940+0000][74][trace][gc,age      ] GC(67) - age   1:    1852704 bytes,    1852704 total
[2023-12-03T13:21:55.940+0000][74][trace][gc,age      ] GC(67) - age   2:      32128 bytes,    1884832 total
[2023-12-03T13:21:55.940+0000][74][trace][gc,age      ] GC(67) - age   3:       8072 bytes,    1892904 total
[2023-12-03T13:21:55.940+0000][74][trace][gc,age      ] GC(67) - age   4:       4960 bytes,    1897864 total
[2023-12-03T13:21:55.940+0000][74][trace][gc,age      ] GC(67) - age   5:       3832 bytes,    1901696 total
[2023-12-03T13:21:55.940+0000][74][trace][gc,age      ] GC(67) - age   6:       7856 bytes,    1909552 total
[2023-12-03T13:21:55.940+0000][74][trace][gc,age      ] GC(67) - age   7:       6648 bytes,    1916200 total
[2023-12-03T13:21:55.940+0000][74][trace][gc,age      ] GC(67) - age   8:       5160 bytes,    1921360 total
[2023-12-03T13:21:55.940+0000][74][trace][gc,age      ] GC(67) - age   9:      11360 bytes,    1932720 total
[2023-12-03T13:21:55.940+0000][74][trace][gc,age      ] GC(67) - age  10:      52096 bytes,    1984816 total
[2023-12-03T13:21:55.940+0000][74][trace][gc,age      ] GC(67) - age  11:      42592 bytes,    2027408 total
[2023-12-03T13:21:55.940+0000][74][trace][gc,age      ] GC(67) - age  12:      32072 bytes,    2059480 total
[2023-12-03T13:21:55.940+0000][74][trace][gc,age      ] GC(67) - age  13:       7232 bytes,    2066712 total
[2023-12-03T13:21:55.940+0000][74][trace][gc,age      ] GC(67) - age  14:      53520 bytes,    2120232 total
[2023-12-03T13:21:55.940+0000][74][trace][gc,age      ] GC(67) - age  15:      27688 bytes,    2147920 total
[2023-12-03T13:21:55.940+0000][74][info ][gc,heap     ] GC(67) Eden regions: 75->0(75)
[2023-12-03T13:21:55.940+0000][74][info ][gc,heap     ] GC(67) Survivor regions: 1->1(10)
[2023-12-03T13:21:55.940+0000][74][info ][gc,heap     ] GC(67) Old regions: 31->31
[2023-12-03T13:21:55.940+0000][74][info ][gc,heap     ] GC(67) Humongous regions: 2->2
[2023-12-03T13:21:55.940+0000][74][info ][gc,metaspace] GC(67) Metaspace: 156133K(159104K)->156133K(159104K) NonClass: 135557K(137152K)->135557K(137152K) Class: 20575K(21952K)->20575K(21952K)
[2023-12-03T13:21:55.940+0000][74][info ][gc          ] GC(67) Pause Young (Prepare Mixed) (G1 Evacuation Pause) 432M->132M(512M) 7.721ms
[2023-12-03T13:21:55.940+0000][74][info ][gc,cpu      ] GC(67) User=0.02s Sys=0.04s Real=0.01s
[2023-12-03T13:21:55.940+0000][74][info ][safepoint   ] Safepoint "G1CollectForAllocation", Time since last: 7078280727 ns, Reaching safepoint: 58741 ns, Cleanup: 6779 ns, At safepoint: 7824041 ns, Total: 7889561 ns
[2023-12-03T13:21:56.950+0000][74][info ][safepoint   ] Safepoint "Cleanup", Time since last: 1009356130 ns, Reaching safepoint: 40210 ns, Cleanup: 17526 ns, At safepoint: 12421 ns, Total: 70157 ns
[2023-12-03T13:22:02.003+0000][74][info ][safepoint   ] Safepoint "Cleanup", Time since last: 5053138961 ns, Reaching safepoint: 83094 ns, Cleanup: 20885 ns, At safepoint: 12736 ns, Total: 116715 ns
[2023-12-03T13:22:07.059+0000][74][info ][safepoint   ] Safepoint "Cleanup", Time since last: 5056594856 ns, Reaching safepoint: 83929 ns, Cleanup: 18464 ns, At safepoint: 12817 ns, Total: 115210 ns
[2023-12-03T13:22:09.074+0000][74][info ][safepoint   ] Safepoint "Cleanup", Time since last: 2014293149 ns, Reaching safepoint: 39744 ns, Cleanup: 18909 ns, At safepoint: 12464 ns, Total: 71117 ns
[2023-12-03T13:22:10.095+0000][74][info ][safepoint   ] Safepoint "Cleanup", Time since last: 1021068764 ns, Reaching safepoint: 40335 ns, Cleanup: 18672 ns, At safepoint: 12394 ns, Total: 71401 ns
[2023-12-03T13:22:11.166+0000][74][info ][safepoint   ] Safepoint "Cleanup", Time since last: 1070956837 ns, Reaching safepoint: 19715 ns, Cleanup: 15841 ns, At safepoint: 9151 ns, Total: 44707 ns
[2023-12-03T13:22:16.222+0000][74][info ][safepoint   ] Safepoint "Cleanup", Time since last: 5056352092 ns, Reaching safepoint: 86480 ns, Cleanup: 18771 ns, At safepoint: 12799 ns, Total: 118050 ns
[2023-12-03T13:22:32.310+0000][74][info ][safepoint   ] Safepoint "Cleanup", Time since last: 16087392494 ns, Reaching safepoint: 57106 ns, Cleanup: 13825 ns, At safepoint: 10042 ns, Total: 80973 ns
[2023-12-03T13:22:49.965+0000][74][info ][safepoint   ] Safepoint "Cleanup", Time since last: 17655470177 ns, Reaching safepoint: 5950 ns, Cleanup: 4460 ns, At safepoint: 1840 ns, Total: 12250 ns
[2023-12-03T13:23:07.491+0000][74][info ][safepoint   ] Safepoint "Cleanup", Time since last: 17525750236 ns, Reaching safepoint: 85939 ns, Cleanup: 26402 ns, At safepoint: 12865 ns, Total: 125206 ns
[2023-12-03T13:23:11.524+0000][74][info ][safepoint   ] Safepoint "Cleanup", Time since last: 4032090506 ns, Reaching safepoint: 87469 ns, Cleanup: 19560 ns, At safepoint: 23924 ns, Total: 130953 ns
[2023-12-03T13:23:14.579+0000][74][info ][safepoint   ] Safepoint "Cleanup", Time since last: 3055553471 ns, Reaching safepoint: 5652 ns, Cleanup: 3708 ns, At safepoint: 2022 ns, Total: 11382 ns
[2023-12-03T13:23:25.894+0000][74][info ][gc,start    ] GC(68) Pause Young (Mixed) (G1 Evacuation Pause)
[2023-12-03T13:23:25.894+0000][74][info ][gc,task     ] GC(68) Using 10 workers of 10 for evacuation
[2023-12-03T13:23:25.894+0000][74][debug][gc,age      ] GC(68) Desired survivor size 20971520 bytes, new threshold 15 (max threshold 15)
[2023-12-03T13:23:25.901+0000][74][info ][gc,phases   ] GC(68)   Pre Evacuate Collection Set: 0.5ms
[2023-12-03T13:23:25.901+0000][74][info ][gc,phases   ] GC(68)   Merge Heap Roots: 0.3ms
[2023-12-03T13:23:25.901+0000][74][info ][gc,phases   ] GC(68)   Evacuate Collection Set: 5.8ms
[2023-12-03T13:23:25.901+0000][74][info ][gc,phases   ] GC(68)   Post Evacuate Collection Set: 0.4ms
[2023-12-03T13:23:25.901+0000][74][info ][gc,phases   ] GC(68)   Other: 0.2ms
[2023-12-03T13:23:25.901+0000][74][trace][gc,age      ] GC(68) Age table with threshold 15 (max threshold 15)
[2023-12-03T13:23:25.901+0000][74][trace][gc,age      ] GC(68) - age   1:     741920 bytes,     741920 total
[2023-12-03T13:23:25.901+0000][74][trace][gc,age      ] GC(68) - age   2:     298680 bytes,    1040600 total
[2023-12-03T13:23:25.901+0000][74][trace][gc,age      ] GC(68) - age   3:      29200 bytes,    1069800 total
[2023-12-03T13:23:25.901+0000][74][trace][gc,age      ] GC(68) - age   4:       7168 bytes,    1076968 total
[2023-12-03T13:23:25.901+0000][74][trace][gc,age      ] GC(68) - age   5:       4864 bytes,    1081832 total
[2023-12-03T13:23:25.901+0000][74][trace][gc,age      ] GC(68) - age   6:       3832 bytes,    1085664 total
[2023-12-03T13:23:25.901+0000][74][trace][gc,age      ] GC(68) - age   7:       7056 bytes,    1092720 total
[2023-12-03T13:23:25.901+0000][74][trace][gc,age      ] GC(68) - age   8:       6096 bytes,    1098816 total
[2023-12-03T13:23:25.901+0000][74][trace][gc,age      ] GC(68) - age   9:       5072 bytes,    1103888 total
[2023-12-03T13:23:25.901+0000][74][trace][gc,age      ] GC(68) - age  10:      11296 bytes,    1115184 total
[2023-12-03T13:23:25.901+0000][74][trace][gc,age      ] GC(68) - age  11:      40176 bytes,    1155360 total
[2023-12-03T13:23:25.901+0000][74][trace][gc,age      ] GC(68) - age  12:      42592 bytes,    1197952 total
[2023-12-03T13:23:25.901+0000][74][trace][gc,age      ] GC(68) - age  13:      32072 bytes,    1230024 total
[2023-12-03T13:23:25.901+0000][74][trace][gc,age      ] GC(68) - age  14:       7232 bytes,    1237256 total
[2023-12-03T13:23:25.901+0000][74][trace][gc,age      ] GC(68) - age  15:      52984 bytes,    1290240 total
[2023-12-03T13:23:25.901+0000][74][info ][gc,heap     ] GC(68) Eden regions: 75->0(75)
[2023-12-03T13:23:25.901+0000][74][info ][gc,heap     ] GC(68) Survivor regions: 1->1(10)
[2023-12-03T13:23:25.901+0000][74][info ][gc,heap     ] GC(68) Old regions: 31->31
[2023-12-03T13:23:25.901+0000][74][info ][gc,heap     ] GC(68) Humongous regions: 2->2
[2023-12-03T13:23:25.901+0000][74][info ][gc,metaspace] GC(68) Metaspace: 156141K(159104K)->156141K(159104K) NonClass: 135565K(137152K)->135565K(137152K) Class: 20576K(21952K)->20576K(21952K)
[2023-12-03T13:23:25.901+0000][74][info ][gc          ] GC(68) Pause Young (Mixed) (G1 Evacuation Pause) 432M->131M(512M) 7.475ms
[2023-12-03T13:23:25.901+0000][74][info ][gc,cpu      ] GC(68) User=0.05s Sys=0.01s Real=0.01s
[2023-12-03T13:23:25.901+0000][74][info ][safepoint   ] Safepoint "G1CollectForAllocation", Time since last: 11314441910 ns, Reaching safepoint: 271912 ns, Cleanup: 6710 ns, At safepoint: 7609619 ns, Total: 7888241 ns
[2023-12-03T13:23:29.662+0000][74][info ][safepoint   ] Safepoint "Cleanup", Time since last: 3760009918 ns, Reaching safepoint: 54437 ns, Cleanup: 26277 ns, At safepoint: 12996 ns, Total: 93710 ns
[2023-12-03T13:23:31.961+0000][74][info ][safepoint   ] Safepoint "Cleanup", Time since last: 2298972858 ns, Reaching safepoint: 22960 ns, Cleanup: 13784 ns, At safepoint: 10345 ns, Total: 47089 ns
[2023-12-03T13:23:33.710+0000][74][info ][safepoint   ] Safepoint "Cleanup", Time since last: 1749011281 ns, Reaching safepoint: 41131 ns, Cleanup: 18534 ns, At safepoint: 12154 ns, Total: 71819 ns
[2023-12-03T13:23:54.798+0000][74][info ][safepoint   ] Safepoint "Cleanup", Time since last: 21088352592 ns, Reaching safepoint: 85120 ns, Cleanup: 19391 ns, At safepoint: 12583 ns, Total: 117094 ns
[2023-12-03T13:24:02.839+0000][74][info ][safepoint   ] Safepoint "Cleanup", Time since last: 8040900729 ns, Reaching safepoint: 6294 ns, Cleanup: 3344 ns, At safepoint: 2461 ns, Total: 12099 ns
[2023-12-03T13:24:07.851+0000][74][info ][safepoint   ] Safepoint "Cleanup", Time since last: 5011463901 ns, Reaching safepoint: 86885 ns, Cleanup: 25274 ns, At safepoint: 13098 ns, Total: 125257 ns
[2023-12-03T13:24:08.861+0000][74][info ][safepoint   ] Safepoint "Cleanup", Time since last: 1010781084 ns, Reaching safepoint: 24288 ns, Cleanup: 12208 ns, At safepoint: 11037 ns, Total: 47533 ns
[2023-12-03T13:24:16.893+0000][74][info ][safepoint   ] Safepoint "Cleanup", Time since last: 8031320069 ns, Reaching safepoint: 75728 ns, Cleanup: 17586 ns, At safepoint: 27367 ns, Total: 120681 ns
[2023-12-03T13:24:19.915+0000][74][info ][safepoint   ] Safepoint "Cleanup", Time since last: 3021925788 ns, Reaching safepoint: 39571 ns, Cleanup: 18356 ns, At safepoint: 12238 ns, Total: 70165 ns
[2023-12-03T13:24:21.012+0000][74][info ][safepoint   ] Safepoint "Cleanup", Time since last: 1097418647 ns, Reaching safepoint: 23177 ns, Cleanup: 13936 ns, At safepoint: 9884 ns, Total: 46997 ns
[2023-12-03T13:24:37.963+0000][74][info ][safepoint   ] Safepoint "Cleanup", Time since last: 16950478494 ns, Reaching safepoint: 62564 ns, Cleanup: 14633 ns, At safepoint: 12724 ns, Total: 89921 ns
[2023-12-03T13:24:47.174+0000][74][info ][safepoint   ] Safepoint "Cleanup", Time since last: 9210921313 ns, Reaching safepoint: 82138 ns, Cleanup: 20260 ns, At safepoint: 12840 ns, Total: 115238 ns
[2023-12-03T13:24:48.174+0000][74][info ][safepoint   ] Safepoint "Cleanup", Time since last: 1000306483 ns, Reaching safepoint: 40255 ns, Cleanup: 18281 ns, At safepoint: 13098 ns, Total: 71634 ns
[2023-12-03T13:24:54.202+0000][74][info ][safepoint   ] Safepoint "Cleanup", Time since last: 6027861019 ns, Reaching safepoint: 85464 ns, Cleanup: 20049 ns, At safepoint: 13549 ns, Total: 119062 ns
[2023-12-03T13:24:55.898+0000][74][info ][gc,start    ] GC(69) Pause Young (Concurrent Start) (G1 Evacuation Pause)
[2023-12-03T13:24:55.898+0000][74][info ][gc,task     ] GC(69) Using 10 workers of 10 for evacuation
[2023-12-03T13:24:55.898+0000][74][debug][gc,age      ] GC(69) Desired survivor size 20971520 bytes, new threshold 15 (max threshold 15)
[2023-12-03T13:24:55.905+0000][74][info ][gc,phases   ] GC(69)   Pre Evacuate Collection Set: 0.5ms
[2023-12-03T13:24:55.905+0000][74][info ][gc,phases   ] GC(69)   Merge Heap Roots: 0.2ms
[2023-12-03T13:24:55.905+0000][74][info ][gc,phases   ] GC(69)   Evacuate Collection Set: 5.2ms
[2023-12-03T13:24:55.905+0000][74][info ][gc,phases   ] GC(69)   Post Evacuate Collection Set: 0.7ms
[2023-12-03T13:24:55.905+0000][74][info ][gc,phases   ] GC(69)   Other: 0.3ms
[2023-12-03T13:24:55.905+0000][74][trace][gc,age      ] GC(69) Age table with threshold 15 (max threshold 15)
[2023-12-03T13:24:55.905+0000][74][trace][gc,age      ] GC(69) - age   1:    1068728 bytes,    1068728 total
[2023-12-03T13:24:55.905+0000][74][trace][gc,age      ] GC(69) - age   2:      41256 bytes,    1109984 total
[2023-12-03T13:24:55.905+0000][74][trace][gc,age      ] GC(69) - age   3:     245344 bytes,    1355328 total
[2023-12-03T13:24:55.905+0000][74][trace][gc,age      ] GC(69) - age   4:      28304 bytes,    1383632 total
[2023-12-03T13:24:55.905+0000][74][trace][gc,age      ] GC(69) - age   5:       4304 bytes,    1387936 total
[2023-12-03T13:24:55.905+0000][74][trace][gc,age      ] GC(69) - age   6:       4672 bytes,    1392608 total
[2023-12-03T13:24:55.905+0000][74][trace][gc,age      ] GC(69) - age   7:       3064 bytes,    1395672 total
[2023-12-03T13:24:55.905+0000][74][trace][gc,age      ] GC(69) - age   8:       6320 bytes,    1401992 total
[2023-12-03T13:24:55.905+0000][74][trace][gc,age      ] GC(69) - age   9:       6096 bytes,    1408088 total
[2023-12-03T13:24:55.905+0000][74][trace][gc,age      ] GC(69) - age  10:       5072 bytes,    1413160 total
[2023-12-03T13:24:55.905+0000][74][trace][gc,age      ] GC(69) - age  11:      10896 bytes,    1424056 total
[2023-12-03T13:24:55.905+0000][74][trace][gc,age      ] GC(69) - age  12:      23376 bytes,    1447432 total
[2023-12-03T13:24:55.905+0000][74][trace][gc,age      ] GC(69) - age  13:      41320 bytes,    1488752 total
[2023-12-03T13:24:55.905+0000][74][trace][gc,age      ] GC(69) - age  14:      32072 bytes,    1520824 total
[2023-12-03T13:24:55.905+0000][74][trace][gc,age      ] GC(69) - age  15:       7232 bytes,    1528056 total
[2023-12-03T13:24:55.905+0000][74][info ][gc,heap     ] GC(69) Eden regions: 75->0(75)
[2023-12-03T13:24:55.905+0000][74][info ][gc,heap     ] GC(69) Survivor regions: 1->1(10)
[2023-12-03T13:24:55.905+0000][74][info ][gc,heap     ] GC(69) Old regions: 31->31
[2023-12-03T13:24:55.905+0000][74][info ][gc,heap     ] GC(69) Humongous regions: 2->2
[2023-12-03T13:24:55.905+0000][74][info ][gc,metaspace] GC(69) Metaspace: 156159K(159104K)->156159K(159104K) NonClass: 135583K(137152K)->135583K(137152K) Class: 20576K(21952K)->20576K(21952K)
[2023-12-03T13:24:55.905+0000][74][info ][gc          ] GC(69) Pause Young (Concurrent Start) (G1 Evacuation Pause) 431M->131M(512M) 7.210ms
[2023-12-03T13:24:55.905+0000][74][info ][gc          ] GC(70) Concurrent Mark Cycle
[2023-12-03T13:24:55.905+0000][74][info ][gc,marking  ] GC(70) Concurrent Scan Root Regions
[2023-12-03T13:24:55.905+0000][74][info ][gc,cpu      ] GC(69) User=0.04s Sys=0.00s Real=0.00s
[2023-12-03T13:24:55.905+0000][74][info ][safepoint   ] Safepoint "G1CollectForAllocation", Time since last: 1695326327 ns, Reaching safepoint: 39829 ns, Cleanup: 7270 ns, At safepoint: 7432874 ns, Total: 7479973 ns
[2023-12-03T13:24:55.906+0000][74][info ][gc,marking  ] GC(70) Concurrent Scan Root Regions 1.082ms
[2023-12-03T13:24:55.906+0000][74][info ][gc,marking  ] GC(70) Concurrent Mark
[2023-12-03T13:24:55.906+0000][74][info ][gc,marking  ] GC(70) Concurrent Mark From Roots
[2023-12-03T13:24:55.906+0000][74][info ][gc,task     ] GC(70) Using 3 workers of 3 for marking
[2023-12-03T13:24:55.942+0000][74][info ][gc,marking  ] GC(70) Concurrent Mark From Roots 36.187ms
[2023-12-03T13:24:55.942+0000][74][info ][gc,marking  ] GC(70) Concurrent Preclean
[2023-12-03T13:24:55.943+0000][74][info ][gc,marking  ] GC(70) Concurrent Preclean 0.446ms
[2023-12-03T13:24:55.943+0000][74][info ][gc,start    ] GC(70) Pause Remark
[2023-12-03T13:24:55.948+0000][74][info ][gc          ] GC(70) Pause Remark 133M->133M(512M) 4.817ms
[2023-12-03T13:24:55.948+0000][74][info ][gc,cpu      ] GC(70) User=0.03s Sys=0.00s Real=0.00s
[2023-12-03T13:24:55.948+0000][74][info ][safepoint   ] Safepoint "G1PauseRemark", Time since last: 37778506 ns, Reaching safepoint: 14024 ns, Cleanup: 2394 ns, At safepoint: 4955466 ns, Total: 4971884 ns
[2023-12-03T13:24:55.948+0000][74][info ][gc,marking  ] GC(70) Concurrent Mark 41.806ms
[2023-12-03T13:24:55.948+0000][74][info ][gc,marking  ] GC(70) Concurrent Rebuild Remembered Sets and Scrub Regions
[2023-12-03T13:24:55.965+0000][74][info ][gc,marking  ] GC(70) Concurrent Rebuild Remembered Sets and Scrub Regions 16.794ms
[2023-12-03T13:24:55.965+0000][74][info ][gc,start    ] GC(70) Pause Cleanup
[2023-12-03T13:24:55.965+0000][74][info ][gc          ] GC(70) Pause Cleanup 133M->133M(512M) 0.091ms
[2023-12-03T13:24:55.965+0000][74][info ][gc,cpu      ] GC(70) User=0.00s Sys=0.00s Real=0.00s
[2023-12-03T13:24:55.965+0000][74][info ][safepoint   ] Safepoint "G1PauseCleanup", Time since last: 16974963 ns, Reaching safepoint: 12577 ns, Cleanup: 4243 ns, At safepoint: 167200 ns, Total: 184020 ns
[2023-12-03T13:24:55.965+0000][74][info ][gc,marking  ] GC(70) Concurrent Clear Claimed Marks
[2023-12-03T13:24:55.965+0000][74][info ][gc,marking  ] GC(70) Concurrent Clear Claimed Marks 0.110ms
[2023-12-03T13:24:55.965+0000][74][info ][gc,marking  ] GC(70) Concurrent Cleanup for Next Mark
[2023-12-03T13:24:55.965+0000][74][info ][gc,marking  ] GC(70) Concurrent Cleanup for Next Mark 0.228ms
[2023-12-03T13:24:55.965+0000][74][info ][gc          ] GC(70) Concurrent Mark Cycle 60.461ms
[2023-12-03T13:24:57.227+0000][74][info ][safepoint   ] Safepoint "Cleanup", Time since last: 1261895876 ns, Reaching safepoint: 83010 ns, Cleanup: 28266 ns, At safepoint: 13060 ns, Total: 124336 ns
[2023-12-03T13:25:01.962+0000][74][info ][safepoint   ] Safepoint "Cleanup", Time since last: 4735119238 ns, Reaching safepoint: 58239 ns, Cleanup: 12524 ns, At safepoint: 14467 ns, Total: 85230 ns
[2023-12-03T13:25:05.253+0000][74][info ][safepoint   ] Safepoint "Cleanup", Time since last: 3291024365 ns, Reaching safepoint: 86794 ns, Cleanup: 18958 ns, At safepoint: 15049 ns, Total: 120801 ns
[2023-12-03T13:25:07.255+0000][74][info ][safepoint   ] Safepoint "Cleanup", Time since last: 2001055126 ns, Reaching safepoint: 82591 ns, Cleanup: 19279 ns, At safepoint: 12713 ns, Total: 114583 ns
[2023-12-03T13:25:08.260+0000][74][info ][safepoint   ] Safepoint "Cleanup", Time since last: 1005899939 ns, Reaching safepoint: 22663 ns, Cleanup: 17144 ns, At safepoint: 9522 ns, Total: 49329 ns
[2023-12-03T13:25:10.305+0000][74][info ][safepoint   ] Safepoint "Cleanup", Time since last: 2044273120 ns, Reaching safepoint: 39306 ns, Cleanup: 18997 ns, At safepoint: 12896 ns, Total: 71199 ns
[2023-12-03T13:25:44.054+0000][74][info ][safepoint   ] Safepoint "Cleanup", Time since last: 33749536623 ns, Reaching safepoint: 23796 ns, Cleanup: 13720 ns, At safepoint: 9036 ns, Total: 46552 ns
[2023-12-03T13:26:11.625+0000][74][info ][safepoint   ] Safepoint "Cleanup", Time since last: 27570471944 ns, Reaching safepoint: 86123 ns, Cleanup: 19111 ns, At safepoint: 13259 ns, Total: 118493 ns
[2023-12-03T13:26:14.632+0000][74][info ][safepoint   ] Safepoint "Cleanup", Time since last: 3006726411 ns, Reaching safepoint: 58832 ns, Cleanup: 14922 ns, At safepoint: 10630 ns, Total: 84384 ns
[2023-12-03T13:26:18.643+0000][74][info ][safepoint   ] Safepoint "Cleanup", Time since last: 4011221791 ns, Reaching safepoint: 88726 ns, Cleanup: 22300 ns, At safepoint: 13034 ns, Total: 124060 ns
[2023-12-03T13:26:19.644+0000][74][info ][safepoint   ] Safepoint "Cleanup", Time since last: 1000726408 ns, Reaching safepoint: 43005 ns, Cleanup: 17801 ns, At safepoint: 12230 ns, Total: 73036 ns
[2023-12-03T13:26:23.072+0000][74][info ][safepoint   ] Safepoint "Cleanup", Time since last: 3427616865 ns, Reaching safepoint: 24857 ns, Cleanup: 12872 ns, At safepoint: 9966 ns, Total: 47695 ns
[2023-12-03T13:26:26.700+0000][74][info ][gc,start    ] GC(71) Pause Young (Prepare Mixed) (G1 Evacuation Pause)
[2023-12-03T13:26:26.700+0000][74][info ][gc,task     ] GC(71) Using 10 workers of 10 for evacuation
[2023-12-03T13:26:26.700+0000][74][debug][gc,age      ] GC(71) Desired survivor size 20971520 bytes, new threshold 15 (max threshold 15)
[2023-12-03T13:26:26.704+0000][74][info ][gc,phases   ] GC(71)   Pre Evacuate Collection Set: 0.2ms
[2023-12-03T13:26:26.704+0000][74][info ][gc,phases   ] GC(71)   Merge Heap Roots: 0.1ms
[2023-12-03T13:26:26.704+0000][74][info ][gc,phases   ] GC(71)   Evacuate Collection Set: 2.7ms
[2023-12-03T13:26:26.704+0000][74][info ][gc,phases   ] GC(71)   Post Evacuate Collection Set: 0.4ms
[2023-12-03T13:26:26.704+0000][74][info ][gc,phases   ] GC(71)   Other: 0.1ms
[2023-12-03T13:26:26.704+0000][74][trace][gc,age      ] GC(71) Age table with threshold 15 (max threshold 15)
[2023-12-03T13:26:26.704+0000][74][trace][gc,age      ] GC(71) - age   1:    1049192 bytes,    1049192 total
[2023-12-03T13:26:26.704+0000][74][trace][gc,age      ] GC(71) - age   2:     339520 bytes,    1388712 total
[2023-12-03T13:26:26.704+0000][74][trace][gc,age      ] GC(71) - age   3:      40360 bytes,    1429072 total
[2023-12-03T13:26:26.704+0000][74][trace][gc,age      ] GC(71) - age   4:     244176 bytes,    1673248 total
[2023-12-03T13:26:26.704+0000][74][trace][gc,age      ] GC(71) - age   5:      28272 bytes,    1701520 total
[2023-12-03T13:26:26.704+0000][74][trace][gc,age      ] GC(71) - age   6:       4056 bytes,    1705576 total
[2023-12-03T13:26:26.704+0000][74][trace][gc,age      ] GC(71) - age   7:       2560 bytes,    1708136 total
[2023-12-03T13:26:26.704+0000][74][trace][gc,age      ] GC(71) - age   8:       2328 bytes,    1710464 total
[2023-12-03T13:26:26.704+0000][74][trace][gc,age      ] GC(71) - age   9:       6320 bytes,    1716784 total
[2023-12-03T13:26:26.704+0000][74][trace][gc,age      ] GC(71) - age  10:       6096 bytes,    1722880 total
[2023-12-03T13:26:26.704+0000][74][trace][gc,age      ] GC(71) - age  11:       5072 bytes,    1727952 total
[2023-12-03T13:26:26.704+0000][74][trace][gc,age      ] GC(71) - age  12:      10896 bytes,    1738848 total
[2023-12-03T13:26:26.704+0000][74][trace][gc,age      ] GC(71) - age  13:      23376 bytes,    1762224 total
[2023-12-03T13:26:26.704+0000][74][trace][gc,age      ] GC(71) - age  14:      41320 bytes,    1803544 total
[2023-12-03T13:26:26.704+0000][74][trace][gc,age      ] GC(71) - age  15:      32072 bytes,    1835616 total
[2023-12-03T13:26:26.704+0000][74][info ][gc,heap     ] GC(71) Eden regions: 75->0(75)
[2023-12-03T13:26:26.704+0000][74][info ][gc,heap     ] GC(71) Survivor regions: 1->1(10)
[2023-12-03T13:26:26.704+0000][74][info ][gc,heap     ] GC(71) Old regions: 31->31
[2023-12-03T13:26:26.704+0000][74][info ][gc,heap     ] GC(71) Humongous regions: 2->2
[2023-12-03T13:26:26.704+0000][74][info ][gc,metaspace] GC(71) Metaspace: 156200K(159168K)->156200K(159168K) NonClass: 135624K(137216K)->135624K(137216K) Class: 20576K(21952K)->20576K(21952K)
[2023-12-03T13:26:26.704+0000][74][info ][gc          ] GC(71) Pause Young (Prepare Mixed) (G1 Evacuation Pause) 431M->132M(512M) 3.700ms
[2023-12-03T13:26:26.704+0000][74][info ][gc,cpu      ] GC(71) User=0.01s Sys=0.00s Real=0.00s
[2023-12-03T13:26:26.704+0000][74][info ][safepoint   ] Safepoint "G1CollectForAllocation", Time since last: 3628339961 ns, Reaching safepoint: 5938 ns, Cleanup: 1378 ns, At safepoint: 3776830 ns, Total: 3784146 ns
[2023-12-03T13:26:37.771+0000][74][info ][safepoint   ] Safepoint "Cleanup", Time since last: 11066726447 ns, Reaching safepoint: 436522 ns, Cleanup: 22384 ns, At safepoint: 13018 ns, Total: 471924 ns
[2023-12-03T13:26:46.818+0000][74][info ][safepoint   ] Safepoint "Cleanup", Time since last: 9046912346 ns, Reaching safepoint: 48980 ns, Cleanup: 15482 ns, At safepoint: 6715 ns, Total: 71177 ns
[2023-12-03T13:26:50.072+0000][74][info ][safepoint   ] Safepoint "Cleanup", Time since last: 3254164599 ns, Reaching safepoint: 32236 ns, Cleanup: 16552 ns, At safepoint: 14984 ns, Total: 63772 ns
[2023-12-03T13:27:26.201+0000][74][info ][safepoint   ] Safepoint "Cleanup", Time since last: 36129013278 ns, Reaching safepoint: 153114 ns, Cleanup: 18716 ns, At safepoint: 11725 ns, Total: 183555 ns
[2023-12-03T13:27:38.130+0000][74][info ][safepoint   ] Safepoint "Cleanup", Time since last: 11928432156 ns, Reaching safepoint: 24833 ns, Cleanup: 4626 ns, At safepoint: 2614 ns, Total: 32073 ns
[2023-12-03T13:27:50.097+0000][74][info ][safepoint   ] Safepoint "Cleanup", Time since last: 11967291650 ns, Reaching safepoint: 62394 ns, Cleanup: 13649 ns, At safepoint: 12429 ns, Total: 88472 ns
[2023-12-03T13:28:02.254+0000][74][info ][gc,start    ] GC(72) Pause Young (Mixed) (G1 Evacuation Pause)
[2023-12-03T13:28:02.254+0000][74][info ][gc,task     ] GC(72) Using 10 workers of 10 for evacuation
[2023-12-03T13:28:02.254+0000][74][debug][gc,age      ] GC(72) Desired survivor size 20971520 bytes, new threshold 15 (max threshold 15)
[2023-12-03T13:28:02.265+0000][74][info ][gc,phases   ] GC(72)   Pre Evacuate Collection Set: 0.4ms
[2023-12-03T13:28:02.265+0000][74][info ][gc,phases   ] GC(72)   Merge Heap Roots: 0.3ms
[2023-12-03T13:28:02.265+0000][74][info ][gc,phases   ] GC(72)   Evacuate Collection Set: 9.0ms
[2023-12-03T13:28:02.265+0000][74][info ][gc,phases   ] GC(72)   Post Evacuate Collection Set: 0.7ms
[2023-12-03T13:28:02.265+0000][74][info ][gc,phases   ] GC(72)   Other: 0.2ms
[2023-12-03T13:28:02.265+0000][74][trace][gc,age      ] GC(72) Age table with threshold 15 (max threshold 15)
[2023-12-03T13:28:02.265+0000][74][trace][gc,age      ] GC(72) - age   1:    1318816 bytes,    1318816 total
[2023-12-03T13:28:02.265+0000][74][trace][gc,age      ] GC(72) - age   2:      22712 bytes,    1341528 total
[2023-12-03T13:28:02.265+0000][74][trace][gc,age      ] GC(72) - age   3:     338632 bytes,    1680160 total
[2023-12-03T13:28:02.265+0000][74][trace][gc,age      ] GC(72) - age   4:      39496 bytes,    1719656 total
[2023-12-03T13:28:02.265+0000][74][trace][gc,age      ] GC(72) - age   5:     244048 bytes,    1963704 total
[2023-12-03T13:28:02.265+0000][74][trace][gc,age      ] GC(72) - age   6:      19376 bytes,    1983080 total
[2023-12-03T13:28:02.265+0000][74][trace][gc,age      ] GC(72) - age   7:       3992 bytes,    1987072 total
[2023-12-03T13:28:02.265+0000][74][trace][gc,age      ] GC(72) - age   8:       2192 bytes,    1989264 total
[2023-12-03T13:28:02.265+0000][74][trace][gc,age      ] GC(72) - age   9:       2328 bytes,    1991592 total
[2023-12-03T13:28:02.265+0000][74][trace][gc,age      ] GC(72) - age  10:       6320 bytes,    1997912 total
[2023-12-03T13:28:02.265+0000][74][trace][gc,age      ] GC(72) - age  11:       6096 bytes,    2004008 total
[2023-12-03T13:28:02.265+0000][74][trace][gc,age      ] GC(72) - age  12:       5072 bytes,    2009080 total
[2023-12-03T13:28:02.265+0000][74][trace][gc,age      ] GC(72) - age  13:      10896 bytes,    2019976 total
[2023-12-03T13:28:02.265+0000][74][trace][gc,age      ] GC(72) - age  14:      23376 bytes,    2043352 total
[2023-12-03T13:28:02.265+0000][74][trace][gc,age      ] GC(72) - age  15:      41288 bytes,    2084640 total
[2023-12-03T13:28:02.265+0000][74][info ][gc,heap     ] GC(72) Eden regions: 75->0(75)
[2023-12-03T13:28:02.265+0000][74][info ][gc,heap     ] GC(72) Survivor regions: 1->1(10)
[2023-12-03T13:28:02.265+0000][74][info ][gc,heap     ] GC(72) Old regions: 31->31
[2023-12-03T13:28:02.265+0000][74][info ][gc,heap     ] GC(72) Humongous regions: 2->2
[2023-12-03T13:28:02.265+0000][74][info ][gc,metaspace] GC(72) Metaspace: 156207K(159168K)->156207K(159168K) NonClass: 135631K(137216K)->135631K(137216K) Class: 20576K(21952K)->20576K(21952K)
[2023-12-03T13:28:02.265+0000][74][info ][gc          ] GC(72) Pause Young (Mixed) (G1 Evacuation Pause) 432M->131M(512M) 10.915ms
[2023-12-03T13:28:02.265+0000][74][info ][gc,cpu      ] GC(72) User=0.06s Sys=0.00s Real=0.01s
[2023-12-03T13:28:02.265+0000][74][info ][safepoint   ] Safepoint "G1CollectForAllocation", Time since last: 12156790210 ns, Reaching safepoint: 30411 ns, Cleanup: 5438 ns, At safepoint: 11033307 ns, Total: 11069156 ns
[2023-12-03T13:28:05.241+0000][74][info ][safepoint   ] Safepoint "Cleanup", Time since last: 2976300846 ns, Reaching safepoint: 40453 ns, Cleanup: 18552 ns, At safepoint: 11998 ns, Total: 71003 ns
[2023-12-03T13:28:06.242+0000][74][info ][safepoint   ] Safepoint "Cleanup", Time since last: 1000353345 ns, Reaching safepoint: 40113 ns, Cleanup: 18434 ns, At safepoint: 12235 ns, Total: 70782 ns
[2023-12-03T13:28:07.242+0000][74][info ][safepoint   ] Safepoint "Cleanup", Time since last: 1000522855 ns, Reaching safepoint: 40218 ns, Cleanup: 19892 ns, At safepoint: 12402 ns, Total: 72512 ns
[2023-12-03T13:28:20.105+0000][74][info ][safepoint   ] Safepoint "Cleanup", Time since last: 12862038291 ns, Reaching safepoint: 89108 ns, Cleanup: 4653 ns, At safepoint: 3366 ns, Total: 97127 ns
[2023-12-03T13:28:26.068+0000][74][info ][safepoint   ] Safepoint "Cleanup", Time since last: 5963569081 ns, Reaching safepoint: 15242 ns, Cleanup: 5284 ns, At safepoint: 2410 ns, Total: 22936 ns
[2023-12-03T13:28:27.089+0000][74][info ][safepoint   ] Safepoint "Cleanup", Time since last: 1020293026 ns, Reaching safepoint: 23994 ns, Cleanup: 20672 ns, At safepoint: 10617 ns, Total: 55283 ns
[2023-12-03T13:28:28.117+0000][74][info ][safepoint   ] Safepoint "Cleanup", Time since last: 1027982047 ns, Reaching safepoint: 42357 ns, Cleanup: 18063 ns, At safepoint: 16243 ns, Total: 76663 ns
[2023-12-03T13:28:29.390+0000][74][info ][safepoint   ] Safepoint "Cleanup", Time since last: 1273200820 ns, Reaching safepoint: 22899 ns, Cleanup: 25814 ns, At safepoint: 10652 ns, Total: 59365 ns
[2023-12-03T13:28:32.083+0000][74][info ][safepoint   ] Safepoint "Cleanup", Time since last: 2693061617 ns, Reaching safepoint: 23471 ns, Cleanup: 12510 ns, At safepoint: 9256 ns, Total: 45237 ns
[2023-12-03T13:29:06.625+0000][74][info ][safepoint   ] Safepoint "Cleanup", Time since last: 34542246370 ns, Reaching safepoint: 41636 ns, Cleanup: 18271 ns, At safepoint: 12607 ns, Total: 72514 ns
[2023-12-03T13:29:08.283+0000][74][info ][safepoint   ] Safepoint "Cleanup", Time since last: 1658011972 ns, Reaching safepoint: 23696 ns, Cleanup: 14072 ns, At safepoint: 10367 ns, Total: 48135 ns
[2023-12-03T13:29:09.652+0000][74][info ][safepoint   ] Safepoint "Cleanup", Time since last: 1368466907 ns, Reaching safepoint: 84316 ns, Cleanup: 19299 ns, At safepoint: 12985 ns, Total: 116600 ns
[2023-12-03T13:29:31.726+0000][74][info ][safepoint   ] Safepoint "Cleanup", Time since last: 22073850916 ns, Reaching safepoint: 93030 ns, Cleanup: 27476 ns, At safepoint: 12667 ns, Total: 133173 ns
[2023-12-03T13:29:32.023+0000][74][info ][gc,start    ] GC(73) Pause Young (Concurrent Start) (G1 Evacuation Pause)
[2023-12-03T13:29:32.023+0000][74][info ][gc,task     ] GC(73) Using 10 workers of 10 for evacuation
[2023-12-03T13:29:32.023+0000][74][debug][gc,age      ] GC(73) Desired survivor size 20971520 bytes, new threshold 15 (max threshold 15)
[2023-12-03T13:29:32.027+0000][74][info ][gc,phases   ] GC(73)   Pre Evacuate Collection Set: 0.2ms
[2023-12-03T13:29:32.027+0000][74][info ][gc,phases   ] GC(73)   Merge Heap Roots: 0.1ms
[2023-12-03T13:29:32.027+0000][74][info ][gc,phases   ] GC(73)   Evacuate Collection Set: 2.5ms
[2023-12-03T13:29:32.027+0000][74][info ][gc,phases   ] GC(73)   Post Evacuate Collection Set: 0.3ms
[2023-12-03T13:29:32.027+0000][74][info ][gc,phases   ] GC(73)   Other: 0.1ms
[2023-12-03T13:29:32.027+0000][74][trace][gc,age      ] GC(73) Age table with threshold 15 (max threshold 15)
[2023-12-03T13:29:32.027+0000][74][trace][gc,age      ] GC(73) - age   1:    1969760 bytes,    1969760 total
[2023-12-03T13:29:32.027+0000][74][trace][gc,age      ] GC(73) - age   2:      24776 bytes,    1994536 total
[2023-12-03T13:29:32.027+0000][74][trace][gc,age      ] GC(73) - age   3:      22080 bytes,    2016616 total
[2023-12-03T13:29:32.027+0000][74][trace][gc,age      ] GC(73) - age   4:      69784 bytes,    2086400 total
[2023-12-03T13:29:32.027+0000][74][trace][gc,age      ] GC(73) - age   5:      39368 bytes,    2125768 total
[2023-12-03T13:29:32.027+0000][74][trace][gc,age      ] GC(73) - age   6:     209904 bytes,    2335672 total
[2023-12-03T13:29:32.027+0000][74][trace][gc,age      ] GC(73) - age   7:      19184 bytes,    2354856 total
[2023-12-03T13:29:32.027+0000][74][trace][gc,age      ] GC(73) - age   8:       3712 bytes,    2358568 total
[2023-12-03T13:29:32.027+0000][74][trace][gc,age      ] GC(73) - age   9:       2152 bytes,    2360720 total
[2023-12-03T13:29:32.027+0000][74][trace][gc,age      ] GC(73) - age  10:       2328 bytes,    2363048 total
[2023-12-03T13:29:32.027+0000][74][trace][gc,age      ] GC(73) - age  11:       5056 bytes,    2368104 total
[2023-12-03T13:29:32.027+0000][74][trace][gc,age      ] GC(73) - age  12:       6096 bytes,    2374200 total
[2023-12-03T13:29:32.027+0000][74][trace][gc,age      ] GC(73) - age  13:       5072 bytes,    2379272 total
[2023-12-03T13:29:32.027+0000][74][trace][gc,age      ] GC(73) - age  14:      10896 bytes,    2390168 total
[2023-12-03T13:29:32.027+0000][74][trace][gc,age      ] GC(73) - age  15:      23376 bytes,    2413544 total
[2023-12-03T13:29:32.027+0000][74][info ][gc,heap     ] GC(73) Eden regions: 75->0(75)
[2023-12-03T13:29:32.027+0000][74][info ][gc,heap     ] GC(73) Survivor regions: 1->1(10)
[2023-12-03T13:29:32.027+0000][74][info ][gc,heap     ] GC(73) Old regions: 31->31
[2023-12-03T13:29:32.027+0000][74][info ][gc,heap     ] GC(73) Humongous regions: 2->2
[2023-12-03T13:29:32.027+0000][74][info ][gc,metaspace] GC(73) Metaspace: 156208K(159168K)->156208K(159168K) NonClass: 135632K(137216K)->135632K(137216K) Class: 20576K(21952K)->20576K(21952K)
[2023-12-03T13:29:32.027+0000][74][info ][gc          ] GC(73) Pause Young (Concurrent Start) (G1 Evacuation Pause) 431M->132M(512M) 3.406ms
[2023-12-03T13:29:32.027+0000][74][info ][gc          ] GC(74) Concurrent Mark Cycle
[2023-12-03T13:29:32.027+0000][74][info ][gc,marking  ] GC(74) Concurrent Scan Root Regions
[2023-12-03T13:29:32.027+0000][74][info ][gc,cpu      ] GC(73) User=0.02s Sys=0.00s Real=0.00s
[2023-12-03T13:29:32.027+0000][74][info ][safepoint   ] Safepoint "G1CollectForAllocation", Time since last: 297501397 ns, Reaching safepoint: 12578 ns, Cleanup: 1757 ns, At safepoint: 3501911 ns, Total: 3516246 ns
[2023-12-03T13:29:32.028+0000][74][info ][gc,marking  ] GC(74) Concurrent Scan Root Regions 1.529ms
[2023-12-03T13:29:32.028+0000][74][info ][gc,marking  ] GC(74) Concurrent Mark
[2023-12-03T13:29:32.028+0000][74][info ][gc,marking  ] GC(74) Concurrent Mark From Roots
[2023-12-03T13:29:32.028+0000][74][info ][gc,task     ] GC(74) Using 3 workers of 3 for marking
[2023-12-03T13:29:32.066+0000][74][info ][gc,marking  ] GC(74) Concurrent Mark From Roots 37.784ms
[2023-12-03T13:29:32.066+0000][74][info ][gc,marking  ] GC(74) Concurrent Preclean
[2023-12-03T13:29:32.067+0000][74][info ][gc,marking  ] GC(74) Concurrent Preclean 0.409ms
[2023-12-03T13:29:32.067+0000][74][info ][gc,start    ] GC(74) Pause Remark
[2023-12-03T13:29:32.079+0000][74][info ][gc          ] GC(74) Pause Remark 140M->140M(512M) 11.776ms
[2023-12-03T13:29:32.079+0000][74][info ][gc,cpu      ] GC(74) User=0.03s Sys=0.00s Real=0.02s
[2023-12-03T13:29:32.079+0000][74][info ][safepoint   ] Safepoint "G1PauseRemark", Time since last: 39827711 ns, Reaching safepoint: 15948 ns, Cleanup: 2431 ns, At safepoint: 11887276 ns, Total: 11905655 ns
[2023-12-03T13:29:32.079+0000][74][info ][gc,marking  ] GC(74) Concurrent Mark 50.288ms
[2023-12-03T13:29:32.079+0000][74][info ][gc,marking  ] GC(74) Concurrent Rebuild Remembered Sets and Scrub Regions
[2023-12-03T13:29:32.096+0000][74][info ][gc,marking  ] GC(74) Concurrent Rebuild Remembered Sets and Scrub Regions 17.150ms
[2023-12-03T13:29:32.096+0000][74][info ][gc,start    ] GC(74) Pause Cleanup
[2023-12-03T13:29:32.096+0000][74][info ][gc          ] GC(74) Pause Cleanup 140M->140M(512M) 0.061ms
[2023-12-03T13:29:32.096+0000][74][info ][gc,cpu      ] GC(74) User=0.00s Sys=0.00s Real=0.00s
[2023-12-03T13:29:32.096+0000][74][info ][safepoint   ] Safepoint "G1PauseCleanup", Time since last: 17267210 ns, Reaching safepoint: 13519 ns, Cleanup: 11865 ns, At safepoint: 129521 ns, Total: 154905 ns
[2023-12-03T13:29:32.096+0000][74][info ][gc,marking  ] GC(74) Concurrent Clear Claimed Marks
[2023-12-03T13:29:32.096+0000][74][info ][gc,marking  ] GC(74) Concurrent Clear Claimed Marks 0.137ms
[2023-12-03T13:29:32.096+0000][74][info ][gc,marking  ] GC(74) Concurrent Cleanup for Next Mark
[2023-12-03T13:29:32.096+0000][74][info ][gc,marking  ] GC(74) Concurrent Cleanup for Next Mark 0.238ms
[2023-12-03T13:29:32.096+0000][74][info ][gc          ] GC(74) Concurrent Mark Cycle 69.623ms
[2023-12-03T13:29:33.776+0000][74][info ][safepoint   ] Safepoint "Cleanup", Time since last: 1679350231 ns, Reaching safepoint: 39937 ns, Cleanup: 44843 ns, At safepoint: 12889 ns, Total: 97669 ns
[2023-12-03T13:29:34.810+0000][74][info ][safepoint   ] Safepoint "Cleanup", Time since last: 1034489469 ns, Reaching safepoint: 84282 ns, Cleanup: 25746 ns, At safepoint: 13018 ns, Total: 123046 ns
[2023-12-03T13:29:36.811+0000][74][info ][safepoint   ] Safepoint "Cleanup", Time since last: 2000917489 ns, Reaching safepoint: 18247 ns, Cleanup: 10432 ns, At safepoint: 5148 ns, Total: 33827 ns
[2023-12-03T13:29:38.001+0000][74][info ][safepoint   ] Safepoint "Cleanup", Time since last: 1189583755 ns, Reaching safepoint: 22338 ns, Cleanup: 12415 ns, At safepoint: 8963 ns, Total: 43716 ns
[2023-12-03T13:29:39.514+0000][74][info ][safepoint   ] Safepoint "Cleanup", Time since last: 1513238668 ns, Reaching safepoint: 65276 ns, Cleanup: 16168 ns, At safepoint: 12670 ns, Total: 94114 ns
[2023-12-03T13:29:48.869+0000][74][info ][safepoint   ] Safepoint "Cleanup", Time since last: 9355015640 ns, Reaching safepoint: 41118 ns, Cleanup: 19478 ns, At safepoint: 12236 ns, Total: 72832 ns
[2023-12-03T13:29:56.892+0000][74][info ][safepoint   ] Safepoint "Cleanup", Time since last: 8023279755 ns, Reaching safepoint: 23219 ns, Cleanup: 16617 ns, At safepoint: 10254 ns, Total: 50090 ns
[2023-12-03T13:30:06.949+0000][74][info ][safepoint   ] Safepoint "Cleanup", Time since last: 10056254049 ns, Reaching safepoint: 39755 ns, Cleanup: 21484 ns, At safepoint: 12292 ns, Total: 73531 ns
[2023-12-03T13:30:11.974+0000][74][info ][safepoint   ] Safepoint "Cleanup", Time since last: 5025324727 ns, Reaching safepoint: 56011 ns, Cleanup: 12830 ns, At safepoint: 8006 ns, Total: 76847 ns
[2023-12-03T13:30:19.030+0000][74][info ][safepoint   ] Safepoint "Cleanup", Time since last: 7055939165 ns, Reaching safepoint: 46541 ns, Cleanup: 10957 ns, At safepoint: 6634 ns, Total: 64132 ns
[2023-12-03T15:20:02.526+0000][74][info ][safepoint   ] Safepoint "Cleanup", Time since last: 12495554724 ns, Reaching safepoint: 110353 ns, Cleanup: 32011 ns, At safepoint: 13914 ns, Total: 156278 ns
[2023-12-03T15:20:05.542+0000][74][info ][safepoint   ] Safepoint "Cleanup", Time since last: 3015981063 ns, Reaching safepoint: 34047 ns, Cleanup: 15203 ns, At safepoint: 8650 ns, Total: 57900 ns
[2023-12-03T15:20:06.542+0000][74][info ][safepoint   ] Safepoint "Cleanup", Time since last: 1000157987 ns, Reaching safepoint: 14408 ns, Cleanup: 9047 ns, At safepoint: 2808 ns, Total: 26263 ns
[2023-12-03T15:20:07.895+0000][74][info ][safepoint   ] Safepoint "Cleanup", Time since last: 1353013964 ns, Reaching safepoint: 24224 ns, Cleanup: 49308 ns, At safepoint: 12619 ns, Total: 86151 ns
[2023-12-03T15:20:08.928+0000][74][info ][safepoint   ] Safepoint "Cleanup", Time since last: 1033170201 ns, Reaching safepoint: 23843 ns, Cleanup: 14363 ns, At safepoint: 10266 ns, Total: 48472 ns
[2023-12-03T15:20:10.530+0000][74][info ][safepoint   ] Safepoint "Cleanup", Time since last: 1600998842 ns, Reaching safepoint: 63020 ns, Cleanup: 13261 ns, At safepoint: 10888 ns, Total: 87169 ns
[2023-12-03T15:20:11.752+0000][74][info ][safepoint   ] Safepoint "Cleanup", Time since last: 1222541420 ns, Reaching safepoint: 33374 ns, Cleanup: 44553 ns, At safepoint: 14572 ns, Total: 92499 ns
[2023-12-03T15:20:13.532+0000][74][info ][safepoint   ] Safepoint "Cleanup", Time since last: 1780017585 ns, Reaching safepoint: 41216 ns, Cleanup: 19078 ns, At safepoint: 15616 ns, Total: 75910 ns
[2023-12-03T15:20:19.001+0000][74][info ][safepoint   ] Safepoint "Cleanup", Time since last: 5468351155 ns, Reaching safepoint: 17673 ns, Cleanup: 9561 ns, At safepoint: 4399 ns, Total: 31633 ns
[2023-12-03T15:20:22.591+0000][74][info ][safepoint   ] Safepoint "Cleanup", Time since last: 3590704795 ns, Reaching safepoint: 50133 ns, Cleanup: 11658 ns, At safepoint: 13102 ns, Total: 74893 ns
[2023-12-03T15:20:31.574+0000][74][info ][safepoint   ] Safepoint "Cleanup", Time since last: 8982267966 ns, Reaching safepoint: 6956 ns, Cleanup: 3979 ns, At safepoint: 2364 ns, Total: 13299 ns
[2023-12-03T15:20:33.574+0000][74][info ][safepoint   ] Safepoint "Cleanup", Time since last: 2000142913 ns, Reaching safepoint: 40094 ns, Cleanup: 21262 ns, At safepoint: 12058 ns, Total: 73414 ns
[2023-12-03T15:20:34.664+0000][74][info ][gc,start    ] GC(75) Pause Young (Prepare Mixed) (G1 Evacuation Pause)
[2023-12-03T15:20:34.664+0000][74][info ][gc,task     ] GC(75) Using 10 workers of 10 for evacuation
[2023-12-03T15:20:34.664+0000][74][debug][gc,age      ] GC(75) Desired survivor size 20971520 bytes, new threshold 15 (max threshold 15)
[2023-12-03T15:20:34.669+0000][74][info ][gc,phases   ] GC(75)   Pre Evacuate Collection Set: 0.3ms
[2023-12-03T15:20:34.669+0000][74][info ][gc,phases   ] GC(75)   Merge Heap Roots: 0.1ms
[2023-12-03T15:20:34.669+0000][74][info ][gc,phases   ] GC(75)   Evacuate Collection Set: 3.3ms
[2023-12-03T15:20:34.669+0000][74][info ][gc,phases   ] GC(75)   Post Evacuate Collection Set: 0.7ms
[2023-12-03T15:20:34.669+0000][74][info ][gc,phases   ] GC(75)   Other: 0.1ms
[2023-12-03T15:20:34.669+0000][74][trace][gc,age      ] GC(75) Age table with threshold 15 (max threshold 15)
[2023-12-03T15:20:34.669+0000][74][trace][gc,age      ] GC(75) - age   1:    1781088 bytes,    1781088 total
[2023-12-03T15:20:34.669+0000][74][trace][gc,age      ] GC(75) - age   2:      45640 bytes,    1826728 total
[2023-12-03T15:20:34.669+0000][74][trace][gc,age      ] GC(75) - age   3:      23840 bytes,    1850568 total
[2023-12-03T15:20:34.669+0000][74][trace][gc,age      ] GC(75) - age   4:      20592 bytes,    1871160 total
[2023-12-03T15:20:34.669+0000][74][trace][gc,age      ] GC(75) - age   5:      44224 bytes,    1915384 total
[2023-12-03T15:20:34.669+0000][74][trace][gc,age      ] GC(75) - age   6:      22736 bytes,    1938120 total
[2023-12-03T15:20:34.669+0000][74][trace][gc,age      ] GC(75) - age   7:      35664 bytes,    1973784 total
[2023-12-03T15:20:34.669+0000][74][trace][gc,age      ] GC(75) - age   8:      19184 bytes,    1992968 total
[2023-12-03T15:20:34.669+0000][74][trace][gc,age      ] GC(75) - age   9:       3712 bytes,    1996680 total
[2023-12-03T15:20:34.669+0000][74][trace][gc,age      ] GC(75) - age  10:       2152 bytes,    1998832 total
[2023-12-03T15:20:34.669+0000][74][trace][gc,age      ] GC(75) - age  11:       2200 bytes,    2001032 total
[2023-12-03T15:20:34.669+0000][74][trace][gc,age      ] GC(75) - age  12:       2784 bytes,    2003816 total
[2023-12-03T15:20:34.669+0000][74][trace][gc,age      ] GC(75) - age  13:       6096 bytes,    2009912 total
[2023-12-03T15:20:34.669+0000][74][trace][gc,age      ] GC(75) - age  14:       5072 bytes,    2014984 total
[2023-12-03T15:20:34.669+0000][74][trace][gc,age      ] GC(75) - age  15:      10896 bytes,    2025880 total
[2023-12-03T15:20:34.669+0000][74][info ][gc,heap     ] GC(75) Eden regions: 75->0(75)
[2023-12-03T15:20:34.669+0000][74][info ][gc,heap     ] GC(75) Survivor regions: 1->1(10)
[2023-12-03T15:20:34.669+0000][74][info ][gc,heap     ] GC(75) Old regions: 31->31
[2023-12-03T15:20:34.669+0000][74][info ][gc,heap     ] GC(75) Humongous regions: 2->2
[2023-12-03T15:20:34.669+0000][74][info ][gc,metaspace] GC(75) Metaspace: 156222K(159168K)->156222K(159168K) NonClass: 135644K(137216K)->135644K(137216K) Class: 20578K(21952K)->20578K(21952K)
[2023-12-03T15:20:34.669+0000][74][info ][gc          ] GC(75) Pause Young (Prepare Mixed) (G1 Evacuation Pause) 432M->132M(512M) 4.873ms
[2023-12-03T15:20:34.669+0000][74][info ][gc,cpu      ] GC(75) User=0.02s Sys=0.00s Real=0.00s
[2023-12-03T15:20:34.669+0000][74][info ][safepoint   ] Safepoint "G1CollectForAllocation", Time since last: 1090366206 ns, Reaching safepoint: 26559 ns, Cleanup: 3399 ns, At safepoint: 5014480 ns, Total: 5044438 ns
[2023-12-03T15:20:40.588+0000][74][info ][safepoint   ] Safepoint "Cleanup", Time since last: 5918510243 ns, Reaching safepoint: 8664 ns, Cleanup: 5082 ns, At safepoint: 2089 ns, Total: 15835 ns
[2023-12-03T15:20:46.588+0000][74][info ][safepoint   ] Safepoint "Cleanup", Time since last: 6000175984 ns, Reaching safepoint: 85872 ns, Cleanup: 22889 ns, At safepoint: 12716 ns, Total: 121477 ns
[2023-12-03T15:20:48.118+0000][74][info ][safepoint   ] Safepoint "Cleanup", Time since last: 1529396271 ns, Reaching safepoint: 10267 ns, Cleanup: 7889 ns, At safepoint: 3389 ns, Total: 21545 ns
[2023-12-03T15:20:50.124+0000][74][info ][safepoint   ] Safepoint "Cleanup", Time since last: 2005992126 ns, Reaching safepoint: 40114 ns, Cleanup: 21513 ns, At safepoint: 12483 ns, Total: 74110 ns
[2023-12-03T15:20:56.142+0000][74][info ][safepoint   ] Safepoint "Cleanup", Time since last: 6018133082 ns, Reaching safepoint: 88335 ns, Cleanup: 18861 ns, At safepoint: 23903 ns, Total: 131099 ns
[2023-12-03T15:20:58.593+0000][74][info ][safepoint   ] Safepoint "Cleanup", Time since last: 2451059597 ns, Reaching safepoint: 7706 ns, Cleanup: 4135 ns, At safepoint: 2674 ns, Total: 14515 ns
[2023-12-03T15:21:00.155+0000][74][info ][safepoint   ] Safepoint "Cleanup", Time since last: 1561541716 ns, Reaching safepoint: 7210 ns, Cleanup: 9156 ns, At safepoint: 2128 ns, Total: 18494 ns
[2023-12-03T15:21:12.743+0000][74][info ][safepoint   ] Safepoint "Cleanup", Time since last: 12588476119 ns, Reaching safepoint: 14682 ns, Cleanup: 8386 ns, At safepoint: 5432 ns, Total: 28500 ns
[2023-12-03T15:21:16.723+0000][74][info ][safepoint   ] Safepoint "Cleanup", Time since last: 3979738608 ns, Reaching safepoint: 85789 ns, Cleanup: 24618 ns, At safepoint: 13468 ns, Total: 123875 ns
[2023-12-03T15:21:20.676+0000][74][info ][safepoint   ] Safepoint "Cleanup", Time since last: 3952587304 ns, Reaching safepoint: 5467 ns, Cleanup: 4854 ns, At safepoint: 1931 ns, Total: 12252 ns
[2023-12-03T15:21:37.894+0000][74][info ][safepoint   ] Safepoint "Cleanup", Time since last: 17217947126 ns, Reaching safepoint: 40506 ns, Cleanup: 10946 ns, At safepoint: 4034 ns, Total: 55486 ns
[2023-12-03T15:21:58.112+0000][74][info ][safepoint   ] Safepoint "Cleanup", Time since last: 20218004608 ns, Reaching safepoint: 17592 ns, Cleanup: 31288 ns, At safepoint: 4001 ns, Total: 52881 ns
