[2023-12-04T14:37:26.159+0000][175][info][gc,init] CardTable entry size: 512
[2023-12-04T14:37:26.160+0000][175][info][gc     ] Using G1
[2023-12-04T14:37:26.232+0000][175][info][gc,init] Version: 21.0.1+12-29 (release)
[2023-12-04T14:37:26.232+0000][175][info][gc,init] CPUs: 12 total, 12 available
[2023-12-04T14:37:26.232+0000][175][info][gc,init] Memory: 1024M
[2023-12-04T14:37:26.232+0000][175][info][gc,init] Large Page Support: Disabled
[2023-12-04T14:37:26.232+0000][175][info][gc,init] NUMA Support: Disabled
[2023-12-04T14:37:26.232+0000][175][info][gc,init] Compressed Oops: Enabled (32-bit)
[2023-12-04T14:37:26.232+0000][175][info][gc,init] Heap Region Size: 4M
[2023-12-04T14:37:26.232+0000][175][info][gc,init] Heap Min Capacity: 512M
[2023-12-04T14:37:26.232+0000][175][info][gc,init] Heap Initial Capacity: 512M
[2023-12-04T14:37:26.232+0000][175][info][gc,init] Heap Max Capacity: 512M
[2023-12-04T14:37:26.232+0000][175][info][gc,init] Pre-touch: Enabled
[2023-12-04T14:37:26.232+0000][175][info][gc,init] Parallel Workers: 10
[2023-12-04T14:37:26.232+0000][175][info][gc,init] Concurrent Workers: 3
[2023-12-04T14:37:26.232+0000][175][info][gc,init] Concurrent Refinement Workers: 10
[2023-12-04T14:37:26.232+0000][175][info][gc,init] Periodic GC: Disabled
[2023-12-04T14:37:26.256+0000][175][info][gc,metaspace] CDS archive(s) mapped at: [0x00007f9acf000000-0x00007f9acfca5000-0x00007f9acfca5000), size 13258752, SharedBaseAddress: 0x00007f9acf000000, ArchiveRelocationMode: 1.
[2023-12-04T14:37:26.256+0000][175][info][gc,metaspace] Compressed class space mapped at: 0x00007f9ad0000000-0x00007f9b10000000, reserved size: 1073741824
[2023-12-04T14:37:26.256+0000][175][info][gc,metaspace] Narrow klass base: 0x00007f9acf000000, Narrow klass shift: 0, Narrow klass range: 0x100000000
[2023-12-04T14:37:26.417+0000][175][info][gc,start    ] GC(0) Pause Young (Normal) (G1 Evacuation Pause)
[2023-12-04T14:37:26.418+0000][175][info][gc,task     ] GC(0) Using 10 workers of 10 for evacuation
[2023-12-04T14:37:26.418+0000][175][debug][gc,age      ] GC(0) Desired survivor size 2097152 bytes, new threshold 15 (max threshold 15)
[2023-12-04T14:37:26.419+0000][175][info ][gc,phases   ] GC(0)   Pre Evacuate Collection Set: 0.1ms
[2023-12-04T14:37:26.419+0000][175][info ][gc,phases   ] GC(0)   Merge Heap Roots: 0.0ms
[2023-12-04T14:37:26.419+0000][175][info ][gc,phases   ] GC(0)   Evacuate Collection Set: 0.6ms
[2023-12-04T14:37:26.419+0000][175][info ][gc,phases   ] GC(0)   Post Evacuate Collection Set: 0.2ms
[2023-12-04T14:37:26.419+0000][175][info ][gc,phases   ] GC(0)   Other: 0.1ms
[2023-12-04T14:37:26.419+0000][175][trace][gc,age      ] GC(0) Age table with threshold 15 (max threshold 15)
[2023-12-04T14:37:26.419+0000][175][trace][gc,age      ] GC(0) - age   1:    2610728 bytes,    2610728 total
[2023-12-04T14:37:26.419+0000][175][info ][gc,heap     ] GC(0) Eden regions: 6->0(20)
[2023-12-04T14:37:26.419+0000][175][info ][gc,heap     ] GC(0) Survivor regions: 0->1(1)
[2023-12-04T14:37:26.419+0000][175][info ][gc,heap     ] GC(0) Old regions: 1->1
[2023-12-04T14:37:26.419+0000][175][info ][gc,heap     ] GC(0) Humongous regions: 0->0
[2023-12-04T14:37:26.419+0000][175][info ][gc,metaspace] GC(0) Metaspace: 1148K(1344K)->1148K(1344K) NonClass: 1066K(1152K)->1066K(1152K) Class: 82K(192K)->82K(192K)
[2023-12-04T14:37:26.419+0000][175][info ][gc          ] GC(0) Pause Young (Normal) (G1 Evacuation Pause) 25M->3M(512M) 1.247ms
[2023-12-04T14:37:26.419+0000][175][info ][gc,cpu      ] GC(0) User=0.00s Sys=0.00s Real=0.00s
[2023-12-04T14:37:26.419+0000][175][info ][safepoint   ] Safepoint "G1CollectForAllocation", Time since last: 153098532 ns, Reaching safepoint: 2091 ns, Cleanup: 45154 ns, At safepoint: 1279774 ns, Total: 1327019 ns
[2023-12-04T14:37:26.640+0000][175][info ][safepoint   ] Safepoint "ICBufferFull", Time since last: 221371962 ns, Reaching safepoint: 2345 ns, Cleanup: 61282 ns, At safepoint: 2529 ns, Total: 66156 ns
[2023-12-04T14:37:26.893+0000][175][info ][safepoint   ] Safepoint "ICBufferFull", Time since last: 252341501 ns, Reaching safepoint: 2775 ns, Cleanup: 92457 ns, At safepoint: 2393 ns, Total: 97625 ns
[2023-12-04T14:37:27.195+0000][175][info ][safepoint   ] Safepoint "ICBufferFull", Time since last: 302166932 ns, Reaching safepoint: 2609 ns, Cleanup: 96364 ns, At safepoint: 1779 ns, Total: 100752 ns
[2023-12-04T14:37:27.333+0000][175][info ][gc,start    ] GC(1) Pause Young (Normal) (G1 Evacuation Pause)
[2023-12-04T14:37:27.333+0000][175][info ][gc,task     ] GC(1) Using 10 workers of 10 for evacuation
[2023-12-04T14:37:27.333+0000][175][debug][gc,age      ] GC(1) Desired survivor size 6291456 bytes, new threshold 15 (max threshold 15)
[2023-12-04T14:37:27.336+0000][175][info ][gc,phases   ] GC(1)   Pre Evacuate Collection Set: 0.1ms
[2023-12-04T14:37:27.336+0000][175][info ][gc,phases   ] GC(1)   Merge Heap Roots: 0.0ms
[2023-12-04T14:37:27.336+0000][175][info ][gc,phases   ] GC(1)   Evacuate Collection Set: 2.2ms
[2023-12-04T14:37:27.336+0000][175][info ][gc,phases   ] GC(1)   Post Evacuate Collection Set: 0.6ms
[2023-12-04T14:37:27.336+0000][175][info ][gc,phases   ] GC(1)   Other: 0.0ms
[2023-12-04T14:37:27.336+0000][175][trace][gc,age      ] GC(1) Age table with threshold 15 (max threshold 15)
[2023-12-04T14:37:27.336+0000][175][trace][gc,age      ] GC(1) - age   1:    6044200 bytes,    6044200 total
[2023-12-04T14:37:27.336+0000][175][trace][gc,age      ] GC(1) - age   2:    2587184 bytes,    8631384 total
[2023-12-04T14:37:27.336+0000][175][info ][gc,heap     ] GC(1) Eden regions: 20->0(28)
[2023-12-04T14:37:27.336+0000][175][info ][gc,heap     ] GC(1) Survivor regions: 1->3(3)
[2023-12-04T14:37:27.336+0000][175][info ][gc,heap     ] GC(1) Old regions: 1->1
[2023-12-04T14:37:27.336+0000][175][info ][gc,heap     ] GC(1) Humongous regions: 0->0
[2023-12-04T14:37:27.336+0000][175][info ][gc,metaspace] GC(1) Metaspace: 18103K(18624K)->18103K(18624K) NonClass: 16131K(16384K)->16131K(16384K) Class: 1972K(2240K)->1972K(2240K)
[2023-12-04T14:37:27.336+0000][175][info ][gc          ] GC(1) Pause Young (Normal) (G1 Evacuation Pause) 83M->9M(512M) 3.189ms
[2023-12-04T14:37:27.336+0000][175][info ][gc,cpu      ] GC(1) User=0.02s Sys=0.00s Real=0.01s
[2023-12-04T14:37:27.336+0000][175][info ][safepoint   ] Safepoint "G1CollectForAllocation", Time since last: 137760902 ns, Reaching safepoint: 67945 ns, Cleanup: 27377 ns, At safepoint: 3225492 ns, Total: 3320814 ns
[2023-12-04T14:37:27.605+0000][175][info ][safepoint   ] Safepoint "ICBufferFull", Time since last: 268839375 ns, Reaching safepoint: 2115 ns, Cleanup: 145218 ns, At safepoint: 2609 ns, Total: 149942 ns
[2023-12-04T14:37:27.752+0000][175][info ][gc,start    ] GC(2) Pause Young (Normal) (G1 Evacuation Pause)
[2023-12-04T14:37:27.752+0000][175][info ][gc,task     ] GC(2) Using 10 workers of 10 for evacuation
[2023-12-04T14:37:27.752+0000][175][debug][gc,age      ] GC(2) Desired survivor size 8388608 bytes, new threshold 2 (max threshold 15)
[2023-12-04T14:37:27.757+0000][175][info ][gc,phases   ] GC(2)   Pre Evacuate Collection Set: 0.1ms
[2023-12-04T14:37:27.757+0000][175][info ][gc,phases   ] GC(2)   Merge Heap Roots: 0.0ms
[2023-12-04T14:37:27.757+0000][175][info ][gc,phases   ] GC(2)   Evacuate Collection Set: 4.2ms
[2023-12-04T14:37:27.757+0000][175][info ][gc,phases   ] GC(2)   Post Evacuate Collection Set: 0.9ms
[2023-12-04T14:37:27.757+0000][175][info ][gc,phases   ] GC(2)   Other: 0.1ms
[2023-12-04T14:37:27.757+0000][175][trace][gc,age      ] GC(2) Age table with threshold 2 (max threshold 15)
[2023-12-04T14:37:27.757+0000][175][trace][gc,age      ] GC(2) - age   1:    3857624 bytes,    3857624 total
[2023-12-04T14:37:27.757+0000][175][trace][gc,age      ] GC(2) - age   2:    5097968 bytes,    8955592 total
[2023-12-04T14:37:27.757+0000][175][info ][gc,heap     ] GC(2) Eden regions: 28->0(73)
[2023-12-04T14:37:27.757+0000][175][info ][gc,heap     ] GC(2) Survivor regions: 3->3(4)
[2023-12-04T14:37:27.757+0000][175][info ][gc,heap     ] GC(2) Old regions: 1->2
[2023-12-04T14:37:27.757+0000][175][info ][gc,heap     ] GC(2) Humongous regions: 0->0
[2023-12-04T14:37:27.757+0000][175][info ][gc,metaspace] GC(2) Metaspace: 20399K(20928K)->20399K(20928K) NonClass: 18193K(18496K)->18193K(18496K) Class: 2206K(2432K)->2206K(2432K)
[2023-12-04T14:37:27.757+0000][175][info ][gc          ] GC(2) Pause Young (Normal) (G1 Evacuation Pause) 121M->12M(512M) 5.579ms
[2023-12-04T14:37:27.757+0000][175][info ][gc,cpu      ] GC(2) User=0.04s Sys=0.00s Real=0.01s
[2023-12-04T14:37:27.757+0000][175][info ][safepoint   ] Safepoint "G1CollectForAllocation", Time since last: 146464515 ns, Reaching safepoint: 3817 ns, Cleanup: 56661 ns, At safepoint: 5620191 ns, Total: 5680669 ns
[2023-12-04T14:37:27.865+0000][175][info ][gc,start    ] GC(3) Pause Young (Concurrent Start) (Metadata GC Threshold)
[2023-12-04T14:37:27.865+0000][175][info ][gc,task     ] GC(3) Using 10 workers of 10 for evacuation
[2023-12-04T14:37:27.865+0000][175][debug][gc,age      ] GC(3) Desired survivor size 20971520 bytes, new threshold 15 (max threshold 15)
[2023-12-04T14:37:27.868+0000][175][info ][gc,phases   ] GC(3)   Pre Evacuate Collection Set: 0.1ms
[2023-12-04T14:37:27.868+0000][175][info ][gc,phases   ] GC(3)   Merge Heap Roots: 0.0ms
[2023-12-04T14:37:27.868+0000][175][info ][gc,phases   ] GC(3)   Evacuate Collection Set: 2.3ms
[2023-12-04T14:37:27.868+0000][175][info ][gc,phases   ] GC(3)   Post Evacuate Collection Set: 0.5ms
[2023-12-04T14:37:27.868+0000][175][info ][gc,phases   ] GC(3)   Other: 0.1ms
[2023-12-04T14:37:27.868+0000][175][trace][gc,age      ] GC(3) Age table with threshold 15 (max threshold 15)
[2023-12-04T14:37:27.868+0000][175][trace][gc,age      ] GC(3) - age   1:     961656 bytes,     961656 total
[2023-12-04T14:37:27.868+0000][175][trace][gc,age      ] GC(3) - age   2:    2597032 bytes,    3558688 total
[2023-12-04T14:37:27.868+0000][175][trace][gc,age      ] GC(3) - age   3:    5095648 bytes,    8654336 total
[2023-12-04T14:37:27.868+0000][175][info ][gc,heap     ] GC(3) Eden regions: 18->0(73)
[2023-12-04T14:37:27.868+0000][175][info ][gc,heap     ] GC(3) Survivor regions: 3->3(10)
[2023-12-04T14:37:27.868+0000][175][info ][gc,heap     ] GC(3) Old regions: 2->2
[2023-12-04T14:37:27.868+0000][175][info ][gc,heap     ] GC(3) Humongous regions: 0->0
[2023-12-04T14:37:27.868+0000][175][info ][gc,metaspace] GC(3) Metaspace: 20988K(21504K)->20988K(21504K) NonClass: 18737K(19008K)->18737K(19008K) Class: 2251K(2496K)->2251K(2496K)
[2023-12-04T14:37:27.868+0000][175][info ][gc          ] GC(3) Pause Young (Concurrent Start) (Metadata GC Threshold) 82M->12M(512M) 3.177ms
[2023-12-04T14:37:27.868+0000][175][info ][gc,cpu      ] GC(3) User=0.03s Sys=0.00s Real=0.01s
[2023-12-04T14:37:27.868+0000][175][info ][gc          ] GC(4) Concurrent Mark Cycle
[2023-12-04T14:37:27.868+0000][175][info ][gc,marking  ] GC(4) Concurrent Scan Root Regions
[2023-12-04T14:37:27.868+0000][175][info ][safepoint   ] Safepoint "CollectForMetadataAllocation", Time since last: 107641637 ns, Reaching safepoint: 2160 ns, Cleanup: 23027 ns, At safepoint: 3282438 ns, Total: 3307625 ns
[2023-12-04T14:37:27.870+0000][175][info ][gc,marking  ] GC(4) Concurrent Scan Root Regions 2.301ms
[2023-12-04T14:37:27.870+0000][175][info ][gc,marking  ] GC(4) Concurrent Mark
[2023-12-04T14:37:27.870+0000][175][info ][gc,marking  ] GC(4) Concurrent Mark From Roots
[2023-12-04T14:37:27.870+0000][175][info ][gc,task     ] GC(4) Using 3 workers of 3 for marking
[2023-12-04T14:37:27.872+0000][175][info ][gc,marking  ] GC(4) Concurrent Mark From Roots 1.743ms
[2023-12-04T14:37:27.872+0000][175][info ][gc,marking  ] GC(4) Concurrent Preclean
[2023-12-04T14:37:27.872+0000][175][info ][gc,marking  ] GC(4) Concurrent Preclean 0.012ms
[2023-12-04T14:37:27.872+0000][175][info ][gc,start    ] GC(4) Pause Remark
[2023-12-04T14:37:27.874+0000][175][info ][gc          ] GC(4) Pause Remark 15M->15M(512M) 1.499ms
[2023-12-04T14:37:27.874+0000][175][info ][gc,cpu      ] GC(4) User=0.01s Sys=0.00s Real=0.00s
[2023-12-04T14:37:27.874+0000][175][info ][safepoint   ] Safepoint "G1PauseRemark", Time since last: 4116377 ns, Reaching safepoint: 70448 ns, Cleanup: 1926 ns, At safepoint: 1545109 ns, Total: 1617483 ns
[2023-12-04T14:37:27.874+0000][175][info ][gc,marking  ] GC(4) Concurrent Mark 3.572ms
[2023-12-04T14:37:27.874+0000][175][info ][gc,marking  ] GC(4) Concurrent Rebuild Remembered Sets and Scrub Regions
[2023-12-04T14:37:27.875+0000][175][info ][gc,marking  ] GC(4) Concurrent Rebuild Remembered Sets and Scrub Regions 0.897ms
[2023-12-04T14:37:27.875+0000][175][info ][gc,start    ] GC(4) Pause Cleanup
[2023-12-04T14:37:27.875+0000][175][info ][gc          ] GC(4) Pause Cleanup 15M->15M(512M) 0.066ms
[2023-12-04T14:37:27.875+0000][175][info ][gc,cpu      ] GC(4) User=0.00s Sys=0.00s Real=0.00s
[2023-12-04T14:37:27.875+0000][175][info ][safepoint   ] Safepoint "G1PauseCleanup", Time since last: 1073400 ns, Reaching safepoint: 68476 ns, Cleanup: 1436 ns, At safepoint: 94051 ns, Total: 163963 ns
[2023-12-04T14:37:27.875+0000][175][info ][gc,marking  ] GC(4) Concurrent Clear Claimed Marks
[2023-12-04T14:37:27.875+0000][175][info ][gc,marking  ] GC(4) Concurrent Clear Claimed Marks 0.026ms
[2023-12-04T14:37:27.875+0000][175][info ][gc,marking  ] GC(4) Concurrent Cleanup for Next Mark
[2023-12-04T14:37:27.875+0000][175][info ][gc,marking  ] GC(4) Concurrent Cleanup for Next Mark 0.216ms
[2023-12-04T14:37:27.875+0000][175][info ][gc          ] GC(4) Concurrent Mark Cycle 7.294ms
[2023-12-04T14:37:28.275+0000][175][info ][safepoint   ] Safepoint "ICBufferFull", Time since last: 399432118 ns, Reaching safepoint: 3055 ns, Cleanup: 78083 ns, At safepoint: 1930 ns, Total: 83068 ns
[2023-12-04T14:37:28.448+0000][175][info ][gc,start    ] GC(5) Pause Young (Prepare Mixed) (G1 Evacuation Pause)
[2023-12-04T14:37:28.448+0000][175][info ][gc,task     ] GC(5) Using 10 workers of 10 for evacuation
[2023-12-04T14:37:28.448+0000][175][debug][gc,age      ] GC(5) Desired survivor size 20971520 bytes, new threshold 15 (max threshold 15)
[2023-12-04T14:37:28.452+0000][175][info ][gc,phases   ] GC(5)   Pre Evacuate Collection Set: 0.1ms
[2023-12-04T14:37:28.452+0000][175][info ][gc,phases   ] GC(5)   Merge Heap Roots: 0.0ms
[2023-12-04T14:37:28.452+0000][175][info ][gc,phases   ] GC(5)   Evacuate Collection Set: 3.6ms
[2023-12-04T14:37:28.452+0000][175][info ][gc,phases   ] GC(5)   Post Evacuate Collection Set: 0.6ms
[2023-12-04T14:37:28.452+0000][175][info ][gc,phases   ] GC(5)   Other: 0.1ms
[2023-12-04T14:37:28.452+0000][175][trace][gc,age      ] GC(5) Age table with threshold 15 (max threshold 15)
[2023-12-04T14:37:28.452+0000][175][trace][gc,age      ] GC(5) - age   1:    7357432 bytes,    7357432 total
[2023-12-04T14:37:28.452+0000][175][trace][gc,age      ] GC(5) - age   2:     879360 bytes,    8236792 total
[2023-12-04T14:37:28.452+0000][175][trace][gc,age      ] GC(5) - age   3:    2593400 bytes,   10830192 total
[2023-12-04T14:37:28.452+0000][175][trace][gc,age      ] GC(5) - age   4:    5090256 bytes,   15920448 total
[2023-12-04T14:37:28.452+0000][175][info ][gc,heap     ] GC(5) Eden regions: 73->0(72)
[2023-12-04T14:37:28.452+0000][175][info ][gc,heap     ] GC(5) Survivor regions: 3->4(10)
[2023-12-04T14:37:28.452+0000][175][info ][gc,heap     ] GC(5) Old regions: 2->2
[2023-12-04T14:37:28.452+0000][175][info ][gc,heap     ] GC(5) Humongous regions: 0->0
[2023-12-04T14:37:28.452+0000][175][info ][gc,metaspace] GC(5) Metaspace: 28229K(28800K)->28229K(28800K) NonClass: 25056K(25408K)->25056K(25408K) Class: 3172K(3392K)->3172K(3392K)
[2023-12-04T14:37:28.452+0000][175][info ][gc          ] GC(5) Pause Young (Prepare Mixed) (G1 Evacuation Pause) 304M->19M(512M) 4.563ms
[2023-12-04T14:37:28.452+0000][175][info ][gc,cpu      ] GC(5) User=0.04s Sys=0.00s Real=0.00s
[2023-12-04T14:37:28.452+0000][175][info ][safepoint   ] Safepoint "G1CollectForAllocation", Time since last: 172906097 ns, Reaching safepoint: 3444 ns, Cleanup: 47615 ns, At safepoint: 4605946 ns, Total: 4657005 ns
[2023-12-04T14:37:28.713+0000][175][info ][gc,start    ] GC(6) Pause Young (Mixed) (G1 Evacuation Pause)
[2023-12-04T14:37:28.713+0000][175][info ][gc,task     ] GC(6) Using 10 workers of 10 for evacuation
[2023-12-04T14:37:28.713+0000][175][debug][gc,age      ] GC(6) Desired survivor size 20971520 bytes, new threshold 15 (max threshold 15)
[2023-12-04T14:37:28.719+0000][175][info ][gc,phases   ] GC(6)   Pre Evacuate Collection Set: 0.2ms
[2023-12-04T14:37:28.719+0000][175][info ][gc,phases   ] GC(6)   Merge Heap Roots: 0.1ms
[2023-12-04T14:37:28.719+0000][175][info ][gc,phases   ] GC(6)   Evacuate Collection Set: 4.4ms
[2023-12-04T14:37:28.719+0000][175][info ][gc,phases   ] GC(6)   Post Evacuate Collection Set: 0.6ms
[2023-12-04T14:37:28.719+0000][175][info ][gc,phases   ] GC(6)   Other: 0.1ms
[2023-12-04T14:37:28.719+0000][175][trace][gc,age      ] GC(6) Age table with threshold 15 (max threshold 15)
[2023-12-04T14:37:28.719+0000][175][trace][gc,age      ] GC(6) - age   1:    2713008 bytes,    2713008 total
[2023-12-04T14:37:28.719+0000][175][trace][gc,age      ] GC(6) - age   2:    6405288 bytes,    9118296 total
[2023-12-04T14:37:28.719+0000][175][trace][gc,age      ] GC(6) - age   3:     879168 bytes,    9997464 total
[2023-12-04T14:37:28.719+0000][175][trace][gc,age      ] GC(6) - age   4:    2592152 bytes,   12589616 total
[2023-12-04T14:37:28.719+0000][175][trace][gc,age      ] GC(6) - age   5:    5090224 bytes,   17679840 total
[2023-12-04T14:37:28.719+0000][175][info ][gc,heap     ] GC(6) Eden regions: 72->0(71)
[2023-12-04T14:37:28.719+0000][175][info ][gc,heap     ] GC(6) Survivor regions: 4->5(10)
[2023-12-04T14:37:28.719+0000][175][info ][gc,heap     ] GC(6) Old regions: 2->1
[2023-12-04T14:37:28.719+0000][175][info ][gc,heap     ] GC(6) Humongous regions: 0->0
[2023-12-04T14:37:28.719+0000][175][info ][gc,metaspace] GC(6) Metaspace: 28947K(29632K)->28947K(29632K) NonClass: 25677K(26112K)->25677K(26112K) Class: 3269K(3520K)->3269K(3520K)
[2023-12-04T14:37:28.719+0000][175][info ][gc          ] GC(6) Pause Young (Mixed) (G1 Evacuation Pause) 307M->21M(512M) 5.646ms
[2023-12-04T14:37:28.719+0000][175][info ][gc,cpu      ] GC(6) User=0.04s Sys=0.01s Real=0.01s
[2023-12-04T14:37:28.719+0000][175][info ][safepoint   ] Safepoint "G1CollectForAllocation", Time since last: 260778081 ns, Reaching safepoint: 194721 ns, Cleanup: 47244 ns, At safepoint: 5685336 ns, Total: 5927301 ns
[2023-12-04T14:37:29.124+0000][175][info ][safepoint   ] Safepoint "ICBufferFull", Time since last: 405297827 ns, Reaching safepoint: 2518 ns, Cleanup: 75938 ns, At safepoint: 2115 ns, Total: 80571 ns
[2023-12-04T14:37:29.245+0000][175][info ][gc,start    ] GC(7) Pause Young (Normal) (G1 Evacuation Pause)
[2023-12-04T14:37:29.245+0000][175][info ][gc,task     ] GC(7) Using 10 workers of 10 for evacuation
[2023-12-04T14:37:29.245+0000][175][debug][gc,age      ] GC(7) Desired survivor size 20971520 bytes, new threshold 15 (max threshold 15)
[2023-12-04T14:37:29.251+0000][175][info ][gc,phases   ] GC(7)   Pre Evacuate Collection Set: 0.1ms
[2023-12-04T14:37:29.251+0000][175][info ][gc,phases   ] GC(7)   Merge Heap Roots: 0.0ms
[2023-12-04T14:37:29.251+0000][175][info ][gc,phases   ] GC(7)   Evacuate Collection Set: 4.8ms
[2023-12-04T14:37:29.251+0000][175][info ][gc,phases   ] GC(7)   Post Evacuate Collection Set: 0.6ms
[2023-12-04T14:37:29.251+0000][175][info ][gc,phases   ] GC(7)   Other: 0.1ms
[2023-12-04T14:37:29.251+0000][175][trace][gc,age      ] GC(7) Age table with threshold 15 (max threshold 15)
[2023-12-04T14:37:29.251+0000][175][trace][gc,age      ] GC(7) - age   1:    7734264 bytes,    7734264 total
[2023-12-04T14:37:29.251+0000][175][trace][gc,age      ] GC(7) - age   2:    2257016 bytes,    9991280 total
[2023-12-04T14:37:29.251+0000][175][trace][gc,age      ] GC(7) - age   3:    6401376 bytes,   16392656 total
[2023-12-04T14:37:29.251+0000][175][trace][gc,age      ] GC(7) - age   4:     879168 bytes,   17271824 total
[2023-12-04T14:37:29.251+0000][175][trace][gc,age      ] GC(7) - age   5:    2591880 bytes,   19863704 total
[2023-12-04T14:37:29.251+0000][175][trace][gc,age      ] GC(7) - age   6:    5089280 bytes,   24952984 total
[2023-12-04T14:37:29.251+0000][175][info ][gc,heap     ] GC(7) Eden regions: 71->0(69)
[2023-12-04T14:37:29.251+0000][175][info ][gc,heap     ] GC(7) Survivor regions: 5->7(10)
[2023-12-04T14:37:29.251+0000][175][info ][gc,heap     ] GC(7) Old regions: 1->1
[2023-12-04T14:37:29.251+0000][175][info ][gc,heap     ] GC(7) Humongous regions: 0->0
[2023-12-04T14:37:29.251+0000][175][info ][gc,metaspace] GC(7) Metaspace: 34470K(35200K)->34470K(35200K) NonClass: 30581K(30976K)->30581K(30976K) Class: 3889K(4224K)->3889K(4224K)
[2023-12-04T14:37:29.251+0000][175][info ][gc          ] GC(7) Pause Young (Normal) (G1 Evacuation Pause) 305M->29M(512M) 5.799ms
[2023-12-04T14:37:29.251+0000][175][info ][gc,cpu      ] GC(7) User=0.05s Sys=0.00s Real=0.01s
[2023-12-04T14:37:29.251+0000][175][info ][safepoint   ] Safepoint "G1CollectForAllocation", Time since last: 120638810 ns, Reaching safepoint: 2346 ns, Cleanup: 26167 ns, At safepoint: 5834646 ns, Total: 5863159 ns
[2023-12-04T14:37:29.285+0000][175][info ][gc,start    ] GC(8) Pause Young (Concurrent Start) (Metadata GC Threshold)
[2023-12-04T14:37:29.285+0000][175][info ][gc,task     ] GC(8) Using 10 workers of 10 for evacuation
[2023-12-04T14:37:29.285+0000][175][debug][gc,age      ] GC(8) Desired survivor size 20971520 bytes, new threshold 6 (max threshold 15)
[2023-12-04T14:37:29.291+0000][175][info ][gc,phases   ] GC(8)   Pre Evacuate Collection Set: 0.2ms
[2023-12-04T14:37:29.291+0000][175][info ][gc,phases   ] GC(8)   Merge Heap Roots: 0.0ms
[2023-12-04T14:37:29.291+0000][175][info ][gc,phases   ] GC(8)   Evacuate Collection Set: 4.7ms
[2023-12-04T14:37:29.291+0000][175][info ][gc,phases   ] GC(8)   Post Evacuate Collection Set: 0.5ms
[2023-12-04T14:37:29.291+0000][175][info ][gc,phases   ] GC(8)   Other: 0.1ms
[2023-12-04T14:37:29.291+0000][175][trace][gc,age      ] GC(8) Age table with threshold 6 (max threshold 15)
[2023-12-04T14:37:29.291+0000][175][trace][gc,age      ] GC(8) - age   1:     214480 bytes,     214480 total
[2023-12-04T14:37:29.291+0000][175][trace][gc,age      ] GC(8) - age   2:    7718656 bytes,    7933136 total
[2023-12-04T14:37:29.291+0000][175][trace][gc,age      ] GC(8) - age   3:    2256256 bytes,   10189392 total
[2023-12-04T14:37:29.291+0000][175][trace][gc,age      ] GC(8) - age   4:    6401000 bytes,   16590392 total
[2023-12-04T14:37:29.291+0000][175][trace][gc,age      ] GC(8) - age   5:     879168 bytes,   17469560 total
[2023-12-04T14:37:29.291+0000][175][trace][gc,age      ] GC(8) - age   6:    2591096 bytes,   20060656 total
[2023-12-04T14:37:29.291+0000][175][info ][gc,heap     ] GC(8) Eden regions: 2->0(70)
[2023-12-04T14:37:29.291+0000][175][info ][gc,heap     ] GC(8) Survivor regions: 7->6(10)
[2023-12-04T14:37:29.291+0000][175][info ][gc,heap     ] GC(8) Old regions: 1->3
[2023-12-04T14:37:29.291+0000][175][info ][gc,heap     ] GC(8) Humongous regions: 0->0
[2023-12-04T14:37:29.291+0000][175][info ][gc,metaspace] GC(8) Metaspace: 35384K(36160K)->35384K(36160K) NonClass: 31379K(31872K)->31379K(31872K) Class: 4005K(4288K)->4005K(4288K)
[2023-12-04T14:37:29.291+0000][175][info ][gc          ] GC(8) Pause Young (Concurrent Start) (Metadata GC Threshold) 35M->29M(512M) 5.711ms
[2023-12-04T14:37:29.291+0000][175][info ][gc,cpu      ] GC(8) User=0.04s Sys=0.01s Real=0.01s
[2023-12-04T14:37:29.291+0000][175][info ][gc          ] GC(9) Concurrent Mark Cycle
[2023-12-04T14:37:29.291+0000][175][info ][gc,marking  ] GC(9) Concurrent Scan Root Regions
[2023-12-04T14:37:29.291+0000][175][info ][safepoint   ] Safepoint "CollectForMetadataAllocation", Time since last: 34712644 ns, Reaching safepoint: 2470 ns, Cleanup: 11612 ns, At safepoint: 5796716 ns, Total: 5810798 ns
[2023-12-04T14:37:29.295+0000][175][info ][gc,marking  ] GC(9) Concurrent Scan Root Regions 3.586ms
[2023-12-04T14:37:29.295+0000][175][info ][gc,marking  ] GC(9) Concurrent Mark
[2023-12-04T14:37:29.295+0000][175][info ][gc,marking  ] GC(9) Concurrent Mark From Roots
[2023-12-04T14:37:29.295+0000][175][info ][gc,task     ] GC(9) Using 3 workers of 3 for marking
[2023-12-04T14:37:29.297+0000][175][info ][gc,marking  ] GC(9) Concurrent Mark From Roots 2.129ms
[2023-12-04T14:37:29.297+0000][175][info ][gc,marking  ] GC(9) Concurrent Preclean
[2023-12-04T14:37:29.297+0000][175][info ][gc,marking  ] GC(9) Concurrent Preclean 0.033ms
[2023-12-04T14:37:29.297+0000][175][info ][gc,start    ] GC(9) Pause Remark
[2023-12-04T14:37:29.299+0000][175][info ][gc          ] GC(9) Pause Remark 31M->31M(512M) 2.028ms
[2023-12-04T14:37:29.299+0000][175][info ][gc,cpu      ] GC(9) User=0.01s Sys=0.00s Real=0.00s
[2023-12-04T14:37:29.299+0000][175][info ][safepoint   ] Safepoint "G1PauseRemark", Time since last: 5880740 ns, Reaching safepoint: 69482 ns, Cleanup: 6983 ns, At safepoint: 2066474 ns, Total: 2142939 ns
[2023-12-04T14:37:29.299+0000][175][info ][gc,marking  ] GC(9) Concurrent Mark 4.483ms
[2023-12-04T14:37:29.299+0000][175][info ][gc,marking  ] GC(9) Concurrent Rebuild Remembered Sets and Scrub Regions
[2023-12-04T14:37:29.301+0000][175][info ][gc,marking  ] GC(9) Concurrent Rebuild Remembered Sets and Scrub Regions 1.896ms
[2023-12-04T14:37:29.301+0000][175][info ][gc,start    ] GC(9) Pause Cleanup
[2023-12-04T14:37:29.301+0000][175][info ][gc          ] GC(9) Pause Cleanup 31M->31M(512M) 0.058ms
[2023-12-04T14:37:29.301+0000][175][info ][gc,cpu      ] GC(9) User=0.00s Sys=0.00s Real=0.00s
[2023-12-04T14:37:29.301+0000][175][info ][safepoint   ] Safepoint "G1PauseCleanup", Time since last: 2024249 ns, Reaching safepoint: 70235 ns, Cleanup: 6717 ns, At safepoint: 114661 ns, Total: 191613 ns
[2023-12-04T14:37:29.301+0000][175][info ][gc,marking  ] GC(9) Concurrent Clear Claimed Marks
[2023-12-04T14:37:29.302+0000][175][info ][gc,marking  ] GC(9) Concurrent Clear Claimed Marks 0.051ms
[2023-12-04T14:37:29.302+0000][175][info ][gc,marking  ] GC(9) Concurrent Cleanup for Next Mark
[2023-12-04T14:37:29.302+0000][175][info ][gc,marking  ] GC(9) Concurrent Cleanup for Next Mark 0.244ms
[2023-12-04T14:37:29.302+0000][175][info ][gc          ] GC(9) Concurrent Mark Cycle 10.603ms
[2023-12-04T14:37:29.569+0000][175][info ][gc,start    ] GC(10) Pause Young (Normal) (G1 Evacuation Pause)
[2023-12-04T14:37:29.569+0000][175][info ][gc,task     ] GC(10) Using 10 workers of 10 for evacuation
[2023-12-04T14:37:29.569+0000][175][debug][gc,age      ] GC(10) Desired survivor size 20971520 bytes, new threshold 15 (max threshold 15)
[2023-12-04T14:37:29.573+0000][175][info ][gc,phases   ] GC(10)   Pre Evacuate Collection Set: 0.1ms
[2023-12-04T14:37:29.573+0000][175][info ][gc,phases   ] GC(10)   Merge Heap Roots: 0.0ms
[2023-12-04T14:37:29.573+0000][175][info ][gc,phases   ] GC(10)   Evacuate Collection Set: 3.7ms
[2023-12-04T14:37:29.573+0000][175][info ][gc,phases   ] GC(10)   Post Evacuate Collection Set: 0.4ms
[2023-12-04T14:37:29.573+0000][175][info ][gc,phases   ] GC(10)   Other: 0.0ms
[2023-12-04T14:37:29.573+0000][175][trace][gc,age      ] GC(10) Age table with threshold 15 (max threshold 15)
[2023-12-04T14:37:29.573+0000][175][trace][gc,age      ] GC(10) - age   1:    3373424 bytes,    3373424 total
[2023-12-04T14:37:29.573+0000][175][trace][gc,age      ] GC(10) - age   2:     200888 bytes,    3574312 total
[2023-12-04T14:37:29.573+0000][175][trace][gc,age      ] GC(10) - age   3:    7716768 bytes,   11291080 total
[2023-12-04T14:37:29.573+0000][175][trace][gc,age      ] GC(10) - age   4:    2256224 bytes,   13547304 total
[2023-12-04T14:37:29.573+0000][175][trace][gc,age      ] GC(10) - age   5:    6398376 bytes,   19945680 total
[2023-12-04T14:37:29.573+0000][175][trace][gc,age      ] GC(10) - age   6:     879168 bytes,   20824848 total
[2023-12-04T14:37:29.573+0000][175][trace][gc,age      ] GC(10) - age   7:    2591064 bytes,   23415912 total
[2023-12-04T14:37:29.573+0000][175][info ][gc,heap     ] GC(10) Eden regions: 70->0(69)
[2023-12-04T14:37:29.573+0000][175][info ][gc,heap     ] GC(10) Survivor regions: 6->7(10)
[2023-12-04T14:37:29.573+0000][175][info ][gc,heap     ] GC(10) Old regions: 3->3
[2023-12-04T14:37:29.573+0000][175][info ][gc,heap     ] GC(10) Humongous regions: 0->0
[2023-12-04T14:37:29.574+0000][175][info ][gc,metaspace] GC(10) Metaspace: 36338K(37184K)->36338K(37184K) NonClass: 32211K(32704K)->32211K(32704K) Class: 4127K(4480K)->4127K(4480K)
[2023-12-04T14:37:29.574+0000][175][info ][gc          ] GC(10) Pause Young (Normal) (G1 Evacuation Pause) 309M->32M(512M) 4.509ms
[2023-12-04T14:37:29.574+0000][175][info ][gc,cpu      ] GC(10) User=0.04s Sys=0.00s Real=0.00s
[2023-12-04T14:37:29.574+0000][175][info ][safepoint   ] Safepoint "G1CollectForAllocation", Time since last: 267514624 ns, Reaching safepoint: 2922 ns, Cleanup: 27157 ns, At safepoint: 4546134 ns, Total: 4576213 ns
[2023-12-04T14:37:30.004+0000][175][info ][safepoint   ] Safepoint "ICBufferFull", Time since last: 430381040 ns, Reaching safepoint: 2461 ns, Cleanup: 73248 ns, At safepoint: 1896 ns, Total: 77605 ns
[2023-12-04T14:37:30.179+0000][175][info ][gc,start    ] GC(11) Pause Young (Normal) (G1 Evacuation Pause)
[2023-12-04T14:37:30.179+0000][175][info ][gc,task     ] GC(11) Using 10 workers of 10 for evacuation
[2023-12-04T14:37:30.179+0000][175][debug][gc,age      ] GC(11) Desired survivor size 20971520 bytes, new threshold 7 (max threshold 15)
[2023-12-04T14:37:30.185+0000][175][info ][gc,phases   ] GC(11)   Pre Evacuate Collection Set: 0.1ms
[2023-12-04T14:37:30.185+0000][175][info ][gc,phases   ] GC(11)   Merge Heap Roots: 0.0ms
[2023-12-04T14:37:30.185+0000][175][info ][gc,phases   ] GC(11)   Evacuate Collection Set: 5.2ms
[2023-12-04T14:37:30.185+0000][175][info ][gc,phases   ] GC(11)   Post Evacuate Collection Set: 0.6ms
[2023-12-04T14:37:30.185+0000][175][info ][gc,phases   ] GC(11)   Other: 0.1ms
[2023-12-04T14:37:30.185+0000][175][trace][gc,age      ] GC(11) Age table with threshold 7 (max threshold 15)
[2023-12-04T14:37:30.185+0000][175][trace][gc,age      ] GC(11) - age   1:    6477744 bytes,    6477744 total
[2023-12-04T14:37:30.185+0000][175][trace][gc,age      ] GC(11) - age   2:    1326864 bytes,    7804608 total
[2023-12-04T14:37:30.185+0000][175][trace][gc,age      ] GC(11) - age   3:     196312 bytes,    8000920 total
[2023-12-04T14:37:30.185+0000][175][trace][gc,age      ] GC(11) - age   4:    7691464 bytes,   15692384 total
[2023-12-04T14:37:30.185+0000][175][trace][gc,age      ] GC(11) - age   5:    2237920 bytes,   17930304 total
[2023-12-04T14:37:30.185+0000][175][trace][gc,age      ] GC(11) - age   6:    6374584 bytes,   24304888 total
[2023-12-04T14:37:30.185+0000][175][trace][gc,age      ] GC(11) - age   7:     874688 bytes,   25179576 total
[2023-12-04T14:37:30.185+0000][175][info ][gc,heap     ] GC(11) Eden regions: 69->0(69)
[2023-12-04T14:37:30.185+0000][175][info ][gc,heap     ] GC(11) Survivor regions: 7->7(10)
[2023-12-04T14:37:30.185+0000][175][info ][gc,heap     ] GC(11) Old regions: 3->3
[2023-12-04T14:37:30.185+0000][175][info ][gc,heap     ] GC(11) Humongous regions: 0->0
[2023-12-04T14:37:30.185+0000][175][info ][gc,metaspace] GC(11) Metaspace: 45725K(46720K)->45725K(46720K) NonClass: 40357K(40960K)->40357K(40960K) Class: 5367K(5760K)->5367K(5760K)
[2023-12-04T14:37:30.185+0000][175][info ][gc          ] GC(11) Pause Young (Normal) (G1 Evacuation Pause) 308M->37M(512M) 6.217ms
[2023-12-04T14:37:30.185+0000][175][info ][gc,cpu      ] GC(11) User=0.05s Sys=0.00s Real=0.00s
[2023-12-04T14:37:30.185+0000][175][info ][safepoint   ] Safepoint "G1CollectForAllocation", Time since last: 174577295 ns, Reaching safepoint: 3247 ns, Cleanup: 38119 ns, At safepoint: 6259140 ns, Total: 6300506 ns
[2023-12-04T14:37:31.007+0000][175][info ][safepoint   ] Safepoint "ICBufferFull", Time since last: 822000565 ns, Reaching safepoint: 2462 ns, Cleanup: 67664 ns, At safepoint: 1895 ns, Total: 72021 ns
[2023-12-04T14:37:31.468+0000][175][info ][gc,start    ] GC(12) Pause Young (Normal) (G1 Evacuation Pause)
[2023-12-04T14:37:31.468+0000][175][info ][gc,task     ] GC(12) Using 10 workers of 10 for evacuation
[2023-12-04T14:37:31.468+0000][175][debug][gc,age      ] GC(12) Desired survivor size 20971520 bytes, new threshold 6 (max threshold 15)
[2023-12-04T14:37:31.478+0000][175][info ][gc,phases   ] GC(12)   Pre Evacuate Collection Set: 0.1ms
[2023-12-04T14:37:31.478+0000][175][info ][gc,phases   ] GC(12)   Merge Heap Roots: 0.0ms
[2023-12-04T14:37:31.478+0000][175][info ][gc,phases   ] GC(12)   Evacuate Collection Set: 8.5ms
[2023-12-04T14:37:31.478+0000][175][info ][gc,phases   ] GC(12)   Post Evacuate Collection Set: 0.9ms
[2023-12-04T14:37:31.478+0000][175][info ][gc,phases   ] GC(12)   Other: 0.0ms
[2023-12-04T14:37:31.478+0000][175][trace][gc,age      ] GC(12) Age table with threshold 6 (max threshold 15)
[2023-12-04T14:37:31.478+0000][175][trace][gc,age      ] GC(12) - age   1:   18609648 bytes,   18609648 total
[2023-12-04T14:37:31.478+0000][175][trace][gc,age      ] GC(12) - age   2:    6225864 bytes,   24835512 total
[2023-12-04T14:37:31.478+0000][175][trace][gc,age      ] GC(12) - age   3:    1326128 bytes,   26161640 total
[2023-12-04T14:37:31.478+0000][175][trace][gc,age      ] GC(12) - age   4:     196032 bytes,   26357672 total
[2023-12-04T14:37:31.478+0000][175][trace][gc,age      ] GC(12) - age   5:    7688296 bytes,   34045968 total
[2023-12-04T14:37:31.478+0000][175][trace][gc,age      ] GC(12) - age   6:    2237568 bytes,   36283536 total
[2023-12-04T14:37:31.478+0000][175][info ][gc,heap     ] GC(12) Eden regions: 69->0(67)
[2023-12-04T14:37:31.478+0000][175][info ][gc,heap     ] GC(12) Survivor regions: 7->9(10)
[2023-12-04T14:37:31.478+0000][175][info ][gc,heap     ] GC(12) Old regions: 3->5
[2023-12-04T14:37:31.478+0000][175][info ][gc,heap     ] GC(12) Humongous regions: 0->0
[2023-12-04T14:37:31.478+0000][175][info ][gc,metaspace] GC(12) Metaspace: 52284K(53696K)->52284K(53696K) NonClass: 45901K(46720K)->45901K(46720K) Class: 6383K(6976K)->6383K(6976K)
[2023-12-04T14:37:31.478+0000][175][info ][gc          ] GC(12) Pause Young (Normal) (G1 Evacuation Pause) 313M->54M(512M) 9.729ms
[2023-12-04T14:37:31.478+0000][175][info ][gc,cpu      ] GC(12) User=0.09s Sys=0.00s Real=0.01s
[2023-12-04T14:37:31.478+0000][175][info ][safepoint   ] Safepoint "G1CollectForAllocation", Time since last: 461319057 ns, Reaching safepoint: 68890 ns, Cleanup: 59301 ns, At safepoint: 9764369 ns, Total: 9892560 ns
[2023-12-04T14:37:31.779+0000][175][info ][safepoint   ] Safepoint "ICBufferFull", Time since last: 301054730 ns, Reaching safepoint: 2705 ns, Cleanup: 68537 ns, At safepoint: 1825 ns, Total: 73067 ns
[2023-12-04T14:37:31.966+0000][175][info ][gc,start    ] GC(13) Pause Young (Concurrent Start) (Metadata GC Threshold)
[2023-12-04T14:37:31.966+0000][175][info ][gc,task     ] GC(13) Using 10 workers of 10 for evacuation
[2023-12-04T14:37:31.966+0000][175][debug][gc,age      ] GC(13) Desired survivor size 20971520 bytes, new threshold 2 (max threshold 15)
[2023-12-04T14:37:31.976+0000][175][info ][gc,phases   ] GC(13)   Pre Evacuate Collection Set: 0.1ms
[2023-12-04T14:37:31.976+0000][175][info ][gc,phases   ] GC(13)   Merge Heap Roots: 0.0ms
[2023-12-04T14:37:31.976+0000][175][info ][gc,phases   ] GC(13)   Evacuate Collection Set: 8.8ms
[2023-12-04T14:37:31.976+0000][175][info ][gc,phases   ] GC(13)   Post Evacuate Collection Set: 0.7ms
[2023-12-04T14:37:31.976+0000][175][info ][gc,phases   ] GC(13)   Other: 0.1ms
[2023-12-04T14:37:31.976+0000][175][trace][gc,age      ] GC(13) Age table with threshold 2 (max threshold 15)
[2023-12-04T14:37:31.976+0000][175][trace][gc,age      ] GC(13) - age   1:    3177752 bytes,    3177752 total
[2023-12-04T14:37:31.976+0000][175][trace][gc,age      ] GC(13) - age   2:   18492248 bytes,   21670000 total
[2023-12-04T14:37:31.976+0000][175][info ][gc,heap     ] GC(13) Eden regions: 31->0(70)
[2023-12-04T14:37:31.976+0000][175][info ][gc,heap     ] GC(13) Survivor regions: 9->6(10)
[2023-12-04T14:37:31.976+0000][175][info ][gc,heap     ] GC(13) Old regions: 5->9
[2023-12-04T14:37:31.976+0000][175][info ][gc,heap     ] GC(13) Humongous regions: 0->0
[2023-12-04T14:37:31.976+0000][175][info ][gc,metaspace] GC(13) Metaspace: 59084K(60480K)->59084K(60480K) NonClass: 51863K(52672K)->51863K(52672K) Class: 7221K(7808K)->7221K(7808K)
[2023-12-04T14:37:31.976+0000][175][info ][gc          ] GC(13) Pause Young (Concurrent Start) (Metadata GC Threshold) 178M->58M(512M) 9.875ms
[2023-12-04T14:37:31.976+0000][175][info ][gc,cpu      ] GC(13) User=0.09s Sys=0.00s Real=0.01s
[2023-12-04T14:37:31.976+0000][175][info ][gc          ] GC(14) Concurrent Mark Cycle
[2023-12-04T14:37:31.976+0000][175][info ][gc,marking  ] GC(14) Concurrent Scan Root Regions
[2023-12-04T14:37:31.976+0000][175][info ][safepoint   ] Safepoint "CollectForMetadataAllocation", Time since last: 186933668 ns, Reaching safepoint: 68265 ns, Cleanup: 28257 ns, At safepoint: 10009897 ns, Total: 10106419 ns
[2023-12-04T14:37:31.985+0000][175][info ][gc,marking  ] GC(14) Concurrent Scan Root Regions 9.083ms
[2023-12-04T14:37:31.985+0000][175][info ][gc,marking  ] GC(14) Concurrent Mark
[2023-12-04T14:37:31.985+0000][175][info ][gc,marking  ] GC(14) Concurrent Mark From Roots
[2023-12-04T14:37:31.985+0000][175][info ][gc,task     ] GC(14) Using 3 workers of 3 for marking
[2023-12-04T14:37:31.990+0000][175][info ][safepoint   ] Safepoint "CollectForMetadataAllocation", Time since last: 13166448 ns, Reaching safepoint: 37593 ns, Cleanup: 2533 ns, At safepoint: 47412 ns, Total: 87538 ns
[2023-12-04T14:37:31.995+0000][175][info ][gc,marking  ] GC(14) Concurrent Mark From Roots 9.068ms
[2023-12-04T14:37:31.995+0000][175][info ][gc,marking  ] GC(14) Concurrent Preclean
[2023-12-04T14:37:31.995+0000][175][info ][gc,marking  ] GC(14) Concurrent Preclean 0.063ms
[2023-12-04T14:37:31.995+0000][175][info ][gc,start    ] GC(14) Pause Remark
[2023-12-04T14:37:32.000+0000][175][info ][gc          ] GC(14) Pause Remark 62M->62M(512M) 5.708ms
[2023-12-04T14:37:32.000+0000][175][info ][gc,cpu      ] GC(14) User=0.03s Sys=0.00s Real=0.00s
[2023-12-04T14:37:32.000+0000][175][info ][safepoint   ] Safepoint "G1PauseRemark", Time since last: 5051643 ns, Reaching safepoint: 2394 ns, Cleanup: 1726 ns, At safepoint: 5767975 ns, Total: 5772095 ns
[2023-12-04T14:37:32.000+0000][175][info ][gc,marking  ] GC(14) Concurrent Mark 15.029ms
[2023-12-04T14:37:32.000+0000][175][info ][gc,marking  ] GC(14) Concurrent Rebuild Remembered Sets and Scrub Regions
[2023-12-04T14:37:32.002+0000][175][info ][gc,marking  ] GC(14) Concurrent Rebuild Remembered Sets and Scrub Regions 1.984ms
[2023-12-04T14:37:32.003+0000][175][info ][gc,start    ] GC(14) Pause Cleanup
[2023-12-04T14:37:32.003+0000][175][info ][gc          ] GC(14) Pause Cleanup 62M->62M(512M) 0.020ms
[2023-12-04T14:37:32.003+0000][175][info ][gc,cpu      ] GC(14) User=0.00s Sys=0.00s Real=0.00s
[2023-12-04T14:37:32.003+0000][175][info ][safepoint   ] Safepoint "G1PauseCleanup", Time since last: 2120446 ns, Reaching safepoint: 130575 ns, Cleanup: 7728 ns, At safepoint: 42150 ns, Total: 180453 ns
[2023-12-04T14:37:32.003+0000][175][info ][gc,marking  ] GC(14) Concurrent Clear Claimed Marks
[2023-12-04T14:37:32.003+0000][175][info ][gc,marking  ] GC(14) Concurrent Clear Claimed Marks 0.054ms
[2023-12-04T14:37:32.003+0000][175][info ][gc,marking  ] GC(14) Concurrent Cleanup for Next Mark
[2023-12-04T14:37:32.003+0000][175][info ][gc,marking  ] GC(14) Concurrent Cleanup for Next Mark 0.219ms
[2023-12-04T14:37:32.003+0000][175][info ][gc          ] GC(14) Concurrent Mark Cycle 26.817ms
[2023-12-04T14:37:33.003+0000][175][info ][safepoint   ] Safepoint "Cleanup", Time since last: 1000069890 ns, Reaching safepoint: 67856 ns, Cleanup: 60586 ns, At safepoint: 2661 ns, Total: 131103 ns
[2023-12-04T14:37:33.030+0000][175][info ][gc,start    ] GC(15) Pause Young (Normal) (G1 Evacuation Pause)
[2023-12-04T14:37:33.030+0000][175][info ][gc,task     ] GC(15) Using 10 workers of 10 for evacuation
[2023-12-04T14:37:33.030+0000][175][debug][gc,age      ] GC(15) Desired survivor size 20971520 bytes, new threshold 2 (max threshold 15)
[2023-12-04T14:37:33.037+0000][175][info ][gc,phases   ] GC(15)   Pre Evacuate Collection Set: 0.1ms
[2023-12-04T14:37:33.037+0000][175][info ][gc,phases   ] GC(15)   Merge Heap Roots: 0.0ms
[2023-12-04T14:37:33.037+0000][175][info ][gc,phases   ] GC(15)   Evacuate Collection Set: 6.3ms
[2023-12-04T14:37:33.037+0000][175][info ][gc,phases   ] GC(15)   Post Evacuate Collection Set: 0.9ms
[2023-12-04T14:37:33.037+0000][175][info ][gc,phases   ] GC(15)   Other: 0.0ms
[2023-12-04T14:37:33.037+0000][175][trace][gc,age      ] GC(15) Age table with threshold 2 (max threshold 15)
[2023-12-04T14:37:33.037+0000][175][trace][gc,age      ] GC(15) - age   1:    2985072 bytes,    2985072 total
[2023-12-04T14:37:33.037+0000][175][trace][gc,age      ] GC(15) - age   2:    3096272 bytes,    6081344 total
[2023-12-04T14:37:33.037+0000][175][info ][gc,heap     ] GC(15) Eden regions: 70->0(74)
[2023-12-04T14:37:33.037+0000][175][info ][gc,heap     ] GC(15) Survivor regions: 6->2(10)
[2023-12-04T14:37:33.037+0000][175][info ][gc,heap     ] GC(15) Old regions: 9->14
[2023-12-04T14:37:33.037+0000][175][info ][gc,heap     ] GC(15) Humongous regions: 0->0
[2023-12-04T14:37:33.037+0000][175][info ][gc,metaspace] GC(15) Metaspace: 69840K(71360K)->69840K(71360K) NonClass: 60888K(61824K)->60888K(61824K) Class: 8951K(9536K)->8951K(9536K)
[2023-12-04T14:37:33.037+0000][175][info ][gc          ] GC(15) Pause Young (Normal) (G1 Evacuation Pause) 338M->63M(512M) 7.647ms
[2023-12-04T14:37:33.037+0000][175][info ][gc,cpu      ] GC(15) User=0.07s Sys=0.00s Real=0.01s
[2023-12-04T14:37:33.037+0000][175][info ][safepoint   ] Safepoint "G1CollectForAllocation", Time since last: 26779240 ns, Reaching safepoint: 3389 ns, Cleanup: 2601 ns, At safepoint: 7679056 ns, Total: 7685046 ns
[2023-12-04T14:37:34.689+0000][175][info ][safepoint   ] Safepoint "ICBufferFull", Time since last: 1651917583 ns, Reaching safepoint: 4074 ns, Cleanup: 129151 ns, At safepoint: 2362 ns, Total: 135587 ns
[2023-12-04T14:37:34.906+0000][175][info ][gc,start    ] GC(16) Pause Young (Normal) (G1 Evacuation Pause)
[2023-12-04T14:37:34.907+0000][175][info ][gc,task     ] GC(16) Using 10 workers of 10 for evacuation
[2023-12-04T14:37:34.907+0000][175][debug][gc,age      ] GC(16) Desired survivor size 20971520 bytes, new threshold 15 (max threshold 15)
[2023-12-04T14:37:34.913+0000][175][info ][gc,phases   ] GC(16)   Pre Evacuate Collection Set: 0.2ms
[2023-12-04T14:37:34.913+0000][175][info ][gc,phases   ] GC(16)   Merge Heap Roots: 0.1ms
[2023-12-04T14:37:34.913+0000][175][info ][gc,phases   ] GC(16)   Evacuate Collection Set: 5.5ms
[2023-12-04T14:37:34.913+0000][175][info ][gc,phases   ] GC(16)   Post Evacuate Collection Set: 0.9ms
[2023-12-04T14:37:34.913+0000][175][info ][gc,phases   ] GC(16)   Other: 0.1ms
[2023-12-04T14:37:34.913+0000][175][trace][gc,age      ] GC(16) Age table with threshold 15 (max threshold 15)
[2023-12-04T14:37:34.913+0000][175][trace][gc,age      ] GC(16) - age   1:    6726008 bytes,    6726008 total
[2023-12-04T14:37:34.913+0000][175][trace][gc,age      ] GC(16) - age   2:    2762088 bytes,    9488096 total
[2023-12-04T14:37:34.913+0000][175][trace][gc,age      ] GC(16) - age   3:    3082792 bytes,   12570888 total
[2023-12-04T14:37:34.913+0000][175][info ][gc,heap     ] GC(16) Eden regions: 74->0(72)
[2023-12-04T14:37:34.914+0000][175][info ][gc,heap     ] GC(16) Survivor regions: 2->4(10)
[2023-12-04T14:37:34.914+0000][175][info ][gc,heap     ] GC(16) Old regions: 14->14
[2023-12-04T14:37:34.914+0000][175][info ][gc,heap     ] GC(16) Humongous regions: 0->0
[2023-12-04T14:37:34.914+0000][175][info ][gc,metaspace] GC(16) Metaspace: 82475K(84160K)->82475K(84160K) NonClass: 71829K(72832K)->71829K(72832K) Class: 10646K(11328K)->10646K(11328K)
[2023-12-04T14:37:34.914+0000][175][info ][gc          ] GC(16) Pause Young (Normal) (G1 Evacuation Pause) 359M->68M(512M) 7.071ms
[2023-12-04T14:37:34.914+0000][175][info ][gc,cpu      ] GC(16) User=0.06s Sys=0.00s Real=0.00s
[2023-12-04T14:37:34.914+0000][175][info ][safepoint   ] Safepoint "G1CollectForAllocation", Time since last: 216970265 ns, Reaching safepoint: 6598 ns, Cleanup: 46978 ns, At safepoint: 7129421 ns, Total: 7182997 ns
[2023-12-04T14:37:35.864+0000][175][info ][gc,start    ] GC(17) Pause Young (Concurrent Start) (Metadata GC Threshold)
[2023-12-04T14:37:35.864+0000][175][info ][gc,task     ] GC(17) Using 10 workers of 10 for evacuation
[2023-12-04T14:37:35.864+0000][175][debug][gc,age      ] GC(17) Desired survivor size 20971520 bytes, new threshold 15 (max threshold 15)
[2023-12-04T14:37:35.874+0000][175][info ][gc,phases   ] GC(17)   Pre Evacuate Collection Set: 0.1ms
[2023-12-04T14:37:35.874+0000][175][info ][gc,phases   ] GC(17)   Merge Heap Roots: 0.1ms
[2023-12-04T14:37:35.874+0000][175][info ][gc,phases   ] GC(17)   Evacuate Collection Set: 8.3ms
[2023-12-04T14:37:35.874+0000][175][info ][gc,phases   ] GC(17)   Post Evacuate Collection Set: 0.9ms
[2023-12-04T14:37:35.874+0000][175][info ][gc,phases   ] GC(17)   Other: 0.1ms
[2023-12-04T14:37:35.874+0000][175][trace][gc,age      ] GC(17) Age table with threshold 15 (max threshold 15)
[2023-12-04T14:37:35.874+0000][175][trace][gc,age      ] GC(17) - age   1:    5310128 bytes,    5310128 total
[2023-12-04T14:37:35.874+0000][175][trace][gc,age      ] GC(17) - age   2:    6466672 bytes,   11776800 total
[2023-12-04T14:37:35.874+0000][175][trace][gc,age      ] GC(17) - age   3:    2754904 bytes,   14531704 total
[2023-12-04T14:37:35.874+0000][175][trace][gc,age      ] GC(17) - age   4:    3080064 bytes,   17611768 total
[2023-12-04T14:37:35.874+0000][175][info ][gc,heap     ] GC(17) Eden regions: 29->0(71)
[2023-12-04T14:37:35.874+0000][175][info ][gc,heap     ] GC(17) Survivor regions: 4->5(10)
[2023-12-04T14:37:35.874+0000][175][info ][gc,heap     ] GC(17) Old regions: 14->14
[2023-12-04T14:37:35.874+0000][175][info ][gc,heap     ] GC(17) Humongous regions: 0->0
[2023-12-04T14:37:35.874+0000][175][info ][gc,metaspace] GC(17) Metaspace: 99659K(101440K)->99659K(101440K) NonClass: 86571K(87616K)->86571K(87616K) Class: 13087K(13824K)->13087K(13824K)
[2023-12-04T14:37:35.874+0000][175][info ][gc          ] GC(17) Pause Young (Concurrent Start) (Metadata GC Threshold) 184M->73M(512M) 9.715ms
[2023-12-04T14:37:35.874+0000][175][info ][gc          ] GC(18) Concurrent Mark Cycle
[2023-12-04T14:37:35.874+0000][175][info ][gc,marking  ] GC(18) Concurrent Scan Root Regions
[2023-12-04T14:37:35.874+0000][175][info ][gc,cpu      ] GC(17) User=0.08s Sys=0.00s Real=0.01s
[2023-12-04T14:37:35.874+0000][175][info ][safepoint   ] Safepoint "CollectForMetadataAllocation", Time since last: 950295395 ns, Reaching safepoint: 6974 ns, Cleanup: 98900 ns, At safepoint: 9880496 ns, Total: 9986370 ns
[2023-12-04T14:37:35.880+0000][175][info ][gc,marking  ] GC(18) Concurrent Scan Root Regions 6.374ms
[2023-12-04T14:37:35.880+0000][175][info ][gc,marking  ] GC(18) Concurrent Mark
[2023-12-04T14:37:35.880+0000][175][info ][gc,marking  ] GC(18) Concurrent Mark From Roots
[2023-12-04T14:37:35.880+0000][175][info ][gc,task     ] GC(18) Using 3 workers of 3 for marking
[2023-12-04T14:37:35.900+0000][175][info ][safepoint   ] Safepoint "CollectForMetadataAllocation", Time since last: 25453259 ns, Reaching safepoint: 60362 ns, Cleanup: 9700 ns, At safepoint: 96927 ns, Total: 166989 ns
[2023-12-04T14:37:35.911+0000][175][info ][gc,marking  ] GC(18) Concurrent Mark From Roots 30.302ms
[2023-12-04T14:37:35.911+0000][175][info ][gc,marking  ] GC(18) Concurrent Preclean
[2023-12-04T14:37:35.911+0000][175][info ][gc,marking  ] GC(18) Concurrent Preclean 0.191ms
[2023-12-04T14:37:35.911+0000][175][info ][gc,start    ] GC(18) Pause Remark
[2023-12-04T14:37:35.918+0000][175][info ][gc          ] GC(18) Pause Remark 77M->77M(512M) 6.742ms
[2023-12-04T14:37:35.918+0000][175][info ][gc,cpu      ] GC(18) User=0.03s Sys=0.00s Real=0.01s
[2023-12-04T14:37:35.918+0000][175][info ][safepoint   ] Safepoint "G1PauseRemark", Time since last: 11304942 ns, Reaching safepoint: 72111 ns, Cleanup: 3147 ns, At safepoint: 6822269 ns, Total: 6897527 ns
[2023-12-04T14:37:35.918+0000][175][info ][gc,marking  ] GC(18) Concurrent Mark 37.546ms
[2023-12-04T14:37:35.918+0000][175][info ][gc,marking  ] GC(18) Concurrent Rebuild Remembered Sets and Scrub Regions
[2023-12-04T14:37:35.932+0000][175][info ][gc,marking  ] GC(18) Concurrent Rebuild Remembered Sets and Scrub Regions 14.036ms
[2023-12-04T14:37:35.932+0000][175][info ][gc,start    ] GC(18) Pause Cleanup
[2023-12-04T14:37:35.932+0000][175][info ][gc          ] GC(18) Pause Cleanup 79M->79M(512M) 0.111ms
[2023-12-04T14:37:35.932+0000][175][info ][gc,cpu      ] GC(18) User=0.00s Sys=0.00s Real=0.00s
[2023-12-04T14:37:35.932+0000][175][info ][safepoint   ] Safepoint "G1PauseCleanup", Time since last: 14131731 ns, Reaching safepoint: 4472 ns, Cleanup: 23309 ns, At safepoint: 166018 ns, Total: 193799 ns
[2023-12-04T14:37:35.932+0000][175][info ][gc,marking  ] GC(18) Concurrent Clear Claimed Marks
[2023-12-04T14:37:35.932+0000][175][info ][gc,marking  ] GC(18) Concurrent Clear Claimed Marks 0.105ms
[2023-12-04T14:37:35.932+0000][175][info ][gc,marking  ] GC(18) Concurrent Cleanup for Next Mark
[2023-12-04T14:37:35.933+0000][175][info ][gc,marking  ] GC(18) Concurrent Cleanup for Next Mark 0.686ms
[2023-12-04T14:37:35.933+0000][175][info ][gc          ] GC(18) Concurrent Mark Cycle 59.208ms
[2023-12-04T14:37:36.754+0000][175][info ][safepoint   ] Safepoint "ICBufferFull", Time since last: 821714842 ns, Reaching safepoint: 4891 ns, Cleanup: 107175 ns, At safepoint: 3018 ns, Total: 115084 ns
[2023-12-04T14:37:37.213+0000][175][info ][safepoint   ] Safepoint "ICBufferFull", Time since last: 459475367 ns, Reaching safepoint: 4600 ns, Cleanup: 110758 ns, At safepoint: 4050 ns, Total: 119408 ns
[2023-12-04T14:37:38.263+0000][175][info ][safepoint   ] Safepoint "Cleanup", Time since last: 1049223750 ns, Reaching safepoint: 5449 ns, Cleanup: 58690 ns, At safepoint: 3764 ns, Total: 67903 ns
[2023-12-04T14:37:39.263+0000][175][info ][safepoint   ] Safepoint "Cleanup", Time since last: 1000308076 ns, Reaching safepoint: 9438 ns, Cleanup: 17056 ns, At safepoint: 7038 ns, Total: 33532 ns
[2023-12-04T14:37:40.196+0000][175][info ][safepoint   ] Safepoint "ICBufferFull", Time since last: 932786478 ns, Reaching safepoint: 7943 ns, Cleanup: 68175 ns, At safepoint: 2890 ns, Total: 79008 ns
[2023-12-04T14:37:40.823+0000][175][info ][safepoint   ] Safepoint "ICBufferFull", Time since last: 626543104 ns, Reaching safepoint: 5656 ns, Cleanup: 72862 ns, At safepoint: 2347 ns, Total: 80865 ns
[2023-12-04T14:37:41.813+0000][175][info ][safepoint   ] Safepoint "ICBufferFull", Time since last: 990627052 ns, Reaching safepoint: 5810 ns, Cleanup: 71472 ns, At safepoint: 2474 ns, Total: 79756 ns
[2023-12-04T14:37:42.814+0000][175][info ][safepoint   ] Safepoint "Cleanup", Time since last: 1000124310 ns, Reaching safepoint: 18599 ns, Cleanup: 76074 ns, At safepoint: 8690 ns, Total: 103363 ns
[2023-12-04T14:37:44.051+0000][175][info ][safepoint   ] Safepoint "Cleanup", Time since last: 1237568350 ns, Reaching safepoint: 9449 ns, Cleanup: 39384 ns, At safepoint: 2882 ns, Total: 51715 ns
[2023-12-04T14:37:45.051+0000][175][info ][safepoint   ] Safepoint "Cleanup", Time since last: 1000142222 ns, Reaching safepoint: 16572 ns, Cleanup: 24472 ns, At safepoint: 8381 ns, Total: 49425 ns
[2023-12-04T14:37:48.052+0000][175][info ][safepoint   ] Safepoint "Cleanup", Time since last: 3000432379 ns, Reaching safepoint: 66241 ns, Cleanup: 18981 ns, At safepoint: 9792 ns, Total: 95014 ns
[2023-12-04T14:37:49.052+0000][175][info ][safepoint   ] Safepoint "Cleanup", Time since last: 1000401547 ns, Reaching safepoint: 19320 ns, Cleanup: 28653 ns, At safepoint: 8955 ns, Total: 56928 ns
[2023-12-04T14:37:50.053+0000][175][info ][safepoint   ] Safepoint "Cleanup", Time since last: 1000424776 ns, Reaching safepoint: 18804 ns, Cleanup: 18527 ns, At safepoint: 9005 ns, Total: 46336 ns
[2023-12-04T14:37:57.464+0000][175][info ][safepoint   ] Safepoint "Cleanup", Time since last: 7411601187 ns, Reaching safepoint: 4604 ns, Cleanup: 27051 ns, At safepoint: 2866 ns, Total: 34521 ns
[2023-12-04T14:37:58.465+0000][175][info ][safepoint   ] Safepoint "Cleanup", Time since last: 1000180558 ns, Reaching safepoint: 14230 ns, Cleanup: 61044 ns, At safepoint: 8802 ns, Total: 84076 ns
[2023-12-04T14:37:59.652+0000][175][info ][gc,start    ] GC(19) Pause Young (Prepare Mixed) (G1 Evacuation Pause)
[2023-12-04T14:37:59.652+0000][175][info ][gc,task     ] GC(19) Using 10 workers of 10 for evacuation
[2023-12-04T14:37:59.652+0000][175][debug][gc,age      ] GC(19) Desired survivor size 20971520 bytes, new threshold 15 (max threshold 15)
[2023-12-04T14:37:59.690+0000][175][info ][gc,phases   ] GC(19)   Pre Evacuate Collection Set: 0.4ms
[2023-12-04T14:37:59.690+0000][175][info ][gc,phases   ] GC(19)   Merge Heap Roots: 0.2ms
[2023-12-04T14:37:59.690+0000][175][info ][gc,phases   ] GC(19)   Evacuate Collection Set: 34.9ms
[2023-12-04T14:37:59.690+0000][175][info ][gc,phases   ] GC(19)   Post Evacuate Collection Set: 2.6ms
[2023-12-04T14:37:59.690+0000][175][info ][gc,phases   ] GC(19)   Other: 0.1ms
[2023-12-04T14:37:59.690+0000][175][trace][gc,age      ] GC(19) Age table with threshold 15 (max threshold 15)
[2023-12-04T14:37:59.690+0000][175][trace][gc,age      ] GC(19) - age   1:   16990336 bytes,   16990336 total
[2023-12-04T14:37:59.690+0000][175][trace][gc,age      ] GC(19) - age   2:    4772248 bytes,   21762584 total
[2023-12-04T14:37:59.690+0000][175][trace][gc,age      ] GC(19) - age   3:    6391992 bytes,   28154576 total
[2023-12-04T14:37:59.690+0000][175][trace][gc,age      ] GC(19) - age   4:    2668416 bytes,   30822992 total
[2023-12-04T14:37:59.690+0000][175][trace][gc,age      ] GC(19) - age   5:    2992720 bytes,   33815712 total
[2023-12-04T14:37:59.690+0000][175][info ][gc,heap     ] GC(19) Eden regions: 71->0(67)
[2023-12-04T14:37:59.690+0000][175][info ][gc,heap     ] GC(19) Survivor regions: 5->9(10)
[2023-12-04T14:37:59.690+0000][175][info ][gc,heap     ] GC(19) Old regions: 14->14
[2023-12-04T14:37:59.690+0000][175][info ][gc,heap     ] GC(19) Humongous regions: 2->2
[2023-12-04T14:37:59.690+0000][175][info ][gc,metaspace] GC(19) Metaspace: 133194K(136704K)->133194K(136704K) NonClass: 114686K(116608K)->114686K(116608K) Class: 18508K(20096K)->18508K(20096K)
[2023-12-04T14:37:59.690+0000][175][info ][gc          ] GC(19) Pause Young (Prepare Mixed) (G1 Evacuation Pause) 365M->98M(512M) 38.625ms
[2023-12-04T14:37:59.690+0000][175][info ][gc,cpu      ] GC(19) User=0.32s Sys=0.00s Real=0.04s
[2023-12-04T14:37:59.690+0000][175][info ][safepoint   ] Safepoint "G1CollectForAllocation", Time since last: 1186836196 ns, Reaching safepoint: 93092 ns, Cleanup: 49723 ns, At safepoint: 38696213 ns, Total: 38839028 ns
[2023-12-04T14:37:59.694+0000][175][info ][gc,heap,exit] Heap
[2023-12-04T14:37:59.694+0000][175][info ][gc,heap,exit]  garbage-first heap   total 524288K, used 103101K [0x00000000e0000000, 0x0000000100000000)
[2023-12-04T14:37:59.694+0000][175][info ][gc,heap,exit]   region size 4096K, 10 young (40960K), 9 survivors (36864K)
[2023-12-04T14:37:59.694+0000][175][info ][gc,heap,exit]  Metaspace       used 133197K, committed 136704K, reserved 1179648K
[2023-12-04T14:37:59.695+0000][175][info ][gc,heap,exit]   class space    used 18508K, committed 20096K, reserved 1048576K
